C51 COMPILER V9.00   18B20                                                                 06/18/2015 16:30:49 PAGE 1   


C51 COMPILER V9.00, COMPILATION OF MODULE 18B20
OBJECT MODULE PLACED IN .\Object\18b20.obj
COMPILER INVOKED BY: d:\Keil\C51\BIN\C51.EXE user\ds18b20\18b20.c LARGE BROWSE INCDIR(.\user\LCD;.\user\W25Qxx;.\user;.\
                    -user\TOUCH;.\user\flash;.\user\ds1302;.\user\timer;.\user\GUI;.\user\ds18b20;.\user\uart) DEBUG OBJECTEXTEND PRINT(.\Lst
                    -\18b20.lst) OBJECT(.\Object\18b20.obj)

line level    source

   1          /*-----------------------------------------------
   2          功能：18B20单线温度传感器在1602液晶显示
   3          ------------------------------------------------*/
   4          #include"18b20.h"
   5          #include<stdio.h>
   6          #include<string.h>
   7          /*------------------------------------------------
   8           uS延时函数，含有输入参数 unsigned char t，无返回值
   9           unsigned char 是定义无符号字符变量，其值的范围是
  10           0~255 这里使用晶振12M，精确延时请使用汇编,大致延时
  11           长度如下 T=tx2+5 uS 
  12          ------------------------------------------------*/
  13          void DelayUs2x(unsigned char t)//@32MHz
  14          {
  15   1              unsigned char i;        
  16   1              for(t=t*2+5;t>0;t--)
  17   1              {
  18   2                      i = 5;
  19   2                      while (--i);
  20   2              }
  21   1      }
  22          /*------------------------------------------------
  23           mS延时函数，含有输入参数 unsigned char t，无返回值
  24           unsigned char 是定义无符号字符变量，其值的范围是
  25           0~255 这里使用晶振12M，精确延时请使用汇编
  26          ------------------------------------------------*/
  27          void DelayMs(unsigned char t)
  28          {
  29   1       unsigned char i, j;
  30   1              for(t=t;t>0;t--)
  31   1              {
  32   2                      _nop_();
  33   2                      _nop_();
  34   2                      i = 32;
  35   2                      j = 28;
  36   2                      do
  37   2                      {
  38   3                              while (--j);
  39   3                      } while (--i);
  40   2              }
  41   1      }
  42          
  43          /*------------------------------------------------
  44                              18b20初始化
  45          ------------------------------------------------*/
  46          bit Init_DS18B20(void)
  47          {
  48   1       bit dat=0;
  49   1       DQ = 1;    //DQ复位
  50   1       DelayUs2x(5);   //稍做延时
  51   1       DQ = 0;         //单片机将DQ拉低
  52   1       DelayUs2x(200); //精确延时 大于 480us 小于960us
  53   1       DelayUs2x(200);
C51 COMPILER V9.00   18B20                                                                 06/18/2015 16:30:49 PAGE 2   

  54   1       DQ = 1;        //拉高总线
  55   1       DelayUs2x(50); //15~60us 后 接收60-240us的存在脉冲
  56   1       dat=DQ;        //如果x=0则初始化成功, x=1则初始化失败
  57   1       DelayUs2x(25); //稍作延时返回
  58   1       return dat;
  59   1      }
  60          
  61          /*------------------------------------------------
  62                              读取一个字节
  63          ------------------------------------------------*/
  64          unsigned char ReadOneChar(void)
  65          {
  66   1      unsigned char i=0;
  67   1      unsigned char dat = 0;
  68   1      for (i=8;i>0;i--)
  69   1       {
  70   2        DQ = 0; // 给脉冲信号
  71   2        dat>>=1;
  72   2        DQ = 1; // 给脉冲信号
  73   2        if(DQ)
  74   2         dat|=0x80;
  75   2        DelayUs2x(25);
  76   2       }
  77   1       return(dat);
  78   1      }
  79          /*------------------------------------------------
  80                              写入一个字节
  81          ------------------------------------------------*/
  82          void WriteOneChar(unsigned char dat)
  83          {
  84   1       unsigned char i=0;
  85   1       for (i=8; i>0; i--)
  86   1       {
  87   2        DQ = 0;
  88   2        DQ = dat&0x01;
  89   2        DelayUs2x(25);
  90   2        DQ = 1;
  91   2        dat>>=1;
  92   2       }
  93   1      DelayUs2x(25);
  94   1      }
  95          
  96          /*------------------------------------------------
  97                              读取温度
  98          ------------------------------------------------*/
  99          unsigned int Read18b20(void)
 100          {
 101   1      unsigned char a=0;
 102   1      unsigned int b=0;
 103   1      unsigned int t=0;
 104   1      Init_DS18B20();
 105   1      WriteOneChar(0xCC); // 跳过读序号列号的操作
 106   1      WriteOneChar(0x44); // 启动温度转换
 107   1      DelayMs(10);
 108   1      Init_DS18B20();
 109   1      WriteOneChar(0xCC); //跳过读序号列号的操作 
 110   1      WriteOneChar(0xBE); //读取温度寄存器等（共可读9个寄存器） 前两个就是温度
 111   1      a=ReadOneChar();   //低位
 112   1      b=ReadOneChar();   //高位
 113   1      b<<=8;
 114   1      t=a+b;
 115   1      
C51 COMPILER V9.00   18B20                                                                 06/18/2015 16:30:49 PAGE 3   

 116   1      return(t);
 117   1      }
 118          void ReadTemperature(uchar *temper)
 119          {
 120   1              unsigned int temp;
 121   1              float temperature;
 122   1              temp=Read18b20();
 123   1              temperature=(float)temp*0.0625;
 124   1              sprintf(temper,"%7.3f",temperature);//打印温度值
 125   1      }


MODULE INFORMATION:   STATIC OVERLAYABLE
   CODE SIZE        =    258    ----
   CONSTANT SIZE    =      6    ----
   XDATA SIZE       =   ----       3
   PDATA SIZE       =   ----    ----
   DATA SIZE        =   ----    ----
   IDATA SIZE       =   ----    ----
   BIT SIZE         =   ----       1
END OF MODULE INFORMATION.


C51 COMPILATION COMPLETE.  0 WARNING(S),  0 ERROR(S)
