C51 COMPILER V9.00   GUI                                                                   06/22/2015 15:26:18 PAGE 1   


C51 COMPILER V9.00, COMPILATION OF MODULE GUI
OBJECT MODULE PLACED IN .\Object\GUI.obj
COMPILER INVOKED BY: d:\Keil\C51\BIN\C51.EXE user\GUI\GUI.c LARGE BROWSE INCDIR(.\user\LCD;.\user\W25Qxx;.\user;.\user\T
                    -OUCH;.\user\flash;.\user\ds1302;.\user\timer;.\user\GUI;.\user\ds18b20;.\user\uart;.\user\ATCmd;.\user\led) DEBUG OBJECT
                    -EXTEND PRINT(.\Lst\GUI.lst) OBJECT(.\Object\GUI.obj)

line level    source

   1          #include<stc12c5a60s2.h>
   2          #include "w25qxx.h" 
   3          #include "type_51.h"
   4          #include "Touch.h"
   5          #include "ds1302.h"
   6          #include <string.h>
   7          #include "timer.h"
   8          #include "GUI.h"
   9          #include "type_51.h"
  10          #include "18b20.h"
  11          #include "ATCmd.h"
  12          #include "led.h"
  13          u8 time[22]={0x00,0x00,0x00,0x00,0x00,0x00,0x00};
  14          u16 x,y;
  15          bit ATC=0;
  16          extern unsigned char temp[20];
  17          void desktop()
  18          {
  19   1              u16 i=0;
  20   1              desktop:
  21   1              TR0=0;
  22   1              LCD_Clear(White);
  23   1              show_picture(10,20,145,67,0x00600CA0);
  24   1      //      LCD_DrawBox(10,20,145,68,0xfe41);//d1
  25   1              Show_Str(10,71,"日历",16,0xffff,Nocolor);
  26   1              show_picture(160,20,70,67,0x00605886);
  27   1      //      LCD_DrawBox(160,20,70,68,0x051d);//d2
  28   1              Show_Str(160,71,"温度",16,0xffff,0x1111);
  29   1              show_picture(10,93,70,68,0x00607D2A);
  30   1      //      LCD_DrawBox(10,93,70,68,0x3a39);//d3
  31   1              Show_Str(10,145,"电话",16,0xffff,Nocolor);
  32   1              show_picture(85,93,70,68,0x0060A25A);
  33   1      //      LCD_DrawBox(85,93,70,68,0xff80);//d4
  34   1              Show_Str(85,145,"相册",16,0xffff,Nocolor);
  35   1              show_picture(160,93,70,68,0x0060C78A);
  36   1      //      LCD_DrawBox(160,93,70,68,0xa254);//d5
  37   1              Show_Str(160,145,"硬件检测",16,0xffff,Nocolor);
  38   1              show_picture(10,166,70,68,0x0060ECBA);
  39   1      //      LCD_DrawBox(10,166,70,68,0x78ef);//d6
  40   1              Show_Str(10,218,"画板",16,0xffff,Nocolor);
  41   1              show_picture(85,166,145,68,0x006111EA);
  42   1              Show_Str(85,218,"串口助手",16,0xffff,Nocolor);
  43   1      //      LCD_DrawBox(85,166,145,68,0x8802);//d7
  44   1              show_picture(10,239,145,65,0x00615EF2);
  45   1              Show_Str(10,288,"SPI助手",16,0xffff,Nocolor);
  46   1      //      LCD_DrawBox(10,239,145,68,0xbbca);//d8
  47   1              show_picture(160,239,70,65,0x0061A894);
  48   1              Show_Str(160,288,"LED",16,0xffff,Nocolor);
  49   1      //      LCD_DrawBox(160,239,70,68,0x2586);//d9
  50   1              clock();
  51   1              TR0=1;
  52   1              while(1)
  53   1              {
C51 COMPILER V9.00   GUI                                                                   06/22/2015 15:26:18 PAGE 2   

  54   2                      x=0;y=0;
  55   2                      if(i==0x0bff) {clock();i=0;}
  56   2                      i++;
  57   2              Get_Click(&x,&y);
  58   2              if(x>=10&&x<=80) x=1;if(x>=85&&x<=155) x=2;if(x>=160&&x<=220) x=3;
  59   2              if(y>=30&&y<=88) y=1;if(y>=93&&y<=161) y=2;
  60   2              if(y>=166&&y<=234) y=3;if(y>=239&&y<=307) y=4;
  61   2              switch(y)
  62   2              {
  63   3                      case 1: switch(x)
  64   3                                                      {
  65   4                                                              case 1:calendar();break;
  66   4                                                              case 2:calendar();break;
  67   4                                                              case 3:tempert();break;
  68   4                                                      }
  69   3                                                      break;
  70   3                      case 2:switch(x)
  71   3                                                      {
  72   4                                                              case 1:alert("电话功能未开放！",White);break;
  73   4                                                              case 2:alert("相册功能未开放！",White);break;
  74   4                                                              case 3:start_check();goto desktop;break;
  75   4                                                      }
  76   3                                                      break;
  77   3                      case 3:switch(x)
  78   3                                                      {
  79   4                                                              case 1:picbox();break;
  80   4                                                              case 2:alert("串口助手未开放！",White);break;
  81   4                                                              case 3:alert("串口助手未开放！",White);break;
  82   4                                                      }
  83   3                                                      break;
  84   3                      case 4:switch(x)
  85   3                                                      {
  86   4                                                              case 1:alert("SPI助手未开放",White);break;
  87   4                                                              case 2:alert("SPI助手未开放",White);break;
  88   4                                                              case 3:led();break;
  89   4                                                      }
  90   3                                                      break;
  91   3              }
  92   2      }
  93   1      }
  94          void start_logo()
  95          {
  96   1              LCD_Clear(White);
  97   1              show_picture(60,73,140,174,(u32)0x5f4e50);
  98   1              delay_ms(0xfff);
  99   1      }
 100          void start_check()
 101          {
 102   1              u8 temper[7];
 103   1              LCD_Clear(Black);
 104   1              GUI_Text(0,0,"Hardware Check Running",Green,Black);
 105   1              GUI_Text(0,16,"*******Flash Check*******",Green,Black);
 106   1              switch(W25Qxx_ReadID())
 107   1              {
 108   2                      case W25Q80:Show_Str(0,32,"W25Q80",16,Red,White);break;
 109   2                      case W25Q16:Show_Str(0,32,"W25Q16",16,Red,White);break;
 110   2                      case W25Q32:Show_Str(0,32,"W25Q32",16,Red,White);break;
 111   2                      case W25Q64:Show_Str(0,32,"W25Q64",16,Red,White);break; 
 112   2                      default:GUI_Text(0,32,"Flash Error",Red,White);delay_ms(0xfff);break;
 113   2              }
 114   1              delay_ms(0xff);
 115   1              Show_Str(0,48,"****时钟检测****",16,Green,Black);
C51 COMPILER V9.00   GUI                                                                   06/22/2015 15:26:18 PAGE 3   

 116   1              Show_Str(0,64,"读取时间中...",16,Red,White);
 117   1              gettime(time);
 118   1              Show_Str(0,80,time,16,Red,White);
 119   1              delay_ms(0xff);
 120   1              Show_Str(0,96,"****温度检测****",16,Green,Black);
 121   1              Show_Str(0,112,"读取温度中...",16,Red,White);
 122   1              ReadTemperature(temper);
 123   1              delay_ms(0x7ff);
 124   1              ReadTemperature(temper);
 125   1              Show_Str(0,128,"当前温度：",16,Green,Nocolor);
 126   1              GUI_Text(80,128,temper,Red,White);
 127   1              Show_Str(0,144,"****LED检测****",16,Green,Black);
 128   1              LED1=0;
 129   1              Show_Str(0,160,"LED1 亮",16,Red,White);
 130   1              delay_ms(0x5ff);
 131   1              LED2=0;
 132   1              Show_Str(0,160,"LED2 亮",16,Red,White);
 133   1              delay_ms(0x5ff);
 134   1              LED3=0;
 135   1              Show_Str(0,160,"LED3 亮",16,Red,White);
 136   1              delay_ms(0x5ff);
 137   1              InitLed();
 138   1              Show_Str(0,160,"LED  关",16,Red,White);
 139   1              delay_ms(0xfff);
 140   1      }
 141          void alert(char *s,u16 bcolor)
 142          {
 143   1              u8 len;
 144   1              Show_Str(0,0,s,16,Red,bcolor);
 145   1              delay_ms(0x7ff);
 146   1              len=(u8)strlen(s)*8;
 147   1              LCD_DrawBox(0,0,len,16,bcolor);
 148   1      }
 149          void Get_Click(u16 *x,u16 *y)
 150          {
 151   1              TP_Read_XY2(x,y); 
 152   1              //TP_Draw_Big_Point(*x=*x/Touch_X,*y=*y/Touch_Y,Red);
 153   1              *x=*x/15.03-14.85;*y=*y/10.81-17.52;
 154   1              if(ATC){ATC=0;AT_DO(temp);}
 155   1      }
 156          void Get_Click1(u16 *x,u16 *y)
 157          {
 158   1              TP_Read_XY2(x,y); 
 159   1              //TP_Draw_Big_Point(*x=*x/Touch_X,*y=*y/Touch_Y,Red);
 160   1              *x=*x/15.03-14.85;*y=*y/10.81-17.52;
 161   1      }
 162          void delay_ms(u16 ms)    
 163          { 
 164   1              uint16_t i,j; 
 165   1              for( i = 0; i < ms; i++ )
 166   1              { 
 167   2                      for( j = 0; j < 1000; j++ );
 168   2              }
 169   1      } 
 170          void clock()
 171          {
 172   1              gettime(time);
 173   1              time[16]='\0';
 174   1              GUI_Text(200,0,time+11,Black,White);
 175   1      }
 176          /*********************
 177          日历
C51 COMPILER V9.00   GUI                                                                   06/22/2015 15:26:18 PAGE 4   

 178          *********************/
 179          void calendar()
 180          {
 181   1              u16 i=0;
 182   1              gettime(time);
 183   1              time[7]='\0';
 184   1              LCD_Clear(0x051d);
 185   1              LCD_DrawBox(60,60,120,20,Yellow);
 186   1              LCD_DrawBox(60,80,120,104,White);
 187   1              GUI_Text(61,61,time,Red,Nocolor);
 188   1              Show_Str(150,61,"周",16,Red,Nocolor);
 189   1              GUI_Text(166,61,time+20,Red,Nocolor);
 190   1              time[10]='\0';
 191   1              Show_Str(105,110,time+8,32,Red,Nocolor);
 192   1              guidshow();
 193   1              while(1)
 194   1              {
 195   2                      if(i==0xbff||i==0)
 196   2                      {
 197   3                              gettime(time);
 198   3                              time[16]='\0';
 199   3                              GUI_Text(100,150,time+11,Red,White);
 200   3                              i=1;
 201   3                      }
 202   2                      i++;
 203   2                      Get_Click(&x,&y);
 204   2                      if(y>288&&y<320) guiddo(desktop,sstmtime,x);
 205   2              }
 206   1      }
 207          /**************
 208          设定系统时间
 209          ***************/
 210          void sstmtime()
 211          {
 212   1              u8 setime[7]={0,0,0,0,0,0,0},i=1;
 213   1              gettime(time);
 214   1              LCD_Clear(0x051d);
 215   1              Show_Str(24,20,"设定系统时间",32,White,Nocolor);
 216   1              GUI_Text(40,128,time,Red,White);
 217   1              LCD_DrawBox(100,105,40,20,0xc618);
 218   1              Show_Str(115,108,"▲",16,Black,Nocolor);
 219   1              LCD_DrawEBox(100,105,40,20,Blue);
 220   1              LCD_DrawBox(100,148,40,20,0xc618);
 221   1              Show_Str(115,153,"▼",16,Black,Nocolor);
 222   1              LCD_DrawEBox(100,148,40,20,Blue);
 223   1              LCD_DrawBox(40,180,40,20,0xc618);
 224   1              GUI_Text(42,182,"Next",Black,Nocolor);
 225   1              LCD_DrawEBox(40,180,40,20,Blue);
 226   1              LCD_DrawBox(170,180,40,20,0xc618);
 227   1              GUI_Text(185,182,"Ok",Black,Nocolor);
 228   1              LCD_DrawEBox(170,180,40,20,Blue);
 229   1              guidshow();
 230   1              time[4]=time[7]=time[10]=time[13]=time[16]=time[19]=0;
 231   1              while(1)
 232   1              {
 233   2                      switch(i)
 234   2                      {
 235   3                              case 1:GUI_Text(40,128,time,Green,Black);GUI_Text(40+8*20,128,time+20,Red,White);break;
 236   3                              case 2:GUI_Text(40+8*5,128,time+5,Green,Black);GUI_Text(40,128,time,Red,White);break;
 237   3                              case 3:GUI_Text(40+8*8,128,time+8,Green,Black);GUI_Text(40+8*5,128,time+5,Red,White);break;
 238   3                              case 4:GUI_Text(40+8*11,128,time+11,Green,Black);GUI_Text(40+8*8,128,time+8,Red,White);break;
 239   3                              case 5:GUI_Text(40+8*14,128,time+14,Green,Black);GUI_Text(40+8*11,128,time+11,Red,White);break;
C51 COMPILER V9.00   GUI                                                                   06/22/2015 15:26:18 PAGE 5   

 240   3                              case 6:GUI_Text(40+8*17,128,time+17,Green,Black);GUI_Text(40+8*14,128,time+14,Red,White);break;
 241   3                              case 7:GUI_Text(40+8*20,128,time+20,Green,Black);GUI_Text(40+8*17,128,time+17,Red,White);break;
 242   3                      }
 243   2                      Get_Click1(&x,&y);
 244   2                      if(y>288&&y<320){guiddo(calendar,desktop,x);}//导航栏
 245   2                      if((x>=40&&x<=80)&&(y>=180&&y<=200)){i++;while(!PEN);}  //Next 键操作
 246   2                      if((x>=150&&x<=190)&&(y>=180&&y<=200))  //Ok 键操作
 247   2                      {
 248   3                              setime[0]=((time[17]-'0')<<4)|(time[18]-'0');
 249   3                              setime[1]=((time[14]-'0')<<4)|(time[15]-'0');
 250   3                              setime[2]=((time[11]-'0')<<4)|(time[12]-'0');
 251   3                              setime[3]=((time[8]-'0')<<4)|(time[9]-'0');
 252   3                              setime[4]=((time[5]-'0')<<4)|(time[6]-'0');
 253   3                              setime[5]=time[20]-'0';
 254   3                              setime[6]=((time[2]-'0')<<4)|(time[3]-'0');
 255   3                              Ds1302_Write_Time(setime);//设定系统时间
 256   3                              alert("已设定系统时间！",0x051d);
 257   3                              while(!PEN);
 258   3                      }       
 259   2                      if((x>=100&&x<=140)&&(y>=105&&y<=125))  //▲ 键操作
 260   2                      {
 261   3                              switch(i)
 262   3                              {
 263   4                                      case 1:time[3]++;if(time[3]>'9') {time[3]='0';time[2]++;}if(time[2]>'9') time[2]='0';break;
 264   4                                      case 2:time[6]++;if(time[6]>'2'&&time[5]=='1') {time[6]='1';time[5]='0';}if(time[6]>'9') {time[5]++;ti
             -me[6]='0';}break;
 265   4                                      case 3:time[9]++;if(time[9]>'1'&&time[8]=='3') {time[9]='1';time[8]='0';}if(time[9]>'9') {time[8]++;ti
             -me[9]='0';}break;
 266   4                                      case 4:time[12]++;if(time[12]>'3'&&time[11]=='2') {time[12]='0';time[11]='0';}if(time[12]>'9') {time[1
             -1]++;time[12]='0';}break;
 267   4                                      case 5:time[15]++;if(time[15]>'9'&&time[14]=='5') {time[15]='0';time[14]='0';}if(time[15]>'9') {time[1
             -4]++;time[15]='0';}break;
 268   4                                      case 6:time[18]++;if(time[18]>'9'&&time[17]=='5') {time[18]='0';time[17]='0';}if(time[18]>'9') {time[1
             -7]++;time[18]='0';}break;
 269   4                                      case 7:time[20]++;if(time[20]>'7') time[20]='1';
 270   4                              }
 271   3                              while(!PEN);
 272   3                      }       
 273   2                      if((x>=100&&x<=140)&&(y>=148&&y<=168))  //▼ 键操作
 274   2                      {
 275   3                              switch(i)
 276   3                              {
 277   4                                      case 1:if(time[3]=='0'&&time[2]=='0') {time[3]='9';time[2]='9';} if(time[3]=='0'&&time[2]!='0') {time[
             -3]='9'+1;time[2]--;} time[3]--;break;
 278   4                                      case 2:if(time[6]=='1'&&time[5]=='0') {time[6]='2'+1;time[5]='1';} if(time[6]=='0'&&time[5]!='0') {tim
             -e[6]='9'+1;time[5]--;} time[6]--;break;
 279   4                                      case 3:if(time[9]=='1'&&time[8]=='0') {time[9]='1'+1;time[8]='3';} if(time[9]=='0'&&time[8]!='0') {tim
             -e[9]='9'+1;time[8]--;} time[9]--;break;
 280   4                                      case 4:if(time[12]=='0'&&time[11]=='0') {time[12]='3'+1;time[11]='2';} if(time[12]=='0'&&time[11]!='0'
             -) {time[12]='9'+1;time[11]--;} time[12]--;break;
 281   4                                      case 5:if(time[15]=='0'&&time[14]=='0') {time[15]='9'+1;time[14]='5';} if(time[15]=='0'&&time[14]!='0'
             -) {time[15]='9'+1;time[14]--;} time[15]--;break;
 282   4                                      case 6:if(time[18]=='0'&&time[17]=='0') {time[18]='9'+1;time[17]='5';} if(time[18]=='0'&&time[17]!='0'
             -) {time[18]='9'+1;time[17]--;} time[18]--;break;
 283   4                                      case 7:if(time[20]=='1')time[20]='7'+1;time[20]--;
 284   4                              }
 285   3                              
 286   3                              while(!PEN);
 287   3                      }
 288   2                      if (i>7) i=1;
 289   2              }
 290   1      }
C51 COMPILER V9.00   GUI                                                                   06/22/2015 15:26:18 PAGE 6   

 291          /*********************
 292          导航栏构造及执行
 293          **********************/
 294          void guidshow()
 295          {
 296   1              LCD_DrawLine( 0, 288, 240, 288,White );
 297   1              Show_Str(20,288,"←",32,White,Nocolor);
 298   1              Show_Str(104,288,"■",32,0xa254,Nocolor);
 299   1              LCD_DrawLine( 108, 304, 131,304, White );
 300   1              LCD_DrawLine( 120, 293, 120,315, White );
 301   1              LCD_DrawLine( 80, 288, 80,320, White );
 302   1              LCD_DrawLine( 160, 288, 160,320, White );
 303   1              Show_Str(187,288,"〓",32,White,Nocolor);
 304   1      }
 305          /*********************
 306          导航栏执行
 307          参数：pback 返回键点击调用函数的指针
 308          pmenu 菜单键点击调用函数的指针
 309          **********************/
 310          void guiddo(void (*pback)(void),void (*pmenu)(void),x)
 311          {
 312   1              if(x<80&&x>0) {Show_Str(20,288,"←",32,White,Blue);pback();}
 313   1              if(x>80&&x<160) {Show_Str(104,288,"■",32,0xa254,Blue);LCD_DrawLine( 108, 304, 131,304, White );
 314   2                      LCD_DrawLine( 120, 293, 120,315, White );LCD_DrawLine( 80, 288, 80,320, White );desktop();}
 315   1              if(x>160&&x<240){ Show_Str(187,288,"〓",32,White,Blue);pmenu();}
 316   1      }
 317          /**********************
 318          温度
 319          **********************/
 320          void tempert()
 321          {
 322   1              u16 i=0;
 323   1              u8 temper[7];
 324   1              LCD_Clear(0x051d);
 325   1              LCD_DrawBox(45,60,152,50,Blue);
 326   1              LCD_DrawEBox(55,70,132,30,Red);
 327   1              guidshow();
 328   1              while(1)
 329   1              {
 330   2                      if(i==0xff||i==0)
 331   2                      {
 332   3                              ReadTemperature(temper);
 333   3                              Show_Str(56,78,"当前温度：",16,Red,Nocolor);
 334   3                              GUI_Text(128,78,temper,Red,White);
 335   3                              i=1;
 336   3                      }
 337   2                      i++;
 338   2                      if(i>0xff) i=0;
 339   2                      Get_Click(&x,&y);
 340   2                      if(y>288&&y<320) guiddo(desktop,desktop,x);
 341   2              }
 342   1      }
 343          /****************************************************
 344          画板
 345          ***************************************************/
 346          void picbox()
 347          {
 348   1              u16 color=Red;
 349   1              LCD_Clear(0x051d);
 350   1              LCD_DrawBox(0,0,240,288,White);
 351   1              LCD_DrawBox(0,264,240,24,0x051d);
 352   1              LCD_DrawBox(0,264,24,24,White);
C51 COMPILER V9.00   GUI                                                                   06/22/2015 15:26:18 PAGE 7   

 353   1              LCD_DrawBox(24,264,24,24,Black);
 354   1              LCD_DrawBox(48,264,24,24,Grey);
 355   1              LCD_DrawBox(72,264,24,24,Blue);
 356   1              LCD_DrawBox(96,264,24,24,Red);
 357   1              LCD_DrawBox(120,264,24,24,Magenta);
 358   1              LCD_DrawBox(144,264,24,24,Green);
 359   1              LCD_DrawBox(168,264,24,24,Cyan);
 360   1              LCD_DrawBox(192,264,24,24,Yellow);
 361   1              LCD_DrawBox(216,264,24,24,0xb723);
 362   1              guidshow();
 363   1              while(1)
 364   1              {
 365   2                      Get_Click(&x,&y);
 366   2                      if((y>0&&y<264)) TP_Draw_Big_Point(x,y,color);
 367   2                      if(y>288&&y<320) guiddo(desktop,desktop,x);
 368   2                      if(y>264&&y<288) 
 369   2                              switch((u8)(x/24))
 370   2                              {
 371   3                                      case 0:color=White;  break;
 372   3                                      case 1:color=Black; break;
 373   3                                      case 2:color=Grey;   break;
 374   3                                      case 3:color=Blue;   break;
 375   3                                      case 4:color=Red;    break;
 376   3                                      case 5:color=Magenta;break;
 377   3                                      case 6:color=Green;  break;
 378   3                                      case 7:color=Cyan;   break;
 379   3                                      case 8:color=Yellow; break;
 380   3                                      case 9:color=0xb723;break;
 381   3                              }
 382   2              }
 383   1      }
 384          /*****
 385          LED
 386          *****/
 387          void led()
 388          {
 389   1              unsigned char ctr=0;
 390   1              LCD_Clear(0x051d);
 391   1              Show_Str(65,10,"LED控制",32,White,Nocolor);
 392   1              guidshow();
 393   1              GUI_Text(30,50,"LED1",White,Nocolor);
 394   1              GUI_Text(30,120,"LED2",White,Nocolor);
 395   1              GUI_Text(30,190,"LED3",White,Nocolor);
 396   1              while(1)
 397   1              {
 398   2                      if(RedLed(1)){
 399   3                              LCD_DrawBox(70,50,150,60,Blue);
 400   3                              Show_Str(30,76,"关",16,Blue,0x051d);    
 401   3                      }else{
 402   3                              LCD_DrawBox(70,50,150,60,Green);
 403   3                              Show_Str(30,76,"开",16,Red,0x051d);
 404   3                      }
 405   2                      if(RedLed(2)){
 406   3                              LCD_DrawBox(70,120,150,60,Blue);
 407   3                              Show_Str(30,146,"关",16,Blue,0x051d);
 408   3                      }else {
 409   3                              LCD_DrawBox(70,120,150,60,Red);
 410   3                              Show_Str(30,146,"开",16,Red,0x051d);
 411   3                      }
 412   2                      if(RedLed(3)){
 413   3                              LCD_DrawBox(70,190,150,60,Blue);
 414   3                              Show_Str(30,216,"关",16,Blue,0x051d);
C51 COMPILER V9.00   GUI                                                                   06/22/2015 15:26:18 PAGE 8   

 415   3                      }else {
 416   3                              LCD_DrawBox(70,190,150,60,Yellow);      
 417   3                              Show_Str(30,216,"开",16,Red,0x051d);
 418   3                      }
 419   2                      Get_Click(&x,&y);
 420   2                      while(!PEN);
 421   2                      if(y>288&&y<320) guiddo(desktop,desktop,x);
 422   2                      if((x>30&&x<210)&&(y>50&&y<110)) SetLed(1,!RedLed(1));
 423   2                      if((x>30&&x<210)&&(y>120&&y<180)) SetLed(2,!RedLed(2));
 424   2                      if((x>30&&x<210)&&(y>190&&y<250)) SetLed(3,!RedLed(3));
 425   2              }
 426   1      }


MODULE INFORMATION:   STATIC OVERLAYABLE
   CODE SIZE        =   7380    ----
   CONSTANT SIZE    =    422    ----
   XDATA SIZE       =     26      56
   PDATA SIZE       =   ----    ----
   DATA SIZE        =   ----    ----
   IDATA SIZE       =   ----    ----
   BIT SIZE         =      1    ----
END OF MODULE INFORMATION.


C51 COMPILATION COMPLETE.  0 WARNING(S),  0 ERROR(S)
