C51 COMPILER V9.00   GUI                                                                   06/15/2015 21:26:18 PAGE 1   


C51 COMPILER V9.00, COMPILATION OF MODULE GUI
OBJECT MODULE PLACED IN .\Object\GUI.obj
COMPILER INVOKED BY: d:\Keil\C51\BIN\C51.EXE user\GUI\GUI.c LARGE BROWSE INCDIR(.\user\LCD;.\user\W25Qxx;.\user;.\user\T
                    -OUCH;.\user\flash;.\user\ds1302;.\user\timer;.\user\GUI;.\user\ds18b20;.\user\usart) DEBUG OBJECTEXTEND PRINT(.\Lst\GUI.
                    -lst) OBJECT(.\Object\GUI.obj)

line level    source

   1          #include<stc12c5a60s2.h>
   2          #include "w25qxx.h" 
   3          #include "type_51.h"
   4          #include "Touch.h"
   5          #include "ds1302.h"
   6          #include <string.h>
   7          #include "timer.h"
   8          #include "GUI.h"
   9          #include "type_51.h"
  10          #include "18b20.h"
  11          u8 time[22]={0x00,0x00,0x00,0x00,0x00,0x00,0x00};
  12          u16 x,y;
  13          void desktop()
  14          {
  15   1              u16 i=0;
  16   1              desktop:
  17   1              LCD_Clear(White);
  18   1              show_picture(10,20,145,67,0x00600CA0);
  19   1      //      LCD_DrawBox(10,20,145,68,0xfe41);//d1
  20   1              Show_Str(10,71,"日历",16,0xffff,Nocolor);
  21   1              show_picture(160,20,70,67,0x00605886);
  22   1      //      LCD_DrawBox(160,20,70,68,0x051d);//d2
  23   1              Show_Str(160,71,"温度",16,0xffff,0x1111);
  24   1              show_picture(10,93,70,68,0x00607D2A);
  25   1      //      LCD_DrawBox(10,93,70,68,0x3a39);//d3
  26   1              Show_Str(10,145,"电话",16,0xffff,Nocolor);
  27   1              show_picture(85,93,70,68,0x0060A25A);
  28   1      //      LCD_DrawBox(85,93,70,68,0xff80);//d4
  29   1              Show_Str(85,145,"相册",16,0xffff,Nocolor);
  30   1              show_picture(160,93,70,68,0x0060C78A);
  31   1      //      LCD_DrawBox(160,93,70,68,0xa254);//d5
  32   1              Show_Str(160,145,"硬件检测",16,0xffff,Nocolor);
  33   1              show_picture(10,166,70,68,0x0060ECBA);
  34   1      //      LCD_DrawBox(10,166,70,68,0x78ef);//d6
  35   1              Show_Str(10,218,"画板",16,0xffff,Nocolor);
  36   1              show_picture(85,166,145,68,0x006111EA);
  37   1              Show_Str(85,218,"串口助手",16,0xffff,Nocolor);
  38   1      //      LCD_DrawBox(85,166,145,68,0x8802);//d7
  39   1              show_picture(10,239,145,65,0x00615EF2);
  40   1              Show_Str(10,288,"SPI助手",16,0xffff,Nocolor);
  41   1      //      LCD_DrawBox(10,239,145,68,0xbbca);//d8
  42   1              show_picture(160,239,70,65,0x0061A894);
  43   1      //      LCD_DrawBox(160,239,70,68,0x2586);//d9
  44   1              clock();
  45   1              while(1)
  46   1              {
  47   2                      x=0;y=0;
  48   2                      if(i==0x0bff) {clock();i=0;}
  49   2                      i++;
  50   2              Get_Click(&x,&y);
  51   2              if(x>=10&&x<=80) x=1;if(x>=85&&x<=155) x=2;if(x>=160&&x<=220) x=3;
  52   2              if(y>=30&&y<=88) y=1;if(y>=93&&y<=161) y=2;
  53   2              if(y>=166&&y<=234) y=3;if(y>=239&&y<=307) y=4;
C51 COMPILER V9.00   GUI                                                                   06/15/2015 21:26:18 PAGE 2   

  54   2              switch(y)
  55   2              {
  56   3                      case 1: switch(x)
  57   3                                                      {
  58   4                                                              case 1:calendar();break;
  59   4                                                              case 2:calendar();break;
  60   4                                                              case 3:tempert();break;
  61   4                                                      }
  62   3                                                      break;
  63   3                      case 2:switch(x)
  64   3                                                      {
  65   4                                                              case 1:alert("电话功能未开放！",White);break;
  66   4                                                              case 2:alert("相册功能未开放！",White);break;
  67   4                                                              case 3:start_check();goto desktop;break;
  68   4                                                      }
  69   3                                                      break;
  70   3                      case 3:switch(x)
  71   3                                                      {
  72   4                                                              case 1:picbox();break;
  73   4                                                              case 2:alert("串口助手未开放！",White);break;
  74   4                                                              case 3:alert("2未开放！",White);break;
  75   4                                                      }
  76   3                                                      break;
  77   3                      case 4:switch(x)
  78   3                                                      {
  79   4                                                              case 1:alert("3未开放！",White);break;
  80   4                                                              case 2:alert("4未开放！",White);break;
  81   4                                                              case 3:alert("5未开放！",White);break;
  82   4                                                      }
  83   3                                                      break;
  84   3              }
  85   2      }
  86   1      }
  87          void start_logo()
  88          {
  89   1              LCD_Clear(White);
  90   1              show_picture(60,73,140,174,(u32)0x5f4e50);
  91   1              delay_ms(0xfff);
  92   1      }
  93          void start_check()
  94          {
  95   1              u8 temper[7];
  96   1              LCD_Clear(Black);
  97   1              GUI_Text(0,0,"Hardware Check Running",Green,Black);
  98   1              GUI_Text(0,16,"*******Flash Check*******",Green,Black);
  99   1              switch(W25Qxx_ReadID())
 100   1              {
 101   2                      case W25Q80:Show_Str(0,32,"W25Q80",16,Red,White);break;
 102   2                      case W25Q16:Show_Str(0,32,"W25Q16",16,Red,White);break;
 103   2                      case W25Q32:Show_Str(0,32,"W25Q32",16,Red,White);break;
 104   2                      case W25Q64:Show_Str(0,32,"W25Q64",16,Red,White);break; 
 105   2                      default:GUI_Text(0,32,"Flash Error",Red,White);delay_ms(0xfff);break;
 106   2              }
 107   1              delay_ms(0xff);
 108   1              Show_Str(0,48,"****时钟检测****",16,Green,Black);
 109   1              Show_Str(0,64,"读取时间中...",16,Red,White);
 110   1              gettime(time);
 111   1              Show_Str(0,80,time,16,Red,White);
 112   1              delay_ms(0xff);
 113   1              Show_Str(0,96,"****温度检测****",16,Green,Black);
 114   1              Show_Str(0,112,"读取温度中...",16,Red,White);
 115   1              ReadTemperature(temper);
C51 COMPILER V9.00   GUI                                                                   06/15/2015 21:26:18 PAGE 3   

 116   1              delay_ms(0x7ff);
 117   1              ReadTemperature(temper);
 118   1              Show_Str(0,128,"当前温度：",16,Green,Nocolor);
 119   1              GUI_Text(80,128,temper,Red,White);
 120   1              delay_ms(0xfff);
 121   1      }
 122          void alert(char *s,u16 bcolor)
 123          {
 124   1              u8 len;
 125   1              Show_Str(0,0,s,16,Red,bcolor);
 126   1              delay_ms(0x7ff);
 127   1              len=(u8)strlen(s)*8;
 128   1              LCD_DrawBox(0,0,len,16,bcolor);
 129   1      }
 130          void Get_Click(u16 *x,u16 *y)
 131          {
 132   1              TP_Read_XY2(x,y); 
 133   1              //TP_Draw_Big_Point(*x=*x/Touch_X,*y=*y/Touch_Y,Red);
 134   1              *x=*x/15.03-14.85;*y=*y/10.81-17.52;
 135   1      }
 136          void delay_ms(u16 ms)    
 137          { 
 138   1              uint16_t i,j; 
 139   1              for( i = 0; i < ms; i++ )
 140   1              { 
 141   2                      for( j = 0; j < 1000; j++ );
 142   2              }
 143   1      } 
 144          void clock()
 145          {
 146   1              gettime(time);
 147   1              time[16]='\0';
 148   1              GUI_Text(200,0,time+11,Black,White);
 149   1      }
 150          /*********************
 151          日历
 152          *********************/
 153          void calendar()
 154          {
 155   1              u16 i=0;
 156   1              gettime(time);
 157   1              time[7]='\0';
 158   1              LCD_Clear(0x051d);
 159   1              LCD_DrawBox(60,60,120,20,Yellow);
 160   1              LCD_DrawBox(60,80,120,104,White);
 161   1              GUI_Text(61,61,time,Red,Nocolor);
 162   1              Show_Str(150,61,"周",16,Red,Nocolor);
 163   1              GUI_Text(166,61,time+20,Red,Nocolor);
 164   1              time[10]='\0';
 165   1              Show_Str(105,110,time+8,32,Red,Nocolor);
 166   1              guidshow();
 167   1              while(1)
 168   1              {
 169   2                      if(i==0xbff||i==0)
 170   2                      {
 171   3                              gettime(time);
 172   3                              time[16]='\0';
 173   3                              GUI_Text(100,150,time+11,Red,White);
 174   3                              i=1;
 175   3                      }
 176   2                      i++;
 177   2                      Get_Click(&x,&y);
C51 COMPILER V9.00   GUI                                                                   06/15/2015 21:26:18 PAGE 4   

 178   2                      if(y>288&&y<320) guiddo(desktop,sstmtime,x);
 179   2              }
 180   1      }
 181          /**************
 182          设定系统时间
 183          ***************/
 184          void sstmtime()
 185          {
 186   1              u8 setime[7]={0,0,0,0,0,0,0},i=1;
 187   1              gettime(time);
 188   1              LCD_Clear(0x051d);
 189   1              Show_Str(24,20,"设定系统时间",32,White,Nocolor);
 190   1              GUI_Text(40,128,time,Red,White);
 191   1              LCD_DrawBox(100,105,40,20,0xc618);
 192   1              Show_Str(115,108,"▲",16,Black,Nocolor);
 193   1              LCD_DrawEBox(100,105,40,20,Blue);
 194   1              LCD_DrawBox(100,148,40,20,0xc618);
 195   1              Show_Str(115,153,"▼",16,Black,Nocolor);
 196   1              LCD_DrawEBox(100,148,40,20,Blue);
 197   1              LCD_DrawBox(40,180,40,20,0xc618);
 198   1              GUI_Text(42,182,"Next",Black,Nocolor);
 199   1              LCD_DrawEBox(40,180,40,20,Blue);
 200   1              LCD_DrawBox(170,180,40,20,0xc618);
 201   1              GUI_Text(185,182,"Ok",Black,Nocolor);
 202   1              LCD_DrawEBox(170,180,40,20,Blue);
 203   1              guidshow();
 204   1              time[4]=time[7]=time[10]=time[13]=time[16]=time[19]=0;
 205   1              while(1)
 206   1              {
 207   2                      switch(i)
 208   2                      {
 209   3                              case 1:GUI_Text(40,128,time,Green,Black);GUI_Text(40+8*20,128,time+20,Red,White);break;
 210   3                              case 2:GUI_Text(40+8*5,128,time+5,Green,Black);GUI_Text(40,128,time,Red,White);break;
 211   3                              case 3:GUI_Text(40+8*8,128,time+8,Green,Black);GUI_Text(40+8*5,128,time+5,Red,White);break;
 212   3                              case 4:GUI_Text(40+8*11,128,time+11,Green,Black);GUI_Text(40+8*8,128,time+8,Red,White);break;
 213   3                              case 5:GUI_Text(40+8*14,128,time+14,Green,Black);GUI_Text(40+8*11,128,time+11,Red,White);break;
 214   3                              case 6:GUI_Text(40+8*17,128,time+17,Green,Black);GUI_Text(40+8*14,128,time+14,Red,White);break;
 215   3                              case 7:GUI_Text(40+8*20,128,time+20,Green,Black);GUI_Text(40+8*17,128,time+17,Red,White);break;
 216   3                      }
 217   2                      Get_Click(&x,&y);
 218   2                      if(y>288&&y<320) guiddo(calendar,desktop,x);//导航栏
 219   2                      if((x>=40&&x<=80)&&(y>=180&&y<=200)){i++;while(!PEN);}  //Next 键操作
 220   2                      if((x>=150&&x<=190)&&(y>=180&&y<=200))  //Ok 键操作
 221   2                      {
 222   3                              setime[0]=((time[17]-'0')<<4)|(time[18]-'0');
 223   3                              setime[1]=((time[14]-'0')<<4)|(time[15]-'0');
 224   3                              setime[2]=((time[11]-'0')<<4)|(time[12]-'0');
 225   3                              setime[3]=((time[8]-'0')<<4)|(time[9]-'0');
 226   3                              setime[4]=((time[5]-'0')<<4)|(time[6]-'0');
 227   3                              setime[5]=time[20]-'0';
 228   3                              setime[6]=((time[2]-'0')<<4)|(time[3]-'0');
 229   3                              Ds1302_Write_Time(setime);//设定系统时间
 230   3                              alert("已设定系统时间！",0x051d);
 231   3                              while(!PEN);
 232   3                      }       
 233   2                      if((x>=100&&x<=140)&&(y>=105&&y<=125))  //▲ 键操作
 234   2                      {
 235   3                              switch(i)
 236   3                              {
 237   4                                      case 1:time[3]++;if(time[3]>'9') {time[3]='0';time[2]++;}if(time[2]>'9') time[2]='0';break;
 238   4                                      case 2:time[6]++;if(time[6]>'2'&&time[5]=='1') {time[6]='1';time[5]='0';}if(time[6]>'9') {time[5]++;ti
             -me[6]='0';}break;
C51 COMPILER V9.00   GUI                                                                   06/15/2015 21:26:18 PAGE 5   

 239   4                                      case 3:time[9]++;if(time[9]>'1'&&time[8]=='3') {time[9]='1';time[8]='0';}if(time[9]>'9') {time[8]++;ti
             -me[9]='0';}break;
 240   4                                      case 4:time[12]++;if(time[12]>'3'&&time[11]=='2') {time[12]='0';time[11]='0';}if(time[12]>'9') {time[1
             -1]++;time[12]='0';}break;
 241   4                                      case 5:time[15]++;if(time[15]>'9'&&time[14]=='5') {time[15]='0';time[14]='0';}if(time[15]>'9') {time[1
             -4]++;time[15]='0';}break;
 242   4                                      case 6:time[18]++;if(time[18]>'9'&&time[17]=='5') {time[18]='0';time[17]='0';}if(time[18]>'9') {time[1
             -7]++;time[18]='0';}break;
 243   4                                      case 7:time[20]++;if(time[20]>'7') time[20]='1';
 244   4                              }
 245   3                              while(!PEN);
 246   3                      }       
 247   2                      if((x>=100&&x<=140)&&(y>=148&&y<=168))  //▼ 键操作
 248   2                      {
 249   3                              switch(i)
 250   3                              {
 251   4                                      case 1:if(time[3]=='0'&&time[2]=='0') {time[3]='9';time[2]='9';} if(time[3]=='0'&&time[2]!='0') {time[
             -3]='9'+1;time[2]--;} time[3]--;break;
 252   4                                      case 2:if(time[6]=='1'&&time[5]=='0') {time[6]='2'+1;time[5]='1';} if(time[6]=='0'&&time[5]!='0') {tim
             -e[6]='9'+1;time[5]--;} time[6]--;break;
 253   4                                      case 3:if(time[9]=='1'&&time[8]=='0') {time[9]='1'+1;time[8]='3';} if(time[9]=='0'&&time[8]!='0') {tim
             -e[9]='9'+1;time[8]--;} time[9]--;break;
 254   4                                      case 4:if(time[12]=='0'&&time[11]=='0') {time[12]='3'+1;time[11]='2';} if(time[12]=='0'&&time[11]!='0'
             -) {time[12]='9'+1;time[11]--;} time[12]--;break;
 255   4                                      case 5:if(time[15]=='0'&&time[14]=='0') {time[15]='9'+1;time[14]='5';} if(time[15]=='0'&&time[14]!='0'
             -) {time[15]='9'+1;time[14]--;} time[15]--;break;
 256   4                                      case 6:if(time[18]=='0'&&time[17]=='0') {time[18]='9'+1;time[17]='5';} if(time[18]=='0'&&time[17]!='0'
             -) {time[18]='9'+1;time[17]--;} time[18]--;break;
 257   4                                      case 7:if(time[20]=='1')time[20]='7'+1;time[20]--;
 258   4                              }
 259   3                              
 260   3                              while(!PEN);
 261   3                      }
 262   2                      if (i>7) i=1;
 263   2              }
 264   1      }
 265          /*********************
 266          导航栏构造及执行
 267          **********************/
 268          void guidshow()
 269          {
 270   1              LCD_DrawLine( 0, 288, 240, 288,White );
 271   1              Show_Str(20,288,"←",32,White,Nocolor);
 272   1              Show_Str(104,288,"■",32,0xa254,Nocolor);
 273   1              LCD_DrawLine( 108, 304, 131,304, White );
 274   1              LCD_DrawLine( 120, 293, 120,315, White );
 275   1              LCD_DrawLine( 80, 288, 80,320, White );
 276   1              LCD_DrawLine( 160, 288, 160,320, White );
 277   1              Show_Str(187,288,"〓",32,White,Nocolor);
 278   1      }
 279          /*********************
 280          导航栏执行
 281          参数：pback 返回键点击调用函数的指针
 282          pmenu 菜单键点击调用函数的指针
 283          **********************/
 284          void guiddo(void (*pback)(void),void (*pmenu)(void),x)
 285          {
 286   1              if(x<80&&x>0) {Show_Str(20,288,"←",32,White,Blue);pback();}
 287   1              if(x>80&&x<160) {Show_Str(104,288,"■",32,0xa254,Blue);LCD_DrawLine( 108, 304, 131,304, White );
 288   2                      LCD_DrawLine( 120, 293, 120,315, White );LCD_DrawLine( 80, 288, 80,320, White );desktop();}
 289   1              if(x>160&&x<240){ Show_Str(187,288,"〓",32,White,Blue);pmenu();}
 290   1      }
C51 COMPILER V9.00   GUI                                                                   06/15/2015 21:26:18 PAGE 6   

 291          /**********************
 292          温度
 293          **********************/
 294          void tempert()
 295          {
 296   1              u16 i=0;
 297   1              u8 temper[7];
 298   1              LCD_Clear(0x051d);
 299   1              LCD_DrawBox(45,60,152,50,Blue);
 300   1              LCD_DrawEBox(55,70,132,30,Red);
 301   1              guidshow();
 302   1              while(1)
 303   1              {
 304   2                      if(i==0xff||i==0)
 305   2                      {
 306   3                              ReadTemperature(temper);
 307   3                              Show_Str(56,78,"当前温度：",16,Red,Nocolor);
 308   3                              GUI_Text(128,78,temper,Red,White);
 309   3                              i=1;
 310   3                      }
 311   2                      i++;
 312   2                      Get_Click(&x,&y);
 313   2                      if(y>288&&y<320) guiddo(desktop,desktop,x);
 314   2              }
 315   1      }
 316          /****************************************************
 317          画板
 318          ***************************************************/
 319          void picbox()
 320          {
 321   1              u16 color=Red;
 322   1              LCD_Clear(0x051d);
 323   1              LCD_DrawBox(0,0,240,288,White);
 324   1              LCD_DrawBox(0,264,240,24,0x051d);
 325   1              LCD_DrawBox(0,264,24,24,White);
 326   1              LCD_DrawBox(24,264,24,24,Black);
 327   1              LCD_DrawBox(48,264,24,24,Grey);
 328   1              LCD_DrawBox(72,264,24,24,Blue);
 329   1              LCD_DrawBox(96,264,24,24,Red);
 330   1              LCD_DrawBox(120,264,24,24,Magenta);
 331   1              LCD_DrawBox(144,264,24,24,Green);
 332   1              LCD_DrawBox(168,264,24,24,Cyan);
 333   1              LCD_DrawBox(192,264,24,24,Yellow);
 334   1              LCD_DrawBox(216,264,24,24,0xb723);
 335   1              guidshow();
 336   1              while(1)
 337   1              {
 338   2                      Get_Click(&x,&y);
 339   2                      if((y>0&&y<264)) TP_Draw_Big_Point(x,y,color);
 340   2                      if(y>288&&y<320) guiddo(desktop,desktop,x);
 341   2                      if(y>264&&y<288) 
 342   2                              switch((u8)(x/24))
 343   2                              {
 344   3                                      case 0:color=White;  break;
 345   3                                      case 1:color=Black; break;
 346   3                                      case 2:color=Grey;   break;
 347   3                                      case 3:color=Blue;   break;
 348   3                                      case 4:color=Red;    break;
 349   3                                      case 5:color=Magenta;break;
 350   3                                      case 6:color=Green;  break;
 351   3                                      case 7:color=Cyan;   break;
 352   3                                      case 8:color=Yellow; break;
C51 COMPILER V9.00   GUI                                                                   06/15/2015 21:26:18 PAGE 7   

 353   3                                      case 9:color=0xb723;break;
 354   3                              }
 355   2              }
 356   1      }


MODULE INFORMATION:   STATIC OVERLAYABLE
   CODE SIZE        =   6164    ----
   CONSTANT SIZE    =    367    ----
   XDATA SIZE       =     26      49
   PDATA SIZE       =   ----    ----
   DATA SIZE        =   ----    ----
   IDATA SIZE       =   ----    ----
   BIT SIZE         =   ----    ----
END OF MODULE INFORMATION.


C51 COMPILATION COMPLETE.  0 WARNING(S),  0 ERROR(S)
