C51 COMPILER V9.52.0.0   PICBOX                                                            07/19/2015 22:01:27 PAGE 1   


C51 COMPILER V9.52.0.0, COMPILATION OF MODULE PICBOX
OBJECT MODULE PLACED IN .\Object\picbox.obj
COMPILER INVOKED BY: d:\Keil\C51\BIN\C51.EXE user\App\picbox.c LARGE BROWSE INCDIR(.\user\Include) DEBUG OBJECTEXTEND PR
                    -INT(.\Lst\picbox.lst) TABS(2) OBJECT(.\Object\picbox.obj)

line level    source

   1          /****************************************************
   2          »­°å
   3          ***************************************************/
   4          #include "app.h"
   5          #include "hx8347d.h"
   6          #include "touch.h"
   7          extern u16 x,y;
   8          void picbox()
   9          {
  10   1        u16 color=Red;
  11   1        LCD_Clear(0x051d);
  12   1        LCD_DrawBox(0,0,240,288,White);
  13   1        LCD_DrawBox(0,264,240,24,0x051d);
  14   1        LCD_DrawBox(0,264,24,24,White);
  15   1        LCD_DrawBox(24,264,24,24,Black);
  16   1        LCD_DrawBox(48,264,24,24,Grey);
  17   1        LCD_DrawBox(72,264,24,24,Blue);
  18   1        LCD_DrawBox(96,264,24,24,Red);
  19   1        LCD_DrawBox(120,264,24,24,Magenta);
  20   1        LCD_DrawBox(144,264,24,24,Green);
  21   1        LCD_DrawBox(168,264,24,24,Cyan);
  22   1        LCD_DrawBox(192,264,24,24,Yellow);
  23   1        LCD_DrawBox(216,264,24,24,0xb723);
  24   1        guidshow();
  25   1        while(1)
  26   1        {
  27   2          Get_Click(&x,&y);
  28   2          if((y>0&&y<264)) TP_Draw_Big_Point(x,y,color);
  29   2          if(y>288&&y<320) guiddo(desktop,desktop,x);
  30   2          if(y>264&&y<288) 
  31   2            switch((u8)(x/24))
  32   2            {
  33   3              case 0:color=White;  break;
  34   3              case 1:color=Black; break;
  35   3              case 2:color=Grey;   break;
  36   3              case 3:color=Blue;   break;
  37   3              case 4:color=Red;    break;
  38   3              case 5:color=Magenta;break;
  39   3              case 6:color=Green;  break;
  40   3              case 7:color=Cyan;   break;
  41   3              case 8:color=Yellow; break;
  42   3              case 9:color=0xb723;break;
  43   3            }
  44   2        }
  45   1      }


MODULE INFORMATION:   STATIC OVERLAYABLE
   CODE SIZE        =    716    ----
   CONSTANT SIZE    =   ----    ----
   XDATA SIZE       =   ----       2
   PDATA SIZE       =   ----    ----
   DATA SIZE        =   ----    ----
   IDATA SIZE       =   ----    ----
C51 COMPILER V9.52.0.0   PICBOX                                                            07/19/2015 22:01:27 PAGE 2   

   BIT SIZE         =   ----    ----
END OF MODULE INFORMATION.


C51 COMPILATION COMPLETE.  0 WARNING(S),  0 ERROR(S)
