C51 COMPILER V9.52.0.0   SYS_APP                                                           07/19/2015 22:15:03 PAGE 1   


C51 COMPILER V9.52.0.0, COMPILATION OF MODULE SYS_APP
OBJECT MODULE PLACED IN .\Object\sys_app.obj
COMPILER INVOKED BY: d:\Keil\C51\BIN\C51.EXE user\App\sys_app.c LARGE BROWSE INCDIR(.\user\Include) DEBUG OBJECTEXTEND P
                    -RINT(.\Lst\sys_app.lst) TABS(2) OBJECT(.\Object\sys_app.obj)

line level    source

   1          #include<stc12c5a60s2.h>
   2          #include "w25qxx.h" 
   3          #include "type_51.h"
   4          #include "Touch.h"
   5          #include "ds1302.h"
   6          #include <string.h>
   7          #include "timer.h"
   8          #include "app.h"
   9          #include "type_51.h"
  10          #include "18b20.h"
  11          #include "ATCmd.h"
  12          #include "led.h"
  13          #include "audio.h"
  14          u8 time[22]={0x00,0x00,0x00,0x00,0x00,0x00,0x00};
  15          u16 x,y;
  16          bit ATC=0;
  17          extern unsigned char temp[20];
  18          void desktop()
  19          {
  20   1        u16 i=0;
  21   1        desktop:
  22   1        TR0=0;
  23   1        LCD_Clear(White);
  24   1        show_picture(10,20,145,67,0x00600CA0);
  25   1      //  LCD_DrawBox(10,20,145,68,0xfe41);//d1
  26   1        Show_Str(10,71,"日历",16,0xffff,Nocolor);
  27   1        show_picture(160,20,70,67,0x00605886);
  28   1      //  LCD_DrawBox(160,20,70,68,0x051d);//d2
  29   1        Show_Str(160,71,"温度",16,0xffff,0x1111);
  30   1        show_picture(10,93,70,68,0x00607D2A);
  31   1      //  LCD_DrawBox(10,93,70,68,0x3a39);//d3
  32   1        Show_Str(10,145,"电话",16,0xffff,Nocolor);
  33   1        show_picture(85,93,70,68,0x0060A25A);
  34   1      //  LCD_DrawBox(85,93,70,68,0xff80);//d4
  35   1        Show_Str(85,145,"相册",16,0xffff,Nocolor);
  36   1        show_picture(160,93,70,68,0x0060C78A);
  37   1      //  LCD_DrawBox(160,93,70,68,0xa254);//d5
  38   1        Show_Str(160,145,"硬件检测",16,0xffff,Nocolor);
  39   1        show_picture(10,166,70,68,0x0060ECBA);
  40   1      //  LCD_DrawBox(10,166,70,68,0x78ef);//d6
  41   1        Show_Str(10,218,"画板",16,0xffff,Nocolor);
  42   1        show_picture(85,166,145,68,0x006111EA);
  43   1        Show_Str(85,218,"串口助手",16,0xffff,Nocolor);
  44   1      //  LCD_DrawBox(85,166,145,68,0x8802);//d7
  45   1        show_picture(10,239,145,65,0x00615EF2);
  46   1        Show_Str(10,288,"SPI助手",16,0xffff,Nocolor);
  47   1      //  LCD_DrawBox(10,239,145,68,0xbbca);//d8
  48   1        show_picture(160,239,70,65,0x0061A894);
  49   1        Show_Str(160,288,"LED",16,0xffff,Nocolor);
  50   1      //  LCD_DrawBox(160,239,70,68,0x2586);//d9
  51   1        clock();
  52   1        TR0=1;
  53   1        while(1)
  54   1        {
C51 COMPILER V9.52.0.0   SYS_APP                                                           07/19/2015 22:15:03 PAGE 2   

  55   2          x=0;y=0;
  56   2          if(i==0x0bff) {clock();i=0;}
  57   2          i++;
  58   2        Get_Click(&x,&y);
  59   2        if(x>=10&&x<=80) x=1;if(x>=85&&x<=155) x=2;if(x>=160&&x<=220) x=3;
  60   2        if(y>=30&&y<=88) y=1;if(y>=93&&y<=161) y=2;
  61   2        if(y>=166&&y<=234) y=3;if(y>=239&&y<=307) y=4;
  62   2        switch(y)
  63   2        {
  64   3          case 1: switch(x)
  65   3                  {
  66   4                    case 1:calendar();break;
  67   4                    case 2:calendar();break;
  68   4                    case 3:tempert();break;
  69   4                  }
  70   3                  break;
  71   3          case 2:switch(x)
  72   3                  {
  73   4                    case 1:alert("未开放!",White);break;
  74   4                    case 2:alert("未开放!",White);break;
  75   4                    case 3:start_check();goto desktop;break;
  76   4                  }
  77   3                  break;
  78   3          case 3:switch(x)
  79   3                  {
  80   4                    case 1:picbox();break;
  81   4                    case 2:alert("未开放!",White);break;
  82   4                    case 3:alert("未开放!",White);break;
  83   4                  }
  84   3                  break;
  85   3          case 4:switch(x)
  86   3                  {
  87   4                    case 1:alert("未开放!",White);break;
  88   4                    case 2:alert("未开放!",White);break;
  89   4                    case 3:led();break;
  90   4                  }
  91   3                  break;
  92   3        }
  93   2      }
  94   1      }
  95          void start_logo()
  96          {
  97   1        LCD_Clear(White);
  98   1        show_picture(60,73,140,174,(u32)0x5f4e50);
  99   1        delay_ms(0xfff);
 100   1      }
 101          void alert(char *s,u16 bcolor)
 102          {
 103   1        u8 len;
 104   1        Show_Str(0,0,s,16,Red,bcolor);
 105   1        delay_ms(0x7ff);
 106   1        len=(u8)strlen(s)*8;
 107   1        LCD_DrawBox(0,0,len,16,bcolor);
 108   1      }
 109          void Get_Click(u16 *x,u16 *y)
 110          {
 111   1        TP_Read_XY2(x,y); 
 112   1        //TP_Draw_Big_Point(*x=*x/Touch_X,*y=*y/Touch_Y,Red);
 113   1        *x=*x/15.03-14.85;*y=*y/10.81-17.52;
 114   1        if(ATC){ATC=0;AT_DO(temp);}
 115   1      }
 116          void Get_Click1(u16 *x,u16 *y)
C51 COMPILER V9.52.0.0   SYS_APP                                                           07/19/2015 22:15:03 PAGE 3   

 117          {
 118   1        TP_Read_XY2(x,y); 
 119   1        //TP_Draw_Big_Point(*x=*x/Touch_X,*y=*y/Touch_Y,Red);
 120   1        *x=*x/15.03-14.85;*y=*y/10.81-17.52;
 121   1      }
 122          void delay_ms(u16 ms)    
 123          { 
 124   1        uint16_t i,j; 
 125   1        for( i = 0; i < ms; i++ )
 126   1        { 
 127   2          for( j = 0; j < 1000; j++ );
 128   2        }
 129   1      } 
 130          void clock()
 131          {
 132   1        gettime(time);
 133   1        time[16]='\0';
 134   1        GUI_Text(200,0,time+11,Black,White);
 135   1      }
 136          /*********************
 137          导航栏构造
 138          **********************/
 139          void guidshow()
 140          {
 141   1        LCD_DrawLine( 0, 288, 240, 288,White );
 142   1        Show_Str(20,288,"←",32,White,Nocolor);
 143   1        Show_Str(104,288,"█",32,0xa254,Nocolor);
 144   1        LCD_DrawLine( 108, 304, 131,304, White );
 145   1        LCD_DrawLine( 120, 293, 120,315, White );
 146   1        LCD_DrawLine( 80, 288, 80,320, White );
 147   1        LCD_DrawLine( 160, 288, 160,320, White );
 148   1        Show_Str(187,288,"〓",32,White,Nocolor);
 149   1      }
 150          /*********************
 151          导航栏执行
 152          参数:pback 返回键函数指针
 153          pmenu 菜单键函数指针
 154          **********************/
 155          void guiddo(void (*pback)(void),void (*pmenu)(void),x)
 156          {
 157   1        if(x<80&&x>0) {Show_Str(20,288,"←",32,White,Blue);pback();}
 158   1        if(x>80&&x<160) {Show_Str(104,288,"█",32,0xa254,Blue);LCD_DrawLine( 108, 304, 131,304, White );
 159   2          LCD_DrawLine( 120, 293, 120,315, White );LCD_DrawLine( 80, 288, 80,320, White );desktop();}
 160   1        if(x>160&&x<240){ Show_Str(187,288,"〓",32,White,Blue);pmenu();}
 161   1      }
 162          /**********************
 163          温度
 164          **********************/
 165          /*void tempert()
 166          {
 167            u16 i=0;
 168            u8 temper[7];
 169            LCD_Clear(0x051d);
 170            LCD_DrawBox(45,60,152,50,Blue);
 171            LCD_DrawEBox(55,70,132,30,Red);
 172            guidshow();
 173            while(1)
 174            {
 175              if(i==0xff||i==0)
 176              {
 177                ReadTemperature(temper);
 178                Show_Str(56,78,"当前温度:",16,Red,Nocolor);
C51 COMPILER V9.52.0.0   SYS_APP                                                           07/19/2015 22:15:03 PAGE 4   

 179                GUI_Text(128,78,temper,Red,White);
 180                i=1;
 181              }
 182              i++;
 183              if(i>0xff) i=0;
 184              Get_Click(&x,&y);
 185              if(y>288&&y<320) guiddo(desktop,desktop,x);
 186            }
 187          }*/
 188          


MODULE INFORMATION:   STATIC OVERLAYABLE
   CODE SIZE        =   2331    ----
   CONSTANT SIZE    =     72    ----
   XDATA SIZE       =     26      27
   PDATA SIZE       =   ----    ----
   DATA SIZE        =   ----    ----
   IDATA SIZE       =   ----    ----
   BIT SIZE         =      1    ----
END OF MODULE INFORMATION.


C51 COMPILATION COMPLETE.  0 WARNING(S),  0 ERROR(S)
