C51 COMPILER V9.52.0.0   TIMER                                                             07/18/2015 09:10:21 PAGE 1   


C51 COMPILER V9.52.0.0, COMPILATION OF MODULE TIMER
OBJECT MODULE PLACED IN .\Object\timer.obj
COMPILER INVOKED BY: d:\Keil\C51\BIN\C51.EXE user\Driver\timer.c LARGE BROWSE INCDIR(.\user\Include) DEBUG OBJECTEXTEND 
                    -PRINT(.\Lst\timer.lst) TABS(2) OBJECT(.\Object\timer.obj)

line level    source

   1          #include "timer.h"
   2          #include "hx8347d.h"
   3          #include "gui.h"
   4          #include "uart.h"
   5          #include "atcmd.h"
   6          #include "w25qxx.h"
   7          #include "ds1302.h"
   8          #include "touch.h"
   9          u8 i;
  10          extern bit ATC;
  11          extern unsigned temp[20];
  12          void Timer_Routine(void) interrupt 1
  13          {
  14   1        TL0 = 0xAB;   
  15   1        TH0 = 0x2F;
  16   1        TCS = 1;  
  17   1        if(i>=0x5f)
  18   1        {
  19   2          i=0;
  20   2          if(flag==1)
  21   2          {
  22   3            flag=0;
  23   3            if(IsATCmd(temp)) ATC=1;
*** WARNING C182 IN LINE 23 OF user\Driver\timer.c: pointer to different objects
  24   3            else alert(temp,0xffff);
*** WARNING C182 IN LINE 24 OF user\Driver\timer.c: pointer to different objects
  25   3            temp[0]=0;
  26   3          }
  27   2        }
  28   1        i++;
  29   1      }
  30          
  31          void Timer0Init(void)   //20ms@32MHz
  32          {
  33   1        TMOD |= 0x01; 
  34   1        TL0 = 0xAB;   
  35   1        TH0 = 0x2F;     
  36   1        ET0 = 1 ;
  37   1        EA = 1;
  38   1        TR0 = 0;  
  39   1      }


MODULE INFORMATION:   STATIC OVERLAYABLE
   CODE SIZE        =    137    ----
   CONSTANT SIZE    =   ----    ----
   XDATA SIZE       =      1    ----
   PDATA SIZE       =   ----    ----
   DATA SIZE        =   ----    ----
   IDATA SIZE       =   ----    ----
   BIT SIZE         =   ----    ----
END OF MODULE INFORMATION.


C51 COMPILATION COMPLETE.  2 WARNING(S),  0 ERROR(S)
