C51 COMPILER V9.00   TIMER                                                                 06/19/2015 15:16:26 PAGE 1   


C51 COMPILER V9.00, COMPILATION OF MODULE TIMER
OBJECT MODULE PLACED IN .\Object\timer.obj
COMPILER INVOKED BY: d:\Keil\C51\BIN\C51.EXE user\timer\timer.c LARGE BROWSE INCDIR(.\user\LCD;.\user\W25Qxx;.\user;.\us
                    -er\TOUCH;.\user\flash;.\user\ds1302;.\user\timer;.\user\GUI;.\user\ds18b20;.\user\uart;.\user\ATCmd) DEBUG OBJECTEXTEND 
                    -PRINT(.\Lst\timer.lst) OBJECT(.\Object\timer.obj)

line level    source

   1          #include "timer.h"
   2          #include "hx8347d.h"
   3          #include "gui.h"
   4          #include "uart.h"
   5          #include "atcmd.h"
   6          #include "w25qxx.h"
   7          #include "ds1302.h"
   8          #include "touch.h"
   9          u8 i;
  10          extern bit ATC;
  11          void Timer_Routine(void) interrupt 1
  12          {
  13   1              TL0 = 0xAB;             
  14   1              TH0 = 0x2F;     
  15   1              if(i>=0x5f)
  16   1              {
  17   2                      i=0;
  18   2                      if(flag==1)
  19   2                      {
  20   3                              flag=0;
  21   3                              if(IsATCmd(temp)) ATC=1;
*** WARNING C182 IN LINE 21 OF USER\TIMER\TIMER.C: pointer to different objects
  22   3                              alert(temp,0xffff);
*** WARNING C182 IN LINE 22 OF USER\TIMER\TIMER.C: pointer to different objects
  23   3                              temp[0]=0;
  24   3                      }
  25   2              }
  26   1              i++;
  27   1      }
  28          
  29          void Timer0Init(void)           //20ms@32MHz
  30          {
  31   1              TMOD |= 0x01;   
  32   1              TL0 = 0xAB;             
  33   1              TH0 = 0x2F;                     
  34   1              ET0 = 1 ;
  35   1              EA = 1;
  36   1              TR0 = 0;        
  37   1      }


MODULE INFORMATION:   STATIC OVERLAYABLE
   CODE SIZE        =    133    ----
   CONSTANT SIZE    =   ----    ----
   XDATA SIZE       =      1    ----
   PDATA SIZE       =   ----    ----
   DATA SIZE        =   ----    ----
   IDATA SIZE       =   ----    ----
   BIT SIZE         =   ----    ----
END OF MODULE INFORMATION.


C51 COMPILATION COMPLETE.  2 WARNING(S),  0 ERROR(S)
