BL51 BANKED LINKER/LOCATER V6.22                                                        07/18/2015  09:10:24  PAGE 1


BL51 BANKED LINKER/LOCATER V6.22, INVOKED BY:
D:\KEIL\C51\BIN\BL51.EXE .\Object\STARTUP.obj, .\Object\GUI.obj, .\Object\18b20.obj, .\Object\ATCmd.obj, .\Object\audio.
>> obj, .\Object\ds1302.obj, .\Object\HX8347D.obj, .\Object\led.obj, .\Object\timer.obj, .\Object\Touch.obj, .\Object\ua
>> rt.obj, .\Object\W25Qxx.obj, .\Object\main.obj TO .\Object\×ÏÒ«OS PRINT (.\Lst\×ÏÒ«OS.m51) RAMSIZE (256) DISABLEWARNI
>> NG (13, 15) RECURSIONS (100)




PROGRAM RECURSIONS REMOVED FROM CALL TREE
=========================================
+--> ?PR?DESKTOP?GUI
|  | ?PR?_GET_CLICK?GUI
|  | ?PR?_AT_DO?ATCMD
|  | ?PR?ATERR?ATCMD
<--+ ?CO?ATCMD


+--> ?PR?_GET_CLICK?GUI
|  | ?PR?_AT_DO?ATCMD
|  | ?PR?ATERR?ATCMD
|  | ?CO?ATCMD
<--+ ?PR?PICBOX?GUI


+--> ?PR?DESKTOP?GUI
|  | ?PR?_GET_CLICK?GUI
|  | ?PR?_AT_DO?ATCMD
|  | ?PR?ATERR?ATCMD
|  | ?CO?ATCMD
<--+ ?PR?PICBOX?GUI


+--> ?PR?DESKTOP?GUI
|  | ?PR?_GET_CLICK?GUI
|  | ?PR?_AT_DO?ATCMD
|  | ?PR?ATERR?ATCMD
|  | ?CO?ATCMD
|  | ?PR?PICBOX?GUI
<--+ ?PR?_GUIDDO?GUI


+--> ?PR?_GET_CLICK?GUI
|  | ?PR?_AT_DO?ATCMD
|  | ?PR?ATERR?ATCMD
|  | ?CO?ATCMD
<--+ ?PR?TEMPERT?GUI


+--> ?PR?DESKTOP?GUI
|  | ?PR?_GET_CLICK?GUI
|  | ?PR?_AT_DO?ATCMD
|  | ?PR?ATERR?ATCMD
|  | ?CO?ATCMD
<--+ ?PR?TEMPERT?GUI


+--> ?PR?_GET_CLICK?GUI
BL51 BANKED LINKER/LOCATER V6.22                                                      07/18/2015  09:10:24  PAGE 2


|  | ?PR?_AT_DO?ATCMD
|  | ?PR?ATERR?ATCMD
|  | ?CO?ATCMD
<--+ ?PR?CALENDAR?GUI


+--> ?PR?DESKTOP?GUI
|  | ?PR?_GET_CLICK?GUI
|  | ?PR?_AT_DO?ATCMD
|  | ?PR?ATERR?ATCMD
|  | ?CO?ATCMD
|  | ?PR?CALENDAR?GUI
<--+ ?PR?SSTMTIME?GUI


+--> ?PR?CALENDAR?GUI
<--+ ?PR?SSTMTIME?GUI


+--> ?PR?DESKTOP?GUI
|  | ?PR?_GET_CLICK?GUI
|  | ?PR?_AT_DO?ATCMD
|  | ?PR?ATERR?ATCMD
|  | ?CO?ATCMD
<--+ ?PR?CALENDAR?GUI


+--> ?CO?ATCMD
<--+ ?PR?STEMPERT?ATCMD


+--> ?PR?DESKTOP?GUI
<--+ ?PR?LED?GUI



MEMORY MODEL: LARGE WITH FLOATING POINT ARITHMETIC


INPUT MODULES INCLUDED:
  .\Object\STARTUP.obj (?C_STARTUP)
  .\Object\GUI.obj (GUI)
  .\Object\18b20.obj (18B20)
  .\Object\ATCmd.obj (ATCMD)
  .\Object\audio.obj (AUDIO)
  .\Object\ds1302.obj (DS1302)
  .\Object\HX8347D.obj (HX8347D)
  .\Object\led.obj (LED)
  .\Object\timer.obj (TIMER)
  .\Object\Touch.obj (TOUCH)
  .\Object\uart.obj (UART)
  .\Object\W25Qxx.obj (W25QXX)
  .\Object\main.obj (MAIN)
  D:\KEIL\C51\LIB\C51FPL.LIB (?C?FPADD)
  D:\KEIL\C51\LIB\C51FPL.LIB (?C?FPMUL)
  D:\KEIL\C51\LIB\C51FPL.LIB (?C?FPDIV)
  D:\KEIL\C51\LIB\C51FPL.LIB (?C?FPCMP)
BL51 BANKED LINKER/LOCATER V6.22                                                      07/18/2015  09:10:24  PAGE 3


  D:\KEIL\C51\LIB\C51FPL.LIB (?C?FCAST)
  D:\KEIL\C51\LIB\C51FPL.LIB (?C?CASTF)
  D:\KEIL\C51\LIB\C51FPL.LIB (PRINTF)
  D:\KEIL\C51\LIB\C51FPL.LIB (SQRT)
  D:\KEIL\C51\LIB\C51FPL.LIB (?C?FPGETOPN)
  D:\KEIL\C51\LIB\C51FPL.LIB (?C?FPROUND)
  D:\KEIL\C51\LIB\C51FPL.LIB (?C?FPCONVERT)
  D:\KEIL\C51\LIB\C51FPL.LIB (?C?FTNPWR)
  D:\KEIL\C51\LIB\C51L.LIB (?C_INIT)
  D:\KEIL\C51\LIB\C51L.LIB (?C?COPY)
  D:\KEIL\C51\LIB\C51L.LIB (?C?CLDPTR)
  D:\KEIL\C51\LIB\C51L.LIB (?C?CLDOPTR)
  D:\KEIL\C51\LIB\C51L.LIB (?C?CSTPTR)
  D:\KEIL\C51\LIB\C51L.LIB (?C?CSTOPTR)
  D:\KEIL\C51\LIB\C51L.LIB (?C?UIDIV)
  D:\KEIL\C51\LIB\C51L.LIB (?C?IILDX)
  D:\KEIL\C51\LIB\C51L.LIB (?C?ILDIX)
  D:\KEIL\C51\LIB\C51L.LIB (?C?ILDPTR)
  D:\KEIL\C51\LIB\C51L.LIB (?C?ISTPTR)
  D:\KEIL\C51\LIB\C51L.LIB (?C?LMUL)
  D:\KEIL\C51\LIB\C51L.LIB (?C?LNEG)
  D:\KEIL\C51\LIB\C51L.LIB (?C?ULCMP)
  D:\KEIL\C51\LIB\C51L.LIB (?C?ULSHR)
  D:\KEIL\C51\LIB\C51L.LIB (?C?LLDXDATA)
  D:\KEIL\C51\LIB\C51L.LIB (?C?LLDCODE)
  D:\KEIL\C51\LIB\C51L.LIB (?C?LLDCODE0)
  D:\KEIL\C51\LIB\C51L.LIB (?C?LSTXDATA)
  D:\KEIL\C51\LIB\C51L.LIB (?C?LSTKXDATA)
  D:\KEIL\C51\LIB\C51L.LIB (?C?PLDIXDATA)
  D:\KEIL\C51\LIB\C51L.LIB (?C?PSTXDATA)
  D:\KEIL\C51\LIB\C51L.LIB (?C?CCASE)
  D:\KEIL\C51\LIB\C51L.LIB (?C?ICASE)
  D:\KEIL\C51\LIB\C51L.LIB (?C?ICALL)
  D:\KEIL\C51\LIB\C51L.LIB (?C?LIMUL)
  D:\KEIL\C51\LIB\C51L.LIB (ABS)
  D:\KEIL\C51\LIB\C51L.LIB (?C?STRCMP)
  D:\KEIL\C51\LIB\C51L.LIB (STRLEN)


LINK MAP OF MODULE:  .\Object\×ÏÒ«OS (?C_STARTUP)


            TYPE    BASE      LENGTH    RELOCATION   SEGMENT NAME
            -----------------------------------------------------

            * * * * * * *   D A T A   M E M O R Y   * * * * * * *
            REG     0000H     0008H     ABSOLUTE     "REG BANK 0"
            DATA    0008H     0005H     UNIT         _DATA_GROUP_
                    000DH     0013H                  *** GAP ***
            BIT     0020H.0   0001H.1   UNIT         _BIT_GROUP_
            BIT     0021H.1   0000H.1   UNIT         ?BI?GUI
            BIT     0021H.2   0000H.1   UNIT         ?BI?UART
                    0021H.3   0000H.5                *** GAP ***
            IDATA   0022H     0001H     UNIT         ?STACK

            * * * * * * *  X D A T A   M E M O R Y  * * * * * * *
            XDATA   0000H     029CH     UNIT         _XDATA_GROUP_
BL51 BANKED LINKER/LOCATER V6.22                                                      07/18/2015  09:10:24  PAGE 4


            XDATA   029CH     0021H     UNIT         ?XD?TOUCH
            XDATA   02BDH     001AH     UNIT         ?XD?GUI
            XDATA   02D7H     0017H     UNIT         ?XD?UART
            XDATA   02EEH     0002H     UNIT         ?XD?HX8347D
            XDATA   02F0H     0002H     UNIT         ?XD?W25QXX
            XDATA   02F2H     0001H     UNIT         ?XD?TIMER

            * * * * * * *   C O D E   M E M O R Y   * * * * * * *
            CODE    0000H     0003H     ABSOLUTE     
            CODE    0003H     0007H     UNIT         ?PR?INITLED?LED
                    000AH     0001H                  *** GAP ***
            CODE    000BH     0003H     ABSOLUTE     
            CODE    000EH     0033H     UNIT         ?PR?TP_DEFAULT_ADJ?TOUCH
                    0041H     0002H                  *** GAP ***
            CODE    0043H     0003H     ABSOLUTE     
            CODE    0046H     0AEEH     UNIT         ?C?LIB_CODE
            CODE    0B34H     089BH     UNIT         ?PR?SSTMTIME?GUI
            CODE    13CFH     087AH     UNIT         ?PR?TP_ADJUST?TOUCH
            CODE    1C49H     05F0H     UNIT         ?CO?HX8347D
            CODE    2239H     0483H     UNIT         ?PR?PRINTF?PRINTF
            CODE    26BCH     047DH     UNIT         ?PR?DESKTOP?GUI
            CODE    2B39H     0300H     UNIT         ?PR?LED?GUI
            CODE    2E39H     02F2H     UNIT         ?PR?START_CHECK?GUI
            CODE    312BH     02E2H     UNIT         ?PR?_LCD_DRAWEBOX?HX8347D
            CODE    340DH     02B6H     UNIT         ?PR?PICBOX?GUI
            CODE    36C3H     02B6H     UNIT         ?PR?_SHOW_ASCII?W25QXX
            CODE    3979H     0274H     UNIT         ?PR?_LCD_DRAWLINE?HX8347D
            CODE    3BEDH     0243H     UNIT         ?PR?_GET_HZMAT?W25QXX
            CODE    3E30H     01C1H     UNIT         ?CO?GUI
            CODE    3FF1H     01BBH     UNIT         ?PR?LCD_INITIALIZTION?HX8347D
            CODE    41ACH     0192H     UNIT         ?PR?_TP_READ_XOY?TOUCH
            CODE    433EH     0188H     UNIT         ?PR?_SHOW_STR?W25QXX
            CODE    44C6H     0186H     UNIT         ?PR?CALENDAR?GUI
            CODE    464CH     0179H     UNIT         ?PR?_SHOW_FONT?W25QXX
            CODE    47C5H     014CH     UNIT         ?PR?_GUIDDO?GUI
            CODE    4911H     0145H     UNIT         ?PR?_TP_READ_XY2?TOUCH
            CODE    4A56H     0141H     UNIT         ?PR?_TP_DROW_TOUCH_POINT?TOUCH
            CODE    4B97H     013CH     UNIT         ?PR?_SHOW_PICTURE?HX8347D
            CODE    4CD3H     011EH     UNIT         ?PR?_GETTIME?DS1302
            CODE    4DF1H     011CH     UNIT         ?PR?TEMPERT?GUI
            CODE    4F0DH     0107H     UNIT         ?PR?_PUTCHAR?HX8347D
            CODE    5014H     0105H     UNIT         ?PR?GUIDSHOW?GUI
            CODE    5119H     00F7H     UNIT         ?PR?_TP_SCAN?TOUCH
            CODE    5210H     00E0H     UNIT         ?PR?_LCD_DRAWBOX?HX8347D
            CODE    52F0H     00CFH     UNIT         ?PR?_DS1302_WRITE_TIME?DS1302
            CODE    53BFH     00CDH     UNIT         ?PR?_GET_CLICK?GUI
            CODE    548CH     00B6H     UNIT         ?PR?_GUI_TEXT?HX8347D
            CODE    5542H     00AEH     UNIT         ?CO?ATCMD
            CODE    55F0H     00AEH     UNIT         ?PR?_LCD_CLEAR?HX8347D
            CODE    569EH     00ACH     UNIT         ?PR?SQRT?SQRT
            CODE    574AH     00AAH     UNIT         ?PR?_GET_CLICK1?GUI
            CODE    57F4H     00A8H     UNIT         ?PR?_DS1302_READ_TIME?DS1302
            CODE    589CH     008DH     UNIT         ?CO?W25QXX
            CODE    5929H     008CH     UNIT         ?C_C51STARTUP
            CODE    59B5H     007FH     UNIT         ?PR?_AT_DO?ATCMD
            CODE    5A34H     007EH     UNIT         ?PR?_TP_DRAW_BIG_POINT?TOUCH
            CODE    5AB2H     007DH     UNIT         ?PR?_ALERT?GUI
BL51 BANKED LINKER/LOCATER V6.22                                                      07/18/2015  09:10:24  PAGE 5


            CODE    5B2FH     0079H     UNIT         ?PR?TIMER_ROUTINE?TIMER
            CODE    5BA8H     0079H     UNIT         ?PR?_W25QXX_READ?W25QXX
            CODE    5C21H     006CH     UNIT         ?PR?UART_INTERRUPT?UART
            CODE    5C8DH     0053H     UNIT         ?C_INITSEG
            CODE    5CE0H     0050H     UNIT         ?PR?_LCD_SETPOINT?HX8347D
            CODE    5D30H     004FH     UNIT         ?PR?_TP_READ_XY?TOUCH
            CODE    5D7FH     004EH     UNIT         ?PR?_TP_READ_AD?TOUCH
            CODE    5DCDH     0047H     UNIT         ?PR?_READ1302?DS1302
            CODE    5E14H     0043H     UNIT         ?PR?W25QXX_READID?W25QXX
            CODE    5E57H     0040H     UNIT         ?PR?_READTEMPERATURE?18B20
            CODE    5E97H     003CH     UNIT         ?PR?_WRITE1302?DS1302
            CODE    5ED3H     003AH     UNIT         ?PR?READ18B20?18B20
            CODE    5F0DH     003AH     UNIT         ?PR?_LCD_SETCURSOR?HX8347D
            CODE    5F47H     002EH     UNIT         ?PR?START_LOGO?GUI
            CODE    5F75H     002BH     UNIT         ?PR?_DELAY_MS?HX8347D
            CODE    5FA0H     002BH     UNIT         ?PR?_W25QXX_WRITE_BYTE?W25QXX
            CODE    5FCBH     0029H     UNIT         ?PR?CLOCK?GUI
            CODE    5FF4H     0028H     UNIT         ?PR?INIT_DS18B20?18B20
            CODE    601CH     0028H     UNIT         ?PR?FONT_INIT?W25QXX
            CODE    6044H     0025H     UNIT         ?PR?_BEEP?AUDIO
            CODE    6069H     0024H     UNIT         ?PR?_DELAY_MS?GUI
            CODE    608DH     0020H     UNIT         ?PR?MAIN?MAIN
            CODE    60ADH     001EH     UNIT         ?PR?INITUART?UART
            CODE    60CBH     001DH     UNIT         ?PR?_DELAY_US?TOUCH
            CODE    60E8H     001DH     UNIT         ?PR?TP_INIT?TOUCH
            CODE    6105H     001CH     UNIT         ?PR?READONECHAR?18B20
            CODE    6121H     001CH     UNIT         ?PR?_WRITEONECHAR?18B20
            CODE    613DH     001BH     UNIT         ?PR?STIME?ATCMD
            CODE    6158H     001BH     UNIT         ?PR?STEMPERT?ATCMD
            CODE    6173H     001BH     UNIT         ?PR?_SETLED?LED
            CODE    618EH     001AH     UNIT         ?PR?_TP_WRITE_BYTE?TOUCH
            CODE    61A8H     0019H     UNIT         ?PR?_LCD_WR_DATA?HX8347D
            CODE    61C1H     0018H     UNIT         ?PR?DELAY1MS?DS1302
            CODE    61D9H     0017H     UNIT         ?PR?W25QXX_READ_BYTE?W25QXX
            CODE    61F0H     0016H     UNIT         ?PR?DELAY40US?DS1302
            CODE    6206H     0015H     UNIT         ?PR?OFFLED?ATCMD
            CODE    621BH     0015H     UNIT         ?PR?LCD_WRITERAM_PREPARE?HX8347D
            CODE    6230H     0015H     UNIT         ?PR?_REDLED?LED
            CODE    6245H     0015H     UNIT         ?PR?_STRLEN?STRLEN
            CODE    625AH     0014H     UNIT         ?PR?_DELAYUS2X?18B20
            CODE    626EH     0014H     UNIT         ?PR?_DELAYMS?18B20
            CODE    6282H     0013H     UNIT         ?PR?_ISATCMD?ATCMD
            CODE    6295H     0013H     UNIT         ?PR?_UART_SENDSTR?UART
            CODE    62A8H     0012H     UNIT         ?PR?DS1302_INIT?DS1302
            CODE    62BAH     0011H     UNIT         ?PR?_LCD_WRITEREG?HX8347D
            CODE    62CBH     0010H     UNIT         ?PR?TIMER0INIT?TIMER
            CODE    62DBH     000DH     UNIT         ?PR?SWLED1?ATCMD
            CODE    62E8H     000DH     UNIT         ?PR?SWLED2?ATCMD
            CODE    62F5H     000DH     UNIT         ?PR?SWLED3?ATCMD
            CODE    6302H     000DH     UNIT         ?PR?_LCD_WR_REG?HX8347D
            CODE    630FH     000CH     UNIT         ?PR?_ABS?ABS
            CODE    631BH     000BH     UNIT         ?PR?_UART_SENDONEBYTE?UART
            CODE    6326H     000AH     UNIT         ?PR?W25QXX_WRITE_DISABLE?W25QXX
            CODE    6330H     0009H     UNIT         ?PR?LINK?ATCMD
            CODE    6339H     0009H     UNIT         ?PR?ATERR?ATCMD
            CODE    6342H     0009H     UNIT         ?PR?DELAY500US?AUDIO
            CODE    634BH     0006H     UNIT         ?CO?18B20
BL51 BANKED LINKER/LOCATER V6.22                                                      07/18/2015  09:10:24  PAGE 6


            CODE    6351H     0003H     UNIT         ?PR?_LCD_WRITERAM?HX8347D



OVERLAY MAP OF MODULE:   .\Object\×ÏÒ«OS (?C_STARTUP)


SEGMENT                                     BIT_GROUP          DATA_GROUP          XDATA_GROUP
  +--> CALLED SEGMENT                    START    LENGTH     START    LENGTH     START    LENGTH
------------------------------------------------------------------------------------------------
?C_C51STARTUP                            -----    -----      -----    -----      -----    -----
  +--> ?PR?MAIN?MAIN
  +--> ?C_INITSEG

?PR?MAIN?MAIN                            -----    -----      -----    -----      -----    -----
  +--> ?PR?LCD_INITIALIZTION?HX8347D
  +--> ?PR?FONT_INIT?W25QXX
  +--> ?PR?TP_INIT?TOUCH
  +--> ?PR?DS1302_INIT?DS1302
  +--> ?PR?TIMER0INIT?TIMER
  +--> ?PR?INITUART?UART
  +--> ?PR?INITLED?LED
  +--> ?PR?START_CHECK?GUI
  +--> ?PR?START_LOGO?GUI
  +--> ?PR?DESKTOP?GUI

?PR?LCD_INITIALIZTION?HX8347D            -----    -----      -----    -----      -----    -----
  +--> ?PR?_DELAY_MS?HX8347D
  +--> ?PR?_LCD_WRITEREG?HX8347D

?PR?_DELAY_MS?HX8347D                    -----    -----      -----    -----      -----    -----
  +--> ?PR?_LCD_WRITEREG?HX8347D

?PR?_LCD_WRITEREG?HX8347D                -----    -----      -----    -----      -----    -----
  +--> ?PR?_LCD_WR_REG?HX8347D
  +--> ?PR?_LCD_WR_DATA?HX8347D

?PR?FONT_INIT?W25QXX                     -----    -----      -----    -----      -----    -----
  +--> ?PR?W25QXX_WRITE_DISABLE?W25QXX
  +--> ?PR?W25QXX_READID?W25QXX
  +--> ?CO?W25QXX

?PR?W25QXX_WRITE_DISABLE?W25QXX          -----    -----      -----    -----      -----    -----
  +--> ?PR?_W25QXX_WRITE_BYTE?W25QXX

?PR?W25QXX_READID?W25QXX                 -----    -----      -----    -----      0014H    0002H
  +--> ?PR?_W25QXX_WRITE_BYTE?W25QXX
  +--> ?PR?W25QXX_READ_BYTE?W25QXX

?PR?TP_INIT?TOUCH                        -----    -----      -----    -----      -----    -----
  +--> ?PR?_TP_READ_XY?TOUCH
  +--> ?PR?TP_DEFAULT_ADJ?TOUCH

?PR?_TP_READ_XY?TOUCH                    -----    -----      -----    -----      002BH    0008H
  +--> ?PR?_TP_READ_XOY?TOUCH

?PR?_TP_READ_XOY?TOUCH                   -----    -----      -----    -----      0033H    0010H
BL51 BANKED LINKER/LOCATER V6.22                                                      07/18/2015  09:10:24  PAGE 7


  +--> ?PR?_TP_READ_AD?TOUCH

?PR?_TP_READ_AD?TOUCH                    -----    -----      -----    -----      -----    -----
  +--> ?PR?_TP_WRITE_BYTE?TOUCH
  +--> ?PR?_DELAY_US?TOUCH

?PR?DS1302_INIT?DS1302                   -----    -----      -----    -----      -----    -----
  +--> ?PR?_WRITE1302?DS1302

?PR?_WRITE1302?DS1302                    -----    -----      -----    -----      -----    -----
  +--> ?PR?DELAY1MS?DS1302

?PR?INITUART?UART                        0020H.0  0000H.1    -----    -----      -----    -----

?PR?START_CHECK?GUI                      -----    -----      -----    -----      000DH    0007H
  +--> ?PR?_LCD_CLEAR?HX8347D
  +--> ?CO?GUI
  +--> ?PR?_GUI_TEXT?HX8347D
  +--> ?PR?W25QXX_READID?W25QXX
  +--> ?PR?_SHOW_STR?W25QXX
  +--> ?PR?_DELAY_MS?GUI
  +--> ?PR?_GETTIME?DS1302
  +--> ?PR?_READTEMPERATURE?18B20
  +--> ?PR?INITLED?LED
  +--> ?PR?_BEEP?AUDIO

?PR?_LCD_CLEAR?HX8347D                   -----    -----      -----    -----      0021H    000AH
  +--> ?PR?_LCD_SETCURSOR?HX8347D
  +--> ?PR?LCD_WRITERAM_PREPARE?HX8347D
  +--> ?PR?_LCD_WR_DATA?HX8347D

?PR?_LCD_SETCURSOR?HX8347D               -----    -----      -----    -----      -----    -----
  +--> ?PR?_LCD_WRITEREG?HX8347D

?PR?LCD_WRITERAM_PREPARE?HX8347D         -----    -----      -----    -----      -----    -----
  +--> ?PR?_LCD_SETCURSOR?HX8347D
  +--> ?PR?_LCD_WR_REG?HX8347D

?PR?_GUI_TEXT?HX8347D                    -----    -----      -----    -----      0017H    000BH
  +--> ?PR?_PUTCHAR?HX8347D

?PR?_PUTCHAR?HX8347D                     -----    -----      -----    -----      0049H    000DH
  +--> ?CO?HX8347D
  +--> ?PR?_LCD_SETPOINT?HX8347D

?PR?_LCD_SETPOINT?HX8347D                -----    -----      -----    -----      0283H    0004H
  +--> ?PR?LCD_WRITERAM_PREPARE?HX8347D
  +--> ?PR?_LCD_WRITERAM?HX8347D

?PR?_LCD_WRITERAM?HX8347D                -----    -----      -----    -----      -----    -----
  +--> ?PR?_LCD_WR_DATA?HX8347D

?PR?_SHOW_STR?W25QXX                     -----    -----      -----    -----      0160H    000DH
  +--> ?PR?_SHOW_ASCII?W25QXX
  +--> ?PR?_SHOW_FONT?W25QXX

?PR?_SHOW_ASCII?W25QXX                   -----    -----      -----    -----      016DH    0059H
BL51 BANKED LINKER/LOCATER V6.22                                                      07/18/2015  09:10:24  PAGE 8


  +--> ?CO?W25QXX
  +--> ?PR?_W25QXX_READ?W25QXX
  +--> ?PR?_LCD_SETPOINT?HX8347D

?PR?_W25QXX_READ?W25QXX                  -----    -----      -----    -----      0291H    000BH
  +--> ?PR?_W25QXX_WRITE_BYTE?W25QXX
  +--> ?PR?W25QXX_READ_BYTE?W25QXX

?PR?_SHOW_FONT?W25QXX                    -----    -----      -----    -----      016DH    0116H
  +--> ?PR?_GET_HZMAT?W25QXX
  +--> ?PR?_LCD_SETPOINT?HX8347D

?PR?_GET_HZMAT?W25QXX                    -----    -----      -----    -----      0283H    000EH
  +--> ?CO?W25QXX
  +--> ?PR?_W25QXX_READ?W25QXX

?PR?_GETTIME?DS1302                      -----    -----      -----    -----      0017H    000AH
  +--> ?PR?_DS1302_READ_TIME?DS1302

?PR?_DS1302_READ_TIME?DS1302             -----    -----      -----    -----      0021H    0003H
  +--> ?PR?DELAY40US?DS1302
  +--> ?PR?_READ1302?DS1302

?PR?DELAY40US?DS1302                     -----    -----      -----    -----      -----    -----
  +--> ?PR?_READ1302?DS1302

?PR?_READ1302?DS1302                     -----    -----      -----    -----      -----    -----
  +--> ?PR?DELAY1MS?DS1302

?PR?_READTEMPERATURE?18B20               -----    -----      -----    -----      0016H    0003H
  +--> ?PR?READ18B20?18B20
  +--> ?CO?18B20
  +--> ?PR?PRINTF?PRINTF

?PR?READ18B20?18B20                      -----    -----      -----    -----      -----    -----
  +--> ?PR?INIT_DS18B20?18B20
  +--> ?PR?_WRITEONECHAR?18B20
  +--> ?PR?_DELAYMS?18B20
  +--> ?PR?READONECHAR?18B20

?PR?INIT_DS18B20?18B20                   0020H.0  0000H.1    -----    -----      -----    -----
  +--> ?PR?_DELAYUS2X?18B20

?PR?_WRITEONECHAR?18B20                  -----    -----      -----    -----      -----    -----
  +--> ?PR?_DELAYUS2X?18B20

?PR?READONECHAR?18B20                    -----    -----      -----    -----      -----    -----
  +--> ?PR?_DELAYUS2X?18B20

?PR?PRINTF?PRINTF                        0020H.0  0001H.1    0008H    0005H      0019H    0030H
  +--> ?PR?_PUTCHAR?HX8347D

?PR?_BEEP?AUDIO                          -----    -----      -----    -----      -----    -----
  +--> ?PR?DELAY500US?AUDIO

?PR?START_LOGO?GUI                       -----    -----      -----    -----      -----    -----
  +--> ?PR?_LCD_CLEAR?HX8347D
BL51 BANKED LINKER/LOCATER V6.22                                                      07/18/2015  09:10:24  PAGE 9


  +--> ?PR?_SHOW_PICTURE?HX8347D
  +--> ?PR?_DELAY_MS?GUI

?PR?_SHOW_PICTURE?HX8347D                -----    -----      -----    -----      0002H    0016H
  +--> ?PR?_LCD_SETCURSOR?HX8347D
  +--> ?PR?LCD_WRITERAM_PREPARE?HX8347D
  +--> ?PR?_W25QXX_WRITE_BYTE?W25QXX
  +--> ?PR?W25QXX_READ_BYTE?W25QXX
  +--> ?PR?_LCD_WR_DATA?HX8347D

?PR?DESKTOP?GUI                          -----    -----      -----    -----      0000H    0002H
  +--> ?PR?_LCD_CLEAR?HX8347D
  +--> ?PR?_SHOW_PICTURE?HX8347D
  +--> ?CO?GUI
  +--> ?PR?_SHOW_STR?W25QXX
  +--> ?PR?CLOCK?GUI
  +--> ?PR?_GET_CLICK?GUI
  +--> ?PR?CALENDAR?GUI
  +--> ?PR?TEMPERT?GUI
  +--> ?PR?START_CHECK?GUI
  +--> ?PR?PICBOX?GUI
  +--> ?PR?_ALERT?GUI
  +--> ?PR?LED?GUI

?PR?CLOCK?GUI                            -----    -----      -----    -----      -----    -----
  +--> ?PR?_GETTIME?DS1302
  +--> ?PR?_GUI_TEXT?HX8347D

?PR?_GET_CLICK?GUI                       -----    -----      -----    -----      0003H    0006H
  +--> ?PR?_TP_READ_XY2?TOUCH
  +--> ?PR?_AT_DO?ATCMD

?PR?_TP_READ_XY2?TOUCH                   -----    -----      -----    -----      001DH    000EH
  +--> ?PR?_TP_READ_XY?TOUCH

?PR?_AT_DO?ATCMD                         -----    -----      -----    -----      0009H    0004H
  +--> ?PR?ATERR?ATCMD
  +--> ?CO?ATCMD

?PR?ATERR?ATCMD                          -----    -----      -----    -----      -----    -----
  +--> ?CO?ATCMD
  +--> ?PR?_UART_SENDSTR?UART

?CO?ATCMD                                -----    -----      -----    -----      -----    -----
  +--> ?PR?LINK?ATCMD
  +--> ?PR?START_CHECK?GUI
  +--> ?PR?PICBOX?GUI
  +--> ?PR?TEMPERT?GUI
  +--> ?PR?CALENDAR?GUI
  +--> ?PR?STIME?ATCMD
  +--> ?PR?STEMPERT?ATCMD
  +--> ?PR?SWLED1?ATCMD
  +--> ?PR?SWLED2?ATCMD
  +--> ?PR?SWLED3?ATCMD
  +--> ?PR?OFFLED?ATCMD

?PR?LINK?ATCMD                           -----    -----      -----    -----      -----    -----
BL51 BANKED LINKER/LOCATER V6.22                                                      07/18/2015  09:10:24  PAGE 10


  +--> ?PR?_UART_SENDSTR?UART

?PR?_UART_SENDSTR?UART                   -----    -----      -----    -----      -----    -----
  +--> ?PR?_UART_SENDONEBYTE?UART

?PR?PICBOX?GUI                           -----    -----      -----    -----      000DH    0002H
  +--> ?PR?_LCD_CLEAR?HX8347D
  +--> ?PR?_LCD_DRAWBOX?HX8347D
  +--> ?PR?GUIDSHOW?GUI
  +--> ?PR?_TP_DRAW_BIG_POINT?TOUCH
  +--> ?PR?_GUIDDO?GUI

?PR?_LCD_DRAWBOX?HX8347D                 -----    -----      -----    -----      0160H    0012H
  +--> ?PR?_LCD_SETCURSOR?HX8347D
  +--> ?PR?LCD_WRITERAM_PREPARE?HX8347D
  +--> ?PR?_LCD_WR_DATA?HX8347D

?PR?GUIDSHOW?GUI                         -----    -----      -----    -----      -----    -----
  +--> ?PR?_LCD_DRAWLINE?HX8347D
  +--> ?CO?GUI
  +--> ?PR?_SHOW_STR?W25QXX

?PR?_LCD_DRAWLINE?HX8347D                -----    -----      -----    -----      0027H    0010H
  +--> ?PR?_LCD_SETPOINT?HX8347D

?PR?_TP_DRAW_BIG_POINT?TOUCH             -----    -----      -----    -----      000FH    0006H
  +--> ?PR?_LCD_SETPOINT?HX8347D

?PR?_GUIDDO?GUI                          -----    -----      -----    -----      0017H    0008H
  +--> ?CO?GUI
  +--> ?PR?_SHOW_STR?W25QXX
  +--> ?PR?_LCD_DRAWLINE?HX8347D

?PR?TEMPERT?GUI                          -----    -----      -----    -----      000DH    0009H
  +--> ?PR?_LCD_CLEAR?HX8347D
  +--> ?PR?_LCD_DRAWBOX?HX8347D
  +--> ?PR?_LCD_DRAWEBOX?HX8347D
  +--> ?PR?GUIDSHOW?GUI
  +--> ?PR?_READTEMPERATURE?18B20
  +--> ?CO?GUI
  +--> ?PR?_SHOW_STR?W25QXX
  +--> ?PR?_GUI_TEXT?HX8347D
  +--> ?PR?_GUIDDO?GUI

?PR?_LCD_DRAWEBOX?HX8347D                -----    -----      -----    -----      0017H    000AH
  +--> ?PR?_LCD_DRAWLINE?HX8347D

?PR?CALENDAR?GUI                         -----    -----      -----    -----      000DH    0002H
  +--> ?PR?_GETTIME?DS1302
  +--> ?PR?_LCD_CLEAR?HX8347D
  +--> ?PR?_LCD_DRAWBOX?HX8347D
  +--> ?PR?_GUI_TEXT?HX8347D
  +--> ?CO?GUI
  +--> ?PR?_SHOW_STR?W25QXX
  +--> ?PR?GUIDSHOW?GUI
  +--> ?PR?SSTMTIME?GUI
  +--> ?PR?_GUIDDO?GUI
BL51 BANKED LINKER/LOCATER V6.22                                                      07/18/2015  09:10:24  PAGE 11



?PR?SSTMTIME?GUI                         -----    -----      -----    -----      000FH    0008H
  +--> ?CO?GUI
  +--> ?PR?_GETTIME?DS1302
  +--> ?PR?_LCD_CLEAR?HX8347D
  +--> ?PR?_SHOW_STR?W25QXX
  +--> ?PR?_GUI_TEXT?HX8347D
  +--> ?PR?_LCD_DRAWBOX?HX8347D
  +--> ?PR?_LCD_DRAWEBOX?HX8347D
  +--> ?PR?GUIDSHOW?GUI
  +--> ?PR?_GET_CLICK1?GUI
  +--> ?PR?_GUIDDO?GUI
  +--> ?PR?_DS1302_WRITE_TIME?DS1302
  +--> ?PR?_ALERT?GUI

?PR?_GET_CLICK1?GUI                      -----    -----      -----    -----      0017H    0006H
  +--> ?PR?_TP_READ_XY2?TOUCH

?PR?_DS1302_WRITE_TIME?DS1302            -----    -----      -----    -----      0017H    0003H
  +--> ?PR?_WRITE1302?DS1302
  +--> ?PR?DELAY40US?DS1302

?PR?_ALERT?GUI                           -----    -----      -----    -----      015BH    0005H
  +--> ?PR?_SHOW_STR?W25QXX
  +--> ?PR?_DELAY_MS?GUI
  +--> ?PR?_STRLEN?STRLEN
  +--> ?PR?_LCD_DRAWBOX?HX8347D

?PR?STIME?ATCMD                          -----    -----      -----    -----      -----    -----
  +--> ?PR?_GETTIME?DS1302
  +--> ?PR?_UART_SENDSTR?UART

?PR?STEMPERT?ATCMD                       -----    -----      -----    -----      000DH    0007H
  +--> ?PR?_READTEMPERATURE?18B20
  +--> ?PR?_UART_SENDSTR?UART

?PR?SWLED1?ATCMD                         -----    -----      -----    -----      -----    -----
  +--> ?PR?_REDLED?LED
  +--> ?PR?_SETLED?LED

?PR?_SETLED?LED                          0020H.0  0000H.1    -----    -----      -----    -----

?PR?SWLED2?ATCMD                         -----    -----      -----    -----      -----    -----
  +--> ?PR?_REDLED?LED
  +--> ?PR?_SETLED?LED

?PR?SWLED3?ATCMD                         -----    -----      -----    -----      -----    -----
  +--> ?PR?_REDLED?LED
  +--> ?PR?_SETLED?LED

?PR?OFFLED?ATCMD                         -----    -----      -----    -----      -----    -----
  +--> ?PR?_SETLED?LED

?PR?LED?GUI                              -----    -----      -----    -----      0002H    0001H
  +--> ?PR?_LCD_CLEAR?HX8347D
  +--> ?CO?GUI
  +--> ?PR?_SHOW_STR?W25QXX
BL51 BANKED LINKER/LOCATER V6.22                                                      07/18/2015  09:10:24  PAGE 12


  +--> ?PR?GUIDSHOW?GUI
  +--> ?PR?_GUI_TEXT?HX8347D
  +--> ?PR?_REDLED?LED
  +--> ?PR?_LCD_DRAWBOX?HX8347D
  +--> ?PR?_GET_CLICK?GUI
  +--> ?PR?_GUIDDO?GUI
  +--> ?PR?_SETLED?LED

?C_INITSEG                               -----    -----      -----    -----      -----    -----
  +--> ?PR?TP_INIT?TOUCH
  +--> ?PR?_TP_SCAN?TOUCH
  +--> ?PR?TP_ADJUST?TOUCH

?PR?_TP_SCAN?TOUCH                       -----    -----      -----    -----      -----    -----
  +--> ?PR?_TP_READ_XY2?TOUCH

?PR?TP_ADJUST?TOUCH                      -----    -----      -----    -----      0000H    0021H
  +--> ?PR?_LCD_CLEAR?HX8347D
  +--> ?PR?_TP_DROW_TOUCH_POINT?TOUCH
  +--> ?PR?_ABS?ABS
  +--> ?PR?SQRT?SQRT
  +--> ?PR?_DELAY_MS?GUI

?PR?_TP_DROW_TOUCH_POINT?TOUCH           -----    -----      -----    -----      0021H    0006H
  +--> ?PR?_LCD_DRAWLINE?HX8347D
  +--> ?PR?_LCD_SETPOINT?HX8347D

?PR?SQRT?SQRT                            -----    -----      -----    -----      0021H    0004H

*** NEW ROOT ***************************************************

?PR?TIMER_ROUTINE?TIMER                  -----    -----      -----    -----      -----    -----
  +--> ?PR?_ISATCMD?ATCMD
  +--> ?PR?_ALERT?GUI



SYMBOL TABLE OF MODULE:  .\Object\×ÏÒ«OS (?C_STARTUP)

  VALUE           TYPE          NAME
  ----------------------------------

  -------         MODULE        ?C_STARTUP
  C:5929H         SEGMENT       ?C_C51STARTUP
  I:0022H         SEGMENT       ?STACK
  C:0000H         PUBLIC        ?C_STARTUP
  D:00E0H         SYMBOL        ACC
  D:00F0H         SYMBOL        B
  D:0083H         SYMBOL        DPH
  D:0082H         SYMBOL        DPL
  N:0000H         SYMBOL        IBPSTACK
  N:0100H         SYMBOL        IBPSTACKTOP
  N:0080H         SYMBOL        IDATALEN
  C:592CH         SYMBOL        IDATALOOP
  N:0000H         SYMBOL        PBPSTACK
  N:0100H         SYMBOL        PBPSTACKTOP
  N:0000H         SYMBOL        PDATALEN
BL51 BANKED LINKER/LOCATER V6.22                                                      07/18/2015  09:10:24  PAGE 13


  N:0000H         SYMBOL        PDATASTART
  N:0000H         SYMBOL        PPAGE
  N:0000H         SYMBOL        PPAGEENABLE
  D:00A0H         SYMBOL        PPAGE_SFR
  D:0081H         SYMBOL        SP
  C:5929H         SYMBOL        STARTUP1
  N:0000H         SYMBOL        XBPSTACK
  N:0000H         SYMBOL        XBPSTACKTOP
  N:0000H         SYMBOL        XDATALEN
  N:0000H         SYMBOL        XDATASTART
  C:0000H         LINE#         126
  C:5929H         LINE#         133
  C:592BH         LINE#         134
  C:592CH         LINE#         135
  C:592DH         LINE#         136
  C:592FH         LINE#         185
  C:5932H         LINE#         196
  -------         ENDMOD        ?C_STARTUP

  -------         MODULE        GUI
  C:0000H         SYMBOL        _ICE_DUMMY_
  C:26BCH         PUBLIC        desktop
  C:47C5H         PUBLIC        _guiddo
  D:0080H         PUBLIC        P0
  D:0090H         PUBLIC        P1
  D:00A0H         PUBLIC        P2
  C:4DF1H         PUBLIC        tempert
  B:0080H.5       PUBLIC        LED1
  B:0080H.6       PUBLIC        LED2
  B:0080H.7       PUBLIC        LED3
  C:340DH         PUBLIC        picbox
  D:00A8H         PUBLIC        IE
  C:5FCBH         PUBLIC        clock
  C:2E39H         PUBLIC        start_check
  D:00B8H         PUBLIC        IP
  C:5AB2H         PUBLIC        _alert
  C:574AH         PUBLIC        _Get_Click1
  D:00D8H         PUBLIC        CCON
  X:02BDH         PUBLIC        time
  D:0098H         PUBLIC        SCON
  D:0088H         PUBLIC        TCON
  C:2B39H         PUBLIC        led
  C:44C6H         PUBLIC        calendar
  C:3FEAH         SYMBOL        _?ix1000
  C:5F47H         PUBLIC        start_logo
  C:606DH         PUBLIC        _delay_ms
  B:0088H.4       PUBLIC        TR0
  B:0021H.1       PUBLIC        ATC
  B:00A0H.5       PUBLIC        PEN
  C:53D3H         PUBLIC        _Get_Click
  C:5014H         PUBLIC        guidshow
  X:02D3H         PUBLIC        x
  X:02D5H         PUBLIC        y
  D:00D0H         PUBLIC        PSW
  C:0B34H         PUBLIC        sstmtime
  -------         PROC          DESKTOP
  -------         DO            
BL51 BANKED LINKER/LOCATER V6.22                                                      07/18/2015  09:10:24  PAGE 14


  X:0000H         SYMBOL        i
  C:26C3H         SYMBOL        desktop
  -------         ENDDO         
  C:26BCH         LINE#         18
  C:26BCH         LINE#         19
  C:26BCH         LINE#         20
  C:26C3H         LINE#         21
  C:26C3H         LINE#         22
  C:26C5H         LINE#         23
  C:26CCH         LINE#         24
  C:26ECH         LINE#         26
  C:270FH         LINE#         27
  C:272FH         LINE#         29
  C:2752H         LINE#         30
  C:2772H         LINE#         32
  C:2795H         LINE#         33
  C:27B5H         LINE#         35
  C:27D8H         LINE#         36
  C:27F8H         LINE#         38
  C:281BH         LINE#         39
  C:283BH         LINE#         41
  C:285EH         LINE#         42
  C:287EH         LINE#         43
  C:28A1H         LINE#         45
  C:28C1H         LINE#         46
  C:28E4H         LINE#         48
  C:2904H         LINE#         49
  C:2927H         LINE#         51
  C:292AH         LINE#         52
  C:292CH         LINE#         53
  C:292CH         LINE#         54
  C:292CH         LINE#         55
  C:2937H         LINE#         56
  C:294DH         LINE#         57
  C:295BH         LINE#         58
  C:295EH         LINE#         59
  C:29C3H         LINE#         60
  C:2A06H         LINE#         61
  C:2A4AH         LINE#         62
  C:2A6DH         LINE#         63
  C:2A6DH         LINE#         64
  C:2A8AH         LINE#         65
  C:2A8AH         LINE#         66
  C:2A8CH         LINE#         67
  C:2A92H         LINE#         68
  C:2A98H         LINE#         69
  C:2A98H         LINE#         70
  C:2A98H         LINE#         71
  C:2AB5H         LINE#         72
  C:2AB5H         LINE#         73
  C:2ABDH         LINE#         74
  C:2AC5H         LINE#         75
  C:2ACBH         LINE#         76
  C:2ACBH         LINE#         77
  C:2ACBH         LINE#         78
  C:2AE8H         LINE#         79
  C:2AE8H         LINE#         80
BL51 BANKED LINKER/LOCATER V6.22                                                      07/18/2015  09:10:24  PAGE 15


  C:2AEEH         LINE#         81
  C:2AF6H         LINE#         82
  C:2AFEH         LINE#         83
  C:2AFEH         LINE#         84
  C:2AFEH         LINE#         85
  C:2B1BH         LINE#         86
  C:2B1BH         LINE#         87
  C:2B23H         LINE#         88
  C:2B33H         LINE#         89
  -------         ENDPROC       DESKTOP
  -------         PROC          START_LOGO
  C:5F47H         LINE#         95
  C:5F47H         LINE#         96
  C:5F47H         LINE#         97
  C:5F4EH         LINE#         98
  C:5F6EH         LINE#         99
  -------         ENDPROC       START_LOGO
  -------         PROC          START_CHECK
  -------         DO            
  X:000DH         SYMBOL        temper
  -------         ENDDO         
  C:2E39H         LINE#         101
  C:2E39H         LINE#         102
  C:2E39H         LINE#         104
  C:2E3FH         LINE#         105
  C:2E5BH         LINE#         106
  C:2E78H         LINE#         107
  C:2E95H         LINE#         108
  C:2E95H         LINE#         109
  C:2E9DH         LINE#         110
  C:2EA5H         LINE#         111
  C:2EADH         LINE#         112
  C:2ED2H         LINE#         113
  C:2EF8H         LINE#         114
  C:2EF8H         LINE#         115
  C:2EFFH         LINE#         116
  C:2F20H         LINE#         117
  C:2F43H         LINE#         118
  C:2F4CH         LINE#         119
  C:2F6FH         LINE#         120
  C:2F76H         LINE#         121
  C:2F97H         LINE#         122
  C:2FBAH         LINE#         123
  C:2FC3H         LINE#         124
  C:2FCAH         LINE#         125
  C:2FD3H         LINE#         126
  C:2FF7H         LINE#         127
  C:3017H         LINE#         128
  C:3038H         LINE#         129
  C:303AH         LINE#         130
  C:305DH         LINE#         131
  C:3060H         LINE#         132
  C:3062H         LINE#         133
  C:3085H         LINE#         134
  C:3088H         LINE#         135
  C:308AH         LINE#         136
  C:30ADH         LINE#         137
BL51 BANKED LINKER/LOCATER V6.22                                                      07/18/2015  09:10:24  PAGE 16


  C:30B0H         LINE#         138
  C:30B3H         LINE#         139
  C:30D6H         LINE#         140
  C:30D9H         LINE#         141
  C:30FAH         LINE#         142
  C:311DH         LINE#         143
  C:3124H         LINE#         144
  -------         ENDPROC       START_CHECK
  -------         PROC          _ALERT
  X:015BH         SYMBOL        s
  X:015EH         SYMBOL        bcolor
  -------         DO            
  D:0007H         SYMBOL        len
  -------         ENDDO         
  C:5AB2H         LINE#         146
  C:5AC3H         LINE#         147
  C:5AC3H         LINE#         149
  C:5AF2H         LINE#         150
  C:5AF9H         LINE#         151
  C:5B0CH         LINE#         152
  -------         ENDPROC       _ALERT
  C:53BFH         SYMBOL        L?0219
  -------         PROC          L?0218
  -------         ENDPROC       L?0218
  C:53BFH         SYMBOL        L?0219
  -------         PROC          _GET_CLICK
  X:0003H         SYMBOL        x
  X:0006H         SYMBOL        y
  C:53D3H         LINE#         154
  C:53DEH         LINE#         155
  C:53DEH         LINE#         156
  C:53FFH         LINE#         158
  C:547DH         LINE#         159
  C:548BH         LINE#         160
  -------         ENDPROC       _GET_CLICK
  -------         PROC          _GET_CLICK1
  X:0017H         SYMBOL        x
  X:001AH         SYMBOL        y
  C:574AH         LINE#         161
  C:5755H         LINE#         162
  C:5755H         LINE#         163
  C:5776H         LINE#         165
  -------         ENDPROC       _GET_CLICK1
  C:6069H         SYMBOL        L?0221
  -------         PROC          L?0220
  -------         ENDPROC       L?0220
  C:6069H         SYMBOL        L?0221
  -------         PROC          _DELAY_MS
  D:0006H         SYMBOL        ms
  -------         DO            
  D:0004H         SYMBOL        i
  D:0002H         SYMBOL        j
  -------         ENDDO         
  C:606DH         LINE#         167
  C:606DH         LINE#         168
  C:606DH         LINE#         170
  C:6077H         LINE#         171
BL51 BANKED LINKER/LOCATER V6.22                                                      07/18/2015  09:10:24  PAGE 17


  C:6077H         LINE#         172
  C:6085H         LINE#         173
  C:608CH         LINE#         174
  -------         ENDPROC       _DELAY_MS
  -------         PROC          CLOCK
  C:5FCBH         LINE#         175
  C:5FCBH         LINE#         176
  C:5FCBH         LINE#         177
  C:5FD4H         LINE#         178
  C:5FD9H         LINE#         179
  -------         ENDPROC       CLOCK
  -------         PROC          CALENDAR
  -------         DO            
  X:000DH         SYMBOL        i
  -------         ENDDO         
  C:44C6H         LINE#         184
  C:44C6H         LINE#         185
  C:44C6H         LINE#         186
  C:44CDH         LINE#         187
  C:44D6H         LINE#         188
  C:44DBH         LINE#         189
  C:44E2H         LINE#         190
  C:4502H         LINE#         191
  C:4520H         LINE#         192
  C:4540H         LINE#         193
  C:4564H         LINE#         194
  C:4584H         LINE#         195
  C:4589H         LINE#         196
  C:45ADH         LINE#         197
  C:45B0H         LINE#         198
  C:45B0H         LINE#         199
  C:45B0H         LINE#         200
  C:45C4H         LINE#         201
  C:45C4H         LINE#         202
  C:45CDH         LINE#         203
  C:45D2H         LINE#         204
  C:45F2H         LINE#         205
  C:45FAH         LINE#         206
  C:45FAH         LINE#         207
  C:4608H         LINE#         208
  C:460BH         LINE#         209
  C:4649H         LINE#         210
  -------         ENDPROC       CALENDAR
  -------         PROC          SSTMTIME
  -------         DO            
  X:000FH         SYMBOL        setime
  X:0016H         SYMBOL        i
  -------         ENDDO         
  C:0B34H         LINE#         215
  C:0B34H         LINE#         216
  C:0B34H         LINE#         217
  C:0B4DH         LINE#         218
  C:0B55H         LINE#         219
  C:0B5CH         LINE#         220
  C:0B7FH         LINE#         221
  C:0B9FH         LINE#         222
  C:0BBFH         LINE#         223
BL51 BANKED LINKER/LOCATER V6.22                                                      07/18/2015  09:10:24  PAGE 18


  C:0BE1H         LINE#         224
  C:0C00H         LINE#         225
  C:0C20H         LINE#         226
  C:0C42H         LINE#         227
  C:0C61H         LINE#         228
  C:0C81H         LINE#         229
  C:0C9FH         LINE#         230
  C:0CBEH         LINE#         231
  C:0CDEH         LINE#         232
  C:0CFCH         LINE#         233
  C:0D1BH         LINE#         234
  C:0D1EH         LINE#         235
  C:0D37H         LINE#         236
  C:0D37H         LINE#         237
  C:0D37H         LINE#         238
  C:0D67H         LINE#         239
  C:0D67H         LINE#         240
  C:0DA3H         LINE#         241
  C:0DDFH         LINE#         242
  C:0E1BH         LINE#         243
  C:0E57H         LINE#         244
  C:0E92H         LINE#         245
  C:0ECDH         LINE#         246
  C:0F0BH         LINE#         247
  C:0F0BH         LINE#         248
  C:0F22H         LINE#         249
  C:0F60H         LINE#         250
  C:0F99H         LINE#         251
  C:0FD5H         LINE#         252
  C:0FD5H         LINE#         253
  C:0FE8H         LINE#         254
  C:0FFBH         LINE#         255
  C:100EH         LINE#         256
  C:1021H         LINE#         257
  C:1034H         LINE#         258
  C:103EH         LINE#         259
  C:1051H         LINE#         260
  C:105AH         LINE#         261
  C:1067H         LINE#         262
  C:106AH         LINE#         263
  C:106AH         LINE#         264
  C:10A6H         LINE#         265
  C:10A6H         LINE#         266
  C:10D6H         LINE#         267
  C:10D6H         LINE#         268
  C:10FAH         LINE#         269
  C:112CH         LINE#         270
  C:115EH         LINE#         271
  C:118BH         LINE#         272
  C:11B8H         LINE#         273
  C:11E8H         LINE#         274
  C:11F7H         LINE#         275
  C:11F7H         LINE#         276
  C:11FAH         LINE#         277
  C:11FAH         LINE#         278
  C:1236H         LINE#         279
  C:1236H         LINE#         280
BL51 BANKED LINKER/LOCATER V6.22                                                      07/18/2015  09:10:24  PAGE 19


  C:1266H         LINE#         281
  C:1266H         LINE#         282
  C:129BH         LINE#         283
  C:12D2H         LINE#         284
  C:1308H         LINE#         285
  C:133EH         LINE#         286
  C:1374H         LINE#         287
  C:13AAH         LINE#         288
  C:13BAH         LINE#         289
  C:13BAH         LINE#         291
  C:13BDH         LINE#         292
  C:13BDH         LINE#         293
  C:13CCH         LINE#         294
  -------         ENDPROC       SSTMTIME
  -------         PROC          GUIDSHOW
  C:5014H         LINE#         299
  C:5014H         LINE#         300
  C:5014H         LINE#         301
  C:5032H         LINE#         302
  C:5055H         LINE#         303
  C:507AH         LINE#         304
  C:5099H         LINE#         305
  C:50B8H         LINE#         306
  C:50D7H         LINE#         307
  C:50F6H         LINE#         308
  -------         ENDPROC       GUIDSHOW
  -------         PROC          _GUIDDO
  X:0017H         SYMBOL        pback
  X:001AH         SYMBOL        pmenu
  X:001DH         SYMBOL        x
  C:47C5H         LINE#         315
  C:47D0H         LINE#         316
  C:47D0H         LINE#         317
  C:481CH         LINE#         318
  C:4883H         LINE#         319
  C:48C4H         LINE#         320
  C:4910H         LINE#         321
  -------         ENDPROC       _GUIDDO
  -------         PROC          TEMPERT
  -------         DO            
  X:000DH         SYMBOL        i
  X:000FH         SYMBOL        temper
  -------         ENDDO         
  C:4DF1H         LINE#         325
  C:4DF1H         LINE#         326
  C:4DF1H         LINE#         327
  C:4DF8H         LINE#         329
  C:4DFFH         LINE#         330
  C:4E1EH         LINE#         331
  C:4E3AH         LINE#         332
  C:4E3DH         LINE#         333
  C:4E3DH         LINE#         334
  C:4E3DH         LINE#         335
  C:4E4DH         LINE#         336
  C:4E4DH         LINE#         337
  C:4E56H         LINE#         338
  C:4E7AH         LINE#         339
BL51 BANKED LINKER/LOCATER V6.22                                                      07/18/2015  09:10:24  PAGE 20


  C:4E9AH         LINE#         340
  C:4EA2H         LINE#         341
  C:4EA2H         LINE#         342
  C:4EB0H         LINE#         343
  C:4EC3H         LINE#         344
  C:4EC6H         LINE#         345
  C:4F0AH         LINE#         346
  -------         ENDPROC       TEMPERT
  -------         PROC          PICBOX
  -------         DO            
  X:000DH         SYMBOL        color
  -------         ENDDO         
  C:340DH         LINE#         351
  C:340DH         LINE#         352
  C:340DH         LINE#         353
  C:3416H         LINE#         354
  C:341DH         LINE#         355
  C:3439H         LINE#         356
  C:3458H         LINE#         357
  C:3475H         LINE#         358
  C:3490H         LINE#         359
  C:34AFH         LINE#         360
  C:34CEH         LINE#         361
  C:34EBH         LINE#         362
  C:350BH         LINE#         363
  C:352BH         LINE#         364
  C:354BH         LINE#         365
  C:356BH         LINE#         366
  C:358BH         LINE#         367
  C:358EH         LINE#         368
  C:358EH         LINE#         369
  C:358EH         LINE#         370
  C:3591H         LINE#         371
  C:35C2H         LINE#         372
  C:3600H         LINE#         373
  C:361EH         LINE#         374
  C:365BH         LINE#         375
  C:365BH         LINE#         376
  C:365FH         LINE#         377
  C:3669H         LINE#         378
  C:3676H         LINE#         379
  C:367CH         LINE#         380
  C:3688H         LINE#         381
  C:3695H         LINE#         382
  C:369CH         LINE#         383
  C:36A9H         LINE#         384
  C:36B6H         LINE#         385
  -------         ENDPROC       PICBOX
  -------         PROC          LED
  -------         DO            
  X:0002H         SYMBOL        ctr
  -------         ENDDO         
  C:2B39H         LINE#         392
  C:2B39H         LINE#         393
  C:2B39H         LINE#         394
  C:2B3EH         LINE#         395
  C:2B45H         LINE#         396
BL51 BANKED LINKER/LOCATER V6.22                                                      07/18/2015  09:10:24  PAGE 21


  C:2B68H         LINE#         397
  C:2B6BH         LINE#         398
  C:2B8AH         LINE#         399
  C:2BA9H         LINE#         400
  C:2BC8H         LINE#         401
  C:2BC8H         LINE#         402
  C:2BC8H         LINE#         403
  C:2BD3H         LINE#         404
  C:2BEEH         LINE#         405
  C:2C00H         LINE#         406
  C:2C02H         LINE#         407
  C:2C1EH         LINE#         408
  C:2C44H         LINE#         409
  C:2C44H         LINE#         410
  C:2C4FH         LINE#         411
  C:2C6AH         LINE#         412
  C:2C7CH         LINE#         413
  C:2C7EH         LINE#         414
  C:2C96H         LINE#         415
  C:2CBCH         LINE#         416
  C:2CBCH         LINE#         417
  C:2CC7H         LINE#         418
  C:2CE2H         LINE#         419
  C:2CF4H         LINE#         420
  C:2CF6H         LINE#         421
  C:2D12H         LINE#         422
  C:2D38H         LINE#         423
  C:2D38H         LINE#         424
  C:2D3BH         LINE#         425
  C:2D3EH         LINE#         426
  C:2D7CH         LINE#         427
  C:2DB6H         LINE#         428
  C:2DF0H         LINE#         429
  C:2E36H         LINE#         430
  -------         ENDPROC       LED
  -------         ENDMOD        GUI

  -------         MODULE        18B20
  C:0000H         SYMBOL        _ICE_DUMMY_
  D:0080H         PUBLIC        P0
  D:00A8H         PUBLIC        IE
  C:5E57H         PUBLIC        _ReadTemperature
  B:0080H.0       PUBLIC        DQ
  D:00B8H         PUBLIC        IP
  C:5FF4H         PUBLIC        Init_DS18B20
  C:6105H         PUBLIC        ReadOneChar
  D:00D8H         PUBLIC        CCON
  C:5ED3H         PUBLIC        Read18b20
  C:626EH         PUBLIC        _DelayMs
  C:6121H         PUBLIC        _WriteOneChar
  D:0098H         PUBLIC        SCON
  D:0088H         PUBLIC        TCON
  C:625AH         PUBLIC        _DelayUs2x
  D:00D0H         PUBLIC        PSW
  -------         PROC          _DELAYUS2X
  D:0007H         SYMBOL        t
  -------         DO            
BL51 BANKED LINKER/LOCATER V6.22                                                      07/18/2015  09:10:24  PAGE 22


  D:0006H         SYMBOL        i
  -------         ENDDO         
  C:625AH         LINE#         10
  C:625AH         LINE#         11
  C:625AH         LINE#         13
  C:6266H         LINE#         14
  C:6266H         LINE#         15
  C:6268H         LINE#         16
  C:626AH         LINE#         17
  C:626DH         LINE#         18
  -------         ENDPROC       _DELAYUS2X
  -------         PROC          _DELAYMS
  D:0007H         SYMBOL        t
  -------         DO            
  D:0006H         SYMBOL        i
  D:0005H         SYMBOL        j
  -------         ENDDO         
  C:626EH         LINE#         24
  C:626EH         LINE#         25
  C:626EH         LINE#         27
  C:6274H         LINE#         28
  C:6274H         LINE#         29
  C:6275H         LINE#         30
  C:6276H         LINE#         31
  C:6278H         LINE#         32
  C:627AH         LINE#         34
  C:627AH         LINE#         35
  C:627CH         LINE#         36
  C:627EH         LINE#         37
  C:6281H         LINE#         38
  -------         ENDPROC       _DELAYMS
  -------         PROC          INIT_DS18B20
  -------         DO            
  B:0020H.0       SYMBOL        dat
  -------         ENDDO         
  C:5FF4H         LINE#         43
  C:5FF4H         LINE#         44
  C:5FF4H         LINE#         45
  C:5FF6H         LINE#         46
  C:5FF8H         LINE#         47
  C:5FFDH         LINE#         48
  C:5FFFH         LINE#         49
  C:6004H         LINE#         50
  C:6009H         LINE#         51
  C:600BH         LINE#         52
  C:6010H         LINE#         53
  C:6014H         LINE#         54
  C:6019H         LINE#         55
  C:601BH         LINE#         56
  -------         ENDPROC       INIT_DS18B20
  -------         PROC          READONECHAR
  -------         DO            
  D:0005H         SYMBOL        i
  D:0004H         SYMBOL        dat
  -------         ENDDO         
  C:6105H         LINE#         61
  C:6105H         LINE#         62
BL51 BANKED LINKER/LOCATER V6.22                                                      07/18/2015  09:10:24  PAGE 23


  C:6105H         LINE#         63
  C:6106H         LINE#         64
  C:6107H         LINE#         65
  C:6109H         LINE#         66
  C:6109H         LINE#         67
  C:610BH         LINE#         68
  C:610FH         LINE#         69
  C:6111H         LINE#         70
  C:6114H         LINE#         71
  C:6117H         LINE#         72
  C:611CH         LINE#         73
  C:611EH         LINE#         74
  C:6120H         LINE#         75
  -------         ENDPROC       READONECHAR
  -------         PROC          _WRITEONECHAR
  D:0005H         SYMBOL        dat
  -------         DO            
  D:0003H         SYMBOL        i
  -------         ENDDO         
  C:6121H         LINE#         79
  C:6123H         LINE#         80
  C:6123H         LINE#         81
  C:6123H         LINE#         82
  C:6125H         LINE#         83
  C:6125H         LINE#         84
  C:6127H         LINE#         85
  C:612BH         LINE#         86
  C:6130H         LINE#         87
  C:6132H         LINE#         88
  C:6136H         LINE#         89
  C:6138H         LINE#         90
  -------         ENDPROC       _WRITEONECHAR
  -------         PROC          READ18B20
  -------         DO            
  D:0003H         SYMBOL        a
  D:0006H         SYMBOL        b
  D:0004H         SYMBOL        t
  -------         ENDDO         
  C:5ED3H         LINE#         96
  C:5ED3H         LINE#         97
  C:5ED3H         LINE#         98
  C:5ED5H         LINE#         99
  C:5ED7H         LINE#         100
  C:5ED9H         LINE#         101
  C:5EDCH         LINE#         102
  C:5EE1H         LINE#         103
  C:5EE6H         LINE#         104
  C:5EEBH         LINE#         105
  C:5EEEH         LINE#         106
  C:5EF3H         LINE#         107
  C:5EF8H         LINE#         108
  C:5EFDH         LINE#         109
  C:5F00H         LINE#         110
  C:5F04H         LINE#         111
  C:5F09H         LINE#         113
  C:5F0CH         LINE#         114
  -------         ENDPROC       READ18B20
BL51 BANKED LINKER/LOCATER V6.22                                                      07/18/2015  09:10:24  PAGE 24


  -------         PROC          _READTEMPERATURE
  X:0016H         SYMBOL        temper
  -------         DO            
  D:0006H         SYMBOL        temp
  D:0004H         SYMBOL        temperature
  -------         ENDDO         
  C:5E57H         LINE#         115
  C:5E62H         LINE#         116
  C:5E62H         LINE#         119
  C:5E65H         LINE#         120
  C:5E77H         LINE#         121
  -------         ENDPROC       _READTEMPERATURE
  -------         ENDMOD        18B20

  -------         MODULE        ATCMD
  C:0000H         SYMBOL        _ICE_DUMMY_
  D:0080H         PUBLIC        P0
  D:00A0H         PUBLIC        P2
  C:59B5H         PUBLIC        _AT_DO
  D:00A8H         PUBLIC        IE
  D:00B8H         PUBLIC        IP
  D:00D8H         PUBLIC        CCON
  C:613DH         PUBLIC        stime
  C:6330H         PUBLIC        link
  C:62DBH         PUBLIC        SWLED1
  C:62E8H         PUBLIC        SWLED2
  C:62F5H         PUBLIC        SWLED3
  D:0098H         PUBLIC        SCON
  D:0088H         PUBLIC        TCON
  C:6339H         PUBLIC        ATErr
  C:5554H         PUBLIC        at
  C:6282H         PUBLIC        _IsATCmd
  C:6206H         PUBLIC        OFFLed
  C:6158H         PUBLIC        stempert
  D:00D0H         PUBLIC        PSW
  -------         PROC          _AT_DO
  X:0009H         SYMBOL        at_str
  -------         DO            
  X:000CH         SYMBOL        i
  -------         ENDDO         
  C:59B5H         LINE#         49
  C:59C0H         LINE#         50
  C:59C0H         LINE#         52
  C:59CAH         LINE#         53
  C:59D9H         LINE#         54
  C:59D9H         LINE#         55
  C:59E0H         LINE#         56
  C:5A2BH         LINE#         57
  C:5A33H         LINE#         58
  -------         ENDPROC       _AT_DO
  -------         PROC          _ISATCMD
  D:0001H         SYMBOL        str
  C:6282H         LINE#         64
  C:6282H         LINE#         65
  C:6282H         LINE#         66
  C:6293H         LINE#         67
  C:6294H         LINE#         68
BL51 BANKED LINKER/LOCATER V6.22                                                      07/18/2015  09:10:24  PAGE 25


  -------         ENDPROC       _ISATCMD
  -------         PROC          STIME
  C:613DH         LINE#         74
  C:613DH         LINE#         75
  C:613DH         LINE#         77
  C:6146H         LINE#         78
  C:614FH         LINE#         79
  -------         ENDPROC       STIME
  -------         PROC          STEMPERT
  -------         DO            
  X:000DH         SYMBOL        temper
  -------         ENDDO         
  C:6158H         LINE#         86
  C:6158H         LINE#         87
  C:6158H         LINE#         89
  C:6161H         LINE#         90
  C:616AH         LINE#         91
  -------         ENDPROC       STEMPERT
  -------         PROC          LINK
  C:6330H         LINE#         98
  C:6330H         LINE#         99
  C:6330H         LINE#         100
  -------         ENDPROC       LINK
  -------         PROC          ATERR
  C:6339H         LINE#         107
  C:6339H         LINE#         108
  C:6339H         LINE#         109
  -------         ENDPROC       ATERR
  -------         PROC          SWLED1
  C:62DBH         LINE#         115
  C:62DBH         LINE#         116
  C:62DBH         LINE#         117
  -------         ENDPROC       SWLED1
  -------         PROC          SWLED2
  C:62E8H         LINE#         119
  C:62E8H         LINE#         120
  C:62E8H         LINE#         121
  -------         ENDPROC       SWLED2
  -------         PROC          SWLED3
  C:62F5H         LINE#         123
  C:62F5H         LINE#         124
  C:62F5H         LINE#         125
  -------         ENDPROC       SWLED3
  -------         PROC          OFFLED
  C:6206H         LINE#         127
  C:6206H         LINE#         128
  C:6206H         LINE#         129
  C:620DH         LINE#         130
  C:6214H         LINE#         131
  -------         ENDPROC       OFFLED
  -------         ENDMOD        ATCMD

  -------         MODULE        AUDIO
  C:0000H         SYMBOL        _ICE_DUMMY_
  D:00A0H         PUBLIC        P2
  D:00A8H         PUBLIC        IE
  C:6342H         PUBLIC        delay500us
BL51 BANKED LINKER/LOCATER V6.22                                                      07/18/2015  09:10:24  PAGE 26


  D:00B8H         PUBLIC        IP
  B:00A0H.1       PUBLIC        BEEP
  C:6044H         PUBLIC        _beep
  D:00D8H         PUBLIC        CCON
  D:0098H         PUBLIC        SCON
  D:0088H         PUBLIC        TCON
  D:00D0H         PUBLIC        PSW
  -------         PROC          DELAY500US
  -------         DO            
  D:0007H         SYMBOL        i
  D:0006H         SYMBOL        j
  -------         ENDDO         
  C:6342H         LINE#         6
  C:6342H         LINE#         7
  C:6342H         LINE#         10
  C:6344H         LINE#         11
  C:6346H         LINE#         13
  C:6346H         LINE#         14
  C:6348H         LINE#         15
  C:634AH         LINE#         16
  -------         ENDPROC       DELAY500US
  -------         PROC          _BEEP
  D:0004H         SYMBOL        t
  -------         DO            
  D:0003H         SYMBOL        j
  -------         ENDDO         
  C:6044H         LINE#         18
  C:6048H         LINE#         19
  C:6048H         LINE#         21
  C:604CH         LINE#         22
  C:604CH         LINE#         23
  C:604EH         LINE#         24
  C:604EH         LINE#         25
  C:6050H         LINE#         26
  C:6053H         LINE#         27
  C:6055H         LINE#         29
  C:6057H         LINE#         30
  C:6057H         LINE#         31
  C:6059H         LINE#         32
  C:605CH         LINE#         33
  C:605FH         LINE#         34
  C:6061H         LINE#         35
  C:6066H         LINE#         36
  C:6068H         LINE#         37
  -------         ENDPROC       _BEEP
  -------         ENDMOD        AUDIO

  -------         MODULE        DS1302
  C:0000H         SYMBOL        _ICE_DUMMY_
  D:0080H         PUBLIC        P0
  D:00A0H         PUBLIC        P2
  C:61D0H         PUBLIC        Delay1ms
  B:00A0H.7       PUBLIC        CE
  D:00A8H         PUBLIC        IE
  D:00B8H         PUBLIC        IP
  D:00D8H         PUBLIC        CCON
  B:0080H.1       PUBLIC        SCLK
BL51 BANKED LINKER/LOCATER V6.22                                                      07/18/2015  09:10:24  PAGE 27


  D:0098H         PUBLIC        SCON
  D:0088H         PUBLIC        TCON
  C:5DCDH         PUBLIC        _Read1302
  C:57F4H         PUBLIC        _Ds1302_Read_Time
  C:5E97H         PUBLIC        _Write1302
  B:0080H.3       PUBLIC        DIO
  C:52F0H         PUBLIC        _Ds1302_Write_Time
  C:61FDH         PUBLIC        delay40us
  C:4CD3H         PUBLIC        _gettime
  C:62A8H         PUBLIC        Ds1302_Init
  D:00D0H         PUBLIC        PSW
  C:61CBH         SYMBOL        L?0037
  -------         PROC          L?0036
  -------         ENDPROC       L?0036
  C:61CBH         SYMBOL        L?0037
  -------         PROC          DELAY1MS
  -------         DO            
  D:0007H         SYMBOL        i
  D:0006H         SYMBOL        j
  -------         ENDDO         
  C:61D0H         LINE#         3
  C:61D0H         LINE#         4
  C:61D0H         LINE#         7
  C:61D2H         LINE#         8
  C:61D4H         LINE#         10
  C:61D4H         LINE#         11
  C:61D6H         LINE#         12
  C:61D8H         LINE#         13
  -------         ENDPROC       DELAY1MS
  -------         PROC          _GETTIME
  X:0017H         SYMBOL        buf
  -------         DO            
  X:001AH         SYMBOL        temp
  -------         ENDDO         
  C:4CD3H         LINE#         15
  C:4CDEH         LINE#         16
  C:4CDEH         LINE#         18
  C:4CE7H         LINE#         19
  C:4CF7H         LINE#         20
  C:4D0AH         LINE#         21
  C:4D1AH         LINE#         22
  C:4D25H         LINE#         23
  C:4D2DH         LINE#         24
  C:4D3DH         LINE#         25
  C:4D48H         LINE#         26
  C:4D50H         LINE#         27
  C:4D60H         LINE#         28
  C:4D6BH         LINE#         29
  C:4D73H         LINE#         30
  C:4D83H         LINE#         31
  C:4D8EH         LINE#         32
  C:4D96H         LINE#         33
  C:4DA6H         LINE#         34
  C:4DB1H         LINE#         35
  C:4DB9H         LINE#         36
  C:4DC9H         LINE#         37
  C:4DD4H         LINE#         38
BL51 BANKED LINKER/LOCATER V6.22                                                      07/18/2015  09:10:24  PAGE 28


  C:4DDCH         LINE#         39
  C:4DEAH         LINE#         40
  -------         ENDPROC       _GETTIME
  C:61F1H         SYMBOL        L?0034
  C:61F8H         SYMBOL        L?0035
  -------         PROC          L?0033
  -------         ENDPROC       L?0033
  C:61F1H         SYMBOL        L?0034
  C:61F8H         SYMBOL        L?0035
  -------         PROC          DELAY40US
  -------         DO            
  D:0007H         SYMBOL        i
  D:0006H         SYMBOL        j
  -------         ENDDO         
  C:61FDH         LINE#         42
  C:61FDH         LINE#         43
  C:61FDH         LINE#         46
  C:61FFH         LINE#         47
  C:6201H         LINE#         49
  C:6201H         LINE#         50
  C:6203H         LINE#         51
  C:6205H         LINE#         52
  -------         ENDPROC       DELAY40US
  -------         PROC          _WRITE1302
  D:0003H         SYMBOL        addr
  D:0005H         SYMBOL        dat
  -------         DO            
  D:0002H         SYMBOL        i
  D:0001H         SYMBOL        temp
  -------         ENDDO         
  C:5E97H         LINE#         56
  C:5E99H         LINE#         57
  C:5E99H         LINE#         59
  C:5E9BH         LINE#         60
  C:5E9EH         LINE#         61
  C:5EA0H         LINE#         62
  C:5EA3H         LINE#         63
  C:5EA5H         LINE#         64
  C:5EA8H         LINE#         65
  C:5EAAH         LINE#         66
  C:5EAAH         LINE#         67
  C:5EACH         LINE#         68
  C:5EAFH         LINE#         69
  C:5EB1H         LINE#         70
  C:5EB2H         LINE#         71
  C:5EB2H         LINE#         72
  C:5EB2H         LINE#         73
  C:5EB2H         LINE#         74
  C:5EB2H         LINE#         75
  C:5EB5H         LINE#         76
  C:5EB7H         LINE#         78
  C:5EB9H         LINE#         79
  C:5EB9H         LINE#         80
  C:5EBBH         LINE#         81
  C:5EBEH         LINE#         82
  C:5EC0H         LINE#         83
  C:5EC4H         LINE#         84
BL51 BANKED LINKER/LOCATER V6.22                                                      07/18/2015  09:10:24  PAGE 29


  C:5EC7H         LINE#         85
  C:5ECBH         LINE#         86
  C:5ECBH         LINE#         87
  C:5ECBH         LINE#         88
  C:5ECEH         LINE#         89
  C:5ED0H         LINE#         90
  C:5ED2H         LINE#         91
  -------         ENDPROC       _WRITE1302
  -------         PROC          _READ1302
  D:0003H         SYMBOL        addr
  -------         DO            
  D:0002H         SYMBOL        i
  D:0005H         SYMBOL        temp
  -------         ENDDO         
  C:5DCDH         LINE#         96
  C:5DCFH         LINE#         97
  C:5DCFH         LINE#         99
  C:5DD1H         LINE#         100
  C:5DD4H         LINE#         101
  C:5DD6H         LINE#         102
  C:5DD9H         LINE#         103
  C:5DDBH         LINE#         104
  C:5DDEH         LINE#         106
  C:5DE0H         LINE#         107
  C:5DE0H         LINE#         108
  C:5DE2H         LINE#         109
  C:5DE5H         LINE#         111
  C:5DE6H         LINE#         112
  C:5DE6H         LINE#         113
  C:5DE6H         LINE#         114
  C:5DE6H         LINE#         115
  C:5DE6H         LINE#         116
  C:5DE9H         LINE#         117
  C:5DEBH         LINE#         119
  C:5DEDH         LINE#         120
  C:5DEDH         LINE#         121
  C:5DEFH         LINE#         122
  C:5DF2H         LINE#         123
  C:5DF6H         LINE#         124
  C:5DF9H         LINE#         125
  C:5DFBH         LINE#         126
  C:5DFEH         LINE#         127
  C:5E0AH         LINE#         128
  C:5E0CH         LINE#         129
  C:5E0EH         LINE#         130
  C:5E11H         LINE#         131
  C:5E13H         LINE#         132
  -------         ENDPROC       _READ1302
  -------         PROC          _DS1302_WRITE_TIME
  X:0017H         SYMBOL        buf
  C:52F0H         LINE#         136
  C:52FBH         LINE#         137
  C:52FBH         LINE#         138
  C:5302H         LINE#         139
  C:5305H         LINE#         140
  C:5319H         LINE#         141
  C:531CH         LINE#         142
BL51 BANKED LINKER/LOCATER V6.22                                                      07/18/2015  09:10:24  PAGE 30


  C:5333H         LINE#         143
  C:5336H         LINE#         144
  C:534DH         LINE#         145
  C:5350H         LINE#         146
  C:5367H         LINE#         147
  C:536AH         LINE#         148
  C:5381H         LINE#         149
  C:5384H         LINE#         150
  C:539BH         LINE#         151
  C:539EH         LINE#         152
  C:53B5H         LINE#         153
  C:53B8H         LINE#         154
  -------         ENDPROC       _DS1302_WRITE_TIME
  -------         PROC          _DS1302_READ_TIME
  X:0021H         SYMBOL        buf
  C:57F4H         LINE#         161
  C:57FFH         LINE#         162
  C:57FFH         LINE#         163
  C:57FFH         LINE#         164
  C:5802H         LINE#         165
  C:5814H         LINE#         166
  C:5814H         LINE#         167
  C:5814H         LINE#         168
  C:5817H         LINE#         169
  C:5829H         LINE#         170
  C:5829H         LINE#         171
  C:5829H         LINE#         172
  C:582CH         LINE#         173
  C:5843H         LINE#         174
  C:5843H         LINE#         175
  C:5846H         LINE#         176
  C:5859H         LINE#         177
  C:5859H         LINE#         178
  C:5859H         LINE#         179
  C:585CH         LINE#         180
  C:586FH         LINE#         181
  C:586FH         LINE#         182
  C:586FH         LINE#         183
  C:5872H         LINE#         184
  C:5885H         LINE#         185
  C:5885H         LINE#         186
  C:5885H         LINE#         187
  C:5888H         LINE#         188
  -------         ENDPROC       _DS1302_READ_TIME
  -------         PROC          DS1302_INIT
  C:62A8H         LINE#         194
  C:62A8H         LINE#         195
  C:62A8H         LINE#         196
  C:62AAH         LINE#         197
  C:62ACH         LINE#         198
  C:62B3H         LINE#         200
  -------         ENDPROC       DS1302_INIT
  -------         ENDMOD        DS1302

  -------         MODULE        HX8347D
  C:0000H         SYMBOL        _ICE_DUMMY_
  D:0080H         PUBLIC        P0
BL51 BANKED LINKER/LOCATER V6.22                                                      07/18/2015  09:10:24  PAGE 31


  D:0090H         PUBLIC        P1
  X:02EEH         PUBLIC        LCD_id
  D:00A0H         PUBLIC        P2
  D:00B0H         PUBLIC        P3
  D:00A8H         PUBLIC        IE
  D:00B8H         PUBLIC        IP
  C:1C49H         PUBLIC        asc2_1608
  C:6302H         PUBLIC        _LCD_WR_REG
  C:55F0H         PUBLIC        _LCD_Clear
  C:6351H         SYMBOL        _LCD_WriteRAM
  D:00D8H         PUBLIC        CCON
  C:4B97H         PUBLIC        _show_picture
  C:3FF1H         PUBLIC        LCD_Initializtion
  D:0098H         PUBLIC        SCON
  C:312BH         PUBLIC        _LCD_DrawEBox
  D:0088H         PUBLIC        TCON
  C:4F0DH         PUBLIC        _PutChar
  B:0090H.4       PUBLIC        LCD_CS
  C:3979H         PUBLIC        _LCD_DrawLine
  C:5F80H         SYMBOL        _delay_ms
  C:622BH         SYMBOL        LCD_WriteRAM_Prepare
  C:61B4H         PUBLIC        _LCD_WR_DATA
  B:0090H.5       PUBLIC        LCD_RS
  B:0090H.6       PUBLIC        LCD_WR
  C:62C1H         SYMBOL        _LCD_WriteReg
  C:5F18H         SYMBOL        _LCD_SetCursor
  C:548CH         PUBLIC        _GUI_Text
  C:5210H         PUBLIC        _LCD_DrawBox
  C:5CF6H         PUBLIC        _LCD_SetPoint
  B:00A0H.4       PUBLIC        W25Qxx_CS
  D:00D0H         PUBLIC        PSW
  -------         PROC          _LCD_WR_REG
  D:0007H         SYMBOL        dat
  C:6302H         LINE#         13
  C:6302H         LINE#         14
  C:6302H         LINE#         15
  C:6304H         LINE#         16
  C:6306H         LINE#         17
  C:6308H         LINE#         18
  C:630AH         LINE#         19
  C:630CH         LINE#         20
  C:630EH         LINE#         21
  -------         ENDPROC       _LCD_WR_REG
  -------         PROC          L?0111
  -------         ENDPROC       L?0111
  -------         PROC          _LCD_WR_DATA
  D:0006H         SYMBOL        dat
  C:61B4H         LINE#         23
  C:61B4H         LINE#         24
  C:61B4H         LINE#         25
  C:61B6H         LINE#         26
  C:61B8H         LINE#         27
  C:61BAH         LINE#         28
  C:61BCH         LINE#         29
  C:61BEH         LINE#         30
  C:61C0H         LINE#         31
  -------         ENDPROC       _LCD_WR_DATA
BL51 BANKED LINKER/LOCATER V6.22                                                      07/18/2015  09:10:24  PAGE 32


  -------         PROC          L?0113
  -------         ENDPROC       L?0113
  -------         PROC          _LCD_WRITEREG
  D:0007H         SYMBOL        LCD_Reg
  D:0004H         SYMBOL        LCD_RegValue
  C:62C1H         LINE#         42
  C:62C1H         LINE#         43
  C:62C1H         LINE#         44
  C:62C4H         LINE#         45
  -------         ENDPROC       _LCD_WRITEREG
  C:6223H         SYMBOL        L?0108
  -------         PROC          L?0107
  -------         ENDPROC       L?0107
  C:6223H         SYMBOL        L?0108
  -------         PROC          LCD_WRITERAM_PREPARE
  C:622BH         LINE#         57
  C:622BH         LINE#         58
  C:622BH         LINE#         59
  -------         ENDPROC       LCD_WRITERAM_PREPARE
  -------         PROC          _LCD_WRITERAM
  D:0006H         SYMBOL        RGB_Code
  C:6351H         LINE#         70
  C:6351H         LINE#         71
  C:6351H         LINE#         73
  -------         ENDPROC       _LCD_WRITERAM
  -------         PROC          L?0112
  -------         ENDPROC       L?0112
  -------         PROC          _LCD_SETCURSOR
  D:0082H         SYMBOL        Xpos
  D:0002H         SYMBOL        Ypos
  C:5F18H         LINE#         86
  C:5F20H         LINE#         87
  C:5F20H         LINE#         99
  C:5F2AH         LINE#         100
  C:5F34H         LINE#         101
  C:5F3DH         LINE#         102
  -------         ENDPROC       _LCD_SETCURSOR
  C:5F75H         SYMBOL        L?0110
  -------         PROC          L?0109
  -------         ENDPROC       L?0109
  C:5F75H         SYMBOL        L?0110
  -------         PROC          _DELAY_MS
  D:0006H         SYMBOL        ms
  -------         DO            
  D:0004H         SYMBOL        i
  D:0002H         SYMBOL        j
  -------         ENDDO         
  C:5F80H         LINE#         114
  C:5F80H         LINE#         115
  C:5F80H         LINE#         117
  C:5F8AH         LINE#         118
  C:5F8AH         LINE#         119
  C:5F98H         LINE#         120
  C:5F9FH         LINE#         121
  -------         ENDPROC       _DELAY_MS
  -------         PROC          LCD_INITIALIZTION
  -------         DO            
BL51 BANKED LINKER/LOCATER V6.22                                                      07/18/2015  09:10:24  PAGE 33


  D:0082H         SYMBOL        DeviceCode
  -------         ENDDO         
  C:3FF1H         LINE#         131
  C:3FF1H         LINE#         132
  C:3FF1H         LINE#         133
  C:3FF1H         LINE#         136
  C:3FF8H         LINE#         137
  C:4001H         LINE#         138
  C:4007H         LINE#         141
  C:400AH         LINE#         142
  C:400FH         LINE#         144
  C:401AH         LINE#         145
  C:401AH         LINE#         149
  C:4021H         LINE#         150
  C:4028H         LINE#         151
  C:402FH         LINE#         152
  C:4036H         LINE#         153
  C:403DH         LINE#         155
  C:4044H         LINE#         156
  C:404BH         LINE#         157
  C:4052H         LINE#         158
  C:4059H         LINE#         160
  C:405FH         LINE#         161
  C:4064H         LINE#         162
  C:406AH         LINE#         163
  C:4071H         LINE#         164
  C:4078H         LINE#         165
  C:407FH         LINE#         166
  C:4086H         LINE#         167
  C:408DH         LINE#         168
  C:4094H         LINE#         169
  C:409BH         LINE#         170
  C:40A2H         LINE#         171
  C:40A7H         LINE#         172
  C:40AEH         LINE#         174
  C:40B5H         LINE#         175
  C:40BCH         LINE#         176
  C:40C3H         LINE#         177
  C:40CAH         LINE#         178
  C:40D0H         LINE#         179
  C:40D5H         LINE#         180
  C:40DCH         LINE#         181
  C:40E3H         LINE#         182
  C:40EAH         LINE#         183
  C:40F1H         LINE#         184
  C:40F6H         LINE#         185
  C:40FDH         LINE#         186
  C:4104H         LINE#         187
  C:410BH         LINE#         190
  C:4112H         LINE#         191
  C:4119H         LINE#         192
  C:4120H         LINE#         193
  C:4127H         LINE#         194
  C:412EH         LINE#         197
  C:4132H         LINE#         198
  C:4135H         LINE#         199
  C:413CH         LINE#         200
BL51 BANKED LINKER/LOCATER V6.22                                                      07/18/2015  09:10:24  PAGE 34


  C:4142H         LINE#         201
  C:4144H         LINE#         202
  C:4147H         LINE#         203
  C:4149H         LINE#         204
  C:414CH         LINE#         205
  C:414EH         LINE#         206
  C:4151H         LINE#         208
  C:415AH         LINE#         210
  C:4161H         LINE#         211
  C:4168H         LINE#         212
  C:416EH         LINE#         213
  C:4175H         LINE#         218
  C:417CH         LINE#         219
  C:4181H         LINE#         220
  C:4186H         LINE#         221
  C:418DH         LINE#         222
  C:4193H         LINE#         223
  C:4198H         LINE#         224
  C:419EH         LINE#         225
  C:41A2H         LINE#         228
  C:41A5H         LINE#         230
  C:41A5H         LINE#         232
  -------         ENDPROC       LCD_INITIALIZTION
  -------         PROC          _LCD_CLEAR
  X:0021H         SYMBOL        Color
  -------         DO            
  X:0023H         SYMBOL        index
  X:0027H         SYMBOL        i
  -------         ENDDO         
  C:55F0H         LINE#         245
  C:55F8H         LINE#         246
  C:55F8H         LINE#         247
  C:5600H         LINE#         248
  C:5608H         LINE#         249
  C:560BH         LINE#         251
  C:5630H         LINE#         252
  C:5630H         LINE#         253
  C:5654H         LINE#         254
  C:5654H         LINE#         255
  C:5657H         LINE#         256
  C:565AH         LINE#         257
  C:567BH         LINE#         258
  C:569DH         LINE#         259
  -------         ENDPROC       _LCD_CLEAR
  C:5CE0H         SYMBOL        L?0104
  C:5CE8H         SYMBOL        L?0105
  C:5CEEH         SYMBOL        L?0106
  -------         PROC          L?0103
  -------         ENDPROC       L?0103
  C:5CE0H         SYMBOL        L?0104
  C:5CE8H         SYMBOL        L?0105
  C:5CEEH         SYMBOL        L?0106
  -------         PROC          _LCD_SETPOINT
  X:0283H         SYMBOL        Xpos
  D:0004H         SYMBOL        Ypos
  X:0285H         SYMBOL        point
  C:5CF6H         LINE#         293
BL51 BANKED LINKER/LOCATER V6.22                                                      07/18/2015  09:10:24  PAGE 35


  C:5D06H         LINE#         294
  C:5D06H         LINE#         295
  C:5D17H         LINE#         296
  C:5D17H         LINE#         298
  C:5D17H         LINE#         299
  C:5D1AH         LINE#         300
  C:5D1DH         LINE#         301
  C:5D27H         LINE#         302
  C:5D2FH         LINE#         303
  -------         ENDPROC       _LCD_SETPOINT
  -------         PROC          _LCD_DRAWLINE
  X:0027H         SYMBOL        x0
  X:0029H         SYMBOL        y0
  X:002BH         SYMBOL        x1
  X:002DH         SYMBOL        y1
  X:002FH         SYMBOL        color
  -------         DO            
  X:0031H         SYMBOL        dx
  X:0033H         SYMBOL        dy
  X:0035H         SYMBOL        temp
  -------         ENDDO         
  C:3979H         LINE#         317
  C:3991H         LINE#         318
  C:3991H         LINE#         322
  C:3998H         LINE#         323
  C:3998H         LINE#         324
  C:39A8H         LINE#         325
  C:39B7H         LINE#         326
  C:39BFH         LINE#         327
  C:39BFH         LINE#         328
  C:39D5H         LINE#         329
  C:39D5H         LINE#         330
  C:39DDH         LINE#         331
  C:39E5H         LINE#         332
  C:39EDH         LINE#         333
  C:39EDH         LINE#         335
  C:3A0AH         LINE#         336
  C:3A25H         LINE#         338
  C:3A29H         LINE#         339
  C:3A29H         LINE#         341
  C:3A29H         LINE#         342
  C:3A2CH         LINE#         343
  C:3A3AH         LINE#         344
  C:3A3AH         LINE#         345
  C:3A50H         LINE#         347
  C:3A50H         LINE#         348
  C:3A5AH         LINE#         349
  C:3A5AH         LINE#         351
  C:3A5AH         LINE#         352
  C:3A5DH         LINE#         353
  C:3A6BH         LINE#         354
  C:3A6BH         LINE#         355
  C:3A81H         LINE#         357
  C:3A81H         LINE#         359
  C:3AA0H         LINE#         360
  C:3AA0H         LINE#         361
  C:3AB4H         LINE#         362
BL51 BANKED LINKER/LOCATER V6.22                                                      07/18/2015  09:10:24  PAGE 36


  C:3ACEH         LINE#         363
  C:3ACEH         LINE#         364
  C:3AD1H         LINE#         365
  C:3ADFH         LINE#         366
  C:3AF0H         LINE#         367
  C:3AF0H         LINE#         368
  C:3AFEH         LINE#         369
  C:3B1EH         LINE#         370
  C:3B20H         LINE#         372
  C:3B20H         LINE#         373
  C:3B39H         LINE#         374
  C:3B39H         LINE#         375
[...]
BL51 BANKED LINKER/LOCATER V6.22                                                      07/18/2015  09:10:24  PAGE 49


  D:00D8H         PUBLIC        CCON
  X:02F0H         PUBLIC        W25Qxx_TYPE
  D:0098H         PUBLIC        SCON
  D:0088H         PUBLIC        TCON
  B:0080H.1       PUBLIC        W25Qxx_CLK
  C:433EH         PUBLIC        _Show_Str
  C:58E8H         SYMBOL        _?ix1000
  C:601CH         PUBLIC        font_init
  C:61D9H         PUBLIC        W25Qxx_Read_Byte
  C:5BA8H         PUBLIC        _W25Qxx_Read
  C:5FB1H         PUBLIC        _W25Qxx_Write_Byte
  C:3BEDH         PUBLIC        _Get_HzMat
  C:36C3H         PUBLIC        _Show_ASCII
  C:5E14H         PUBLIC        W25Qxx_ReadID
  B:0080H.2       PUBLIC        W25Qxx_DI
  B:0080H.3       PUBLIC        W25Qxx_DO
  B:00A0H.4       PUBLIC        W25Qxx_CS
  D:00D0H         PUBLIC        PSW
  -------         PROC          L?0121
  -------         ENDPROC       L?0121
  -------         PROC          _W25QXX_WRITE_BYTE
  D:0007H         SYMBOL        value
  -------         DO            
  D:0006H         SYMBOL        i
  -------         ENDDO         
  C:5FB1H         LINE#         32
  C:5FB1H         LINE#         33
  C:5FB1H         LINE#         35
  C:5FB3H         LINE#         36
  C:5FB3H         LINE#         37
  C:5FB7H         LINE#         38
  C:5FBBH         LINE#         40
  C:5FBDH         LINE#         42
  C:5FBFH         LINE#         43
  C:5FC3H         LINE#         44
  C:5FC5H         LINE#         45
  C:5FCAH         LINE#         46
  -------         ENDPROC       _W25QXX_WRITE_BYTE
  -------         PROC          W25QXX_READ_BYTE
  -------         DO            
  D:0007H         SYMBOL        temp
  D:0006H         SYMBOL        tt
  D:0005H         SYMBOL        i
  -------         ENDDO         
  C:61D9H         LINE#         53
  C:61D9H         LINE#         54
  C:61D9H         LINE#         55
  C:61DBH         LINE#         56
  C:61DBH         LINE#         59
  C:61DCH         LINE#         60
  C:61DCH         LINE#         61
  C:61DEH         LINE#         62
  C:61E0H         LINE#         63
  C:61E5H         LINE#         64
  C:61EAH         LINE#         65
  C:61EFH         LINE#         66
  C:61EFH         LINE#         67
BL51 BANKED LINKER/LOCATER V6.22                                                      07/18/2015  09:10:24  PAGE 50


  -------         ENDPROC       W25QXX_READ_BYTE
  -------         PROC          W25QXX_READID
  -------         DO            
  X:0014H         SYMBOL        Temp
  -------         ENDDO         
  C:5E14H         LINE#         73
  C:5E14H         LINE#         74
  C:5E14H         LINE#         75
  C:5E1BH         LINE#         76
  C:5E1DH         LINE#         77
  C:5E22H         LINE#         78
  C:5E27H         LINE#         79
  C:5E2CH         LINE#         80
  C:5E31H         LINE#         81
  C:5E3FH         LINE#         82
  C:5E54H         LINE#         83
  C:5E56H         LINE#         84
  C:5E56H         LINE#         85
  -------         ENDPROC       W25QXX_READID
  -------         PROC          W25QXX_WRITE_DISABLE
  C:6326H         LINE#         90
  C:6326H         LINE#         91
  C:6326H         LINE#         92
  C:6328H         LINE#         93
  C:632DH         LINE#         94
  C:632FH         LINE#         95
  -------         ENDPROC       W25QXX_WRITE_DISABLE
  -------         PROC          _W25QXX_READ
  X:0291H         SYMBOL        pBuffer
  X:0294H         SYMBOL        ReadAddr
  X:0298H         SYMBOL        NumByteToRead
  -------         DO            
  X:029AH         SYMBOL        i
  -------         ENDDO         
  C:5BA8H         LINE#         103
  C:5BB7H         LINE#         104
  C:5BB7H         LINE#         106
  C:5BB9H         LINE#         107
  C:5BBBH         LINE#         108
  C:5BC0H         LINE#         109
  C:5BC5H         LINE#         110
  C:5BCAH         LINE#         111
  C:5BD5H         LINE#         112
  C:5BF1H         LINE#         113
  C:5BF1H         LINE#         114
  C:5C0EH         LINE#         115
  C:5C1EH         LINE#         116
  C:5C20H         LINE#         117
  -------         ENDPROC       _W25QXX_READ
  -------         PROC          FONT_INIT
  C:601CH         LINE#         123
  C:601CH         LINE#         124
  C:601CH         LINE#         125
  C:601FH         LINE#         126
  C:602AH         LINE#         127
  C:603FH         LINE#         128
  C:6041H         LINE#         129
BL51 BANKED LINKER/LOCATER V6.22                                                      07/18/2015  09:10:24  PAGE 51


  C:6043H         LINE#         130
  -------         ENDPROC       FONT_INIT
  -------         PROC          _GET_HZMAT
  X:0283H         SYMBOL        gbcode
  X:0286H         SYMBOL        mat
  X:0289H         SYMBOL        gbsize
  -------         DO            
  X:028AH         SYMBOL        qh
  X:028BH         SYMBOL        ql
  X:028CH         SYMBOL        i
  X:028DH         SYMBOL        foffset
  -------         ENDDO         
  C:3BEDH         LINE#         137
  C:3BF8H         LINE#         138
  C:3BF8H         LINE#         142
  C:3C00H         LINE#         143
  C:3C17H         LINE#         144
  C:3C2EH         LINE#         145
  C:3C2EH         LINE#         146
  C:3C6BH         LINE#         148
  C:3C6BH         LINE#         149
  C:3C7AH         LINE#         150
  C:3C81H         LINE#         151
  C:3C88H         LINE#         153
  C:3C90H         LINE#         154
  C:3C90H         LINE#         155
  C:3CC6H         LINE#         156
  C:3CECH         LINE#         157
  C:3CEFH         LINE#         158
  C:3CF7H         LINE#         159
  C:3CF7H         LINE#         160
  C:3D2DH         LINE#         161
  C:3D53H         LINE#         162
  C:3D56H         LINE#         163
  C:3D5EH         LINE#         164
  C:3D5EH         LINE#         165
  C:3D94H         LINE#         166
  C:3DBAH         LINE#         167
  C:3DBCH         LINE#         168
  C:3DC4H         LINE#         169
  C:3DC4H         LINE#         170
  C:3DFAH         LINE#         171
  C:3E2FH         LINE#         172
  C:3E2FH         LINE#         173
  -------         ENDPROC       _GET_HZMAT
  -------         PROC          _SHOW_ASCII
  X:016DH         SYMBOL        x
  X:016FH         SYMBOL        y
  X:0171H         SYMBOL        num
  X:0172H         SYMBOL        gbsize
  X:0173H         SYMBOL        p_color
  X:0175H         SYMBOL        b_color
  -------         DO            
  X:0177H         SYMBOL        temp
  X:0178H         SYMBOL        t1
  X:0179H         SYMBOL        t
  X:017AH         SYMBOL        max_t
BL51 BANKED LINKER/LOCATER V6.22                                                      07/18/2015  09:10:24  PAGE 52


  X:017BH         SYMBOL        mat
  X:01BCH         SYMBOL        y0
  X:01BEH         SYMBOL        temp_addr
  X:01C2H         SYMBOL        offset
  -------         ENDDO         
  C:36C3H         LINE#         180
  C:36D4H         LINE#         181
  C:36D4H         LINE#         183
  C:36E7H         LINE#         184
  C:36F6H         LINE#         186
  C:370AH         LINE#         188
  C:3711H         LINE#         189
  C:3711H         LINE#         190
  C:372EH         LINE#         191
  C:3734H         LINE#         192
  C:3737H         LINE#         193
  C:373AH         LINE#         194
  C:3741H         LINE#         195
  C:3741H         LINE#         196
  C:375EH         LINE#         197
  C:3764H         LINE#         198
  C:3767H         LINE#         199
  C:376AH         LINE#         200
  C:3771H         LINE#         201
  C:3771H         LINE#         202
  C:378EH         LINE#         203
  C:3794H         LINE#         204
  C:3797H         LINE#         205
  C:3799H         LINE#         206
  C:37A0H         LINE#         207
  C:37A0H         LINE#         208
  C:37BDH         LINE#         209
  C:37C3H         LINE#         210
  C:37C6H         LINE#         211
  C:37C8H         LINE#         213
  C:37CFH         LINE#         214
  C:37CFH         LINE#         215
  C:37ECH         LINE#         216
  C:37F2H         LINE#         217
  C:37FEH         LINE#         218
  C:37FEH         LINE#         220
  C:3838H         LINE#         222
  C:384EH         LINE#         223
  C:384EH         LINE#         224
  C:385DH         LINE#         225
  C:386DH         LINE#         226
  C:386DH         LINE#         227
  C:3875H         LINE#         228
  C:3875H         LINE#         229
  C:3886H         LINE#         230
  C:3888H         LINE#         232
  C:38B4H         LINE#         233
  C:38B6H         LINE#         235
  C:38B6H         LINE#         236
  C:38CCH         LINE#         237
  C:38E4H         LINE#         239
  C:3906H         LINE#         240
BL51 BANKED LINKER/LOCATER V6.22                                                      07/18/2015  09:10:24  PAGE 53


  C:3906H         LINE#         242
  C:3914H         LINE#         243
  C:3924H         LINE#         245
  C:3940H         LINE#         246
  C:3940H         LINE#         247
  C:3948H         LINE#         248
  C:3956H         LINE#         249
  C:3966H         LINE#         251
  C:3966H         LINE#         252
  C:396FH         LINE#         253
  C:3978H         LINE#         254
  -------         ENDPROC       _SHOW_ASCII
  -------         PROC          _SHOW_FONT
  X:016DH         SYMBOL        x
  X:016FH         SYMBOL        y
  D:0001H         SYMBOL        font
  X:0174H         SYMBOL        gbsize
  X:0175H         SYMBOL        p_color
  X:0177H         SYMBOL        b_color
  -------         DO            
  X:0179H         SYMBOL        temp
  X:017BH         SYMBOL        t
  X:017DH         SYMBOL        t1
  X:017FH         SYMBOL        max_t
  X:0181H         SYMBOL        y0
  X:0183H         SYMBOL        dzk
  -------         ENDDO         
  C:464CH         LINE#         262
  C:465AH         LINE#         263
  C:465AH         LINE#         265
  C:4662H         LINE#         267
  C:467DH         LINE#         270
  C:4691H         LINE#         272
  C:46A4H         LINE#         273
  C:46B3H         LINE#         274
  C:46C2H         LINE#         277
  C:46E2H         LINE#         278
  C:46E2H         LINE#         279
  C:46F6H         LINE#         280
  C:46FDH         LINE#         281
  C:46FDH         LINE#         282
  C:4704H         LINE#         283
  C:4704H         LINE#         284
  C:471AH         LINE#         285
  C:471CH         LINE#         287
  C:471CH         LINE#         288
  C:473EH         LINE#         289
  C:473EH         LINE#         291
  C:474BH         LINE#         292
  C:4759H         LINE#         293
  C:477BH         LINE#         294
  C:477BH         LINE#         295
  C:4783H         LINE#         296
  C:4791H         LINE#         297
  C:4793H         LINE#         298
  C:4793H         LINE#         299
  C:47B3H         LINE#         300
BL51 BANKED LINKER/LOCATER V6.22                                                      07/18/2015  09:10:24  PAGE 54


  C:47C4H         LINE#         301
  -------         ENDPROC       _SHOW_FONT
  -------         PROC          _SHOW_STR
  X:0160H         SYMBOL        x
  X:0162H         SYMBOL        y
  X:0164H         SYMBOL        str
  X:0167H         SYMBOL        gbsize
  X:0168H         SYMBOL        p_color
  X:016AH         SYMBOL        b_color
  -------         DO            
  X:016CH         SYMBOL        bHz
  -------         ENDDO         
  C:433EH         LINE#         309
  C:4355H         LINE#         310
  C:4355H         LINE#         311
  C:435AH         LINE#         312
  C:436EH         LINE#         313
  C:436EH         LINE#         314
  C:4377H         LINE#         315
  C:4377H         LINE#         316
  C:437DH         LINE#         317
  C:4382H         LINE#         319
  C:4382H         LINE#         320
  C:4395H         LINE#         321
  C:43CAH         LINE#         322
  C:43D4H         LINE#         324
  C:43DCH         LINE#         325
  C:43E4H         LINE#         327
  C:43F5H         LINE#         329
  C:4407H         LINE#         330
  C:4407H         LINE#         331
  C:4411H         LINE#         332
  C:4422H         LINE#         333
  C:4422H         LINE#         334
  C:4422H         LINE#         335
  C:4422H         LINE#         336
  C:4425H         LINE#         338
  C:4425H         LINE#         339
  C:442AH         LINE#         341
  C:443DH         LINE#         343
  C:4477H         LINE#         344
  C:4481H         LINE#         345
  C:4494H         LINE#         347
  C:44A4H         LINE#         348
  C:44A4H         LINE#         349
  C:44AFH         LINE#         350
  C:44BBH         LINE#         351
  C:44C2H         LINE#         352
  C:44C2H         LINE#         353
  C:44C2H         LINE#         354
  C:44C5H         LINE#         355
  -------         ENDPROC       _SHOW_STR
  -------         ENDMOD        W25QXX

  -------         MODULE        MAIN
  C:0000H         SYMBOL        _ICE_DUMMY_
  D:0080H         PUBLIC        P0
BL51 BANKED LINKER/LOCATER V6.22                                                      07/18/2015  09:10:24  PAGE 55


  D:0090H         PUBLIC        P1
  D:00A0H         PUBLIC        P2
  D:00A8H         PUBLIC        IE
  D:00B8H         PUBLIC        IP
  D:00D8H         PUBLIC        CCON
  C:608DH         PUBLIC        main
  D:0098H         PUBLIC        SCON
  D:0088H         PUBLIC        TCON
  D:00D0H         PUBLIC        PSW
  -------         PROC          MAIN
  C:608DH         LINE#         18
  C:608DH         LINE#         19
  C:608DH         LINE#         21
  C:6090H         LINE#         22
  C:6093H         LINE#         23
  C:6096H         LINE#         24
  C:6099H         LINE#         25
  C:609CH         LINE#         26
  C:60A1H         LINE#         27
  C:60A4H         LINE#         29
  C:60A7H         LINE#         30
  C:60AAH         LINE#         36
  -------         ENDPROC       MAIN
  -------         ENDMOD        MAIN

  -------         MODULE        ?C?FPADD
  C:004DH         PUBLIC        ?C?FPADD
  C:0049H         PUBLIC        ?C?FPSUB
  -------         ENDMOD        ?C?FPADD

  -------         MODULE        ?C?FPMUL
  C:013EH         PUBLIC        ?C?FPMUL
  -------         ENDMOD        ?C?FPMUL

  -------         MODULE        ?C?FPDIV
  C:0247H         PUBLIC        ?C?FPDIV
  -------         ENDMOD        ?C?FPDIV

  -------         MODULE        ?C?FPCMP
  C:02E6H         PUBLIC        ?C?FPCMP
  C:02E4H         PUBLIC        ?C?FPCMP3
  -------         ENDMOD        ?C?FPCMP

  -------         MODULE        ?C?FCAST
  C:0367H         PUBLIC        ?C?FCASTC
  C:0362H         PUBLIC        ?C?FCASTI
  C:035DH         PUBLIC        ?C?FCASTL
  -------         ENDMOD        ?C?FCAST

  -------         MODULE        ?C?CASTF
  C:039BH         PUBLIC        ?C?CASTF
  -------         ENDMOD        ?C?CASTF

  -------         MODULE        PRINTF
  X:0019H         PUBLIC        ?_PRINTF?BYTE
  X:0019H         PUBLIC        ?_SPRINTF?BYTE
  C:22A4H         PUBLIC        _PRINTF
BL51 BANKED LINKER/LOCATER V6.22                                                      07/18/2015  09:10:24  PAGE 56


  C:229EH         PUBLIC        _SPRINTF
  -------         ENDMOD        PRINTF

  -------         MODULE        SQRT
  C:56A2H         PUBLIC        _SQRT
  -------         ENDMOD        SQRT

  -------         MODULE        ?C?FPROUND
  C:041CH         PUBLIC        ?C?FPROUND
  -------         ENDMOD        ?C?FPROUND

  -------         MODULE        ?C?FPCONVERT
  C:0459H         PUBLIC        ?C?FPCONVERT
  -------         ENDMOD        ?C?FPCONVERT

  -------         MODULE        ?C?FTNPWR
  C:058EH         PUBLIC        ?C?FTNPWR
  -------         ENDMOD        ?C?FTNPWR

  -------         MODULE        ?C?COPY
  C:069EH         PUBLIC        ?C?COPY
  -------         ENDMOD        ?C?COPY

  -------         MODULE        ?C?CLDPTR
  C:06C4H         PUBLIC        ?C?CLDPTR
  -------         ENDMOD        ?C?CLDPTR

  -------         MODULE        ?C?CLDOPTR
  C:06DDH         PUBLIC        ?C?CLDOPTR
  -------         ENDMOD        ?C?CLDOPTR

  -------         MODULE        ?C?CSTPTR
  C:070AH         PUBLIC        ?C?CSTPTR
  -------         ENDMOD        ?C?CSTPTR

  -------         MODULE        ?C?CSTOPTR
  C:071CH         PUBLIC        ?C?CSTOPTR
  -------         ENDMOD        ?C?CSTOPTR

  -------         MODULE        ?C?UIDIV
  C:073EH         PUBLIC        ?C?UIDIV
  -------         ENDMOD        ?C?UIDIV

  -------         MODULE        ?C?IILDX
  C:0793H         PUBLIC        ?C?IILDX
  -------         ENDMOD        ?C?IILDX

  -------         MODULE        ?C?ILDIX
  C:07A9H         PUBLIC        ?C?ILDIX
  -------         ENDMOD        ?C?ILDIX

  -------         MODULE        ?C?ILDPTR
  C:07BFH         PUBLIC        ?C?ILDPTR
  -------         ENDMOD        ?C?ILDPTR

  -------         MODULE        ?C?ISTPTR
  C:07EAH         PUBLIC        ?C?ISTPTR
BL51 BANKED LINKER/LOCATER V6.22                                                      07/18/2015  09:10:24  PAGE 57


  -------         ENDMOD        ?C?ISTPTR

  -------         MODULE        ?C?LMUL
  C:0809H         PUBLIC        ?C?LMUL
  -------         ENDMOD        ?C?LMUL

  -------         MODULE        ?C?LNEG
  C:0858H         PUBLIC        ?C?LNEG
  -------         ENDMOD        ?C?LNEG

  -------         MODULE        ?C?ULCMP
  C:0866H         PUBLIC        ?C?ULCMP
  -------         ENDMOD        ?C?ULCMP

  -------         MODULE        ?C?ULSHR
  C:0877H         PUBLIC        ?C?ULSHR
  -------         ENDMOD        ?C?ULSHR

  -------         MODULE        ?C?LLDXDATA
  C:088AH         PUBLIC        ?C?LLDXDATA
  -------         ENDMOD        ?C?LLDXDATA

  -------         MODULE        ?C?LLDCODE
  C:0896H         PUBLIC        ?C?LLDCODE
  -------         ENDMOD        ?C?LLDCODE

  -------         MODULE        ?C?LLDCODE0
  C:08A6H         PUBLIC        ?C?LLDCODE0
  -------         ENDMOD        ?C?LLDCODE0

  -------         MODULE        ?C?LSTXDATA
  C:08B6H         PUBLIC        ?C?LSTXDATA
  -------         ENDMOD        ?C?LSTXDATA

  -------         MODULE        ?C?LSTKXDATA
  C:08C2H         PUBLIC        ?C?LSTKXDATA
  -------         ENDMOD        ?C?LSTKXDATA

  -------         MODULE        ?C?PLDIXDATA
  C:08F3H         PUBLIC        ?C?PLDIXDATA
  -------         ENDMOD        ?C?PLDIXDATA

  -------         MODULE        ?C?PSTXDATA
  C:090AH         PUBLIC        ?C?PSTXDATA
  -------         ENDMOD        ?C?PSTXDATA

  -------         MODULE        ?C?CCASE
  C:0913H         PUBLIC        ?C?CCASE
  -------         ENDMOD        ?C?CCASE

  -------         MODULE        ?C?ICASE
  C:0939H         PUBLIC        ?C?ICASE
  -------         ENDMOD        ?C?ICASE

  -------         MODULE        ?C?ICALL
  C:0966H         PUBLIC        ?C?ICALL
  C:096AH         PUBLIC        ?C?ICALL2
BL51 BANKED LINKER/LOCATER V6.22                                                      07/18/2015  09:10:24  PAGE 58


  -------         ENDMOD        ?C?ICALL

  -------         MODULE        ?C?LIMUL
  C:096CH         PUBLIC        ?C?LIMUL
  -------         ENDMOD        ?C?LIMUL

  -------         MODULE        ABS
  C:630FH         PUBLIC        _ABS
  -------         ENDMOD        ABS

  -------         MODULE        ?C?STRCMP
  C:0B17H         PUBLIC        ?C?STRCMP
  -------         ENDMOD        ?C?STRCMP

  -------         MODULE        STRLEN
  C:6245H         PUBLIC        _STRLEN
  -------         ENDMOD        STRLEN

Program Size: data=15.3 xdata=755 code=25425
LINK/LOCATE RUN COMPLETE.  0 WARNING(S),  0 ERROR(S)
