BL51 BANKED LINKER/LOCATER V6.22                                                        06/15/2015  21:26:24  PAGE 1


BL51 BANKED LINKER/LOCATER V6.22, INVOKED BY:
D:\KEIL\C51\BIN\BL51.EXE .\Object\STARTUP.obj, .\Object\main.obj, .\Object\W25Qxx.obj, .\Object\HX8347D.obj, .\Object\To
>> uch.obj, .\Object\ds1302.obj, .\Object\timer.obj, .\Object\GUI.obj, .\Object\18b20.obj, .\Object\usart.obj TO .\Objec
>> t\×ÏÒ«OS PRINT (.\Lst\×ÏÒ«OS.m51) RAMSIZE (256)




PROGRAM RECURSIONS REMOVED FROM CALL TREE
=========================================
+--> ?PR?DESKTOP?GUI
|  | ?PR?CALENDAR?GUI
<--+ ?PR?SSTMTIME?GUI


+--> ?PR?CALENDAR?GUI
<--+ ?PR?SSTMTIME?GUI


+--> ?PR?DESKTOP?GUI
|  | ?PR?CALENDAR?GUI
|  | ?PR?SSTMTIME?GUI
<--+ ?PR?_GUIDDO?GUI


+--> ?PR?DESKTOP?GUI
<--+ ?PR?CALENDAR?GUI


+--> ?PR?DESKTOP?GUI
<--+ ?PR?TEMPERT?GUI


+--> ?PR?DESKTOP?GUI
<--+ ?PR?PICBOX?GUI



MEMORY MODEL: LARGE WITH FLOATING POINT ARITHMETIC


INPUT MODULES INCLUDED:
  .\Object\STARTUP.obj (?C_STARTUP)
  .\Object\main.obj (MAIN)
  .\Object\W25Qxx.obj (W25QXX)
  .\Object\HX8347D.obj (HX8347D)
  .\Object\Touch.obj (TOUCH)
  .\Object\ds1302.obj (DS1302)
  .\Object\timer.obj (TIMER)
  .\Object\GUI.obj (GUI)
  .\Object\18b20.obj (18B20)
  .\Object\usart.obj (USART)
  D:\KEIL\C51\LIB\C51FPL.LIB (?C?FPADD)
  D:\KEIL\C51\LIB\C51FPL.LIB (?C?FPMUL)
  D:\KEIL\C51\LIB\C51FPL.LIB (?C?FPDIV)
  D:\KEIL\C51\LIB\C51FPL.LIB (?C?FPCMP)
  D:\KEIL\C51\LIB\C51FPL.LIB (?C?FCAST)
  D:\KEIL\C51\LIB\C51FPL.LIB (?C?CASTF)
BL51 BANKED LINKER/LOCATER V6.22                                                      06/15/2015  21:26:24  PAGE 2


  D:\KEIL\C51\LIB\C51FPL.LIB (PRINTF)
  D:\KEIL\C51\LIB\C51FPL.LIB (SQRT)
  D:\KEIL\C51\LIB\C51FPL.LIB (?C?FPGETOPN)
  D:\KEIL\C51\LIB\C51FPL.LIB (?C?FPROUND)
  D:\KEIL\C51\LIB\C51FPL.LIB (?C?FPCONVERT)
  D:\KEIL\C51\LIB\C51FPL.LIB (?C?FTNPWR)
  D:\KEIL\C51\LIB\C51L.LIB (?C_INIT)
  D:\KEIL\C51\LIB\C51L.LIB (?C?COPY)
  D:\KEIL\C51\LIB\C51L.LIB (?C?CLDPTR)
  D:\KEIL\C51\LIB\C51L.LIB (?C?CLDOPTR)
  D:\KEIL\C51\LIB\C51L.LIB (?C?CSTPTR)
  D:\KEIL\C51\LIB\C51L.LIB (?C?CSTOPTR)
  D:\KEIL\C51\LIB\C51L.LIB (?C?UIDIV)
  D:\KEIL\C51\LIB\C51L.LIB (?C?IILDX)
  D:\KEIL\C51\LIB\C51L.LIB (?C?ILDIX)
  D:\KEIL\C51\LIB\C51L.LIB (?C?ILDPTR)
  D:\KEIL\C51\LIB\C51L.LIB (?C?ISTPTR)
  D:\KEIL\C51\LIB\C51L.LIB (?C?LMUL)
  D:\KEIL\C51\LIB\C51L.LIB (?C?LNEG)
  D:\KEIL\C51\LIB\C51L.LIB (?C?ULCMP)
  D:\KEIL\C51\LIB\C51L.LIB (?C?ULSHR)
  D:\KEIL\C51\LIB\C51L.LIB (?C?LLDXDATA)
  D:\KEIL\C51\LIB\C51L.LIB (?C?LLDCODE)
  D:\KEIL\C51\LIB\C51L.LIB (?C?LLDCODE0)
  D:\KEIL\C51\LIB\C51L.LIB (?C?LSTXDATA)
  D:\KEIL\C51\LIB\C51L.LIB (?C?LSTKXDATA)
  D:\KEIL\C51\LIB\C51L.LIB (?C?PLDIXDATA)
  D:\KEIL\C51\LIB\C51L.LIB (?C?PSTXDATA)
  D:\KEIL\C51\LIB\C51L.LIB (?C?CCASE)
  D:\KEIL\C51\LIB\C51L.LIB (?C?ICASE)
  D:\KEIL\C51\LIB\C51L.LIB (?C?ICALL)
  D:\KEIL\C51\LIB\C51L.LIB (?C?LIMUL)
  D:\KEIL\C51\LIB\C51L.LIB (ABS)
  D:\KEIL\C51\LIB\C51L.LIB (STRLEN)


LINK MAP OF MODULE:  .\Object\×ÏÒ«OS (?C_STARTUP)


            TYPE    BASE      LENGTH    RELOCATION   SEGMENT NAME
            -----------------------------------------------------

            * * * * * * *   D A T A   M E M O R Y   * * * * * * *
            REG     0000H     0008H     ABSOLUTE     "REG BANK 0"
            DATA    0008H     0005H     UNIT         _DATA_GROUP_
                    000DH     0013H                  *** GAP ***
            BIT     0020H.0   0001H.1   UNIT         _BIT_GROUP_
            BIT     0021H.1   0000H.1   UNIT         ?BI?INITUART?USART
                    0021H.2   0000H.6                *** GAP ***
            IDATA   0022H     0001H     UNIT         ?STACK

            * * * * * * *  X D A T A   M E M O R Y  * * * * * * *
            XDATA   0000H     0150H     UNIT         _XDATA_GROUP_
            XDATA   0150H     0021H     UNIT         ?XD?TOUCH
            XDATA   0171H     001AH     UNIT         ?XD?GUI
            XDATA   018BH     0002H     UNIT         ?XD?W25QXX
            XDATA   018DH     0002H     UNIT         ?XD?HX8347D
BL51 BANKED LINKER/LOCATER V6.22                                                      06/15/2015  21:26:24  PAGE 3


            XDATA   018FH     0001H     UNIT         ?XD?TIMER
            XDATA   0190H     0001H     UNIT         ?XD?USART

            * * * * * * *   C O D E   M E M O R Y   * * * * * * *
            CODE    0000H     0003H     ABSOLUTE     
            CODE    0003H     0006H     UNIT         ?CO?18B20
                    0009H     0002H                  *** GAP ***
            CODE    000BH     0003H     ABSOLUTE     
            CODE    000EH     0033H     UNIT         ?PR?TP_DEFAULT_ADJ?TOUCH
                    0041H     0002H                  *** GAP ***
            CODE    0043H     0003H     ABSOLUTE     
            CODE    0046H     0947H     UNIT         ?C?LIB_CODE
            CODE    098DH     0887H     UNIT         ?PR?SSTMTIME?GUI
            CODE    1214H     087AH     UNIT         ?PR?TP_ADJUST?TOUCH
            CODE    1A8EH     05F0H     UNIT         ?CO?HX8347D
            CODE    207EH     0483H     UNIT         ?PR?PRINTF?PRINTF
            CODE    2501H     0460H     UNIT         ?PR?DESKTOP?GUI
            CODE    2961H     02E2H     UNIT         ?PR?_LCD_DRAWEBOX?HX8347D
            CODE    2C43H     02B6H     UNIT         ?PR?_SHOW_ASCII?W25QXX
            CODE    2EF9H     02B6H     UNIT         ?PR?PICBOX?GUI
            CODE    31AFH     0274H     UNIT         ?PR?_LCD_DRAWLINE?HX8347D
            CODE    3423H     0243H     UNIT         ?PR?_GET_HZMAT?W25QXX
            CODE    3666H     01E5H     UNIT         ?PR?START_CHECK?GUI
            CODE    384BH     01BBH     UNIT         ?PR?LCD_INITIALIZTION?HX8347D
            CODE    3A06H     0192H     UNIT         ?PR?_TP_READ_XOY?TOUCH
            CODE    3B98H     0188H     UNIT         ?PR?_SHOW_STR?W25QXX
            CODE    3D20H     0186H     UNIT         ?PR?CALENDAR?GUI
            CODE    3EA6H     0179H     UNIT         ?PR?_SHOW_FONT?W25QXX
            CODE    401FH     016FH     UNIT         ?CO?GUI
            CODE    418EH     014CH     UNIT         ?PR?_GUIDDO?GUI
            CODE    42DAH     0145H     UNIT         ?PR?_TP_READ_XY2?TOUCH
            CODE    441FH     0141H     UNIT         ?PR?_TP_DROW_TOUCH_POINT?TOUCH
            CODE    4560H     013CH     UNIT         ?PR?_SHOW_PICTURE?HX8347D
            CODE    469CH     011EH     UNIT         ?PR?_GETTIME?DS1302
            CODE    47BAH     0109H     UNIT         ?PR?TEMPERT?GUI
            CODE    48C3H     0107H     UNIT         ?PR?_PUTCHAR?HX8347D
            CODE    49CAH     0105H     UNIT         ?PR?GUIDSHOW?GUI
            CODE    4ACFH     00F7H     UNIT         ?PR?_TP_SCAN?TOUCH
            CODE    4BC6H     00E0H     UNIT         ?PR?_LCD_DRAWBOX?HX8347D
            CODE    4CA6H     00CFH     UNIT         ?PR?_DS1302_WRITE_TIME?DS1302
            CODE    4D75H     00BEH     UNIT         ?PR?_GET_CLICK?GUI
            CODE    4E33H     00B6H     UNIT         ?PR?_GUI_TEXT?HX8347D
            CODE    4EE9H     00AEH     UNIT         ?PR?_LCD_CLEAR?HX8347D
            CODE    4F97H     00ACH     UNIT         ?PR?SQRT?SQRT
            CODE    5043H     00A8H     UNIT         ?PR?_DS1302_READ_TIME?DS1302
            CODE    50EBH     008DH     UNIT         ?CO?W25QXX
            CODE    5178H     008CH     UNIT         ?C_C51STARTUP
            CODE    5204H     007EH     UNIT         ?PR?_TP_DRAW_BIG_POINT?TOUCH
            CODE    5282H     007DH     UNIT         ?PR?_ALERT?GUI
            CODE    52FFH     0079H     UNIT         ?PR?_W25QXX_READ?W25QXX
            CODE    5378H     0050H     UNIT         ?PR?_LCD_SETPOINT?HX8347D
            CODE    53C8H     004FH     UNIT         ?PR?_TP_READ_XY?TOUCH
            CODE    5417H     004EH     UNIT         ?PR?_TP_READ_AD?TOUCH
            CODE    5465H     0049H     UNIT         ?C_INITSEG
            CODE    54AEH     0047H     UNIT         ?PR?_READ1302?DS1302
            CODE    54F5H     0043H     UNIT         ?PR?W25QXX_READID?W25QXX
            CODE    5538H     0040H     UNIT         ?PR?_READTEMPERATURE?18B20
BL51 BANKED LINKER/LOCATER V6.22                                                      06/15/2015  21:26:24  PAGE 4


            CODE    5578H     003CH     UNIT         ?PR?_WRITE1302?DS1302
            CODE    55B4H     003AH     UNIT         ?PR?_LCD_SETCURSOR?HX8347D
            CODE    55EEH     003AH     UNIT         ?PR?READ18B20?18B20
            CODE    5628H     002EH     UNIT         ?PR?START_LOGO?GUI
            CODE    5656H     002BH     UNIT         ?PR?_W25QXX_WRITE_BYTE?W25QXX
            CODE    5681H     002BH     UNIT         ?PR?_DELAY_MS?HX8347D
            CODE    56ACH     002BH     UNIT         ?PR?UART_INTERRUPT?USART
            CODE    56D7H     0029H     UNIT         ?PR?CLOCK?GUI
            CODE    5700H     0028H     UNIT         ?PR?FONT_INIT?W25QXX
            CODE    5728H     0028H     UNIT         ?PR?INIT_DS18B20?18B20
            CODE    5750H     0026H     UNIT         ?PR?TIMER_ROUTINE?TIMER
            CODE    5776H     0020H     UNIT         ?PR?_DELAY_MS?GUI
            CODE    5796H     001EH     UNIT         ?PR?INITUART?USART
            CODE    57B4H     001DH     UNIT         ?PR?_DELAY_US?TOUCH
            CODE    57D1H     001DH     UNIT         ?PR?TP_INIT?TOUCH
            CODE    57EEH     001CH     UNIT         ?PR?MAIN?MAIN
            CODE    580AH     001CH     UNIT         ?PR?READONECHAR?18B20
            CODE    5826H     001CH     UNIT         ?PR?_WRITEONECHAR?18B20
            CODE    5842H     001AH     UNIT         ?PR?_TP_WRITE_BYTE?TOUCH
            CODE    585CH     0019H     UNIT         ?PR?_LCD_WR_DATA?HX8347D
            CODE    5875H     0018H     UNIT         ?PR?DELAY1MS?DS1302
            CODE    588DH     0017H     UNIT         ?PR?W25QXX_READ_BYTE?W25QXX
            CODE    58A4H     0016H     UNIT         ?PR?DELAY40US?DS1302
            CODE    58BAH     0015H     UNIT         ?PR?LCD_WRITERAM_PREPARE?HX8347D
            CODE    58CFH     0015H     UNIT         ?PR?_STRLEN?STRLEN
            CODE    58E4H     0014H     UNIT         ?PR?_DELAYUS2X?18B20
            CODE    58F8H     0014H     UNIT         ?PR?_DELAYMS?18B20
            CODE    590CH     0012H     UNIT         ?PR?DS1302_INIT?DS1302
            CODE    591EH     0011H     UNIT         ?PR?_LCD_WRITEREG?HX8347D
            CODE    592FH     0010H     UNIT         ?PR?TIMER0INIT?TIMER
            CODE    593FH     000DH     UNIT         ?PR?_LCD_WR_REG?HX8347D
            CODE    594CH     000CH     UNIT         ?PR?_ABS?ABS
            CODE    5958H     000BH     UNIT         ?PR?_UART_SENDONEBYTE?USART
            CODE    5963H     000AH     UNIT         ?PR?W25QXX_WRITE_DISABLE?W25QXX
            CODE    596DH     0003H     UNIT         ?PR?_LCD_WRITERAM?HX8347D



OVERLAY MAP OF MODULE:   .\Object\×ÏÒ«OS (?C_STARTUP)


SEGMENT                                     BIT_GROUP          DATA_GROUP          XDATA_GROUP
  +--> CALLED SEGMENT                    START    LENGTH     START    LENGTH     START    LENGTH
------------------------------------------------------------------------------------------------
?C_C51STARTUP                            -----    -----      -----    -----      -----    -----
  +--> ?PR?MAIN?MAIN
  +--> ?C_INITSEG

?PR?MAIN?MAIN                            -----    -----      -----    -----      -----    -----
  +--> ?PR?LCD_INITIALIZTION?HX8347D
  +--> ?PR?FONT_INIT?W25QXX
  +--> ?PR?TP_INIT?TOUCH
  +--> ?PR?DS1302_INIT?DS1302
  +--> ?PR?TIMER0INIT?TIMER
  +--> ?PR?START_CHECK?GUI
  +--> ?PR?START_LOGO?GUI
  +--> ?PR?DESKTOP?GUI
BL51 BANKED LINKER/LOCATER V6.22                                                      06/15/2015  21:26:24  PAGE 5



?PR?LCD_INITIALIZTION?HX8347D            -----    -----      -----    -----      -----    -----
  +--> ?PR?_DELAY_MS?HX8347D
  +--> ?PR?_LCD_WRITEREG?HX8347D

?PR?_DELAY_MS?HX8347D                    -----    -----      -----    -----      -----    -----
  +--> ?PR?_LCD_WRITEREG?HX8347D

?PR?_LCD_WRITEREG?HX8347D                -----    -----      -----    -----      -----    -----
  +--> ?PR?_LCD_WR_REG?HX8347D
  +--> ?PR?_LCD_WR_DATA?HX8347D

?PR?FONT_INIT?W25QXX                     -----    -----      -----    -----      -----    -----
  +--> ?PR?W25QXX_WRITE_DISABLE?W25QXX
  +--> ?PR?W25QXX_READID?W25QXX
  +--> ?CO?W25QXX

?PR?W25QXX_WRITE_DISABLE?W25QXX          -----    -----      -----    -----      -----    -----
  +--> ?PR?_W25QXX_WRITE_BYTE?W25QXX

?PR?W25QXX_READID?W25QXX                 -----    -----      -----    -----      0009H    0002H
  +--> ?PR?_W25QXX_WRITE_BYTE?W25QXX
  +--> ?PR?W25QXX_READ_BYTE?W25QXX

?PR?TP_INIT?TOUCH                        -----    -----      -----    -----      -----    -----
  +--> ?PR?_TP_READ_XY?TOUCH
  +--> ?PR?TP_DEFAULT_ADJ?TOUCH

?PR?_TP_READ_XY?TOUCH                    -----    -----      -----    -----      0020H    0008H
  +--> ?PR?_TP_READ_XOY?TOUCH

?PR?_TP_READ_XOY?TOUCH                   -----    -----      -----    -----      0028H    0010H
  +--> ?PR?_TP_READ_AD?TOUCH

?PR?_TP_READ_AD?TOUCH                    -----    -----      -----    -----      -----    -----
  +--> ?PR?_TP_WRITE_BYTE?TOUCH
  +--> ?PR?_DELAY_US?TOUCH

?PR?DS1302_INIT?DS1302                   -----    -----      -----    -----      -----    -----
  +--> ?PR?_WRITE1302?DS1302

?PR?_WRITE1302?DS1302                    -----    -----      -----    -----      -----    -----
  +--> ?PR?DELAY1MS?DS1302

?PR?START_CHECK?GUI                      -----    -----      -----    -----      0002H    0007H
  +--> ?PR?_LCD_CLEAR?HX8347D
  +--> ?CO?GUI
  +--> ?PR?_GUI_TEXT?HX8347D
  +--> ?PR?W25QXX_READID?W25QXX
  +--> ?PR?_SHOW_STR?W25QXX
  +--> ?PR?_DELAY_MS?GUI
  +--> ?PR?_GETTIME?DS1302
  +--> ?PR?_READTEMPERATURE?18B20

?PR?_LCD_CLEAR?HX8347D                   -----    -----      -----    -----      0021H    000AH
  +--> ?PR?_LCD_SETCURSOR?HX8347D
  +--> ?PR?LCD_WRITERAM_PREPARE?HX8347D
BL51 BANKED LINKER/LOCATER V6.22                                                      06/15/2015  21:26:24  PAGE 6


  +--> ?PR?_LCD_WR_DATA?HX8347D

?PR?_LCD_SETCURSOR?HX8347D               -----    -----      -----    -----      -----    -----
  +--> ?PR?_LCD_WRITEREG?HX8347D

?PR?LCD_WRITERAM_PREPARE?HX8347D         -----    -----      -----    -----      -----    -----
  +--> ?PR?_LCD_SETCURSOR?HX8347D
  +--> ?PR?_LCD_WR_REG?HX8347D

?PR?_GUI_TEXT?HX8347D                    -----    -----      -----    -----      000CH    000BH
  +--> ?PR?_PUTCHAR?HX8347D

?PR?_PUTCHAR?HX8347D                     -----    -----      -----    -----      003EH    000DH
  +--> ?CO?HX8347D
  +--> ?PR?_LCD_SETPOINT?HX8347D

?PR?_LCD_SETPOINT?HX8347D                -----    -----      -----    -----      0137H    0004H
  +--> ?PR?LCD_WRITERAM_PREPARE?HX8347D
  +--> ?PR?_LCD_WRITERAM?HX8347D

?PR?_LCD_WRITERAM?HX8347D                -----    -----      -----    -----      -----    -----
  +--> ?PR?_LCD_WR_DATA?HX8347D

?PR?_SHOW_STR?W25QXX                     -----    -----      -----    -----      0014H    000DH
  +--> ?PR?_SHOW_ASCII?W25QXX
  +--> ?PR?_SHOW_FONT?W25QXX

?PR?_SHOW_ASCII?W25QXX                   -----    -----      -----    -----      0021H    0059H
  +--> ?CO?W25QXX
  +--> ?PR?_W25QXX_READ?W25QXX
  +--> ?PR?_LCD_SETPOINT?HX8347D

?PR?_W25QXX_READ?W25QXX                  -----    -----      -----    -----      0145H    000BH
  +--> ?PR?_W25QXX_WRITE_BYTE?W25QXX
  +--> ?PR?W25QXX_READ_BYTE?W25QXX

?PR?_SHOW_FONT?W25QXX                    -----    -----      -----    -----      0021H    0116H
  +--> ?PR?_GET_HZMAT?W25QXX
  +--> ?PR?_LCD_SETPOINT?HX8347D

?PR?_GET_HZMAT?W25QXX                    -----    -----      -----    -----      0137H    000EH
  +--> ?CO?W25QXX
  +--> ?PR?_W25QXX_READ?W25QXX

?PR?_GETTIME?DS1302                      -----    -----      -----    -----      000CH    000AH
  +--> ?PR?_DS1302_READ_TIME?DS1302

?PR?_DS1302_READ_TIME?DS1302             -----    -----      -----    -----      0016H    0003H
  +--> ?PR?DELAY40US?DS1302
  +--> ?PR?_READ1302?DS1302

?PR?DELAY40US?DS1302                     -----    -----      -----    -----      -----    -----
  +--> ?PR?_READ1302?DS1302

?PR?_READ1302?DS1302                     -----    -----      -----    -----      -----    -----
  +--> ?PR?DELAY1MS?DS1302

BL51 BANKED LINKER/LOCATER V6.22                                                      06/15/2015  21:26:24  PAGE 7


?PR?_READTEMPERATURE?18B20               -----    -----      -----    -----      000BH    0003H
  +--> ?PR?READ18B20?18B20
  +--> ?CO?18B20
  +--> ?PR?PRINTF?PRINTF

?PR?READ18B20?18B20                      -----    -----      -----    -----      -----    -----
  +--> ?PR?INIT_DS18B20?18B20
  +--> ?PR?_WRITEONECHAR?18B20
  +--> ?PR?_DELAYMS?18B20
  +--> ?PR?READONECHAR?18B20

?PR?INIT_DS18B20?18B20                   0020H.0  0000H.1    -----    -----      -----    -----
  +--> ?PR?_DELAYUS2X?18B20

?PR?_WRITEONECHAR?18B20                  -----    -----      -----    -----      -----    -----
  +--> ?PR?_DELAYUS2X?18B20

?PR?READONECHAR?18B20                    -----    -----      -----    -----      -----    -----
  +--> ?PR?_DELAYUS2X?18B20

?PR?PRINTF?PRINTF                        0020H.0  0001H.1    0008H    0005H      000EH    0030H
  +--> ?PR?_PUTCHAR?HX8347D

?PR?START_LOGO?GUI                       -----    -----      -----    -----      -----    -----
  +--> ?PR?_LCD_CLEAR?HX8347D
  +--> ?PR?_SHOW_PICTURE?HX8347D
  +--> ?PR?_DELAY_MS?GUI

?PR?_SHOW_PICTURE?HX8347D                -----    -----      -----    -----      0002H    0016H
  +--> ?PR?_LCD_SETCURSOR?HX8347D
  +--> ?PR?LCD_WRITERAM_PREPARE?HX8347D
  +--> ?PR?_W25QXX_WRITE_BYTE?W25QXX
  +--> ?PR?W25QXX_READ_BYTE?W25QXX
  +--> ?PR?_LCD_WR_DATA?HX8347D

?PR?DESKTOP?GUI                          -----    -----      -----    -----      0000H    0002H
  +--> ?PR?_LCD_CLEAR?HX8347D
  +--> ?PR?_SHOW_PICTURE?HX8347D
  +--> ?CO?GUI
  +--> ?PR?_SHOW_STR?W25QXX
  +--> ?PR?CLOCK?GUI
  +--> ?PR?_GET_CLICK?GUI
  +--> ?PR?CALENDAR?GUI
  +--> ?PR?TEMPERT?GUI
  +--> ?PR?START_CHECK?GUI
  +--> ?PR?PICBOX?GUI
  +--> ?PR?_ALERT?GUI

?PR?CLOCK?GUI                            -----    -----      -----    -----      -----    -----
  +--> ?PR?_GETTIME?DS1302
  +--> ?PR?_GUI_TEXT?HX8347D

?PR?_GET_CLICK?GUI                       -----    -----      -----    -----      000CH    0006H
  +--> ?PR?_TP_READ_XY2?TOUCH

?PR?_TP_READ_XY2?TOUCH                   -----    -----      -----    -----      0012H    000EH
  +--> ?PR?_TP_READ_XY?TOUCH
BL51 BANKED LINKER/LOCATER V6.22                                                      06/15/2015  21:26:24  PAGE 8



?PR?CALENDAR?GUI                         -----    -----      -----    -----      0002H    0002H
  +--> ?PR?_GETTIME?DS1302
  +--> ?PR?_LCD_CLEAR?HX8347D
  +--> ?PR?_LCD_DRAWBOX?HX8347D
  +--> ?PR?_GUI_TEXT?HX8347D
  +--> ?CO?GUI
  +--> ?PR?_SHOW_STR?W25QXX
  +--> ?PR?GUIDSHOW?GUI
  +--> ?PR?_GET_CLICK?GUI
  +--> ?PR?SSTMTIME?GUI
  +--> ?PR?_GUIDDO?GUI

?PR?_LCD_DRAWBOX?HX8347D                 -----    -----      -----    -----      0011H    0012H
  +--> ?PR?_LCD_SETCURSOR?HX8347D
  +--> ?PR?LCD_WRITERAM_PREPARE?HX8347D
  +--> ?PR?_LCD_WR_DATA?HX8347D

?PR?GUIDSHOW?GUI                         -----    -----      -----    -----      -----    -----
  +--> ?PR?_LCD_DRAWLINE?HX8347D
  +--> ?CO?GUI
  +--> ?PR?_SHOW_STR?W25QXX

?PR?_LCD_DRAWLINE?HX8347D                -----    -----      -----    -----      0027H    0010H
  +--> ?PR?_LCD_SETPOINT?HX8347D

?PR?SSTMTIME?GUI                         -----    -----      -----    -----      0004H    0008H
  +--> ?CO?GUI
  +--> ?PR?_GETTIME?DS1302
  +--> ?PR?_LCD_CLEAR?HX8347D
  +--> ?PR?_SHOW_STR?W25QXX
  +--> ?PR?_GUI_TEXT?HX8347D
  +--> ?PR?_LCD_DRAWBOX?HX8347D
  +--> ?PR?_LCD_DRAWEBOX?HX8347D
  +--> ?PR?GUIDSHOW?GUI
  +--> ?PR?_GET_CLICK?GUI
  +--> ?PR?_GUIDDO?GUI
  +--> ?PR?_DS1302_WRITE_TIME?DS1302
  +--> ?PR?_ALERT?GUI

?PR?_LCD_DRAWEBOX?HX8347D                -----    -----      -----    -----      000CH    000AH
  +--> ?PR?_LCD_DRAWLINE?HX8347D

?PR?_GUIDDO?GUI                          -----    -----      -----    -----      000CH    0008H
  +--> ?CO?GUI
  +--> ?PR?_SHOW_STR?W25QXX
  +--> ?PR?_LCD_DRAWLINE?HX8347D

?PR?_DS1302_WRITE_TIME?DS1302            -----    -----      -----    -----      000CH    0003H
  +--> ?PR?_WRITE1302?DS1302
  +--> ?PR?DELAY40US?DS1302

?PR?_ALERT?GUI                           -----    -----      -----    -----      000CH    0005H
  +--> ?PR?_SHOW_STR?W25QXX
  +--> ?PR?_DELAY_MS?GUI
  +--> ?PR?_STRLEN?STRLEN
  +--> ?PR?_LCD_DRAWBOX?HX8347D
BL51 BANKED LINKER/LOCATER V6.22                                                      06/15/2015  21:26:24  PAGE 9



?PR?TEMPERT?GUI                          -----    -----      -----    -----      0002H    0009H
  +--> ?PR?_LCD_CLEAR?HX8347D
  +--> ?PR?_LCD_DRAWBOX?HX8347D
  +--> ?PR?_LCD_DRAWEBOX?HX8347D
  +--> ?PR?GUIDSHOW?GUI
  +--> ?PR?_READTEMPERATURE?18B20
  +--> ?CO?GUI
  +--> ?PR?_SHOW_STR?W25QXX
  +--> ?PR?_GUI_TEXT?HX8347D
  +--> ?PR?_GET_CLICK?GUI
  +--> ?PR?_GUIDDO?GUI

?PR?PICBOX?GUI                           -----    -----      -----    -----      0002H    0002H
  +--> ?PR?_LCD_CLEAR?HX8347D
  +--> ?PR?_LCD_DRAWBOX?HX8347D
  +--> ?PR?GUIDSHOW?GUI
  +--> ?PR?_GET_CLICK?GUI
  +--> ?PR?_TP_DRAW_BIG_POINT?TOUCH
  +--> ?PR?_GUIDDO?GUI

?PR?_TP_DRAW_BIG_POINT?TOUCH             -----    -----      -----    -----      0004H    0006H
  +--> ?PR?_LCD_SETPOINT?HX8347D

?C_INITSEG                               -----    -----      -----    -----      -----    -----
  +--> ?PR?TP_INIT?TOUCH
  +--> ?PR?_TP_SCAN?TOUCH
  +--> ?PR?TP_ADJUST?TOUCH

?PR?_TP_SCAN?TOUCH                       -----    -----      -----    -----      -----    -----
  +--> ?PR?_TP_READ_XY2?TOUCH

?PR?TP_ADJUST?TOUCH                      -----    -----      -----    -----      0000H    0021H
  +--> ?PR?_LCD_CLEAR?HX8347D
  +--> ?PR?_TP_DROW_TOUCH_POINT?TOUCH
  +--> ?PR?_ABS?ABS
  +--> ?PR?SQRT?SQRT
  +--> ?PR?_DELAY_MS?GUI

?PR?_TP_DROW_TOUCH_POINT?TOUCH           -----    -----      -----    -----      0021H    0006H
  +--> ?PR?_LCD_DRAWLINE?HX8347D
  +--> ?PR?_LCD_SETPOINT?HX8347D

?PR?SQRT?SQRT                            -----    -----      -----    -----      0021H    0004H

*** NEW ROOT ***************************************************

?PR?UART_INTERRUPT?USART                 -----    -----      -----    -----      -----    -----
  +--> ?PR?_UART_SENDONEBYTE?USART



SYMBOL TABLE OF MODULE:  .\Object\×ÏÒ«OS (?C_STARTUP)

  VALUE           TYPE          NAME
  ----------------------------------

BL51 BANKED LINKER/LOCATER V6.22                                                      06/15/2015  21:26:24  PAGE 10


  -------         MODULE        ?C_STARTUP
  C:5178H         SEGMENT       ?C_C51STARTUP
  I:0022H         SEGMENT       ?STACK
  C:0000H         PUBLIC        ?C_STARTUP
  D:00E0H         SYMBOL        ACC
  D:00F0H         SYMBOL        B
  D:0083H         SYMBOL        DPH
  D:0082H         SYMBOL        DPL
  N:0000H         SYMBOL        IBPSTACK
  N:0100H         SYMBOL        IBPSTACKTOP
  N:0080H         SYMBOL        IDATALEN
  C:517BH         SYMBOL        IDATALOOP
  N:0000H         SYMBOL        PBPSTACK
  N:0100H         SYMBOL        PBPSTACKTOP
  N:0000H         SYMBOL        PDATALEN
  N:0000H         SYMBOL        PDATASTART
  N:0000H         SYMBOL        PPAGE
  N:0000H         SYMBOL        PPAGEENABLE
  D:00A0H         SYMBOL        PPAGE_SFR
  D:0081H         SYMBOL        SP
  C:5178H         SYMBOL        STARTUP1
  N:0000H         SYMBOL        XBPSTACK
  N:0000H         SYMBOL        XBPSTACKTOP
  N:0000H         SYMBOL        XDATALEN
  N:0000H         SYMBOL        XDATASTART
  C:0000H         LINE#         126
  C:5178H         LINE#         133
  C:517AH         LINE#         134
  C:517BH         LINE#         135
  C:517CH         LINE#         136
  C:517EH         LINE#         185
  C:5181H         LINE#         196
  -------         ENDMOD        ?C_STARTUP

  -------         MODULE        MAIN
  C:0000H         SYMBOL        _ICE_DUMMY_
  D:0080H         PUBLIC        P0
  D:0090H         PUBLIC        P1
  D:00A0H         PUBLIC        P2
  D:00A8H         PUBLIC        IE
  D:00B8H         PUBLIC        IP
  D:00D8H         PUBLIC        CCON
  C:57EEH         PUBLIC        main
  D:0098H         PUBLIC        SCON
  B:0080H.4       PUBLIC        wien
  D:0088H         PUBLIC        TCON
  D:00D0H         PUBLIC        PSW
  -------         PROC          MAIN
  C:57EEH         LINE#         20
  C:57EEH         LINE#         21
  C:57EEH         LINE#         23
  C:57F0H         LINE#         24
  C:57F3H         LINE#         25
  C:57F6H         LINE#         26
  C:57F9H         LINE#         27
  C:57FCH         LINE#         28
  C:57FFH         LINE#         30
BL51 BANKED LINKER/LOCATER V6.22                                                      06/15/2015  21:26:24  PAGE 11


  C:5802H         LINE#         31
  C:5804H         LINE#         32
  C:5807H         LINE#         38
  -------         ENDPROC       MAIN
  -------         ENDMOD        MAIN

  -------         MODULE        W25QXX
  C:0000H         SYMBOL        _ICE_DUMMY_
  D:0080H         PUBLIC        P0
  D:0090H         PUBLIC        P1
  D:00A0H         PUBLIC        P2
  B:00A0H.7       PUBLIC        CE
  C:5963H         PUBLIC        W25Qxx_Write_Disable
  C:50EBH         PUBLIC        ftinfo
  D:00A8H         PUBLIC        IE
  D:00B8H         PUBLIC        IP
  C:3EA6H         PUBLIC        _Show_Font
  D:00D8H         PUBLIC        CCON
  X:018BH         PUBLIC        W25Qxx_TYPE
  D:0098H         PUBLIC        SCON
  D:0088H         PUBLIC        TCON
  B:0080H.1       PUBLIC        W25Qxx_CLK
  C:3B98H         PUBLIC        _Show_Str
  C:5137H         SYMBOL        _?ix1000
  C:5700H         PUBLIC        font_init
  C:588DH         PUBLIC        W25Qxx_Read_Byte
  C:52FFH         PUBLIC        _W25Qxx_Read
  C:5667H         PUBLIC        _W25Qxx_Write_Byte
  C:3423H         PUBLIC        _Get_HzMat
  C:2C43H         PUBLIC        _Show_ASCII
  C:54F5H         PUBLIC        W25Qxx_ReadID
  B:0080H.2       PUBLIC        W25Qxx_DI
  B:0080H.3       PUBLIC        W25Qxx_DO
  B:00A0H.4       PUBLIC        W25Qxx_CS
  D:00D0H         PUBLIC        PSW
  -------         PROC          L?0121
  -------         ENDPROC       L?0121
  -------         PROC          _W25QXX_WRITE_BYTE
  D:0007H         SYMBOL        value
  -------         DO            
  D:0006H         SYMBOL        i
  -------         ENDDO         
  C:5667H         LINE#         34
  C:5667H         LINE#         35
  C:5667H         LINE#         37
  C:5669H         LINE#         38
  C:5669H         LINE#         39
  C:566DH         LINE#         40
  C:5671H         LINE#         42
  C:5673H         LINE#         44
  C:5675H         LINE#         45
  C:5679H         LINE#         46
  C:567BH         LINE#         47
  C:5680H         LINE#         48
  -------         ENDPROC       _W25QXX_WRITE_BYTE
  -------         PROC          W25QXX_READ_BYTE
  -------         DO            
BL51 BANKED LINKER/LOCATER V6.22                                                      06/15/2015  21:26:24  PAGE 12


  D:0007H         SYMBOL        temp
  D:0006H         SYMBOL        tt
  D:0005H         SYMBOL        i
  -------         ENDDO         
  C:588DH         LINE#         55
  C:588DH         LINE#         56
  C:588DH         LINE#         57
  C:588FH         LINE#         58
  C:588FH         LINE#         61
  C:5890H         LINE#         62
  C:5890H         LINE#         63
  C:5892H         LINE#         64
  C:5894H         LINE#         65
  C:5899H         LINE#         66
  C:589EH         LINE#         67
  C:58A3H         LINE#         68
  C:58A3H         LINE#         69
  -------         ENDPROC       W25QXX_READ_BYTE
  -------         PROC          W25QXX_READID
  -------         DO            
  X:0009H         SYMBOL        Temp
  -------         ENDDO         
  C:54F5H         LINE#         75
  C:54F5H         LINE#         76
  C:54F5H         LINE#         77
  C:54FCH         LINE#         78
  C:54FEH         LINE#         79
  C:5503H         LINE#         80
  C:5508H         LINE#         81
  C:550DH         LINE#         82
  C:5512H         LINE#         83
  C:5520H         LINE#         84
  C:5535H         LINE#         85
  C:5537H         LINE#         86
  C:5537H         LINE#         87
  -------         ENDPROC       W25QXX_READID
  -------         PROC          W25QXX_WRITE_DISABLE
  C:5963H         LINE#         92
  C:5963H         LINE#         93
  C:5963H         LINE#         94
  C:5965H         LINE#         95
  C:596AH         LINE#         96
  C:596CH         LINE#         97
  -------         ENDPROC       W25QXX_WRITE_DISABLE
  -------         PROC          _W25QXX_READ
  X:0145H         SYMBOL        pBuffer
  X:0148H         SYMBOL        ReadAddr
  X:014CH         SYMBOL        NumByteToRead
  -------         DO            
  X:014EH         SYMBOL        i
  -------         ENDDO         
  C:52FFH         LINE#         105
  C:530EH         LINE#         106
  C:530EH         LINE#         108
  C:5310H         LINE#         109
  C:5312H         LINE#         110
  C:5317H         LINE#         111
BL51 BANKED LINKER/LOCATER V6.22                                                      06/15/2015  21:26:24  PAGE 13


  C:531CH         LINE#         112
  C:5321H         LINE#         113
  C:532CH         LINE#         114
  C:5348H         LINE#         115
  C:5348H         LINE#         116
  C:5365H         LINE#         117
  C:5375H         LINE#         118
  C:5377H         LINE#         119
  -------         ENDPROC       _W25QXX_READ
  -------         PROC          FONT_INIT
  C:5700H         LINE#         125
  C:5700H         LINE#         126
  C:5700H         LINE#         127
  C:5703H         LINE#         128
  C:570EH         LINE#         129
  C:5723H         LINE#         130
  C:5725H         LINE#         131
  C:5727H         LINE#         132
  -------         ENDPROC       FONT_INIT
  -------         PROC          _GET_HZMAT
  X:0137H         SYMBOL        gbcode
  X:013AH         SYMBOL        mat
  X:013DH         SYMBOL        gbsize
  -------         DO            
  X:013EH         SYMBOL        qh
  X:013FH         SYMBOL        ql
  X:0140H         SYMBOL        i
  X:0141H         SYMBOL        foffset
  -------         ENDDO         
  C:3423H         LINE#         139
  C:342EH         LINE#         140
  C:342EH         LINE#         144
  C:3436H         LINE#         145
  C:344DH         LINE#         146
  C:3464H         LINE#         147
  C:3464H         LINE#         148
  C:34A1H         LINE#         150
  C:34A1H         LINE#         151
  C:34B0H         LINE#         152
  C:34B7H         LINE#         153
  C:34BEH         LINE#         155
  C:34C6H         LINE#         156
  C:34C6H         LINE#         157
  C:34FCH         LINE#         158
  C:3522H         LINE#         159
  C:3525H         LINE#         160
  C:352DH         LINE#         161
  C:352DH         LINE#         162
  C:3563H         LINE#         163
  C:3589H         LINE#         164
  C:358CH         LINE#         165
  C:3594H         LINE#         166
  C:3594H         LINE#         167
  C:35CAH         LINE#         168
  C:35F0H         LINE#         169
  C:35F2H         LINE#         170
  C:35FAH         LINE#         171
BL51 BANKED LINKER/LOCATER V6.22                                                      06/15/2015  21:26:24  PAGE 14


  C:35FAH         LINE#         172
  C:3630H         LINE#         173
  C:3665H         LINE#         174
  C:3665H         LINE#         175
  -------         ENDPROC       _GET_HZMAT
  -------         PROC          _SHOW_ASCII
  X:0021H         SYMBOL        x
  X:0023H         SYMBOL        y
  X:0025H         SYMBOL        num
  X:0026H         SYMBOL        gbsize
  X:0027H         SYMBOL        p_color
  X:0029H         SYMBOL        b_color
  -------         DO            
  X:002BH         SYMBOL        temp
  X:002CH         SYMBOL        t1
  X:002DH         SYMBOL        t
  X:002EH         SYMBOL        max_t
  X:002FH         SYMBOL        mat
  X:0070H         SYMBOL        y0
  X:0072H         SYMBOL        temp_addr
  X:0076H         SYMBOL        offset
  -------         ENDDO         
  C:2C43H         LINE#         182
  C:2C54H         LINE#         183
  C:2C54H         LINE#         185
  C:2C67H         LINE#         186
  C:2C76H         LINE#         188
  C:2C8AH         LINE#         190
  C:2C91H         LINE#         191
  C:2C91H         LINE#         192
  C:2CAEH         LINE#         193
  C:2CB4H         LINE#         194
  C:2CB7H         LINE#         195
  C:2CBAH         LINE#         196
  C:2CC1H         LINE#         197
  C:2CC1H         LINE#         198
  C:2CDEH         LINE#         199
  C:2CE4H         LINE#         200
  C:2CE7H         LINE#         201
  C:2CEAH         LINE#         202
  C:2CF1H         LINE#         203
  C:2CF1H         LINE#         204
  C:2D0EH         LINE#         205
  C:2D14H         LINE#         206
  C:2D17H         LINE#         207
  C:2D19H         LINE#         208
  C:2D20H         LINE#         209
  C:2D20H         LINE#         210
  C:2D3DH         LINE#         211
  C:2D43H         LINE#         212
  C:2D46H         LINE#         213
  C:2D48H         LINE#         215
  C:2D4FH         LINE#         216
  C:2D4FH         LINE#         217
  C:2D6CH         LINE#         218
  C:2D72H         LINE#         219
  C:2D7EH         LINE#         220
BL51 BANKED LINKER/LOCATER V6.22                                                      06/15/2015  21:26:24  PAGE 15


  C:2D7EH         LINE#         222
  C:2DB8H         LINE#         224
  C:2DCEH         LINE#         225
  C:2DCEH         LINE#         226
  C:2DDDH         LINE#         227
  C:2DEDH         LINE#         228
  C:2DEDH         LINE#         229
  C:2DF5H         LINE#         230
  C:2DF5H         LINE#         231
  C:2E06H         LINE#         232
  C:2E08H         LINE#         234
  C:2E34H         LINE#         235
  C:2E36H         LINE#         237
  C:2E36H         LINE#         238
  C:2E4CH         LINE#         239
  C:2E64H         LINE#         241
  C:2E86H         LINE#         242
  C:2E86H         LINE#         244
  C:2E94H         LINE#         245
  C:2EA4H         LINE#         247
  C:2EC0H         LINE#         248
  C:2EC0H         LINE#         249
  C:2EC8H         LINE#         250
  C:2ED6H         LINE#         251
  C:2EE6H         LINE#         253
  C:2EE6H         LINE#         254
  C:2EEFH         LINE#         255
  C:2EF8H         LINE#         256
  -------         ENDPROC       _SHOW_ASCII
  -------         PROC          _SHOW_FONT
  X:0021H         SYMBOL        x
  X:0023H         SYMBOL        y
  D:0001H         SYMBOL        font
  X:0028H         SYMBOL        gbsize
  X:0029H         SYMBOL        p_color
  X:002BH         SYMBOL        b_color
  -------         DO            
  X:002DH         SYMBOL        temp
  X:002FH         SYMBOL        t
  X:0031H         SYMBOL        t1
  X:0033H         SYMBOL        max_t
  X:0035H         SYMBOL        y0
  X:0037H         SYMBOL        dzk
  -------         ENDDO         
  C:3EA6H         LINE#         264
  C:3EB4H         LINE#         265
  C:3EB4H         LINE#         267
  C:3EBCH         LINE#         269
  C:3ED7H         LINE#         272
  C:3EEBH         LINE#         274
  C:3EFEH         LINE#         275
  C:3F0DH         LINE#         276
  C:3F1CH         LINE#         279
  C:3F3CH         LINE#         280
  C:3F3CH         LINE#         281
  C:3F50H         LINE#         282
  C:3F57H         LINE#         283
BL51 BANKED LINKER/LOCATER V6.22                                                      06/15/2015  21:26:24  PAGE 16


  C:3F57H         LINE#         284
  C:3F5EH         LINE#         285
  C:3F5EH         LINE#         286
  C:3F74H         LINE#         287
  C:3F76H         LINE#         289
  C:3F76H         LINE#         290
  C:3F98H         LINE#         291
  C:3F98H         LINE#         293
  C:3FA5H         LINE#         294
  C:3FB3H         LINE#         295
  C:3FD5H         LINE#         296
  C:3FD5H         LINE#         297
  C:3FDDH         LINE#         298
  C:3FEBH         LINE#         299
  C:3FEDH         LINE#         300
  C:3FEDH         LINE#         301
  C:400DH         LINE#         302
  C:401EH         LINE#         303
  -------         ENDPROC       _SHOW_FONT
  -------         PROC          _SHOW_STR
  X:0014H         SYMBOL        x
  X:0016H         SYMBOL        y
  X:0018H         SYMBOL        str
  X:001BH         SYMBOL        gbsize
  X:001CH         SYMBOL        p_color
  X:001EH         SYMBOL        b_color
  -------         DO            
  X:0020H         SYMBOL        bHz
  -------         ENDDO         
  C:3B98H         LINE#         311
  C:3BAFH         LINE#         312
  C:3BAFH         LINE#         313
  C:3BB4H         LINE#         314
  C:3BC8H         LINE#         315
  C:3BC8H         LINE#         316
  C:3BD1H         LINE#         317
  C:3BD1H         LINE#         318
  C:3BD7H         LINE#         319
  C:3BDCH         LINE#         321
  C:3BDCH         LINE#         322
  C:3BEFH         LINE#         323
  C:3C24H         LINE#         324
  C:3C2EH         LINE#         326
  C:3C36H         LINE#         327
  C:3C3EH         LINE#         329
  C:3C4FH         LINE#         331
  C:3C61H         LINE#         332
  C:3C61H         LINE#         333
  C:3C6BH         LINE#         334
  C:3C7CH         LINE#         335
  C:3C7CH         LINE#         336
  C:3C7CH         LINE#         337
  C:3C7CH         LINE#         338
  C:3C7FH         LINE#         340
  C:3C7FH         LINE#         341
  C:3C84H         LINE#         343
  C:3C97H         LINE#         345
BL51 BANKED LINKER/LOCATER V6.22                                                      06/15/2015  21:26:24  PAGE 17


  C:3CD1H         LINE#         346
  C:3CDBH         LINE#         347
  C:3CEEH         LINE#         349
  C:3CFEH         LINE#         350
  C:3CFEH         LINE#         351
  C:3D09H         LINE#         352
  C:3D15H         LINE#         353
  C:3D1CH         LINE#         354
  C:3D1CH         LINE#         355
  C:3D1CH         LINE#         356
  C:3D1FH         LINE#         357
  -------         ENDPROC       _SHOW_STR
  -------         ENDMOD        W25QXX

  -------         MODULE        HX8347D
  C:0000H         SYMBOL        _ICE_DUMMY_
  D:0080H         PUBLIC        P0
  D:0090H         PUBLIC        P1
  X:018DH         PUBLIC        LCD_id
  D:00A0H         PUBLIC        P2
  D:00B0H         PUBLIC        P3
  D:00A8H         PUBLIC        IE
  D:00B8H         PUBLIC        IP
  C:1A8EH         PUBLIC        asc2_1608
  C:593FH         PUBLIC        _LCD_WR_REG
  C:4EE9H         PUBLIC        _LCD_Clear
  C:596DH         SYMBOL        _LCD_WriteRAM
  D:00D8H         PUBLIC        CCON
  C:4560H         PUBLIC        _show_picture
  C:384BH         PUBLIC        LCD_Initializtion
  D:0098H         PUBLIC        SCON
  C:2961H         PUBLIC        _LCD_DrawEBox
  D:0088H         PUBLIC        TCON
  C:48C3H         PUBLIC        _PutChar
  B:0090H.4       PUBLIC        LCD_CS
  C:31AFH         PUBLIC        _LCD_DrawLine
  C:568CH         SYMBOL        _delay_ms
  C:58CAH         SYMBOL        LCD_WriteRAM_Prepare
  C:5868H         PUBLIC        _LCD_WR_DATA
  B:0090H.5       PUBLIC        LCD_RS
  B:0090H.6       PUBLIC        LCD_WR
  C:5925H         SYMBOL        _LCD_WriteReg
  C:55BFH         SYMBOL        _LCD_SetCursor
  C:4E33H         PUBLIC        _GUI_Text
  C:4BC6H         PUBLIC        _LCD_DrawBox
  C:538EH         PUBLIC        _LCD_SetPoint
  B:00A0H.4       PUBLIC        W25Qxx_CS
  D:00D0H         PUBLIC        PSW
  -------         PROC          _LCD_WR_REG
  D:0007H         SYMBOL        dat
  C:593FH         LINE#         13
  C:593FH         LINE#         14
  C:593FH         LINE#         15
  C:5941H         LINE#         16
  C:5943H         LINE#         17
  C:5945H         LINE#         18
  C:5947H         LINE#         19
BL51 BANKED LINKER/LOCATER V6.22                                                      06/15/2015  21:26:24  PAGE 18


  C:5949H         LINE#         20
  C:594BH         LINE#         21
  -------         ENDPROC       _LCD_WR_REG
  -------         PROC          L?0111
  -------         ENDPROC       L?0111
  -------         PROC          _LCD_WR_DATA
  D:0006H         SYMBOL        dat
  C:5868H         LINE#         23
  C:5868H         LINE#         24
  C:5868H         LINE#         25
  C:586AH         LINE#         26
  C:586CH         LINE#         27
  C:586EH         LINE#         28
  C:5870H         LINE#         29
  C:5872H         LINE#         30
  C:5874H         LINE#         31
  -------         ENDPROC       _LCD_WR_DATA
  -------         PROC          L?0113
  -------         ENDPROC       L?0113
  -------         PROC          _LCD_WRITEREG
  D:0007H         SYMBOL        LCD_Reg
  D:0004H         SYMBOL        LCD_RegValue
  C:5925H         LINE#         42
  C:5925H         LINE#         43
  C:5925H         LINE#         44
  C:5928H         LINE#         45
  -------         ENDPROC       _LCD_WRITEREG
  C:58C2H         SYMBOL        L?0108
  -------         PROC          L?0107
  -------         ENDPROC       L?0107
  C:58C2H         SYMBOL        L?0108
  -------         PROC          LCD_WRITERAM_PREPARE
  C:58CAH         LINE#         57
  C:58CAH         LINE#         58
  C:58CAH         LINE#         59
  -------         ENDPROC       LCD_WRITERAM_PREPARE
  -------         PROC          _LCD_WRITERAM
  D:0006H         SYMBOL        RGB_Code
  C:596DH         LINE#         70
  C:596DH         LINE#         71
  C:596DH         LINE#         73
  -------         ENDPROC       _LCD_WRITERAM
  -------         PROC          L?0112
  -------         ENDPROC       L?0112
  -------         PROC          _LCD_SETCURSOR
  D:0082H         SYMBOL        Xpos
  D:0002H         SYMBOL        Ypos
  C:55BFH         LINE#         86
  C:55C7H         LINE#         87
  C:55C7H         LINE#         99
  C:55D1H         LINE#         100
  C:55DBH         LINE#         101
  C:55E4H         LINE#         102
  -------         ENDPROC       _LCD_SETCURSOR
  C:5681H         SYMBOL        L?0110
  -------         PROC          L?0109
  -------         ENDPROC       L?0109
BL51 BANKED LINKER/LOCATER V6.22                                                      06/15/2015  21:26:24  PAGE 19


  C:5681H         SYMBOL        L?0110
  -------         PROC          _DELAY_MS
  D:0006H         SYMBOL        ms
  -------         DO            
  D:0004H         SYMBOL        i
  D:0002H         SYMBOL        j
  -------         ENDDO         
  C:568CH         LINE#         114
  C:568CH         LINE#         115
  C:568CH         LINE#         117
  C:5696H         LINE#         118
  C:5696H         LINE#         119
  C:56A4H         LINE#         120
  C:56ABH         LINE#         121
  -------         ENDPROC       _DELAY_MS
  -------         PROC          LCD_INITIALIZTION
  -------         DO            
  D:0082H         SYMBOL        DeviceCode
  -------         ENDDO         
  C:384BH         LINE#         131
  C:384BH         LINE#         132
  C:384BH         LINE#         133
  C:384BH         LINE#         136
  C:3852H         LINE#         137
  C:385BH         LINE#         138
  C:3861H         LINE#         141
  C:3864H         LINE#         142
  C:3869H         LINE#         144
  C:3874H         LINE#         145
  C:3874H         LINE#         149
  C:387BH         LINE#         150
  C:3882H         LINE#         151
  C:3889H         LINE#         152
  C:3890H         LINE#         153
  C:3897H         LINE#         155
  C:389EH         LINE#         156
  C:38A5H         LINE#         157
  C:38ACH         LINE#         158
  C:38B3H         LINE#         160
  C:38B9H         LINE#         161
  C:38BEH         LINE#         162
  C:38C4H         LINE#         163
  C:38CBH         LINE#         164
  C:38D2H         LINE#         165
  C:38D9H         LINE#         166
  C:38E0H         LINE#         167
  C:38E7H         LINE#         168
  C:38EEH         LINE#         169
  C:38F5H         LINE#         170
  C:38FCH         LINE#         171
  C:3901H         LINE#         172
  C:3908H         LINE#         174
  C:390FH         LINE#         175
  C:3916H         LINE#         176
  C:391DH         LINE#         177
  C:3924H         LINE#         178
  C:392AH         LINE#         179
BL51 BANKED LINKER/LOCATER V6.22                                                      06/15/2015  21:26:24  PAGE 20


  C:392FH         LINE#         180
  C:3936H         LINE#         181
  C:393DH         LINE#         182
  C:3944H         LINE#         183
  C:394BH         LINE#         184
  C:3950H         LINE#         185
  C:3957H         LINE#         186
  C:395EH         LINE#         187
  C:3965H         LINE#         190
  C:396CH         LINE#         191
  C:3973H         LINE#         192
  C:397AH         LINE#         193
  C:3981H         LINE#         194
  C:3988H         LINE#         197
  C:398CH         LINE#         198
  C:398FH         LINE#         199
  C:3996H         LINE#         200
  C:399CH         LINE#         201
  C:399EH         LINE#         202
  C:39A1H         LINE#         203
  C:39A3H         LINE#         204
  C:39A6H         LINE#         205
  C:39A8H         LINE#         206
  C:39ABH         LINE#         208
  C:39B4H         LINE#         210
  C:39BBH         LINE#         211
  C:39C2H         LINE#         212
  C:39C8H         LINE#         213
  C:39CFH         LINE#         218
  C:39D6H         LINE#         219
  C:39DBH         LINE#         220
  C:39E0H         LINE#         221
  C:39E7H         LINE#         222
  C:39EDH         LINE#         223
  C:39F2H         LINE#         224
  C:39F8H         LINE#         225
  C:39FCH         LINE#         228
  C:39FFH         LINE#         230
  C:39FFH         LINE#         232
  -------         ENDPROC       LCD_INITIALIZTION
  -------         PROC          _LCD_CLEAR
  X:0021H         SYMBOL        Color
  -------         DO            
  X:0023H         SYMBOL        index
  X:0027H         SYMBOL        i
  -------         ENDDO         
  C:4EE9H         LINE#         245
  C:4EF1H         LINE#         246
  C:4EF1H         LINE#         247
  C:4EF9H         LINE#         248
  C:4F01H         LINE#         249
  C:4F04H         LINE#         251
  C:4F29H         LINE#         252
  C:4F29H         LINE#         253
  C:4F4DH         LINE#         254
  C:4F4DH         LINE#         255
  C:4F50H         LINE#         256
BL51 BANKED LINKER/LOCATER V6.22                                                      06/15/2015  21:26:24  PAGE 21


  C:4F53H         LINE#         257
  C:4F74H         LINE#         258
  C:4F96H         LINE#         259
  -------         ENDPROC       _LCD_CLEAR
  C:5378H         SYMBOL        L?0104
  C:5380H         SYMBOL        L?0105
  C:5386H         SYMBOL        L?0106
  -------         PROC          L?0103
  -------         ENDPROC       L?0103
  C:5378H         SYMBOL        L?0104
  C:5380H         SYMBOL        L?0105
  C:5386H         SYMBOL        L?0106
  -------         PROC          _LCD_SETPOINT
  X:0137H         SYMBOL        Xpos
  D:0004H         SYMBOL        Ypos
  X:0139H         SYMBOL        point
  C:538EH         LINE#         293
  C:539EH         LINE#         294
  C:539EH         LINE#         295
  C:53AFH         LINE#         296
  C:53AFH         LINE#         298
  C:53AFH         LINE#         299
  C:53B2H         LINE#         300
  C:53B5H         LINE#         301
  C:53BFH         LINE#         302
  C:53C7H         LINE#         303
  -------         ENDPROC       _LCD_SETPOINT
  -------         PROC          _LCD_DRAWLINE
  X:0027H         SYMBOL        x0
  X:0029H         SYMBOL        y0
  X:002BH         SYMBOL        x1
  X:002DH         SYMBOL        y1
  X:002FH         SYMBOL        color
  -------         DO            
  X:0031H         SYMBOL        dx
  X:0033H         SYMBOL        dy
  X:0035H         SYMBOL        temp
  -------         ENDDO         
  C:31AFH         LINE#         317
  C:31C7H         LINE#         318
  C:31C7H         LINE#         322
  C:31CEH         LINE#         323
  C:31CEH         LINE#         324
  C:31DEH         LINE#         325
  C:31EDH         LINE#         326
  C:31F5H         LINE#         327
  C:31F5H         LINE#         328
  C:320BH         LINE#         329
  C:320BH         LINE#         330
  C:3213H         LINE#         331
  C:321BH         LINE#         332
  C:3223H         LINE#         333
  C:3223H         LINE#         335
  C:3240H         LINE#         336
  C:325BH         LINE#         338
  C:325FH         LINE#         339
  C:325FH         LINE#         341
BL51 BANKED LINKER/LOCATER V6.22                                                      06/15/2015  21:26:24  PAGE 22


  C:325FH         LINE#         342
  C:3262H         LINE#         343
  C:3270H         LINE#         344
  C:3270H         LINE#         345
  C:3286H         LINE#         347
  C:3286H         LINE#         348
  C:3290H         LINE#         349
  C:3290H         LINE#         351
  C:3290H         LINE#         352
  C:3293H         LINE#         353
  C:32A1H         LINE#         354
  C:32A1H         LINE#         355
  C:32B7H         LINE#         357
  C:32B7H         LINE#         359
  C:32D6H         LINE#         360
  C:32D6H         LINE#         361
  C:32EAH         LINE#         362
  C:3304H         LINE#         363
  C:3304H         LINE#         364
  C:3307H         LINE#         365
  C:3315H         LINE#         366
  C:3326H         LINE#         367
  C:3326H         LINE#         368
  C:3334H         LINE#         369
  C:3354H         LINE#         370
  C:3356H         LINE#         372
  C:3356H         LINE#         373
  C:336FH         LINE#         374
  C:336FH         LINE#         375
  C:3372H         LINE#         379
  C:3372H         LINE#         380
  C:3392H         LINE#         381
  C:33A9H         LINE#         382
  C:33A9H         LINE#         383
  C:33B4H         LINE#         384
  C:33C2H         LINE#         385
  C:33D3H         LINE#         386
  C:33D3H         LINE#         387
  C:33E1H         LINE#         388
  C:3401H         LINE#         389
  C:3403H         LINE#         391
  C:3403H         LINE#         392
  C:341CH         LINE#         393
  C:341CH         LINE#         394
  C:341FH         LINE#         395
  C:3422H         LINE#         396
  C:3422H         LINE#         397
  -------         ENDPROC       _LCD_DRAWLINE
  -------         PROC          _PUTCHAR
  X:003EH         SYMBOL        x
  X:0040H         SYMBOL        y
  X:0042H         SYMBOL        num
  X:0043H         SYMBOL        p_color
  X:0045H         SYMBOL        b_color
  -------         DO            
  X:0047H         SYMBOL        temp
  X:0048H         SYMBOL        t1
BL51 BANKED LINKER/LOCATER V6.22                                                      06/15/2015  21:26:24  PAGE 23


  D:0001H         SYMBOL        t
  X:0049H         SYMBOL        y0
  -------         ENDDO         
  C:48C3H         LINE#         412
  C:48D8H         LINE#         413
  C:48D8H         LINE#         416
  C:48E0H         LINE#         417
  C:48E7H         LINE#         420
  C:48E9H         LINE#         421
  C:48E9H         LINE#         422
  C:490BH         LINE#         423
  C:490EH         LINE#         424
  C:490EH         LINE#         425
  C:4915H         LINE#         426
  C:492DH         LINE#         428
  C:494FH         LINE#         430
  C:4956H         LINE#         431
  C:4964H         LINE#         432
  C:4973H         LINE#         434
  C:498EH         LINE#         435
  C:498EH         LINE#         436
  C:4993H         LINE#         437
  C:49A1H         LINE#         438
  C:49B1H         LINE#         440
  C:49B1H         LINE#         441
  C:49C0H         LINE#         442
  C:49C9H         LINE#         443
  -------         ENDPROC       _PUTCHAR
  -------         PROC          _GUI_TEXT
  X:000CH         SYMBOL        Xpos
  X:000EH         SYMBOL        Ypos
  X:0010H         SYMBOL        str
  X:0013H         SYMBOL        Color
  X:0015H         SYMBOL        bkColor
  -------         DO            
  D:0003H         SYMBOL        TempChar
  -------         ENDDO         
  C:4E33H         LINE#         457
  C:4E4AH         LINE#         458
  C:4E4AH         LINE#         461
  C:4E4AH         LINE#         462
  C:4E5EH         LINE#         463
  C:4E8FH         LINE#         464
  C:4E9EH         LINE#         465
  C:4E9EH         LINE#         466
  C:4EA6H         LINE#         467
  C:4EA8H         LINE#         468
  C:4EBBH         LINE#         469
  C:4EBBH         LINE#         470
  C:4EBEH         LINE#         471
  C:4ECCH         LINE#         472
  C:4ECEH         LINE#         474
  C:4ECEH         LINE#         475
  C:4ED1H         LINE#         476
  C:4ED5H         LINE#         477
  C:4ED5H         LINE#         478
  C:4ED5H         LINE#         479
BL51 BANKED LINKER/LOCATER V6.22                                                      06/15/2015  21:26:24  PAGE 24


  C:4EE8H         LINE#         480
  -------         ENDPROC       _GUI_TEXT
  -------         PROC          _SHOW_PICTURE
  X:0002H         SYMBOL        x
  X:0004H         SYMBOL        y
  X:0006H         SYMBOL        width
  X:0008H         SYMBOL        high
  X:000AH         SYMBOL        ReadAddr
  -------         DO            
  X:000EH         SYMBOL        temp1
  X:000FH         SYMBOL        temp2
  X:0010H         SYMBOL        i
  X:0014H         SYMBOL        j
  -------         ENDDO         
  C:4560H         LINE#         486
  C:4574H         LINE#         487
  C:4574H         LINE#         488
  C:457BH         LINE#         489
  C:4585H         LINE#         490
  C:458BH         LINE#         491
  C:458EH         LINE#         492
  C:4590H         LINE#         493
  C:4595H         LINE#         494
  C:45ABH         LINE#         495
  C:45C1H         LINE#         496
  C:45CCH         LINE#         497
  C:45F8H         LINE#         498
  C:45F8H         LINE#         499
  C:4621H         LINE#         500
  C:4621H         LINE#         501
  C:4629H         LINE#         502
  C:4631H         LINE#         503
  C:4636H         LINE#         504
  C:463CH         LINE#         505
  C:465DH         LINE#         506
  C:4674H         LINE#         507
  C:4677H         LINE#         508
  C:4699H         LINE#         509
  C:469BH         LINE#         510
  -------         ENDPROC       _SHOW_PICTURE
  -------         PROC          _LCD_DRAWBOX
  X:0011H         SYMBOL        x
  X:0013H         SYMBOL        y
  X:0015H         SYMBOL        width
  X:0017H         SYMBOL        high
  X:0019H         SYMBOL        color
  -------         DO            
  X:001BH         SYMBOL        i
  X:001FH         SYMBOL        j
  -------         ENDDO         
  C:4BC6H         LINE#         517
  C:4BDAH         LINE#         518
  C:4BDAH         LINE#         519
  C:4BE4H         LINE#         520
  C:4BEAH         LINE#         521
  C:4BEDH         LINE#         522
  C:4C19H         LINE#         523
BL51 BANKED LINKER/LOCATER V6.22                                                      06/15/2015  21:26:24  PAGE 25


  C:4C19H         LINE#         524
  C:4C42H         LINE#         525
  C:4C42H         LINE#         526
  C:4C45H         LINE#         527
  C:4C48H         LINE#         528
  C:4C69H         LINE#         529
  C:4C80H         LINE#         530
  C:4C83H         LINE#         531
  C:4CA5H         LINE#         533
  -------         ENDPROC       _LCD_DRAWBOX
  -------         PROC          _LCD_DRAWEBOX
  X:000CH         SYMBOL        x
  X:000EH         SYMBOL        y
  X:0010H         SYMBOL        width
  X:0012H         SYMBOL        high
  X:0014H         SYMBOL        color
  C:2961H         LINE#         540
  C:2977H         LINE#         541
  C:2977H         LINE#         542
  C:29B0H         LINE#         543
  C:2A12H         LINE#         544
  C:2A57H         LINE#         545
  C:2AB0H         LINE#         546
  C:2B0CH         LINE#         547
  C:2B8AH         LINE#         548
  C:2BDDH         LINE#         549
  -------         ENDPROC       _LCD_DRAWEBOX
  -------         ENDMOD        HX8347D

  -------         MODULE        TOUCH
  C:0000H         SYMBOL        _ICE_DUMMY_
  D:0080H         PUBLIC        P0
  D:0090H         PUBLIC        P1
  D:00A0H         PUBLIC        P2
  X:0150H         PUBLIC        tp_dev
  C:5842H         PUBLIC        _TP_Write_Byte
  C:4ACFH         PUBLIC        _TP_Scan
  D:00A8H         PUBLIC        IE
  C:53C8H         PUBLIC        _TP_Read_XY
  D:00B8H         PUBLIC        IP
  C:57D1H         PUBLIC        TP_Init
  X:016FH         PUBLIC        CMD_RDX
  D:00D8H         PUBLIC        CCON
  X:0170H         PUBLIC        CMD_RDY
  B:0080H.1       PUBLIC        TCLK
  B:0080H.2       PUBLIC        TDIN
  D:0098H         PUBLIC        SCON
  D:0088H         PUBLIC        TCON
  B:0080H.3       PUBLIC        DOUT
  C:000EH         PUBLIC        TP_Default_Adj
  C:42EEH         PUBLIC        _TP_Read_XY2
  C:57B4H         SYMBOL        _delay_us
  B:00A0H.5       PUBLIC        PEN
  C:3A06H         PUBLIC        _TP_Read_XOY
  C:5417H         PUBLIC        _TP_Read_AD
  B:00A0H.6       PUBLIC        TCS
  C:1214H         PUBLIC        TP_Adjust
BL51 BANKED LINKER/LOCATER V6.22                                                      06/15/2015  21:26:24  PAGE 26


  C:5204H         PUBLIC        _TP_Draw_Big_Point
  C:4430H         PUBLIC        _TP_Drow_Touch_Point
  D:00D0H         PUBLIC        PSW
  -------         PROC          _DELAY_US
  D:0006H         SYMBOL        us
  -------         DO            
  D:0004H         SYMBOL        i
  -------         ENDDO         
  C:57B4H         LINE#         31
  C:57B4H         LINE#         32
  C:57B4H         LINE#         34
  C:57BFH         LINE#         35
  C:57D0H         LINE#         36
  -------         ENDPROC       _DELAY_US
  -------         PROC          _TP_WRITE_BYTE
  D:0007H         SYMBOL        num
  -------         DO            
  D:0006H         SYMBOL        count
  -------         ENDDO         
  C:5842H         LINE#         42
  C:5842H         LINE#         43
  C:5842H         LINE#         44
  C:5844H         LINE#         45
  C:5844H         LINE#         46
  C:5844H         LINE#         47
  C:584CH         LINE#         48
  C:584EH         LINE#         49
  C:5852H         LINE#         50
  C:5854H         LINE#         51
  C:5856H         LINE#         52
  C:585BH         LINE#         53
  -------         ENDPROC       _TP_WRITE_BYTE
  -------         PROC          _TP_READ_AD
  D:0007H         SYMBOL        CMD
  -------         DO            
  D:0005H         SYMBOL        count
  D:0002H         SYMBOL        Num
  -------         ENDDO         
  C:5417H         LINE#         60
  C:5417H         LINE#         61
  C:5417H         LINE#         62
  C:5419H         LINE#         63
  C:541BH         LINE#         64
  C:541DH         LINE#         65
  C:541FH         LINE#         66
  C:5421H         LINE#         67
  C:5424H         LINE#         68
  C:542BH         LINE#         69
  C:542DH         LINE#         70
  C:5434H         LINE#         71
  C:5436H         LINE#         72
  C:5438H         LINE#         73
  C:543AH         LINE#         74
  C:543AH         LINE#         75
  C:5441H         LINE#         76
  C:5443H         LINE#         77
  C:5445H         LINE#         78
BL51 BANKED LINKER/LOCATER V6.22                                                      06/15/2015  21:26:24  PAGE 27


  C:544DH         LINE#         79
  C:5452H         LINE#         80
  C:545FH         LINE#         81
  C:5461H         LINE#         82
  C:5464H         LINE#         83
  -------         ENDPROC       _TP_READ_AD
  -------         PROC          _TP_READ_XOY
  D:0001H         SYMBOL        xy
  -------         DO            
  X:0028H         SYMBOL        i
  D:0004H         SYMBOL        j
  X:002AH         SYMBOL        buf
  X:0034H         SYMBOL        sum
  X:0036H         SYMBOL        temp
  -------         ENDDO         
  C:3A06H         LINE#         93
  C:3A08H         LINE#         94
  C:3A08H         LINE#         97
  C:3A0FH         LINE#         99
  C:3A57H         LINE#         100
  C:3A71H         LINE#         101
  C:3A71H         LINE#         102
  C:3A86H         LINE#         103
  C:3A86H         LINE#         104
  C:3ABEH         LINE#         105
  C:3ABEH         LINE#         106
  C:3AC6H         LINE#         107
  C:3AF8H         LINE#         108
  C:3B16H         LINE#         109
  C:3B16H         LINE#         110
  C:3B1EH         LINE#         111
  C:3B32H         LINE#         112
  C:3B39H         LINE#         113
  C:3B82H         LINE#         114
  C:3B97H         LINE#         115
  C:3B97H         LINE#         116
  -------         ENDPROC       _TP_READ_XOY
  -------         PROC          _TP_READ_XY
  X:0020H         SYMBOL        x
  X:0023H         SYMBOL        y
  -------         DO            
  X:0026H         SYMBOL        xtemp
  D:0006H         SYMBOL        ytemp
  -------         ENDDO         
  C:53C8H         LINE#         121
  C:53D3H         LINE#         122
  C:53D3H         LINE#         124
  C:53E3H         LINE#         125
  C:53EBH         LINE#         127
  C:5403H         LINE#         128
  C:5414H         LINE#         129
  C:5416H         LINE#         130
  -------         ENDPROC       _TP_READ_XY
  -------         PROC          L?0091
  -------         ENDPROC       L?0091
  -------         PROC          _TP_READ_XY2
  X:0012H         SYMBOL        x
BL51 BANKED LINKER/LOCATER V6.22                                                      06/15/2015  21:26:24  PAGE 28


  X:0015H         SYMBOL        y
  -------         DO            
  X:0018H         SYMBOL        x1
  X:001AH         SYMBOL        y1
  X:001CH         SYMBOL        x2
  X:001EH         SYMBOL        y2
  D:0007H         SYMBOL        flag
  -------         ENDDO         
  C:42EEH         LINE#         137
  C:42F9H         LINE#         138
  C:42F9H         LINE#         142
  C:4310H         LINE#         143
  C:4315H         LINE#         144
  C:432CH         LINE#         145
  C:4331H         LINE#         146
  C:43C7H         LINE#         148
  C:43C7H         LINE#         149
  C:43F0H         LINE#         150
  C:4419H         LINE#         151
  C:441CH         LINE#         152
  C:441EH         LINE#         153
  -------         ENDPROC       _TP_READ_XY2
  C:441FH         SYMBOL        L?0089
  C:4428H         SYMBOL        L?0090
  -------         PROC          L?0088
  -------         ENDPROC       L?0088
  C:441FH         SYMBOL        L?0089
  C:4428H         SYMBOL        L?0090
  -------         PROC          _TP_DROW_TOUCH_POINT
  X:0021H         SYMBOL        x
  X:0023H         SYMBOL        y
  X:0025H         SYMBOL        color
  C:4430H         LINE#         161
  C:4448H         LINE#         162
  C:4448H         LINE#         163
  C:4481H         LINE#         164
  C:44C4H         LINE#         165
  C:44EBH         LINE#         166
  C:4512H         LINE#         167
  C:4539H         LINE#         168
  -------         ENDPROC       _TP_DROW_TOUCH_POINT
  -------         PROC          _TP_DRAW_BIG_POINT
  X:0004H         SYMBOL        x
  X:0006H         SYMBOL        y
  X:0008H         SYMBOL        color
  C:5204H         LINE#         173
  C:5218H         LINE#         174
  C:5218H         LINE#         175
  C:521BH         LINE#         176
  C:523AH         LINE#         177
  C:525BH         LINE#         178
  -------         ENDPROC       _TP_DRAW_BIG_POINT
  -------         PROC          _TP_SCAN
  D:0007H         SYMBOL        tp
  C:4ACFH         LINE#         186
  C:4ACFH         LINE#         187
  C:4ACFH         LINE#         188
BL51 BANKED LINKER/LOCATER V6.22                                                      06/15/2015  21:26:24  PAGE 29


  C:4AD5H         LINE#         189
  C:4AD5H         LINE#         190
  C:4ADEH         LINE#         191
  C:4AE7H         LINE#         192
  C:4AE7H         LINE#         193
  C:4B2EH         LINE#         194
  C:4B73H         LINE#         195
  C:4B73H         LINE#         196
  C:4B7AH         LINE#         197
  C:4B7AH         LINE#         198
  C:4B7DH         LINE#         199
  C:4B8CH         LINE#         200
  C:4B9BH         LINE#         201
  C:4B9BH         LINE#         202
  C:4B9DH         LINE#         203
  C:4B9DH         LINE#         204
  C:4BA4H         LINE#         205
  C:4BA4H         LINE#         206
  C:4BA7H         LINE#         207
  C:4BA9H         LINE#         208
  C:4BA9H         LINE#         209
  C:4BB0H         LINE#         210
  C:4BB4H         LINE#         211
  C:4BBAH         LINE#         212
  C:4BBEH         LINE#         213
  C:4BBEH         LINE#         214
  C:4BBEH         LINE#         215
  C:4BC5H         LINE#         216
  -------         ENDPROC       _TP_SCAN
  -------         PROC          TP_ADJUST
  -------         DO            
  X:0000H         SYMBOL        pos_temp
  X:0010H         SYMBOL        cnt
  X:0011H         SYMBOL        d1
  X:0013H         SYMBOL        d2
  X:0015H         SYMBOL        tem1
  X:0019H         SYMBOL        tem2
  X:001DH         SYMBOL        fac
  -------         ENDDO         
  C:1214H         LINE#         221
  C:1214H         LINE#         222
  C:1214H         LINE#         224
  C:1219H         LINE#         228
  C:121AH         LINE#         229
  C:1221H         LINE#         231
  C:1230H         LINE#         232
  C:1235H         LINE#         233
  C:123DH         LINE#         234
  C:123DH         LINE#         235
  C:123DH         LINE#         236
  C:124EH         LINE#         237
  C:1259H         LINE#         238
  C:1259H         LINE#         239
  C:125DH         LINE#         240
  C:127CH         LINE#         241
  C:1297H         LINE#         242
  C:129DH         LINE#         243
BL51 BANKED LINKER/LOCATER V6.22                                                      06/15/2015  21:26:24  PAGE 30


  C:12ACH         LINE#         244
  C:12ACH         LINE#         245
  C:12ACH         LINE#         246
  C:12BBH         LINE#         247
  C:12C3H         LINE#         248
  C:12C5H         LINE#         249
  C:12C5H         LINE#         250
  C:12CCH         LINE#         251
  C:12D4H         LINE#         252
  C:12D7H         LINE#         253
  C:12D7H         LINE#         254
  C:12E6H         LINE#         255
  C:12F2H         LINE#         256
  C:12F5H         LINE#         257
  C:12F5H         LINE#         259
  C:1319H         LINE#         260
  C:133DH         LINE#         261
  C:135BH         LINE#         262
  C:1379H         LINE#         263
  C:13B1H         LINE#         265
  C:13D5H         LINE#         266
  C:13F9H         LINE#         267
  C:1417H         LINE#         268
  C:1435H         LINE#         269
  C:146DH         LINE#         270
  C:14A6H         LINE#         271
  C:14F2H         LINE#         272
  C:14F2H         LINE#         273
  C:14F2H         LINE#         274
  C:14F5H         LINE#         275
  C:1501H         LINE#         276
  C:1504H         LINE#         277
  C:1504H         LINE#         278
  C:1528H         LINE#         279
  C:154CH         LINE#         280
  C:156AH         LINE#         281
  C:1588H         LINE#         282
  C:15C0H         LINE#         284
  C:15E4H         LINE#         285
  C:1608H         LINE#         286
  C:1626H         LINE#         287
  C:1644H         LINE#         288
  C:167CH         LINE#         289
  C:16B5H         LINE#         290
  C:16EDH         LINE#         291
  C:16EDH         LINE#         292
  C:16EDH         LINE#         293
  C:16F0H         LINE#         294
  C:16FCH         LINE#         295
  C:16FFH         LINE#         296
  C:16FFH         LINE#         298
  C:1723H         LINE#         299
  C:1747H         LINE#         300
  C:1765H         LINE#         301
  C:1783H         LINE#         302
  C:17BBH         LINE#         304
  C:17DFH         LINE#         305
BL51 BANKED LINKER/LOCATER V6.22                                                      06/15/2015  21:26:24  PAGE 31


  C:1803H         LINE#         306
  C:1821H         LINE#         307
  C:183FH         LINE#         308
  C:1877H         LINE#         309
  C:18B0H         LINE#         310
  C:18E8H         LINE#         311
  C:18E8H         LINE#         312
  C:18E8H         LINE#         313
  C:18EBH         LINE#         314
  C:18FAH         LINE#         315
  C:18FDH         LINE#         316
  C:18FDH         LINE#         318
  C:192EH         LINE#         319
  C:197DH         LINE#         321
  C:19AEH         LINE#         322
  C:19FDH         LINE#         323
  C:1A3BH         LINE#         324
  C:1A3BH         LINE#         325
  C:1A3BH         LINE#         326
  C:1A3EH         LINE#         327
  C:1A4DH         LINE#         328
  C:1A5EH         LINE#         329
  C:1A60H         LINE#         330
  C:1A60H         LINE#         331
  C:1A64H         LINE#         332
  C:1A68H         LINE#         333
  C:1A6BH         LINE#         334
  C:1A6BH         LINE#         335
  C:1A71H         LINE#         336
  C:1A75H         LINE#         337
  C:1A75H         LINE#         338
  C:1A78H         LINE#         339
  C:1A78H         LINE#         340
  C:1A7FH         LINE#         342
  C:1A86H         LINE#         343
  C:1A8DH         LINE#         345
  C:1A8DH         LINE#         346
  C:1A8DH         LINE#         347
  C:1A8DH         LINE#         348
  -------         ENDPROC       TP_ADJUST
  -------         PROC          TP_DEFAULT_ADJ
  C:000EH         LINE#         351
  C:000EH         LINE#         352
  C:000EH         LINE#         363
  C:0014H         LINE#         364
  C:0018H         LINE#         365
  C:0022H         LINE#         366
  C:002CH         LINE#         367
  C:0036H         LINE#         368
  C:0040H         LINE#         370
  -------         ENDPROC       TP_DEFAULT_ADJ
  -------         PROC          TP_INIT
  C:57D1H         LINE#         372
  C:57D1H         LINE#         373
  C:57D1H         LINE#         375
  C:57E8H         LINE#         377
  C:57EBH         LINE#         378
BL51 BANKED LINKER/LOCATER V6.22                                                      06/15/2015  21:26:24  PAGE 32


  C:57EDH         LINE#         379
  -------         ENDPROC       TP_INIT
  -------         ENDMOD        TOUCH

  -------         MODULE        DS1302
  C:0000H         SYMBOL        _ICE_DUMMY_
  D:0080H         PUBLIC        P0
  D:00A0H         PUBLIC        P2
  C:5884H         PUBLIC        Delay1ms
  B:00A0H.7       PUBLIC        CE
  D:00A8H         PUBLIC        IE
  D:00B8H         PUBLIC        IP
  D:00D8H         PUBLIC        CCON
  B:0080H.1       PUBLIC        SCLK
  D:0098H         PUBLIC        SCON
  D:0088H         PUBLIC        TCON
  C:54AEH         PUBLIC        _Read1302
  C:5043H         PUBLIC        _Ds1302_Read_Time
  C:5578H         PUBLIC        _Write1302
  B:0080H.3       PUBLIC        DIO
  C:4CA6H         PUBLIC        _Ds1302_Write_Time
  C:58B1H         PUBLIC        delay40us
  C:469CH         PUBLIC        _gettime
  C:590CH         PUBLIC        Ds1302_Init
  D:00D0H         PUBLIC        PSW
  C:587FH         SYMBOL        L?0037
  -------         PROC          L?0036
  -------         ENDPROC       L?0036
  C:587FH         SYMBOL        L?0037
  -------         PROC          DELAY1MS
  -------         DO            
  D:0007H         SYMBOL        i
  D:0006H         SYMBOL        j
  -------         ENDDO         
  C:5884H         LINE#         3
  C:5884H         LINE#         4
  C:5884H         LINE#         7
  C:5886H         LINE#         8
  C:5888H         LINE#         10
  C:5888H         LINE#         11
  C:588AH         LINE#         12
  C:588CH         LINE#         13
  -------         ENDPROC       DELAY1MS
  -------         PROC          _GETTIME
  X:000CH         SYMBOL        buf
  -------         DO            
  X:000FH         SYMBOL        temp
  -------         ENDDO         
  C:469CH         LINE#         15
  C:46A7H         LINE#         16
  C:46A7H         LINE#         18
  C:46B0H         LINE#         19
  C:46C0H         LINE#         20
  C:46D3H         LINE#         21
  C:46E3H         LINE#         22
  C:46EEH         LINE#         23
  C:46F6H         LINE#         24
BL51 BANKED LINKER/LOCATER V6.22                                                      06/15/2015  21:26:24  PAGE 33


  C:4706H         LINE#         25
  C:4711H         LINE#         26
  C:4719H         LINE#         27
  C:4729H         LINE#         28
  C:4734H         LINE#         29
  C:473CH         LINE#         30
  C:474CH         LINE#         31
  C:4757H         LINE#         32
  C:475FH         LINE#         33
  C:476FH         LINE#         34
  C:477AH         LINE#         35
  C:4782H         LINE#         36
  C:4792H         LINE#         37
  C:479DH         LINE#         38
  C:47A5H         LINE#         39
  C:47B3H         LINE#         40
  -------         ENDPROC       _GETTIME
  C:58A5H         SYMBOL        L?0034
  C:58ACH         SYMBOL        L?0035
  -------         PROC          L?0033
  -------         ENDPROC       L?0033
  C:58A5H         SYMBOL        L?0034
  C:58ACH         SYMBOL        L?0035
  -------         PROC          DELAY40US
  -------         DO            
  D:0007H         SYMBOL        i
  D:0006H         SYMBOL        j
  -------         ENDDO         
  C:58B1H         LINE#         42
  C:58B1H         LINE#         43
  C:58B1H         LINE#         46
  C:58B3H         LINE#         47
  C:58B5H         LINE#         49
  C:58B5H         LINE#         50
  C:58B7H         LINE#         51
  C:58B9H         LINE#         52
  -------         ENDPROC       DELAY40US
  -------         PROC          _WRITE1302
  D:0003H         SYMBOL        addr
  D:0005H         SYMBOL        dat
  -------         DO            
  D:0002H         SYMBOL        i
  D:0001H         SYMBOL        temp
  -------         ENDDO         
  C:5578H         LINE#         56
  C:557AH         LINE#         57
  C:557AH         LINE#         59
  C:557CH         LINE#         60
  C:557FH         LINE#         61
  C:5581H         LINE#         62
  C:5584H         LINE#         63
  C:5586H         LINE#         64
  C:5589H         LINE#         65
  C:558BH         LINE#         66
  C:558BH         LINE#         67
  C:558DH         LINE#         68
  C:5590H         LINE#         69
BL51 BANKED LINKER/LOCATER V6.22                                                      06/15/2015  21:26:24  PAGE 34


  C:5592H         LINE#         70
  C:5593H         LINE#         71
  C:5593H         LINE#         72
  C:5593H         LINE#         73
  C:5593H         LINE#         74
  C:5593H         LINE#         75
  C:5596H         LINE#         76
  C:5598H         LINE#         78
  C:559AH         LINE#         79
  C:559AH         LINE#         80
  C:559CH         LINE#         81
  C:559FH         LINE#         82
  C:55A1H         LINE#         83
  C:55A5H         LINE#         84
  C:55A8H         LINE#         85
  C:55ACH         LINE#         86
  C:55ACH         LINE#         87
  C:55ACH         LINE#         88
  C:55AFH         LINE#         89
  C:55B1H         LINE#         90
  C:55B3H         LINE#         91
  -------         ENDPROC       _WRITE1302
  -------         PROC          _READ1302
  D:0003H         SYMBOL        addr
  -------         DO            
  D:0002H         SYMBOL        i
  D:0005H         SYMBOL        temp
  -------         ENDDO         
  C:54AEH         LINE#         96
  C:54B0H         LINE#         97
  C:54B0H         LINE#         99
  C:54B2H         LINE#         100
  C:54B5H         LINE#         101
  C:54B7H         LINE#         102
  C:54BAH         LINE#         103
  C:54BCH         LINE#         104
  C:54BFH         LINE#         106
  C:54C1H         LINE#         107
  C:54C1H         LINE#         108
  C:54C3H         LINE#         109
  C:54C6H         LINE#         111
  C:54C7H         LINE#         112
  C:54C7H         LINE#         113
  C:54C7H         LINE#         114
  C:54C7H         LINE#         115
  C:54C7H         LINE#         116
  C:54CAH         LINE#         117
  C:54CCH         LINE#         119
  C:54CEH         LINE#         120
  C:54CEH         LINE#         121
  C:54D0H         LINE#         122
  C:54D3H         LINE#         123
  C:54D7H         LINE#         124
  C:54DAH         LINE#         125
  C:54DCH         LINE#         126
  C:54DFH         LINE#         127
  C:54EBH         LINE#         128
BL51 BANKED LINKER/LOCATER V6.22                                                      06/15/2015  21:26:24  PAGE 35


  C:54EDH         LINE#         129
  C:54EFH         LINE#         130
  C:54F2H         LINE#         131
  C:54F4H         LINE#         132
  -------         ENDPROC       _READ1302
  -------         PROC          _DS1302_WRITE_TIME
  X:000CH         SYMBOL        buf
  C:4CA6H         LINE#         136
  C:4CB1H         LINE#         137
  C:4CB1H         LINE#         138
  C:4CB8H         LINE#         139
  C:4CBBH         LINE#         140
  C:4CCFH         LINE#         141
  C:4CD2H         LINE#         142
  C:4CE9H         LINE#         143
  C:4CECH         LINE#         144
  C:4D03H         LINE#         145
  C:4D06H         LINE#         146
  C:4D1DH         LINE#         147
  C:4D20H         LINE#         148
  C:4D37H         LINE#         149
  C:4D3AH         LINE#         150
  C:4D51H         LINE#         151
  C:4D54H         LINE#         152
  C:4D6BH         LINE#         153
  C:4D6EH         LINE#         154
  -------         ENDPROC       _DS1302_WRITE_TIME
  -------         PROC          _DS1302_READ_TIME
  X:0016H         SYMBOL        buf
  C:5043H         LINE#         161
  C:504EH         LINE#         162
  C:504EH         LINE#         163
  C:504EH         LINE#         164
  C:5051H         LINE#         165
  C:5063H         LINE#         166
  C:5063H         LINE#         167
  C:5063H         LINE#         168
  C:5066H         LINE#         169
  C:5078H         LINE#         170
  C:5078H         LINE#         171
  C:5078H         LINE#         172
  C:507BH         LINE#         173
  C:5092H         LINE#         174
  C:5092H         LINE#         175
  C:5095H         LINE#         176
  C:50A8H         LINE#         177
  C:50A8H         LINE#         178
[...]
  C:0AF8H         LINE#         199
  C:0B17H         LINE#         200
  C:0B37H         LINE#         201
  C:0B55H         LINE#         202
  C:0B74H         LINE#         203
  C:0B77H         LINE#         204
  C:0B90H         LINE#         205
  C:0B90H         LINE#         206
  C:0B90H         LINE#         207
  C:0BC0H         LINE#         208
  C:0BC0H         LINE#         209
  C:0BFCH         LINE#         210
  C:0C38H         LINE#         211
  C:0C74H         LINE#         212
  C:0CB0H         LINE#         213
  C:0CEBH         LINE#         214
  C:0D26H         LINE#         215
  C:0D64H         LINE#         216
  C:0D64H         LINE#         217
  C:0D67H         LINE#         218
  C:0DA5H         LINE#         219
  C:0DDEH         LINE#         220
  C:0E1AH         LINE#         221
  C:0E1AH         LINE#         222
  C:0E2DH         LINE#         223
  C:0E40H         LINE#         224
  C:0E53H         LINE#         225
  C:0E66H         LINE#         226
  C:0E79H         LINE#         227
  C:0E83H         LINE#         228
  C:0E96H         LINE#         229
  C:0E9FH         LINE#         230
  C:0EACH         LINE#         231
  C:0EAFH         LINE#         232
  C:0EAFH         LINE#         233
  C:0EEBH         LINE#         234
  C:0EEBH         LINE#         235
  C:0F1BH         LINE#         236
  C:0F1BH         LINE#         237
  C:0F3FH         LINE#         238
  C:0F71H         LINE#         239
  C:0FA3H         LINE#         240
  C:0FD0H         LINE#         241
  C:0FFDH         LINE#         242
  C:102DH         LINE#         243
  C:103CH         LINE#         244
  C:103CH         LINE#         245
  C:103FH         LINE#         246
  C:103FH         LINE#         247
  C:107BH         LINE#         248
  C:107BH         LINE#         249
  C:10ABH         LINE#         250
  C:10ABH         LINE#         251
  C:10E0H         LINE#         252
  C:1117H         LINE#         253
BL51 BANKED LINKER/LOCATER V6.22                                                      06/15/2015  21:26:24  PAGE 42


  C:114DH         LINE#         254
  C:1183H         LINE#         255
  C:11B9H         LINE#         256
  C:11EFH         LINE#         257
  C:11FFH         LINE#         258
  C:11FFH         LINE#         260
  C:1202H         LINE#         261
  C:1202H         LINE#         262
  C:1211H         LINE#         263
  -------         ENDPROC       SSTMTIME
  -------         PROC          GUIDSHOW
  C:49CAH         LINE#         268
  C:49CAH         LINE#         269
  C:49CAH         LINE#         270
  C:49E8H         LINE#         271
  C:4A0BH         LINE#         272
  C:4A30H         LINE#         273
  C:4A4FH         LINE#         274
  C:4A6EH         LINE#         275
  C:4A8DH         LINE#         276
  C:4AACH         LINE#         277
  -------         ENDPROC       GUIDSHOW
  -------         PROC          _GUIDDO
  X:000CH         SYMBOL        pback
  X:000FH         SYMBOL        pmenu
  X:0012H         SYMBOL        x
  C:418EH         LINE#         284
  C:4199H         LINE#         285
  C:4199H         LINE#         286
  C:41E5H         LINE#         287
  C:424CH         LINE#         288
  C:428DH         LINE#         289
  C:42D9H         LINE#         290
  -------         ENDPROC       _GUIDDO
  -------         PROC          TEMPERT
  -------         DO            
  X:0002H         SYMBOL        i
  X:0004H         SYMBOL        temper
  -------         ENDDO         
  C:47BAH         LINE#         294
  C:47BAH         LINE#         295
  C:47BAH         LINE#         296
  C:47C1H         LINE#         298
  C:47C8H         LINE#         299
  C:47E7H         LINE#         300
  C:4803H         LINE#         301
  C:4806H         LINE#         302
  C:4806H         LINE#         303
  C:4806H         LINE#         304
  C:4816H         LINE#         305
  C:4816H         LINE#         306
  C:481FH         LINE#         307
  C:4843H         LINE#         308
  C:4863H         LINE#         309
  C:486BH         LINE#         310
  C:486BH         LINE#         311
  C:4879H         LINE#         312
BL51 BANKED LINKER/LOCATER V6.22                                                      06/15/2015  21:26:24  PAGE 43


  C:487CH         LINE#         313
  C:48C0H         LINE#         314
  -------         ENDPROC       TEMPERT
  -------         PROC          PICBOX
  -------         DO            
  X:0002H         SYMBOL        color
  -------         ENDDO         
  C:2EF9H         LINE#         319
  C:2EF9H         LINE#         320
  C:2EF9H         LINE#         321
  C:2F02H         LINE#         322
  C:2F09H         LINE#         323
  C:2F25H         LINE#         324
  C:2F44H         LINE#         325
  C:2F61H         LINE#         326
  C:2F7CH         LINE#         327
  C:2F9BH         LINE#         328
  C:2FBAH         LINE#         329
  C:2FD7H         LINE#         330
  C:2FF7H         LINE#         331
  C:3017H         LINE#         332
  C:3037H         LINE#         333
  C:3057H         LINE#         334
  C:3077H         LINE#         335
  C:307AH         LINE#         336
  C:307AH         LINE#         337
  C:307AH         LINE#         338
  C:307DH         LINE#         339
  C:30AEH         LINE#         340
  C:30ECH         LINE#         341
  C:310AH         LINE#         342
  C:3147H         LINE#         343
  C:3147H         LINE#         344
  C:314BH         LINE#         345
  C:3155H         LINE#         346
  C:3162H         LINE#         347
  C:3168H         LINE#         348
  C:3174H         LINE#         349
  C:3181H         LINE#         350
  C:3188H         LINE#         351
  C:3195H         LINE#         352
  C:31A2H         LINE#         353
  -------         ENDPROC       PICBOX
  -------         ENDMOD        GUI

  -------         MODULE        18B20
  C:0000H         SYMBOL        _ICE_DUMMY_
  D:0080H         PUBLIC        P0
  D:00A8H         PUBLIC        IE
  C:5538H         PUBLIC        _ReadTemperature
  B:0080H.0       PUBLIC        DQ
  D:00B8H         PUBLIC        IP
  C:5728H         PUBLIC        Init_DS18B20
  C:580AH         PUBLIC        ReadOneChar
  D:00D8H         PUBLIC        CCON
  C:55EEH         PUBLIC        Read18b20
  C:58F8H         PUBLIC        _DelayMs
BL51 BANKED LINKER/LOCATER V6.22                                                      06/15/2015  21:26:24  PAGE 44


  C:5826H         PUBLIC        _WriteOneChar
  D:0098H         PUBLIC        SCON
  D:0088H         PUBLIC        TCON
  C:58E4H         PUBLIC        _DelayUs2x
  D:00D0H         PUBLIC        PSW
  -------         PROC          _DELAYUS2X
  D:0007H         SYMBOL        t
  -------         DO            
  D:0006H         SYMBOL        i
  -------         ENDDO         
  C:58E4H         LINE#         13
  C:58E4H         LINE#         14
  C:58E4H         LINE#         16
  C:58F0H         LINE#         17
  C:58F0H         LINE#         18
  C:58F2H         LINE#         19
  C:58F4H         LINE#         20
  C:58F7H         LINE#         21
  -------         ENDPROC       _DELAYUS2X
  -------         PROC          _DELAYMS
  D:0007H         SYMBOL        t
  -------         DO            
  D:0006H         SYMBOL        i
  D:0005H         SYMBOL        j
  -------         ENDDO         
  C:58F8H         LINE#         27
  C:58F8H         LINE#         28
  C:58F8H         LINE#         30
  C:58FEH         LINE#         31
  C:58FEH         LINE#         32
  C:58FFH         LINE#         33
  C:5900H         LINE#         34
  C:5902H         LINE#         35
  C:5904H         LINE#         37
  C:5904H         LINE#         38
  C:5906H         LINE#         39
  C:5908H         LINE#         40
  C:590BH         LINE#         41
  -------         ENDPROC       _DELAYMS
  -------         PROC          INIT_DS18B20
  -------         DO            
  B:0020H.0       SYMBOL        dat
  -------         ENDDO         
  C:5728H         LINE#         46
  C:5728H         LINE#         47
  C:5728H         LINE#         48
  C:572AH         LINE#         49
  C:572CH         LINE#         50
  C:5731H         LINE#         51
  C:5733H         LINE#         52
  C:5738H         LINE#         53
  C:573DH         LINE#         54
  C:573FH         LINE#         55
  C:5744H         LINE#         56
  C:5748H         LINE#         57
  C:574DH         LINE#         58
  C:574FH         LINE#         59
BL51 BANKED LINKER/LOCATER V6.22                                                      06/15/2015  21:26:24  PAGE 45


  -------         ENDPROC       INIT_DS18B20
  -------         PROC          READONECHAR
  -------         DO            
  D:0005H         SYMBOL        i
  D:0004H         SYMBOL        dat
  -------         ENDDO         
  C:580AH         LINE#         64
  C:580AH         LINE#         65
  C:580AH         LINE#         66
  C:580BH         LINE#         67
  C:580CH         LINE#         68
  C:580EH         LINE#         69
  C:580EH         LINE#         70
  C:5810H         LINE#         71
  C:5814H         LINE#         72
  C:5816H         LINE#         73
  C:5819H         LINE#         74
  C:581CH         LINE#         75
  C:5821H         LINE#         76
  C:5823H         LINE#         77
  C:5825H         LINE#         78
  -------         ENDPROC       READONECHAR
  -------         PROC          _WRITEONECHAR
  D:0005H         SYMBOL        dat
  -------         DO            
  D:0003H         SYMBOL        i
  -------         ENDDO         
  C:5826H         LINE#         82
  C:5828H         LINE#         83
  C:5828H         LINE#         84
  C:5828H         LINE#         85
  C:582AH         LINE#         86
  C:582AH         LINE#         87
  C:582CH         LINE#         88
  C:5830H         LINE#         89
  C:5835H         LINE#         90
  C:5837H         LINE#         91
  C:583BH         LINE#         92
  C:583DH         LINE#         93
  -------         ENDPROC       _WRITEONECHAR
  -------         PROC          READ18B20
  -------         DO            
  D:0003H         SYMBOL        a
  D:0006H         SYMBOL        b
  D:0004H         SYMBOL        t
  -------         ENDDO         
  C:55EEH         LINE#         99
  C:55EEH         LINE#         100
  C:55EEH         LINE#         101
  C:55F0H         LINE#         102
  C:55F2H         LINE#         103
  C:55F4H         LINE#         104
  C:55F7H         LINE#         105
  C:55FCH         LINE#         106
  C:5601H         LINE#         107
  C:5606H         LINE#         108
  C:5609H         LINE#         109
BL51 BANKED LINKER/LOCATER V6.22                                                      06/15/2015  21:26:24  PAGE 46


  C:560EH         LINE#         110
  C:5613H         LINE#         111
  C:5618H         LINE#         112
  C:561BH         LINE#         113
  C:561FH         LINE#         114
  C:5624H         LINE#         116
  C:5627H         LINE#         117
  -------         ENDPROC       READ18B20
  -------         PROC          _READTEMPERATURE
  X:000BH         SYMBOL        temper
  -------         DO            
  D:0006H         SYMBOL        temp
  D:0004H         SYMBOL        temperature
  -------         ENDDO         
  C:5538H         LINE#         118
  C:5543H         LINE#         119
  C:5543H         LINE#         122
  C:5546H         LINE#         123
  C:5558H         LINE#         124
  -------         ENDPROC       _READTEMPERATURE
  -------         ENDMOD        18B20

  -------         MODULE        USART
  C:0000H         SYMBOL        _ICE_DUMMY_
  B:00A8H.7       PUBLIC        EA
  D:00A8H         PUBLIC        IE
  D:00B8H         PUBLIC        IP
  D:00D8H         PUBLIC        CCON
  D:0098H         PUBLIC        SCON
  D:0088H         PUBLIC        TCON
  X:0190H         PUBLIC        temp
  D:00AFH         PUBLIC        IE2
  D:008EH         PUBLIC        AUXR
  C:5796H         PUBLIC        InitUART
  D:009BH         PUBLIC        S2BUF
  C:5958H         PUBLIC        _UART_SendOneByte
  D:009AH         PUBLIC        S2CON
  D:009CH         PUBLIC        BRT
  C:56ACH         PUBLIC        UART_Interrupt
  D:00D0H         PUBLIC        PSW
  -------         PROC          INITUART
  B:0021H.1       SYMBOL        bite
  C:5796H         LINE#         6
  C:5796H         LINE#         7
  C:5796H         LINE#         8
  C:5799H         LINE#         9
  C:579CH         LINE#         10
  C:579FH         LINE#         11
  C:57A5H         LINE#         12
  C:57ABH         LINE#         13
  C:57AEH         LINE#         14
  C:57B0H         LINE#         15
  C:57B3H         LINE#         16
  -------         ENDPROC       INITUART
  -------         PROC          _UART_SENDONEBYTE
  D:0007H         SYMBOL        c
  C:5958H         LINE#         17
BL51 BANKED LINKER/LOCATER V6.22                                                      06/15/2015  21:26:24  PAGE 47


  C:5958H         LINE#         18
  C:5958H         LINE#         19
  C:595AH         LINE#         20
  C:595FH         LINE#         21
  C:5962H         LINE#         22
  -------         ENDPROC       _UART_SENDONEBYTE
  -------         PROC          UART_INTERRUPT
  C:56ACH         LINE#         24
  C:56B9H         LINE#         26
  C:56BEH         LINE#         27
  C:56BEH         LINE#         28
  C:56C1H         LINE#         29
  C:56C7H         LINE#         30
  C:56CCH         LINE#         31
  C:56CCH         LINE#         32
  -------         ENDPROC       UART_INTERRUPT
  -------         ENDMOD        USART

  -------         MODULE        ?C?FPADD
  C:004DH         PUBLIC        ?C?FPADD
  C:0049H         PUBLIC        ?C?FPSUB
  -------         ENDMOD        ?C?FPADD

  -------         MODULE        ?C?FPMUL
  C:013EH         PUBLIC        ?C?FPMUL
  -------         ENDMOD        ?C?FPMUL

  -------         MODULE        ?C?FPDIV
  C:0247H         PUBLIC        ?C?FPDIV
  -------         ENDMOD        ?C?FPDIV

  -------         MODULE        ?C?FPCMP
  C:02E6H         PUBLIC        ?C?FPCMP
  C:02E4H         PUBLIC        ?C?FPCMP3
  -------         ENDMOD        ?C?FPCMP

  -------         MODULE        ?C?FCAST
  C:035BH         PUBLIC        ?C?FCASTC
  C:0356H         PUBLIC        ?C?FCASTI
  C:0351H         PUBLIC        ?C?FCASTL
  -------         ENDMOD        ?C?FCAST

  -------         MODULE        ?C?CASTF
  C:038FH         PUBLIC        ?C?CASTF
  -------         ENDMOD        ?C?CASTF

  -------         MODULE        PRINTF
  X:000EH         PUBLIC        ?_PRINTF?BYTE
  X:000EH         PUBLIC        ?_SPRINTF?BYTE
  C:20E9H         PUBLIC        _PRINTF
  C:20E3H         PUBLIC        _SPRINTF
  -------         ENDMOD        PRINTF

  -------         MODULE        SQRT
  C:4F9BH         PUBLIC        _SQRT
  -------         ENDMOD        SQRT

BL51 BANKED LINKER/LOCATER V6.22                                                      06/15/2015  21:26:24  PAGE 48


  -------         MODULE        ?C?FPROUND
  C:0410H         PUBLIC        ?C?FPROUND
  -------         ENDMOD        ?C?FPROUND

  -------         MODULE        ?C?FPCONVERT
  C:044DH         PUBLIC        ?C?FPCONVERT
  -------         ENDMOD        ?C?FPCONVERT

  -------         MODULE        ?C?FTNPWR
  C:0582H         PUBLIC        ?C?FTNPWR
  -------         ENDMOD        ?C?FTNPWR

  -------         MODULE        ?C?COPY
  C:0692H         PUBLIC        ?C?COPY
  -------         ENDMOD        ?C?COPY

  -------         MODULE        ?C?CLDPTR
  C:06B8H         PUBLIC        ?C?CLDPTR
  -------         ENDMOD        ?C?CLDPTR

  -------         MODULE        ?C?CLDOPTR
  C:06D1H         PUBLIC        ?C?CLDOPTR
  -------         ENDMOD        ?C?CLDOPTR

  -------         MODULE        ?C?CSTPTR
  C:06FEH         PUBLIC        ?C?CSTPTR
  -------         ENDMOD        ?C?CSTPTR

  -------         MODULE        ?C?CSTOPTR
  C:0710H         PUBLIC        ?C?CSTOPTR
  -------         ENDMOD        ?C?CSTOPTR

  -------         MODULE        ?C?UIDIV
  C:0732H         PUBLIC        ?C?UIDIV
  -------         ENDMOD        ?C?UIDIV

  -------         MODULE        ?C?IILDX
  C:0787H         PUBLIC        ?C?IILDX
  -------         ENDMOD        ?C?IILDX

  -------         MODULE        ?C?ILDIX
  C:079DH         PUBLIC        ?C?ILDIX
  -------         ENDMOD        ?C?ILDIX

  -------         MODULE        ?C?ILDPTR
  C:07B3H         PUBLIC        ?C?ILDPTR
  -------         ENDMOD        ?C?ILDPTR

  -------         MODULE        ?C?ISTPTR
  C:07DEH         PUBLIC        ?C?ISTPTR
  -------         ENDMOD        ?C?ISTPTR

  -------         MODULE        ?C?LMUL
  C:07FDH         PUBLIC        ?C?LMUL
  -------         ENDMOD        ?C?LMUL

  -------         MODULE        ?C?LNEG
BL51 BANKED LINKER/LOCATER V6.22                                                      06/15/2015  21:26:24  PAGE 49


  C:084CH         PUBLIC        ?C?LNEG
  -------         ENDMOD        ?C?LNEG

  -------         MODULE        ?C?ULCMP
  C:085AH         PUBLIC        ?C?ULCMP
  -------         ENDMOD        ?C?ULCMP

  -------         MODULE        ?C?ULSHR
  C:086BH         PUBLIC        ?C?ULSHR
  -------         ENDMOD        ?C?ULSHR

  -------         MODULE        ?C?LLDXDATA
  C:087EH         PUBLIC        ?C?LLDXDATA
  -------         ENDMOD        ?C?LLDXDATA

  -------         MODULE        ?C?LLDCODE
  C:088AH         PUBLIC        ?C?LLDCODE
  -------         ENDMOD        ?C?LLDCODE

  -------         MODULE        ?C?LLDCODE0
  C:089AH         PUBLIC        ?C?LLDCODE0
  -------         ENDMOD        ?C?LLDCODE0

  -------         MODULE        ?C?LSTXDATA
  C:08AAH         PUBLIC        ?C?LSTXDATA
  -------         ENDMOD        ?C?LSTXDATA

  -------         MODULE        ?C?LSTKXDATA
  C:08B6H         PUBLIC        ?C?LSTKXDATA
  -------         ENDMOD        ?C?LSTKXDATA

  -------         MODULE        ?C?PLDIXDATA
  C:08E7H         PUBLIC        ?C?PLDIXDATA
  -------         ENDMOD        ?C?PLDIXDATA

  -------         MODULE        ?C?PSTXDATA
  C:08FEH         PUBLIC        ?C?PSTXDATA
  -------         ENDMOD        ?C?PSTXDATA

  -------         MODULE        ?C?CCASE
  C:0907H         PUBLIC        ?C?CCASE
  -------         ENDMOD        ?C?CCASE

  -------         MODULE        ?C?ICASE
  C:092DH         PUBLIC        ?C?ICASE
  -------         ENDMOD        ?C?ICASE

  -------         MODULE        ?C?ICALL
  C:095AH         PUBLIC        ?C?ICALL
  C:095EH         PUBLIC        ?C?ICALL2
  -------         ENDMOD        ?C?ICALL

  -------         MODULE        ?C?LIMUL
  C:0960H         PUBLIC        ?C?LIMUL
  -------         ENDMOD        ?C?LIMUL

  -------         MODULE        ABS
BL51 BANKED LINKER/LOCATER V6.22                                                      06/15/2015  21:26:24  PAGE 50


  C:594CH         PUBLIC        _ABS
  -------         ENDMOD        ABS

  -------         MODULE        STRLEN
  C:58CFH         PUBLIC        _STRLEN
  -------         ENDMOD        STRLEN

*** WARNING L13: RECURSIVE CALL TO SEGMENT
    SEGMENT: ?PR?DESKTOP?GUI
    CALLER:  ?PR?SSTMTIME?GUI

*** WARNING L13: RECURSIVE CALL TO SEGMENT
    SEGMENT: ?PR?CALENDAR?GUI
    CALLER:  ?PR?SSTMTIME?GUI

*** WARNING L13: RECURSIVE CALL TO SEGMENT
    SEGMENT: ?PR?DESKTOP?GUI
    CALLER:  ?PR?_GUIDDO?GUI

*** WARNING L13: RECURSIVE CALL TO SEGMENT
    SEGMENT: ?PR?DESKTOP?GUI
    CALLER:  ?PR?CALENDAR?GUI

*** WARNING L13: RECURSIVE CALL TO SEGMENT
    SEGMENT: ?PR?DESKTOP?GUI
    CALLER:  ?PR?TEMPERT?GUI

*** WARNING L13: RECURSIVE CALL TO SEGMENT
    SEGMENT: ?PR?DESKTOP?GUI
    CALLER:  ?PR?PICBOX?GUI

*** WARNING L16: UNCALLED SEGMENT, IGNORED FOR OVERLAY PROCESS
    SEGMENT: ?PR?INITUART?USART

Program Size: data=15.2 xdata=401 code=22892
LINK/LOCATE RUN COMPLETE.  7 WARNING(S),  0 ERROR(S)
