BL51 BANKED LINKER/LOCATER V6.22                                                        07/18/2015  10:07:39  PAGE 1


BL51 BANKED LINKER/LOCATER V6.22, INVOKED BY:
D:\KEIL\C51\BIN\BL51.EXE .\Object\STARTUP.obj, .\Object\app.obj, .\Object\18b20.obj, .\Object\ATCmd.obj, .\Object\audio.
>> obj, .\Object\ds1302.obj, .\Object\HX8347D.obj, .\Object\led.obj, .\Object\timer.obj, .\Object\Touch.obj, .\Object\ua
>> rt.obj, .\Object\W25Qxx.obj, .\Object\main.obj TO .\Object\×ÏÒ«OS PRINT (.\Lst\×ÏÒ«OS.m51) RAMSIZE (256) DISABLEWARNI
>> NG (13, 15) RECURSIONS (100)




PROGRAM RECURSIONS REMOVED FROM CALL TREE
=========================================
+--> ?PR?DESKTOP?APP
|  | ?PR?_GET_CLICK?APP
|  | ?PR?_AT_DO?ATCMD
|  | ?PR?ATERR?ATCMD
<--+ ?CO?ATCMD


+--> ?PR?_GET_CLICK?APP
|  | ?PR?_AT_DO?ATCMD
|  | ?PR?ATERR?ATCMD
|  | ?CO?ATCMD
<--+ ?PR?PICBOX?APP


+--> ?PR?DESKTOP?APP
|  | ?PR?_GET_CLICK?APP
|  | ?PR?_AT_DO?ATCMD
|  | ?PR?ATERR?ATCMD
|  | ?CO?ATCMD
<--+ ?PR?PICBOX?APP


+--> ?PR?DESKTOP?APP
|  | ?PR?_GET_CLICK?APP
|  | ?PR?_AT_DO?ATCMD
|  | ?PR?ATERR?ATCMD
|  | ?CO?ATCMD
|  | ?PR?PICBOX?APP
<--+ ?PR?_GUIDDO?APP


+--> ?PR?_GET_CLICK?APP
|  | ?PR?_AT_DO?ATCMD
|  | ?PR?ATERR?ATCMD
|  | ?CO?ATCMD
<--+ ?PR?TEMPERT?APP


+--> ?PR?DESKTOP?APP
|  | ?PR?_GET_CLICK?APP
|  | ?PR?_AT_DO?ATCMD
|  | ?PR?ATERR?ATCMD
|  | ?CO?ATCMD
<--+ ?PR?TEMPERT?APP


+--> ?PR?_GET_CLICK?APP
BL51 BANKED LINKER/LOCATER V6.22                                                      07/18/2015  10:07:39  PAGE 2


|  | ?PR?_AT_DO?ATCMD
|  | ?PR?ATERR?ATCMD
|  | ?CO?ATCMD
<--+ ?PR?CALENDAR?APP


+--> ?PR?DESKTOP?APP
|  | ?PR?_GET_CLICK?APP
|  | ?PR?_AT_DO?ATCMD
|  | ?PR?ATERR?ATCMD
|  | ?CO?ATCMD
|  | ?PR?CALENDAR?APP
<--+ ?PR?SSTMTIME?APP


+--> ?PR?CALENDAR?APP
<--+ ?PR?SSTMTIME?APP


+--> ?PR?DESKTOP?APP
|  | ?PR?_GET_CLICK?APP
|  | ?PR?_AT_DO?ATCMD
|  | ?PR?ATERR?ATCMD
|  | ?CO?ATCMD
<--+ ?PR?CALENDAR?APP


+--> ?CO?ATCMD
<--+ ?PR?STEMPERT?ATCMD


+--> ?PR?DESKTOP?APP
<--+ ?PR?LED?APP



MEMORY MODEL: LARGE WITH FLOATING POINT ARITHMETIC


INPUT MODULES INCLUDED:
  .\Object\STARTUP.obj (?C_STARTUP)
  .\Object\app.obj (APP)
  .\Object\18b20.obj (18B20)
  .\Object\ATCmd.obj (ATCMD)
  .\Object\audio.obj (AUDIO)
  .\Object\ds1302.obj (DS1302)
  .\Object\HX8347D.obj (HX8347D)
  .\Object\led.obj (LED)
  .\Object\timer.obj (TIMER)
  .\Object\Touch.obj (TOUCH)
  .\Object\uart.obj (UART)
  .\Object\W25Qxx.obj (W25QXX)
  .\Object\main.obj (MAIN)
  D:\KEIL\C51\LIB\C51FPL.LIB (?C?FPADD)
  D:\KEIL\C51\LIB\C51FPL.LIB (?C?FPMUL)
  D:\KEIL\C51\LIB\C51FPL.LIB (?C?FPDIV)
  D:\KEIL\C51\LIB\C51FPL.LIB (?C?FPCMP)
BL51 BANKED LINKER/LOCATER V6.22                                                      07/18/2015  10:07:39  PAGE 3


  D:\KEIL\C51\LIB\C51FPL.LIB (?C?FCAST)
  D:\KEIL\C51\LIB\C51FPL.LIB (?C?CASTF)
  D:\KEIL\C51\LIB\C51FPL.LIB (PRINTF)
  D:\KEIL\C51\LIB\C51FPL.LIB (SQRT)
  D:\KEIL\C51\LIB\C51FPL.LIB (?C?FPGETOPN)
  D:\KEIL\C51\LIB\C51FPL.LIB (?C?FPROUND)
  D:\KEIL\C51\LIB\C51FPL.LIB (?C?FPCONVERT)
  D:\KEIL\C51\LIB\C51FPL.LIB (?C?FTNPWR)
  D:\KEIL\C51\LIB\C51L.LIB (?C_INIT)
  D:\KEIL\C51\LIB\C51L.LIB (?C?COPY)
  D:\KEIL\C51\LIB\C51L.LIB (?C?CLDPTR)
  D:\KEIL\C51\LIB\C51L.LIB (?C?CLDOPTR)
  D:\KEIL\C51\LIB\C51L.LIB (?C?CSTPTR)
  D:\KEIL\C51\LIB\C51L.LIB (?C?CSTOPTR)
  D:\KEIL\C51\LIB\C51L.LIB (?C?UIDIV)
  D:\KEIL\C51\LIB\C51L.LIB (?C?IILDX)
  D:\KEIL\C51\LIB\C51L.LIB (?C?ILDIX)
  D:\KEIL\C51\LIB\C51L.LIB (?C?ILDPTR)
  D:\KEIL\C51\LIB\C51L.LIB (?C?ISTPTR)
  D:\KEIL\C51\LIB\C51L.LIB (?C?LMUL)
  D:\KEIL\C51\LIB\C51L.LIB (?C?LNEG)
  D:\KEIL\C51\LIB\C51L.LIB (?C?ULCMP)
  D:\KEIL\C51\LIB\C51L.LIB (?C?ULSHR)
  D:\KEIL\C51\LIB\C51L.LIB (?C?LLDXDATA)
  D:\KEIL\C51\LIB\C51L.LIB (?C?LLDCODE)
  D:\KEIL\C51\LIB\C51L.LIB (?C?LLDCODE0)
  D:\KEIL\C51\LIB\C51L.LIB (?C?LSTXDATA)
  D:\KEIL\C51\LIB\C51L.LIB (?C?LSTKXDATA)
  D:\KEIL\C51\LIB\C51L.LIB (?C?PLDIXDATA)
  D:\KEIL\C51\LIB\C51L.LIB (?C?PSTXDATA)
  D:\KEIL\C51\LIB\C51L.LIB (?C?CCASE)
  D:\KEIL\C51\LIB\C51L.LIB (?C?ICASE)
  D:\KEIL\C51\LIB\C51L.LIB (?C?ICALL)
  D:\KEIL\C51\LIB\C51L.LIB (?C?LIMUL)
  D:\KEIL\C51\LIB\C51L.LIB (ABS)
  D:\KEIL\C51\LIB\C51L.LIB (?C?STRCMP)
  D:\KEIL\C51\LIB\C51L.LIB (STRLEN)


LINK MAP OF MODULE:  .\Object\×ÏÒ«OS (?C_STARTUP)


            TYPE    BASE      LENGTH    RELOCATION   SEGMENT NAME
            -----------------------------------------------------

            * * * * * * *   D A T A   M E M O R Y   * * * * * * *
            REG     0000H     0008H     ABSOLUTE     "REG BANK 0"
            DATA    0008H     0005H     UNIT         _DATA_GROUP_
                    000DH     0013H                  *** GAP ***
            BIT     0020H.0   0001H.1   UNIT         _BIT_GROUP_
            BIT     0021H.1   0000H.1   UNIT         ?BI?APP
            BIT     0021H.2   0000H.1   UNIT         ?BI?UART
                    0021H.3   0000H.5                *** GAP ***
            IDATA   0022H     0001H     UNIT         ?STACK

            * * * * * * *  X D A T A   M E M O R Y  * * * * * * *
            XDATA   0000H     029CH     UNIT         _XDATA_GROUP_
BL51 BANKED LINKER/LOCATER V6.22                                                      07/18/2015  10:07:39  PAGE 4


            XDATA   029CH     0021H     UNIT         ?XD?TOUCH
            XDATA   02BDH     001AH     UNIT         ?XD?APP
            XDATA   02D7H     0017H     UNIT         ?XD?UART
            XDATA   02EEH     0002H     UNIT         ?XD?HX8347D
            XDATA   02F0H     0002H     UNIT         ?XD?W25QXX
            XDATA   02F2H     0001H     UNIT         ?XD?TIMER

            * * * * * * *   C O D E   M E M O R Y   * * * * * * *
            CODE    0000H     0003H     ABSOLUTE     
            CODE    0003H     0007H     UNIT         ?PR?INITLED?LED
                    000AH     0001H                  *** GAP ***
            CODE    000BH     0003H     ABSOLUTE     
            CODE    000EH     0033H     UNIT         ?PR?TP_DEFAULT_ADJ?TOUCH
                    0041H     0002H                  *** GAP ***
            CODE    0043H     0003H     ABSOLUTE     
            CODE    0046H     0AEEH     UNIT         ?C?LIB_CODE
            CODE    0B34H     089BH     UNIT         ?PR?SSTMTIME?APP
            CODE    13CFH     087AH     UNIT         ?PR?TP_ADJUST?TOUCH
            CODE    1C49H     05F0H     UNIT         ?CO?HX8347D
            CODE    2239H     0483H     UNIT         ?PR?PRINTF?PRINTF
            CODE    26BCH     046BH     UNIT         ?PR?DESKTOP?APP
            CODE    2B27H     0300H     UNIT         ?PR?LED?APP
            CODE    2E27H     02F2H     UNIT         ?PR?START_CHECK?APP
            CODE    3119H     02E2H     UNIT         ?PR?_LCD_DRAWEBOX?HX8347D
            CODE    33FBH     02B6H     UNIT         ?PR?PICBOX?APP
            CODE    36B1H     02B6H     UNIT         ?PR?_SHOW_ASCII?W25QXX
            CODE    3967H     0274H     UNIT         ?PR?_LCD_DRAWLINE?HX8347D
            CODE    3BDBH     0243H     UNIT         ?PR?_GET_HZMAT?W25QXX
            CODE    3E1EH     01BBH     UNIT         ?PR?LCD_INITIALIZTION?HX8347D
            CODE    3FD9H     0192H     UNIT         ?PR?_TP_READ_XOY?TOUCH
            CODE    416BH     0188H     UNIT         ?PR?_SHOW_STR?W25QXX
            CODE    42F3H     0186H     UNIT         ?PR?CALENDAR?APP
            CODE    4479H     0179H     UNIT         ?PR?_SHOW_FONT?W25QXX
            CODE    45F2H     014CH     UNIT         ?PR?_GUIDDO?APP
            CODE    473EH     0145H     UNIT         ?PR?_TP_READ_XY2?TOUCH
            CODE    4883H     0141H     UNIT         ?PR?_TP_DROW_TOUCH_POINT?TOUCH
            CODE    49C4H     013CH     UNIT         ?PR?_SHOW_PICTURE?HX8347D
            CODE    4B00H     011EH     UNIT         ?PR?_GETTIME?DS1302
            CODE    4C1EH     011CH     UNIT         ?PR?TEMPERT?APP
            CODE    4D3AH     0107H     UNIT         ?PR?_PUTCHAR?HX8347D
            CODE    4E41H     0105H     UNIT         ?PR?GUIDSHOW?APP
            CODE    4F46H     0103H     UNIT         ?CO?APP
            CODE    5049H     00F7H     UNIT         ?PR?_TP_SCAN?TOUCH
            CODE    5140H     00E0H     UNIT         ?PR?_LCD_DRAWBOX?HX8347D
            CODE    5220H     00CFH     UNIT         ?PR?_DS1302_WRITE_TIME?DS1302
            CODE    52EFH     00CDH     UNIT         ?PR?_GET_CLICK?APP
            CODE    53BCH     00B6H     UNIT         ?PR?_GUI_TEXT?HX8347D
            CODE    5472H     00AEH     UNIT         ?CO?ATCMD
            CODE    5520H     00AEH     UNIT         ?PR?_LCD_CLEAR?HX8347D
            CODE    55CEH     00ACH     UNIT         ?PR?SQRT?SQRT
            CODE    567AH     00AAH     UNIT         ?PR?_GET_CLICK1?APP
            CODE    5724H     00A8H     UNIT         ?PR?_DS1302_READ_TIME?DS1302
            CODE    57CCH     008DH     UNIT         ?CO?W25QXX
            CODE    5859H     008CH     UNIT         ?C_C51STARTUP
            CODE    58E5H     007FH     UNIT         ?PR?_AT_DO?ATCMD
            CODE    5964H     007EH     UNIT         ?PR?_TP_DRAW_BIG_POINT?TOUCH
            CODE    59E2H     007DH     UNIT         ?PR?_ALERT?APP
BL51 BANKED LINKER/LOCATER V6.22                                                      07/18/2015  10:07:39  PAGE 5


            CODE    5A5FH     0079H     UNIT         ?PR?TIMER_ROUTINE?TIMER
            CODE    5AD8H     0079H     UNIT         ?PR?_W25QXX_READ?W25QXX
            CODE    5B51H     006CH     UNIT         ?PR?UART_INTERRUPT?UART
            CODE    5BBDH     0053H     UNIT         ?C_INITSEG
            CODE    5C10H     0050H     UNIT         ?PR?_LCD_SETPOINT?HX8347D
            CODE    5C60H     004FH     UNIT         ?PR?_TP_READ_XY?TOUCH
            CODE    5CAFH     004EH     UNIT         ?PR?_TP_READ_AD?TOUCH
            CODE    5CFDH     0047H     UNIT         ?PR?_READ1302?DS1302
            CODE    5D44H     0043H     UNIT         ?PR?W25QXX_READID?W25QXX
            CODE    5D87H     0040H     UNIT         ?PR?_READTEMPERATURE?18B20
            CODE    5DC7H     003CH     UNIT         ?PR?_WRITE1302?DS1302
            CODE    5E03H     003AH     UNIT         ?PR?READ18B20?18B20
            CODE    5E3DH     003AH     UNIT         ?PR?_LCD_SETCURSOR?HX8347D
            CODE    5E77H     002EH     UNIT         ?PR?START_LOGO?APP
            CODE    5EA5H     002BH     UNIT         ?PR?_DELAY_MS?HX8347D
            CODE    5ED0H     002BH     UNIT         ?PR?_W25QXX_WRITE_BYTE?W25QXX
            CODE    5EFBH     0029H     UNIT         ?PR?CLOCK?APP
            CODE    5F24H     0028H     UNIT         ?PR?INIT_DS18B20?18B20
            CODE    5F4CH     0028H     UNIT         ?PR?FONT_INIT?W25QXX
            CODE    5F74H     0025H     UNIT         ?PR?_BEEP?AUDIO
            CODE    5F99H     0024H     UNIT         ?PR?_DELAY_MS?APP
            CODE    5FBDH     0020H     UNIT         ?PR?MAIN?MAIN
            CODE    5FDDH     001EH     UNIT         ?PR?INITUART?UART
            CODE    5FFBH     001DH     UNIT         ?PR?_DELAY_US?TOUCH
            CODE    6018H     001DH     UNIT         ?PR?TP_INIT?TOUCH
            CODE    6035H     001CH     UNIT         ?PR?READONECHAR?18B20
            CODE    6051H     001CH     UNIT         ?PR?_WRITEONECHAR?18B20
            CODE    606DH     001BH     UNIT         ?PR?STIME?ATCMD
            CODE    6088H     001BH     UNIT         ?PR?STEMPERT?ATCMD
            CODE    60A3H     001BH     UNIT         ?PR?_SETLED?LED
            CODE    60BEH     001AH     UNIT         ?PR?_TP_WRITE_BYTE?TOUCH
            CODE    60D8H     0019H     UNIT         ?PR?_LCD_WR_DATA?HX8347D
            CODE    60F1H     0018H     UNIT         ?PR?DELAY1MS?DS1302
            CODE    6109H     0017H     UNIT         ?PR?W25QXX_READ_BYTE?W25QXX
            CODE    6120H     0016H     UNIT         ?PR?DELAY40US?DS1302
            CODE    6136H     0015H     UNIT         ?PR?OFFLED?ATCMD
            CODE    614BH     0015H     UNIT         ?PR?LCD_WRITERAM_PREPARE?HX8347D
            CODE    6160H     0015H     UNIT         ?PR?_REDLED?LED
            CODE    6175H     0015H     UNIT         ?PR?_STRLEN?STRLEN
            CODE    618AH     0014H     UNIT         ?PR?_DELAYUS2X?18B20
            CODE    619EH     0014H     UNIT         ?PR?_DELAYMS?18B20
            CODE    61B2H     0013H     UNIT         ?PR?_ISATCMD?ATCMD
            CODE    61C5H     0013H     UNIT         ?PR?_UART_SENDSTR?UART
            CODE    61D8H     0012H     UNIT         ?PR?DS1302_INIT?DS1302
            CODE    61EAH     0011H     UNIT         ?PR?_LCD_WRITEREG?HX8347D
            CODE    61FBH     0010H     UNIT         ?PR?TIMER0INIT?TIMER
            CODE    620BH     000DH     UNIT         ?PR?SWLED1?ATCMD
            CODE    6218H     000DH     UNIT         ?PR?SWLED2?ATCMD
            CODE    6225H     000DH     UNIT         ?PR?SWLED3?ATCMD
            CODE    6232H     000DH     UNIT         ?PR?_LCD_WR_REG?HX8347D
            CODE    623FH     000CH     UNIT         ?PR?_ABS?ABS
            CODE    624BH     000BH     UNIT         ?PR?_UART_SENDONEBYTE?UART
            CODE    6256H     000AH     UNIT         ?PR?W25QXX_WRITE_DISABLE?W25QXX
            CODE    6260H     0009H     UNIT         ?PR?LINK?ATCMD
            CODE    6269H     0009H     UNIT         ?PR?ATERR?ATCMD
            CODE    6272H     0009H     UNIT         ?PR?DELAY500US?AUDIO
            CODE    627BH     0006H     UNIT         ?CO?18B20
BL51 BANKED LINKER/LOCATER V6.22                                                      07/18/2015  10:07:39  PAGE 6


            CODE    6281H     0003H     UNIT         ?PR?_LCD_WRITERAM?HX8347D



OVERLAY MAP OF MODULE:   .\Object\×ÏÒ«OS (?C_STARTUP)


SEGMENT                                     BIT_GROUP          DATA_GROUP          XDATA_GROUP
  +--> CALLED SEGMENT                    START    LENGTH     START    LENGTH     START    LENGTH
------------------------------------------------------------------------------------------------
?C_C51STARTUP                            -----    -----      -----    -----      -----    -----
  +--> ?PR?MAIN?MAIN
  +--> ?C_INITSEG

?PR?MAIN?MAIN                            -----    -----      -----    -----      -----    -----
  +--> ?PR?LCD_INITIALIZTION?HX8347D
  +--> ?PR?FONT_INIT?W25QXX
  +--> ?PR?TP_INIT?TOUCH
  +--> ?PR?DS1302_INIT?DS1302
  +--> ?PR?TIMER0INIT?TIMER
  +--> ?PR?INITUART?UART
  +--> ?PR?INITLED?LED
  +--> ?PR?START_CHECK?APP
  +--> ?PR?START_LOGO?APP
  +--> ?PR?DESKTOP?APP

?PR?LCD_INITIALIZTION?HX8347D            -----    -----      -----    -----      -----    -----
  +--> ?PR?_DELAY_MS?HX8347D
  +--> ?PR?_LCD_WRITEREG?HX8347D

?PR?_DELAY_MS?HX8347D                    -----    -----      -----    -----      -----    -----
  +--> ?PR?_LCD_WRITEREG?HX8347D

?PR?_LCD_WRITEREG?HX8347D                -----    -----      -----    -----      -----    -----
  +--> ?PR?_LCD_WR_REG?HX8347D
  +--> ?PR?_LCD_WR_DATA?HX8347D

?PR?FONT_INIT?W25QXX                     -----    -----      -----    -----      -----    -----
  +--> ?PR?W25QXX_WRITE_DISABLE?W25QXX
  +--> ?PR?W25QXX_READID?W25QXX
  +--> ?CO?W25QXX

?PR?W25QXX_WRITE_DISABLE?W25QXX          -----    -----      -----    -----      -----    -----
  +--> ?PR?_W25QXX_WRITE_BYTE?W25QXX

?PR?W25QXX_READID?W25QXX                 -----    -----      -----    -----      0014H    0002H
  +--> ?PR?_W25QXX_WRITE_BYTE?W25QXX
  +--> ?PR?W25QXX_READ_BYTE?W25QXX

?PR?TP_INIT?TOUCH                        -----    -----      -----    -----      -----    -----
  +--> ?PR?_TP_READ_XY?TOUCH
  +--> ?PR?TP_DEFAULT_ADJ?TOUCH

?PR?_TP_READ_XY?TOUCH                    -----    -----      -----    -----      002BH    0008H
  +--> ?PR?_TP_READ_XOY?TOUCH

?PR?_TP_READ_XOY?TOUCH                   -----    -----      -----    -----      0033H    0010H
BL51 BANKED LINKER/LOCATER V6.22                                                      07/18/2015  10:07:39  PAGE 7


  +--> ?PR?_TP_READ_AD?TOUCH

?PR?_TP_READ_AD?TOUCH                    -----    -----      -----    -----      -----    -----
  +--> ?PR?_TP_WRITE_BYTE?TOUCH
  +--> ?PR?_DELAY_US?TOUCH

?PR?DS1302_INIT?DS1302                   -----    -----      -----    -----      -----    -----
  +--> ?PR?_WRITE1302?DS1302

?PR?_WRITE1302?DS1302                    -----    -----      -----    -----      -----    -----
  +--> ?PR?DELAY1MS?DS1302

?PR?INITUART?UART                        0020H.0  0000H.1    -----    -----      -----    -----

?PR?START_CHECK?APP                      -----    -----      -----    -----      000DH    0007H
  +--> ?PR?_LCD_CLEAR?HX8347D
  +--> ?CO?APP
  +--> ?PR?_GUI_TEXT?HX8347D
  +--> ?PR?W25QXX_READID?W25QXX
  +--> ?PR?_SHOW_STR?W25QXX
  +--> ?PR?_DELAY_MS?APP
  +--> ?PR?_GETTIME?DS1302
  +--> ?PR?_READTEMPERATURE?18B20
  +--> ?PR?INITLED?LED
  +--> ?PR?_BEEP?AUDIO

?PR?_LCD_CLEAR?HX8347D                   -----    -----      -----    -----      0021H    000AH
  +--> ?PR?_LCD_SETCURSOR?HX8347D
  +--> ?PR?LCD_WRITERAM_PREPARE?HX8347D
  +--> ?PR?_LCD_WR_DATA?HX8347D

?PR?_LCD_SETCURSOR?HX8347D               -----    -----      -----    -----      -----    -----
  +--> ?PR?_LCD_WRITEREG?HX8347D

?PR?LCD_WRITERAM_PREPARE?HX8347D         -----    -----      -----    -----      -----    -----
  +--> ?PR?_LCD_SETCURSOR?HX8347D
  +--> ?PR?_LCD_WR_REG?HX8347D

?PR?_GUI_TEXT?HX8347D                    -----    -----      -----    -----      0017H    000BH
  +--> ?PR?_PUTCHAR?HX8347D

?PR?_PUTCHAR?HX8347D                     -----    -----      -----    -----      0049H    000DH
  +--> ?CO?HX8347D
  +--> ?PR?_LCD_SETPOINT?HX8347D

?PR?_LCD_SETPOINT?HX8347D                -----    -----      -----    -----      0283H    0004H
  +--> ?PR?LCD_WRITERAM_PREPARE?HX8347D
  +--> ?PR?_LCD_WRITERAM?HX8347D

?PR?_LCD_WRITERAM?HX8347D                -----    -----      -----    -----      -----    -----
  +--> ?PR?_LCD_WR_DATA?HX8347D

?PR?_SHOW_STR?W25QXX                     -----    -----      -----    -----      0160H    000DH
  +--> ?PR?_SHOW_ASCII?W25QXX
  +--> ?PR?_SHOW_FONT?W25QXX

?PR?_SHOW_ASCII?W25QXX                   -----    -----      -----    -----      016DH    0059H
BL51 BANKED LINKER/LOCATER V6.22                                                      07/18/2015  10:07:39  PAGE 8


  +--> ?CO?W25QXX
  +--> ?PR?_W25QXX_READ?W25QXX
  +--> ?PR?_LCD_SETPOINT?HX8347D

?PR?_W25QXX_READ?W25QXX                  -----    -----      -----    -----      0291H    000BH
  +--> ?PR?_W25QXX_WRITE_BYTE?W25QXX
  +--> ?PR?W25QXX_READ_BYTE?W25QXX

?PR?_SHOW_FONT?W25QXX                    -----    -----      -----    -----      016DH    0116H
  +--> ?PR?_GET_HZMAT?W25QXX
  +--> ?PR?_LCD_SETPOINT?HX8347D

?PR?_GET_HZMAT?W25QXX                    -----    -----      -----    -----      0283H    000EH
  +--> ?CO?W25QXX
  +--> ?PR?_W25QXX_READ?W25QXX

?PR?_GETTIME?DS1302                      -----    -----      -----    -----      0017H    000AH
  +--> ?PR?_DS1302_READ_TIME?DS1302

?PR?_DS1302_READ_TIME?DS1302             -----    -----      -----    -----      0021H    0003H
  +--> ?PR?DELAY40US?DS1302
  +--> ?PR?_READ1302?DS1302

?PR?DELAY40US?DS1302                     -----    -----      -----    -----      -----    -----
  +--> ?PR?_READ1302?DS1302

?PR?_READ1302?DS1302                     -----    -----      -----    -----      -----    -----
  +--> ?PR?DELAY1MS?DS1302

?PR?_READTEMPERATURE?18B20               -----    -----      -----    -----      0016H    0003H
  +--> ?PR?READ18B20?18B20
  +--> ?CO?18B20
  +--> ?PR?PRINTF?PRINTF

?PR?READ18B20?18B20                      -----    -----      -----    -----      -----    -----
  +--> ?PR?INIT_DS18B20?18B20
  +--> ?PR?_WRITEONECHAR?18B20
  +--> ?PR?_DELAYMS?18B20
  +--> ?PR?READONECHAR?18B20

?PR?INIT_DS18B20?18B20                   0020H.0  0000H.1    -----    -----      -----    -----
  +--> ?PR?_DELAYUS2X?18B20

?PR?_WRITEONECHAR?18B20                  -----    -----      -----    -----      -----    -----
  +--> ?PR?_DELAYUS2X?18B20

?PR?READONECHAR?18B20                    -----    -----      -----    -----      -----    -----
  +--> ?PR?_DELAYUS2X?18B20

?PR?PRINTF?PRINTF                        0020H.0  0001H.1    0008H    0005H      0019H    0030H
  +--> ?PR?_PUTCHAR?HX8347D

?PR?_BEEP?AUDIO                          -----    -----      -----    -----      -----    -----
  +--> ?PR?DELAY500US?AUDIO

?PR?START_LOGO?APP                       -----    -----      -----    -----      -----    -----
  +--> ?PR?_LCD_CLEAR?HX8347D
BL51 BANKED LINKER/LOCATER V6.22                                                      07/18/2015  10:07:39  PAGE 9


  +--> ?PR?_SHOW_PICTURE?HX8347D
  +--> ?PR?_DELAY_MS?APP

?PR?_SHOW_PICTURE?HX8347D                -----    -----      -----    -----      0002H    0016H
  +--> ?PR?_LCD_SETCURSOR?HX8347D
  +--> ?PR?LCD_WRITERAM_PREPARE?HX8347D
  +--> ?PR?_W25QXX_WRITE_BYTE?W25QXX
  +--> ?PR?W25QXX_READ_BYTE?W25QXX
  +--> ?PR?_LCD_WR_DATA?HX8347D

?PR?DESKTOP?APP                          -----    -----      -----    -----      0000H    0002H
  +--> ?PR?_LCD_CLEAR?HX8347D
  +--> ?PR?_SHOW_PICTURE?HX8347D
  +--> ?CO?APP
  +--> ?PR?_SHOW_STR?W25QXX
  +--> ?PR?CLOCK?APP
  +--> ?PR?_GET_CLICK?APP
  +--> ?PR?CALENDAR?APP
  +--> ?PR?TEMPERT?APP
  +--> ?PR?START_CHECK?APP
  +--> ?PR?PICBOX?APP
  +--> ?PR?_ALERT?APP
  +--> ?PR?LED?APP

?PR?CLOCK?APP                            -----    -----      -----    -----      -----    -----
  +--> ?PR?_GETTIME?DS1302
  +--> ?PR?_GUI_TEXT?HX8347D

?PR?_GET_CLICK?APP                       -----    -----      -----    -----      0003H    0006H
  +--> ?PR?_TP_READ_XY2?TOUCH
  +--> ?PR?_AT_DO?ATCMD

?PR?_TP_READ_XY2?TOUCH                   -----    -----      -----    -----      001DH    000EH
  +--> ?PR?_TP_READ_XY?TOUCH

?PR?_AT_DO?ATCMD                         -----    -----      -----    -----      0009H    0004H
  +--> ?PR?ATERR?ATCMD
  +--> ?CO?ATCMD

?PR?ATERR?ATCMD                          -----    -----      -----    -----      -----    -----
  +--> ?CO?ATCMD
  +--> ?PR?_UART_SENDSTR?UART

?CO?ATCMD                                -----    -----      -----    -----      -----    -----
  +--> ?PR?LINK?ATCMD
  +--> ?PR?START_CHECK?APP
  +--> ?PR?PICBOX?APP
  +--> ?PR?TEMPERT?APP
  +--> ?PR?CALENDAR?APP
  +--> ?PR?STIME?ATCMD
  +--> ?PR?STEMPERT?ATCMD
  +--> ?PR?SWLED1?ATCMD
  +--> ?PR?SWLED2?ATCMD
  +--> ?PR?SWLED3?ATCMD
  +--> ?PR?OFFLED?ATCMD

?PR?LINK?ATCMD                           -----    -----      -----    -----      -----    -----
BL51 BANKED LINKER/LOCATER V6.22                                                      07/18/2015  10:07:39  PAGE 10


  +--> ?PR?_UART_SENDSTR?UART

?PR?_UART_SENDSTR?UART                   -----    -----      -----    -----      -----    -----
  +--> ?PR?_UART_SENDONEBYTE?UART

?PR?PICBOX?APP                           -----    -----      -----    -----      000DH    0002H
  +--> ?PR?_LCD_CLEAR?HX8347D
  +--> ?PR?_LCD_DRAWBOX?HX8347D
  +--> ?PR?GUIDSHOW?APP
  +--> ?PR?_TP_DRAW_BIG_POINT?TOUCH
  +--> ?PR?_GUIDDO?APP

?PR?_LCD_DRAWBOX?HX8347D                 -----    -----      -----    -----      0160H    0012H
  +--> ?PR?_LCD_SETCURSOR?HX8347D
  +--> ?PR?LCD_WRITERAM_PREPARE?HX8347D
  +--> ?PR?_LCD_WR_DATA?HX8347D

?PR?GUIDSHOW?APP                         -----    -----      -----    -----      -----    -----
  +--> ?PR?_LCD_DRAWLINE?HX8347D
  +--> ?CO?APP
  +--> ?PR?_SHOW_STR?W25QXX

?PR?_LCD_DRAWLINE?HX8347D                -----    -----      -----    -----      0027H    0010H
  +--> ?PR?_LCD_SETPOINT?HX8347D

?PR?_TP_DRAW_BIG_POINT?TOUCH             -----    -----      -----    -----      000FH    0006H
  +--> ?PR?_LCD_SETPOINT?HX8347D

?PR?_GUIDDO?APP                          -----    -----      -----    -----      0017H    0008H
  +--> ?CO?APP
  +--> ?PR?_SHOW_STR?W25QXX
  +--> ?PR?_LCD_DRAWLINE?HX8347D

?PR?TEMPERT?APP                          -----    -----      -----    -----      000DH    0009H
  +--> ?PR?_LCD_CLEAR?HX8347D
  +--> ?PR?_LCD_DRAWBOX?HX8347D
  +--> ?PR?_LCD_DRAWEBOX?HX8347D
  +--> ?PR?GUIDSHOW?APP
  +--> ?PR?_READTEMPERATURE?18B20
  +--> ?CO?APP
  +--> ?PR?_SHOW_STR?W25QXX
  +--> ?PR?_GUI_TEXT?HX8347D
  +--> ?PR?_GUIDDO?APP

?PR?_LCD_DRAWEBOX?HX8347D                -----    -----      -----    -----      0017H    000AH
  +--> ?PR?_LCD_DRAWLINE?HX8347D

?PR?CALENDAR?APP                         -----    -----      -----    -----      000DH    0002H
  +--> ?PR?_GETTIME?DS1302
  +--> ?PR?_LCD_CLEAR?HX8347D
  +--> ?PR?_LCD_DRAWBOX?HX8347D
  +--> ?PR?_GUI_TEXT?HX8347D
  +--> ?CO?APP
  +--> ?PR?_SHOW_STR?W25QXX
  +--> ?PR?GUIDSHOW?APP
  +--> ?PR?SSTMTIME?APP
  +--> ?PR?_GUIDDO?APP
BL51 BANKED LINKER/LOCATER V6.22                                                      07/18/2015  10:07:39  PAGE 11



?PR?SSTMTIME?APP                         -----    -----      -----    -----      000FH    0008H
  +--> ?CO?APP
  +--> ?PR?_GETTIME?DS1302
  +--> ?PR?_LCD_CLEAR?HX8347D
  +--> ?PR?_SHOW_STR?W25QXX
  +--> ?PR?_GUI_TEXT?HX8347D
  +--> ?PR?_LCD_DRAWBOX?HX8347D
  +--> ?PR?_LCD_DRAWEBOX?HX8347D
  +--> ?PR?GUIDSHOW?APP
  +--> ?PR?_GET_CLICK1?APP
  +--> ?PR?_GUIDDO?APP
  +--> ?PR?_DS1302_WRITE_TIME?DS1302
  +--> ?PR?_ALERT?APP

?PR?_GET_CLICK1?APP                      -----    -----      -----    -----      0017H    0006H
  +--> ?PR?_TP_READ_XY2?TOUCH

?PR?_DS1302_WRITE_TIME?DS1302            -----    -----      -----    -----      0017H    0003H
  +--> ?PR?_WRITE1302?DS1302
  +--> ?PR?DELAY40US?DS1302

?PR?_ALERT?APP                           -----    -----      -----    -----      015BH    0005H
  +--> ?PR?_SHOW_STR?W25QXX
  +--> ?PR?_DELAY_MS?APP
  +--> ?PR?_STRLEN?STRLEN
  +--> ?PR?_LCD_DRAWBOX?HX8347D

?PR?STIME?ATCMD                          -----    -----      -----    -----      -----    -----
  +--> ?PR?_GETTIME?DS1302
  +--> ?PR?_UART_SENDSTR?UART

?PR?STEMPERT?ATCMD                       -----    -----      -----    -----      000DH    0007H
  +--> ?PR?_READTEMPERATURE?18B20
  +--> ?PR?_UART_SENDSTR?UART

?PR?SWLED1?ATCMD                         -----    -----      -----    -----      -----    -----
  +--> ?PR?_REDLED?LED
  +--> ?PR?_SETLED?LED

?PR?_SETLED?LED                          0020H.0  0000H.1    -----    -----      -----    -----

?PR?SWLED2?ATCMD                         -----    -----      -----    -----      -----    -----
  +--> ?PR?_REDLED?LED
  +--> ?PR?_SETLED?LED

?PR?SWLED3?ATCMD                         -----    -----      -----    -----      -----    -----
  +--> ?PR?_REDLED?LED
  +--> ?PR?_SETLED?LED

?PR?OFFLED?ATCMD                         -----    -----      -----    -----      -----    -----
  +--> ?PR?_SETLED?LED

?PR?LED?APP                              -----    -----      -----    -----      0002H    0001H
  +--> ?PR?_LCD_CLEAR?HX8347D
  +--> ?CO?APP
  +--> ?PR?_SHOW_STR?W25QXX
BL51 BANKED LINKER/LOCATER V6.22                                                      07/18/2015  10:07:39  PAGE 12


  +--> ?PR?GUIDSHOW?APP
  +--> ?PR?_GUI_TEXT?HX8347D
  +--> ?PR?_REDLED?LED
  +--> ?PR?_LCD_DRAWBOX?HX8347D
  +--> ?PR?_GET_CLICK?APP
  +--> ?PR?_GUIDDO?APP
  +--> ?PR?_SETLED?LED

?C_INITSEG                               -----    -----      -----    -----      -----    -----
  +--> ?PR?TP_INIT?TOUCH
  +--> ?PR?_TP_SCAN?TOUCH
  +--> ?PR?TP_ADJUST?TOUCH

?PR?_TP_SCAN?TOUCH                       -----    -----      -----    -----      -----    -----
  +--> ?PR?_TP_READ_XY2?TOUCH

?PR?TP_ADJUST?TOUCH                      -----    -----      -----    -----      0000H    0021H
  +--> ?PR?_LCD_CLEAR?HX8347D
  +--> ?PR?_TP_DROW_TOUCH_POINT?TOUCH
  +--> ?PR?_ABS?ABS
  +--> ?PR?SQRT?SQRT
  +--> ?PR?_DELAY_MS?APP

?PR?_TP_DROW_TOUCH_POINT?TOUCH           -----    -----      -----    -----      0021H    0006H
  +--> ?PR?_LCD_DRAWLINE?HX8347D
  +--> ?PR?_LCD_SETPOINT?HX8347D

?PR?SQRT?SQRT                            -----    -----      -----    -----      0021H    0004H

*** NEW ROOT ***************************************************

?PR?TIMER_ROUTINE?TIMER                  -----    -----      -----    -----      -----    -----
  +--> ?PR?_ISATCMD?ATCMD
  +--> ?PR?_ALERT?APP



SYMBOL TABLE OF MODULE:  .\Object\×ÏÒ«OS (?C_STARTUP)

  VALUE           TYPE          NAME
  ----------------------------------

  -------         MODULE        ?C_STARTUP
  C:5859H         SEGMENT       ?C_C51STARTUP
  I:0022H         SEGMENT       ?STACK
  C:0000H         PUBLIC        ?C_STARTUP
  D:00E0H         SYMBOL        ACC
  D:00F0H         SYMBOL        B
  D:0083H         SYMBOL        DPH
  D:0082H         SYMBOL        DPL
  N:0000H         SYMBOL        IBPSTACK
  N:0100H         SYMBOL        IBPSTACKTOP
  N:0080H         SYMBOL        IDATALEN
  C:585CH         SYMBOL        IDATALOOP
  N:0000H         SYMBOL        PBPSTACK
  N:0100H         SYMBOL        PBPSTACKTOP
  N:0000H         SYMBOL        PDATALEN
BL51 BANKED LINKER/LOCATER V6.22                                                      07/18/2015  10:07:39  PAGE 13


  N:0000H         SYMBOL        PDATASTART
  N:0000H         SYMBOL        PPAGE
  N:0000H         SYMBOL        PPAGEENABLE
  D:00A0H         SYMBOL        PPAGE_SFR
  D:0081H         SYMBOL        SP
  C:5859H         SYMBOL        STARTUP1
  N:0000H         SYMBOL        XBPSTACK
  N:0000H         SYMBOL        XBPSTACKTOP
  N:0000H         SYMBOL        XDATALEN
  N:0000H         SYMBOL        XDATASTART
  C:0000H         LINE#         126
  C:5859H         LINE#         133
  C:585BH         LINE#         134
  C:585CH         LINE#         135
  C:585DH         LINE#         136
  C:585FH         LINE#         185
  C:5862H         LINE#         196
  -------         ENDMOD        ?C_STARTUP

  -------         MODULE        APP
  C:0000H         SYMBOL        _ICE_DUMMY_
  C:26BCH         PUBLIC        desktop
  C:45F2H         PUBLIC        _guiddo
  D:0080H         PUBLIC        P0
  D:0090H         PUBLIC        P1
  D:00A0H         PUBLIC        P2
  C:4C1EH         PUBLIC        tempert
  B:0080H.5       PUBLIC        LED1
  B:0080H.6       PUBLIC        LED2
  B:0080H.7       PUBLIC        LED3
  C:33FBH         PUBLIC        picbox
  D:00A8H         PUBLIC        IE
  C:5EFBH         PUBLIC        clock
  C:2E27H         PUBLIC        start_check
  D:00B8H         PUBLIC        IP
  C:59E2H         PUBLIC        _alert
  C:567AH         PUBLIC        _Get_Click1
  D:00D8H         PUBLIC        CCON
  X:02BDH         PUBLIC        time
  D:0098H         PUBLIC        SCON
  D:0088H         PUBLIC        TCON
  C:2B27H         PUBLIC        led
  C:42F3H         PUBLIC        calendar
  C:5042H         SYMBOL        _?ix1000
  C:5E77H         PUBLIC        start_logo
  C:5F9DH         PUBLIC        _delay_ms
  B:0088H.4       PUBLIC        TR0
  B:0021H.1       PUBLIC        ATC
  B:00A0H.5       PUBLIC        PEN
  C:5303H         PUBLIC        _Get_Click
  C:4E41H         PUBLIC        guidshow
  X:02D3H         PUBLIC        x
  X:02D5H         PUBLIC        y
  D:00D0H         PUBLIC        PSW
  C:0B34H         PUBLIC        sstmtime
  -------         PROC          DESKTOP
  -------         DO            
BL51 BANKED LINKER/LOCATER V6.22                                                      07/18/2015  10:07:39  PAGE 14


  X:0000H         SYMBOL        i
  C:26C3H         SYMBOL        desktop
  -------         ENDDO         
  C:26BCH         LINE#         18
  C:26BCH         LINE#         19
  C:26BCH         LINE#         20
  C:26C3H         LINE#         21
  C:26C3H         LINE#         22
  C:26C5H         LINE#         23
  C:26CCH         LINE#         24
  C:26ECH         LINE#         26
  C:270FH         LINE#         27
  C:272FH         LINE#         29
  C:2752H         LINE#         30
  C:2772H         LINE#         32
  C:2795H         LINE#         33
  C:27B5H         LINE#         35
  C:27D8H         LINE#         36
  C:27F8H         LINE#         38
  C:281BH         LINE#         39
  C:283BH         LINE#         41
  C:285EH         LINE#         42
  C:287EH         LINE#         43
  C:28A1H         LINE#         45
  C:28C1H         LINE#         46
  C:28E4H         LINE#         48
  C:2904H         LINE#         49
  C:2927H         LINE#         51
  C:292AH         LINE#         52
  C:292CH         LINE#         53
  C:292CH         LINE#         54
  C:292CH         LINE#         55
  C:2937H         LINE#         56
  C:294DH         LINE#         57
  C:295BH         LINE#         58
  C:295EH         LINE#         59
  C:29C3H         LINE#         60
  C:2A06H         LINE#         61
  C:2A4AH         LINE#         62
  C:2A6DH         LINE#         63
  C:2A6DH         LINE#         64
  C:2A8AH         LINE#         65
  C:2A8AH         LINE#         66
  C:2A8CH         LINE#         67
  C:2A92H         LINE#         68
  C:2A98H         LINE#         69
  C:2A98H         LINE#         70
  C:2A98H         LINE#         71
  C:2AB5H         LINE#         72
  C:2AB5H         LINE#         73
  C:2AB7H         LINE#         74
  C:2AB9H         LINE#         75
  C:2ABFH         LINE#         76
  C:2ABFH         LINE#         77
  C:2ABFH         LINE#         78
  C:2ADCH         LINE#         79
  C:2ADCH         LINE#         80
BL51 BANKED LINKER/LOCATER V6.22                                                      07/18/2015  10:07:39  PAGE 15


  C:2AE2H         LINE#         81
  C:2AE4H         LINE#         82
  C:2AECH         LINE#         83
  C:2AECH         LINE#         84
  C:2AECH         LINE#         85
  C:2B09H         LINE#         86
  C:2B09H         LINE#         87
  C:2B11H         LINE#         88
  C:2B21H         LINE#         89
  -------         ENDPROC       DESKTOP
  -------         PROC          START_LOGO
  C:5E77H         LINE#         95
  C:5E77H         LINE#         96
  C:5E77H         LINE#         97
  C:5E7EH         LINE#         98
  C:5E9EH         LINE#         99
  -------         ENDPROC       START_LOGO
  -------         PROC          START_CHECK
  -------         DO            
  X:000DH         SYMBOL        temper
  -------         ENDDO         
  C:2E27H         LINE#         101
  C:2E27H         LINE#         102
  C:2E27H         LINE#         104
  C:2E2DH         LINE#         105
  C:2E49H         LINE#         106
  C:2E66H         LINE#         107
  C:2E83H         LINE#         108
  C:2E83H         LINE#         109
  C:2E8BH         LINE#         110
  C:2E93H         LINE#         111
  C:2E9BH         LINE#         112
  C:2EC0H         LINE#         113
  C:2EE6H         LINE#         114
  C:2EE6H         LINE#         115
  C:2EEDH         LINE#         116
  C:2F0EH         LINE#         117
  C:2F31H         LINE#         118
  C:2F3AH         LINE#         119
  C:2F5DH         LINE#         120
  C:2F64H         LINE#         121
  C:2F85H         LINE#         122
  C:2FA8H         LINE#         123
  C:2FB1H         LINE#         124
  C:2FB8H         LINE#         125
  C:2FC1H         LINE#         126
  C:2FE5H         LINE#         127
  C:3005H         LINE#         128
  C:3026H         LINE#         129
  C:3028H         LINE#         130
  C:304BH         LINE#         131
  C:304EH         LINE#         132
  C:3050H         LINE#         133
  C:3073H         LINE#         134
  C:3076H         LINE#         135
  C:3078H         LINE#         136
  C:309BH         LINE#         137
BL51 BANKED LINKER/LOCATER V6.22                                                      07/18/2015  10:07:39  PAGE 16


  C:309EH         LINE#         138
  C:30A1H         LINE#         139
  C:30C4H         LINE#         140
  C:30C7H         LINE#         141
  C:30E8H         LINE#         142
  C:310BH         LINE#         143
  C:3112H         LINE#         144
  -------         ENDPROC       START_CHECK
  -------         PROC          _ALERT
  X:015BH         SYMBOL        s
  X:015EH         SYMBOL        bcolor
  -------         DO            
  D:0007H         SYMBOL        len
  -------         ENDDO         
  C:59E2H         LINE#         146
  C:59F3H         LINE#         147
  C:59F3H         LINE#         149
  C:5A22H         LINE#         150
  C:5A29H         LINE#         151
  C:5A3CH         LINE#         152
  -------         ENDPROC       _ALERT
  C:52EFH         SYMBOL        L?0219
  -------         PROC          L?0218
  -------         ENDPROC       L?0218
  C:52EFH         SYMBOL        L?0219
  -------         PROC          _GET_CLICK
  X:0003H         SYMBOL        x
  X:0006H         SYMBOL        y
  C:5303H         LINE#         154
  C:530EH         LINE#         155
  C:530EH         LINE#         156
  C:532FH         LINE#         158
  C:53ADH         LINE#         159
  C:53BBH         LINE#         160
  -------         ENDPROC       _GET_CLICK
  -------         PROC          _GET_CLICK1
  X:0017H         SYMBOL        x
  X:001AH         SYMBOL        y
  C:567AH         LINE#         161
  C:5685H         LINE#         162
  C:5685H         LINE#         163
  C:56A6H         LINE#         165
  -------         ENDPROC       _GET_CLICK1
  C:5F99H         SYMBOL        L?0221
  -------         PROC          L?0220
  -------         ENDPROC       L?0220
  C:5F99H         SYMBOL        L?0221
  -------         PROC          _DELAY_MS
  D:0006H         SYMBOL        ms
  -------         DO            
  D:0004H         SYMBOL        i
  D:0002H         SYMBOL        j
  -------         ENDDO         
  C:5F9DH         LINE#         167
  C:5F9DH         LINE#         168
  C:5F9DH         LINE#         170
  C:5FA7H         LINE#         171
BL51 BANKED LINKER/LOCATER V6.22                                                      07/18/2015  10:07:39  PAGE 17


  C:5FA7H         LINE#         172
  C:5FB5H         LINE#         173
  C:5FBCH         LINE#         174
  -------         ENDPROC       _DELAY_MS
  -------         PROC          CLOCK
  C:5EFBH         LINE#         175
  C:5EFBH         LINE#         176
  C:5EFBH         LINE#         177
  C:5F04H         LINE#         178
  C:5F09H         LINE#         179
  -------         ENDPROC       CLOCK
  -------         PROC          CALENDAR
  -------         DO            
  X:000DH         SYMBOL        i
  -------         ENDDO         
  C:42F3H         LINE#         184
  C:42F3H         LINE#         185
  C:42F3H         LINE#         186
  C:42FAH         LINE#         187
  C:4303H         LINE#         188
  C:4308H         LINE#         189
  C:430FH         LINE#         190
  C:432FH         LINE#         191
  C:434DH         LINE#         192
  C:436DH         LINE#         193
  C:4391H         LINE#         194
  C:43B1H         LINE#         195
  C:43B6H         LINE#         196
  C:43DAH         LINE#         197
  C:43DDH         LINE#         198
  C:43DDH         LINE#         199
  C:43DDH         LINE#         200
  C:43F1H         LINE#         201
  C:43F1H         LINE#         202
  C:43FAH         LINE#         203
  C:43FFH         LINE#         204
  C:441FH         LINE#         205
  C:4427H         LINE#         206
  C:4427H         LINE#         207
  C:4435H         LINE#         208
  C:4438H         LINE#         209
  C:4476H         LINE#         210
  -------         ENDPROC       CALENDAR
  -------         PROC          SSTMTIME
  -------         DO            
  X:000FH         SYMBOL        setime
  X:0016H         SYMBOL        i
  -------         ENDDO         
  C:0B34H         LINE#         215
  C:0B34H         LINE#         216
  C:0B34H         LINE#         217
  C:0B4DH         LINE#         218
  C:0B55H         LINE#         219
  C:0B5CH         LINE#         220
  C:0B7FH         LINE#         221
  C:0B9FH         LINE#         222
  C:0BBFH         LINE#         223
BL51 BANKED LINKER/LOCATER V6.22                                                      07/18/2015  10:07:39  PAGE 18


  C:0BE1H         LINE#         224
  C:0C00H         LINE#         225
  C:0C20H         LINE#         226
  C:0C42H         LINE#         227
  C:0C61H         LINE#         228
  C:0C81H         LINE#         229
  C:0C9FH         LINE#         230
  C:0CBEH         LINE#         231
  C:0CDEH         LINE#         232
  C:0CFCH         LINE#         233
  C:0D1BH         LINE#         234
  C:0D1EH         LINE#         235
  C:0D37H         LINE#         236
  C:0D37H         LINE#         237
  C:0D37H         LINE#         238
  C:0D67H         LINE#         239
  C:0D67H         LINE#         240
  C:0DA3H         LINE#         241
  C:0DDFH         LINE#         242
  C:0E1BH         LINE#         243
  C:0E57H         LINE#         244
  C:0E92H         LINE#         245
  C:0ECDH         LINE#         246
  C:0F0BH         LINE#         247
  C:0F0BH         LINE#         248
  C:0F22H         LINE#         249
  C:0F60H         LINE#         250
  C:0F99H         LINE#         251
  C:0FD5H         LINE#         252
  C:0FD5H         LINE#         253
  C:0FE8H         LINE#         254
  C:0FFBH         LINE#         255
  C:100EH         LINE#         256
  C:1021H         LINE#         257
  C:1034H         LINE#         258
  C:103EH         LINE#         259
  C:1051H         LINE#         260
  C:105AH         LINE#         261
  C:1067H         LINE#         262
  C:106AH         LINE#         263
  C:106AH         LINE#         264
  C:10A6H         LINE#         265
  C:10A6H         LINE#         266
  C:10D6H         LINE#         267
  C:10D6H         LINE#         268
  C:10FAH         LINE#         269
  C:112CH         LINE#         270
  C:115EH         LINE#         271
  C:118BH         LINE#         272
  C:11B8H         LINE#         273
  C:11E8H         LINE#         274
  C:11F7H         LINE#         275
  C:11F7H         LINE#         276
  C:11FAH         LINE#         277
  C:11FAH         LINE#         278
  C:1236H         LINE#         279
  C:1236H         LINE#         280
BL51 BANKED LINKER/LOCATER V6.22                                                      07/18/2015  10:07:39  PAGE 19


  C:1266H         LINE#         281
  C:1266H         LINE#         282
  C:129BH         LINE#         283
  C:12D2H         LINE#         284
  C:1308H         LINE#         285
  C:133EH         LINE#         286
  C:1374H         LINE#         287
  C:13AAH         LINE#         288
  C:13BAH         LINE#         289
  C:13BAH         LINE#         291
  C:13BDH         LINE#         292
  C:13BDH         LINE#         293
  C:13CCH         LINE#         294
  -------         ENDPROC       SSTMTIME
  -------         PROC          GUIDSHOW
  C:4E41H         LINE#         299
  C:4E41H         LINE#         300
  C:4E41H         LINE#         301
  C:4E5FH         LINE#         302
  C:4E82H         LINE#         303
  C:4EA7H         LINE#         304
  C:4EC6H         LINE#         305
  C:4EE5H         LINE#         306
  C:4F04H         LINE#         307
  C:4F23H         LINE#         308
  -------         ENDPROC       GUIDSHOW
  -------         PROC          _GUIDDO
  X:0017H         SYMBOL        pback
  X:001AH         SYMBOL        pmenu
  X:001DH         SYMBOL        x
  C:45F2H         LINE#         315
  C:45FDH         LINE#         316
  C:45FDH         LINE#         317
  C:4649H         LINE#         318
  C:46B0H         LINE#         319
  C:46F1H         LINE#         320
  C:473DH         LINE#         321
  -------         ENDPROC       _GUIDDO
  -------         PROC          TEMPERT
  -------         DO            
  X:000DH         SYMBOL        i
  X:000FH         SYMBOL        temper
  -------         ENDDO         
  C:4C1EH         LINE#         325
  C:4C1EH         LINE#         326
  C:4C1EH         LINE#         327
  C:4C25H         LINE#         329
  C:4C2CH         LINE#         330
  C:4C4BH         LINE#         331
  C:4C67H         LINE#         332
  C:4C6AH         LINE#         333
  C:4C6AH         LINE#         334
  C:4C6AH         LINE#         335
  C:4C7AH         LINE#         336
  C:4C7AH         LINE#         337
  C:4C83H         LINE#         338
  C:4CA7H         LINE#         339
BL51 BANKED LINKER/LOCATER V6.22                                                      07/18/2015  10:07:39  PAGE 20


  C:4CC7H         LINE#         340
  C:4CCFH         LINE#         341
  C:4CCFH         LINE#         342
  C:4CDDH         LINE#         343
  C:4CF0H         LINE#         344
  C:4CF3H         LINE#         345
  C:4D37H         LINE#         346
  -------         ENDPROC       TEMPERT
  -------         PROC          PICBOX
  -------         DO            
  X:000DH         SYMBOL        color
  -------         ENDDO         
  C:33FBH         LINE#         351
  C:33FBH         LINE#         352
  C:33FBH         LINE#         353
  C:3404H         LINE#         354
  C:340BH         LINE#         355
  C:3427H         LINE#         356
  C:3446H         LINE#         357
  C:3463H         LINE#         358
  C:347EH         LINE#         359
  C:349DH         LINE#         360
  C:34BCH         LINE#         361
  C:34D9H         LINE#         362
  C:34F9H         LINE#         363
  C:3519H         LINE#         364
  C:3539H         LINE#         365
  C:3559H         LINE#         366
  C:3579H         LINE#         367
  C:357CH         LINE#         368
  C:357CH         LINE#         369
  C:357CH         LINE#         370
  C:357FH         LINE#         371
  C:35B0H         LINE#         372
  C:35EEH         LINE#         373
  C:360CH         LINE#         374
  C:3649H         LINE#         375
  C:3649H         LINE#         376
  C:364DH         LINE#         377
  C:3657H         LINE#         378
  C:3664H         LINE#         379
  C:366AH         LINE#         380
  C:3676H         LINE#         381
  C:3683H         LINE#         382
  C:368AH         LINE#         383
  C:3697H         LINE#         384
  C:36A4H         LINE#         385
  -------         ENDPROC       PICBOX
  -------         PROC          LED
  -------         DO            
  X:0002H         SYMBOL        ctr
  -------         ENDDO         
  C:2B27H         LINE#         392
  C:2B27H         LINE#         393
  C:2B27H         LINE#         394
  C:2B2CH         LINE#         395
  C:2B33H         LINE#         396
BL51 BANKED LINKER/LOCATER V6.22                                                      07/18/2015  10:07:39  PAGE 21


  C:2B56H         LINE#         397
  C:2B59H         LINE#         398
  C:2B78H         LINE#         399
  C:2B97H         LINE#         400
  C:2BB6H         LINE#         401
  C:2BB6H         LINE#         402
  C:2BB6H         LINE#         403
  C:2BC1H         LINE#         404
  C:2BDCH         LINE#         405
  C:2BEEH         LINE#         406
  C:2BF0H         LINE#         407
  C:2C0CH         LINE#         408
  C:2C32H         LINE#         409
  C:2C32H         LINE#         410
  C:2C3DH         LINE#         411
  C:2C58H         LINE#         412
  C:2C6AH         LINE#         413
  C:2C6CH         LINE#         414
  C:2C84H         LINE#         415
  C:2CAAH         LINE#         416
  C:2CAAH         LINE#         417
  C:2CB5H         LINE#         418
  C:2CD0H         LINE#         419
  C:2CE2H         LINE#         420
  C:2CE4H         LINE#         421
  C:2D00H         LINE#         422
  C:2D26H         LINE#         423
  C:2D26H         LINE#         424
  C:2D29H         LINE#         425
  C:2D2CH         LINE#         426
  C:2D6AH         LINE#         427
  C:2DA4H         LINE#         428
  C:2DDEH         LINE#         429
  C:2E24H         LINE#         430
  -------         ENDPROC       LED
  -------         ENDMOD        APP

  -------         MODULE        18B20
  C:0000H         SYMBOL        _ICE_DUMMY_
  D:0080H         PUBLIC        P0
  D:00A8H         PUBLIC        IE
  C:5D87H         PUBLIC        _ReadTemperature
  B:0080H.0       PUBLIC        DQ
  D:00B8H         PUBLIC        IP
  C:5F24H         PUBLIC        Init_DS18B20
  C:6035H         PUBLIC        ReadOneChar
  D:00D8H         PUBLIC        CCON
  C:5E03H         PUBLIC        Read18b20
  C:619EH         PUBLIC        _DelayMs
  C:6051H         PUBLIC        _WriteOneChar
  D:0098H         PUBLIC        SCON
  D:0088H         PUBLIC        TCON
  C:618AH         PUBLIC        _DelayUs2x
  D:00D0H         PUBLIC        PSW
  -------         PROC          _DELAYUS2X
  D:0007H         SYMBOL        t
  -------         DO            
BL51 BANKED LINKER/LOCATER V6.22                                                      07/18/2015  10:07:39  PAGE 22


  D:0006H         SYMBOL        i
  -------         ENDDO         
  C:618AH         LINE#         10
  C:618AH         LINE#         11
  C:618AH         LINE#         13
  C:6196H         LINE#         14
  C:6196H         LINE#         15
  C:6198H         LINE#         16
  C:619AH         LINE#         17
  C:619DH         LINE#         18
  -------         ENDPROC       _DELAYUS2X
  -------         PROC          _DELAYMS
  D:0007H         SYMBOL        t
  -------         DO            
  D:0006H         SYMBOL        i
  D:0005H         SYMBOL        j
  -------         ENDDO         
  C:619EH         LINE#         24
  C:619EH         LINE#         25
  C:619EH         LINE#         27
  C:61A4H         LINE#         28
  C:61A4H         LINE#         29
  C:61A5H         LINE#         30
  C:61A6H         LINE#         31
  C:61A8H         LINE#         32
  C:61AAH         LINE#         34
  C:61AAH         LINE#         35
  C:61ACH         LINE#         36
  C:61AEH         LINE#         37
  C:61B1H         LINE#         38
  -------         ENDPROC       _DELAYMS
  -------         PROC          INIT_DS18B20
  -------         DO            
  B:0020H.0       SYMBOL        dat
  -------         ENDDO         
  C:5F24H         LINE#         43
  C:5F24H         LINE#         44
  C:5F24H         LINE#         45
  C:5F26H         LINE#         46
  C:5F28H         LINE#         47
  C:5F2DH         LINE#         48
  C:5F2FH         LINE#         49
  C:5F34H         LINE#         50
  C:5F39H         LINE#         51
  C:5F3BH         LINE#         52
  C:5F40H         LINE#         53
  C:5F44H         LINE#         54
  C:5F49H         LINE#         55
  C:5F4BH         LINE#         56
  -------         ENDPROC       INIT_DS18B20
  -------         PROC          READONECHAR
  -------         DO            
  D:0005H         SYMBOL        i
  D:0004H         SYMBOL        dat
  -------         ENDDO         
  C:6035H         LINE#         61
  C:6035H         LINE#         62
BL51 BANKED LINKER/LOCATER V6.22                                                      07/18/2015  10:07:39  PAGE 23


  C:6035H         LINE#         63
  C:6036H         LINE#         64
  C:6037H         LINE#         65
  C:6039H         LINE#         66
  C:6039H         LINE#         67
  C:603BH         LINE#         68
  C:603FH         LINE#         69
  C:6041H         LINE#         70
  C:6044H         LINE#         71
  C:6047H         LINE#         72
  C:604CH         LINE#         73
  C:604EH         LINE#         74
  C:6050H         LINE#         75
  -------         ENDPROC       READONECHAR
  -------         PROC          _WRITEONECHAR
  D:0005H         SYMBOL        dat
  -------         DO            
  D:0003H         SYMBOL        i
  -------         ENDDO         
  C:6051H         LINE#         79
  C:6053H         LINE#         80
  C:6053H         LINE#         81
  C:6053H         LINE#         82
  C:6055H         LINE#         83
  C:6055H         LINE#         84
  C:6057H         LINE#         85
  C:605BH         LINE#         86
  C:6060H         LINE#         87
  C:6062H         LINE#         88
  C:6066H         LINE#         89
  C:6068H         LINE#         90
  -------         ENDPROC       _WRITEONECHAR
  -------         PROC          READ18B20
  -------         DO            
  D:0003H         SYMBOL        a
  D:0006H         SYMBOL        b
  D:0004H         SYMBOL        t
  -------         ENDDO         
  C:5E03H         LINE#         96
  C:5E03H         LINE#         97
  C:5E03H         LINE#         98
  C:5E05H         LINE#         99
  C:5E07H         LINE#         100
  C:5E09H         LINE#         101
  C:5E0CH         LINE#         102
  C:5E11H         LINE#         103
  C:5E16H         LINE#         104
  C:5E1BH         LINE#         105
  C:5E1EH         LINE#         106
  C:5E23H         LINE#         107
  C:5E28H         LINE#         108
  C:5E2DH         LINE#         109
  C:5E30H         LINE#         110
  C:5E34H         LINE#         111
  C:5E39H         LINE#         113
  C:5E3CH         LINE#         114
  -------         ENDPROC       READ18B20
BL51 BANKED LINKER/LOCATER V6.22                                                      07/18/2015  10:07:39  PAGE 24


  -------         PROC          _READTEMPERATURE
  X:0016H         SYMBOL        temper
  -------         DO            
  D:0006H         SYMBOL        temp
  D:0004H         SYMBOL        temperature
  -------         ENDDO         
  C:5D87H         LINE#         115
  C:5D92H         LINE#         116
  C:5D92H         LINE#         119
  C:5D95H         LINE#         120
  C:5DA7H         LINE#         121
  -------         ENDPROC       _READTEMPERATURE
  -------         ENDMOD        18B20

  -------         MODULE        ATCMD
  C:0000H         SYMBOL        _ICE_DUMMY_
  D:0080H         PUBLIC        P0
  D:00A0H         PUBLIC        P2
  C:58E5H         PUBLIC        _AT_DO
  D:00A8H         PUBLIC        IE
  D:00B8H         PUBLIC        IP
  D:00D8H         PUBLIC        CCON
  C:606DH         PUBLIC        stime
  C:6260H         PUBLIC        link
  C:620BH         PUBLIC        SWLED1
  C:6218H         PUBLIC        SWLED2
  C:6225H         PUBLIC        SWLED3
  D:0098H         PUBLIC        SCON
  D:0088H         PUBLIC        TCON
  C:6269H         PUBLIC        ATErr
  C:5484H         PUBLIC        at
  C:61B2H         PUBLIC        _IsATCmd
  C:6136H         PUBLIC        OFFLed
  C:6088H         PUBLIC        stempert
  D:00D0H         PUBLIC        PSW
  -------         PROC          _AT_DO
  X:0009H         SYMBOL        at_str
  -------         DO            
  X:000CH         SYMBOL        i
  -------         ENDDO         
  C:58E5H         LINE#         49
  C:58F0H         LINE#         50
  C:58F0H         LINE#         52
  C:58FAH         LINE#         53
  C:5909H         LINE#         54
  C:5909H         LINE#         55
  C:5910H         LINE#         56
  C:595BH         LINE#         57
  C:5963H         LINE#         58
  -------         ENDPROC       _AT_DO
  -------         PROC          _ISATCMD
  D:0001H         SYMBOL        str
  C:61B2H         LINE#         64
  C:61B2H         LINE#         65
  C:61B2H         LINE#         66
  C:61C3H         LINE#         67
  C:61C4H         LINE#         68
BL51 BANKED LINKER/LOCATER V6.22                                                      07/18/2015  10:07:39  PAGE 25


  -------         ENDPROC       _ISATCMD
  -------         PROC          STIME
  C:606DH         LINE#         74
  C:606DH         LINE#         75
  C:606DH         LINE#         77
  C:6076H         LINE#         78
  C:607FH         LINE#         79
  -------         ENDPROC       STIME
  -------         PROC          STEMPERT
  -------         DO            
  X:000DH         SYMBOL        temper
  -------         ENDDO         
  C:6088H         LINE#         86
  C:6088H         LINE#         87
  C:6088H         LINE#         89
  C:6091H         LINE#         90
  C:609AH         LINE#         91
  -------         ENDPROC       STEMPERT
  -------         PROC          LINK
  C:6260H         LINE#         98
  C:6260H         LINE#         99
  C:6260H         LINE#         100
  -------         ENDPROC       LINK
  -------         PROC          ATERR
  C:6269H         LINE#         107
  C:6269H         LINE#         108
  C:6269H         LINE#         109
  -------         ENDPROC       ATERR
  -------         PROC          SWLED1
  C:620BH         LINE#         115
  C:620BH         LINE#         116
  C:620BH         LINE#         117
  -------         ENDPROC       SWLED1
  -------         PROC          SWLED2
  C:6218H         LINE#         119
  C:6218H         LINE#         120
  C:6218H         LINE#         121
  -------         ENDPROC       SWLED2
  -------         PROC          SWLED3
  C:6225H         LINE#         123
  C:6225H         LINE#         124
  C:6225H         LINE#         125
  -------         ENDPROC       SWLED3
  -------         PROC          OFFLED
  C:6136H         LINE#         127
  C:6136H         LINE#         128
  C:6136H         LINE#         129
  C:613DH         LINE#         130
  C:6144H         LINE#         131
  -------         ENDPROC       OFFLED
  -------         ENDMOD        ATCMD

  -------         MODULE        AUDIO
  C:0000H         SYMBOL        _ICE_DUMMY_
  D:00A0H         PUBLIC        P2
  D:00A8H         PUBLIC        IE
  C:6272H         PUBLIC        delay500us
BL51 BANKED LINKER/LOCATER V6.22                                                      07/18/2015  10:07:39  PAGE 26


  D:00B8H         PUBLIC        IP
  B:00A0H.1       PUBLIC        BEEP
  C:5F74H         PUBLIC        _beep
  D:00D8H         PUBLIC        CCON
  D:0098H         PUBLIC        SCON
  D:0088H         PUBLIC        TCON
  D:00D0H         PUBLIC        PSW
  -------         PROC          DELAY500US
  -------         DO            
  D:0007H         SYMBOL        i
  D:0006H         SYMBOL        j
  -------         ENDDO         
  C:6272H         LINE#         6
  C:6272H         LINE#         7
  C:6272H         LINE#         10
  C:6274H         LINE#         11
  C:6276H         LINE#         13
  C:6276H         LINE#         14
  C:6278H         LINE#         15
  C:627AH         LINE#         16
  -------         ENDPROC       DELAY500US
  -------         PROC          _BEEP
  D:0004H         SYMBOL        t
  -------         DO            
  D:0003H         SYMBOL        j
  -------         ENDDO         
  C:5F74H         LINE#         18
  C:5F78H         LINE#         19
  C:5F78H         LINE#         21
  C:5F7CH         LINE#         22
  C:5F7CH         LINE#         23
  C:5F7EH         LINE#         24
  C:5F7EH         LINE#         25
  C:5F80H         LINE#         26
  C:5F83H         LINE#         27
  C:5F85H         LINE#         29
  C:5F87H         LINE#         30
  C:5F87H         LINE#         31
  C:5F89H         LINE#         32
  C:5F8CH         LINE#         33
  C:5F8FH         LINE#         34
  C:5F91H         LINE#         35
  C:5F96H         LINE#         36
  C:5F98H         LINE#         37
  -------         ENDPROC       _BEEP
  -------         ENDMOD        AUDIO

  -------         MODULE        DS1302
  C:0000H         SYMBOL        _ICE_DUMMY_
  D:0080H         PUBLIC        P0
  D:00A0H         PUBLIC        P2
  C:6100H         PUBLIC        Delay1ms
  B:00A0H.7       PUBLIC        CE
  D:00A8H         PUBLIC        IE
  D:00B8H         PUBLIC        IP
  D:00D8H         PUBLIC        CCON
  B:0080H.1       PUBLIC        SCLK
BL51 BANKED LINKER/LOCATER V6.22                                                      07/18/2015  10:07:39  PAGE 27


  D:0098H         PUBLIC        SCON
  D:0088H         PUBLIC        TCON
  C:5CFDH         PUBLIC        _Read1302
  C:5724H         PUBLIC        _Ds1302_Read_Time
  C:5DC7H         PUBLIC        _Write1302
  B:0080H.3       PUBLIC        DIO
  C:5220H         PUBLIC        _Ds1302_Write_Time
  C:612DH         PUBLIC        delay40us
  C:4B00H         PUBLIC        _gettime
  C:61D8H         PUBLIC        Ds1302_Init
  D:00D0H         PUBLIC        PSW
  C:60FBH         SYMBOL        L?0037
  -------         PROC          L?0036
  -------         ENDPROC       L?0036
  C:60FBH         SYMBOL        L?0037
  -------         PROC          DELAY1MS
  -------         DO            
  D:0007H         SYMBOL        i
  D:0006H         SYMBOL        j
  -------         ENDDO         
  C:6100H         LINE#         3
  C:6100H         LINE#         4
  C:6100H         LINE#         7
  C:6102H         LINE#         8
  C:6104H         LINE#         10
  C:6104H         LINE#         11
  C:6106H         LINE#         12
  C:6108H         LINE#         13
  -------         ENDPROC       DELAY1MS
  -------         PROC          _GETTIME
  X:0017H         SYMBOL        buf
  -------         DO            
  X:001AH         SYMBOL        temp
  -------         ENDDO         
  C:4B00H         LINE#         15
  C:4B0BH         LINE#         16
  C:4B0BH         LINE#         18
  C:4B14H         LINE#         19
  C:4B24H         LINE#         20
  C:4B37H         LINE#         21
  C:4B47H         LINE#         22
  C:4B52H         LINE#         23
  C:4B5AH         LINE#         24
  C:4B6AH         LINE#         25
  C:4B75H         LINE#         26
  C:4B7DH         LINE#         27
  C:4B8DH         LINE#         28
  C:4B98H         LINE#         29
  C:4BA0H         LINE#         30
  C:4BB0H         LINE#         31
  C:4BBBH         LINE#         32
  C:4BC3H         LINE#         33
  C:4BD3H         LINE#         34
  C:4BDEH         LINE#         35
  C:4BE6H         LINE#         36
  C:4BF6H         LINE#         37
  C:4C01H         LINE#         38
BL51 BANKED LINKER/LOCATER V6.22                                                      07/18/2015  10:07:39  PAGE 28


  C:4C09H         LINE#         39
  C:4C17H         LINE#         40
  -------         ENDPROC       _GETTIME
  C:6121H         SYMBOL        L?0034
  C:6128H         SYMBOL        L?0035
  -------         PROC          L?0033
  -------         ENDPROC       L?0033
  C:6121H         SYMBOL        L?0034
  C:6128H         SYMBOL        L?0035
  -------         PROC          DELAY40US
  -------         DO            
  D:0007H         SYMBOL        i
  D:0006H         SYMBOL        j
  -------         ENDDO         
  C:612DH         LINE#         42
  C:612DH         LINE#         43
  C:612DH         LINE#         46
  C:612FH         LINE#         47
  C:6131H         LINE#         49
  C:6131H         LINE#         50
  C:6133H         LINE#         51
  C:6135H         LINE#         52
  -------         ENDPROC       DELAY40US
  -------         PROC          _WRITE1302
  D:0003H         SYMBOL        addr
  D:0005H         SYMBOL        dat
  -------         DO            
  D:0002H         SYMBOL        i
  D:0001H         SYMBOL        temp
  -------         ENDDO         
  C:5DC7H         LINE#         56
  C:5DC9H         LINE#         57
  C:5DC9H         LINE#         59
  C:5DCBH         LINE#         60
  C:5DCEH         LINE#         61
  C:5DD0H         LINE#         62
  C:5DD3H         LINE#         63
  C:5DD5H         LINE#         64
  C:5DD8H         LINE#         65
  C:5DDAH         LINE#         66
  C:5DDAH         LINE#         67
  C:5DDCH         LINE#         68
  C:5DDFH         LINE#         69
  C:5DE1H         LINE#         70
  C:5DE2H         LINE#         71
  C:5DE2H         LINE#         72
  C:5DE2H         LINE#         73
  C:5DE2H         LINE#         74
  C:5DE2H         LINE#         75
  C:5DE5H         LINE#         76
  C:5DE7H         LINE#         78
  C:5DE9H         LINE#         79
  C:5DE9H         LINE#         80
  C:5DEBH         LINE#         81
  C:5DEEH         LINE#         82
  C:5DF0H         LINE#         83
  C:5DF4H         LINE#         84
BL51 BANKED LINKER/LOCATER V6.22                                                      07/18/2015  10:07:39  PAGE 29


  C:5DF7H         LINE#         85
  C:5DFBH         LINE#         86
  C:5DFBH         LINE#         87
  C:5DFBH         LINE#         88
  C:5DFEH         LINE#         89
  C:5E00H         LINE#         90
  C:5E02H         LINE#         91
  -------         ENDPROC       _WRITE1302
  -------         PROC          _READ1302
  D:0003H         SYMBOL        addr
  -------         DO            
  D:0002H         SYMBOL        i
  D:0005H         SYMBOL        temp
  -------         ENDDO         
  C:5CFDH         LINE#         96
  C:5CFFH         LINE#         97
  C:5CFFH         LINE#         99
  C:5D01H         LINE#         100
  C:5D04H         LINE#         101
  C:5D06H         LINE#         102
  C:5D09H         LINE#         103
  C:5D0BH         LINE#         104
  C:5D0EH         LINE#         106
  C:5D10H         LINE#         107
  C:5D10H         LINE#         108
  C:5D12H         LINE#         109
  C:5D15H         LINE#         111
  C:5D16H         LINE#         112
  C:5D16H         LINE#         113
  C:5D16H         LINE#         114
  C:5D16H         LINE#         115
  C:5D16H         LINE#         116
  C:5D19H         LINE#         117
  C:5D1BH         LINE#         119
  C:5D1DH         LINE#         120
  C:5D1DH         LINE#         121
  C:5D1FH         LINE#         122
  C:5D22H         LINE#         123
  C:5D26H         LINE#         124
  C:5D29H         LINE#         125
  C:5D2BH         LINE#         126
  C:5D2EH         LINE#         127
  C:5D3AH         LINE#         128
  C:5D3CH         LINE#         129
  C:5D3EH         LINE#         130
  C:5D41H         LINE#         131
  C:5D43H         LINE#         132
  -------         ENDPROC       _READ1302
  -------         PROC          _DS1302_WRITE_TIME
  X:0017H         SYMBOL        buf
  C:5220H         LINE#         136
  C:522BH         LINE#         137
  C:522BH         LINE#         138
  C:5232H         LINE#         139
  C:5235H         LINE#         140
  C:5249H         LINE#         141
  C:524CH         LINE#         142
BL51 BANKED LINKER/LOCATER V6.22                                                      07/18/2015  10:07:39  PAGE 30


  C:5263H         LINE#         143
  C:5266H         LINE#         144
  C:527DH         LINE#         145
  C:5280H         LINE#         146
  C:5297H         LINE#         147
  C:529AH         LINE#         148
  C:52B1H         LINE#         149
  C:52B4H         LINE#         150
  C:52CBH         LINE#         151
  C:52CEH         LINE#         152
  C:52E5H         LINE#         153
  C:52E8H         LINE#         154
  -------         ENDPROC       _DS1302_WRITE_TIME
  -------         PROC          _DS1302_READ_TIME
  X:0021H         SYMBOL        buf
  C:5724H         LINE#         161
  C:572FH         LINE#         162
  C:572FH         LINE#         163
  C:572FH         LINE#         164
  C:5732H         LINE#         165
  C:5744H         LINE#         166
  C:5744H         LINE#         167
  C:5744H         LINE#         168
  C:5747H         LINE#         169
  C:5759H         LINE#         170
  C:5759H         LINE#         171
  C:5759H         LINE#         172
  C:575CH         LINE#         173
  C:5773H         LINE#         174
  C:5773H         LINE#         175
  C:5776H         LINE#         176
  C:5789H         LINE#         177
  C:5789H         LINE#         178
  C:5789H         LINE#         179
  C:578CH         LINE#         180
  C:579FH         LINE#         181
  C:579FH         LINE#         182
  C:579FH         LINE#         183
  C:57A2H         LINE#         184
  C:57B5H         LINE#         185
  C:57B5H         LINE#         186
  C:57B5H         LINE#         187
  C:57B8H         LINE#         188
  -------         ENDPROC       _DS1302_READ_TIME
  -------         PROC          DS1302_INIT
  C:61D8H         LINE#         194
  C:61D8H         LINE#         195
  C:61D8H         LINE#         196
  C:61DAH         LINE#         197
  C:61DCH         LINE#         198
  C:61E3H         LINE#         200
  -------         ENDPROC       DS1302_INIT
  -------         ENDMOD        DS1302

  -------         MODULE        HX8347D
  C:0000H         SYMBOL        _ICE_DUMMY_
  D:0080H         PUBLIC        P0
BL51 BANKED LINKER/LOCATER V6.22                                                      07/18/2015  10:07:39  PAGE 31


  D:0090H         PUBLIC        P1
  X:02EEH         PUBLIC        LCD_id
  D:00A0H         PUBLIC        P2
  D:00B0H         PUBLIC        P3
  D:00A8H         PUBLIC        IE
  D:00B8H         PUBLIC        IP
  C:1C49H         PUBLIC        asc2_1608
  C:6232H         PUBLIC        _LCD_WR_REG
  C:5520H         PUBLIC        _LCD_Clear
  C:6281H         SYMBOL        _LCD_WriteRAM
  D:00D8H         PUBLIC        CCON
  C:49C4H         PUBLIC        _show_picture
  C:3E1EH         PUBLIC        LCD_Initializtion
  D:0098H         PUBLIC        SCON
  C:3119H         PUBLIC        _LCD_DrawEBox
  D:0088H         PUBLIC        TCON
  C:4D3AH         PUBLIC        _PutChar
  B:0090H.4       PUBLIC        LCD_CS
  C:3967H         PUBLIC        _LCD_DrawLine
  C:5EB0H         SYMBOL        _delay_ms
  C:615BH         SYMBOL        LCD_WriteRAM_Prepare
  C:60E4H         PUBLIC        _LCD_WR_DATA
  B:0090H.5       PUBLIC        LCD_RS
  B:0090H.6       PUBLIC        LCD_WR
  C:61F1H         SYMBOL        _LCD_WriteReg
  C:5E48H         SYMBOL        _LCD_SetCursor
  C:53BCH         PUBLIC        _GUI_Text
  C:5140H         PUBLIC        _LCD_DrawBox
  C:5C26H         PUBLIC        _LCD_SetPoint
  B:00A0H.4       PUBLIC        W25Qxx_CS
  D:00D0H         PUBLIC        PSW
  -------         PROC          _LCD_WR_REG
  D:0007H         SYMBOL        dat
  C:6232H         LINE#         13
  C:6232H         LINE#         14
  C:6232H         LINE#         15
  C:6234H         LINE#         16
  C:6236H         LINE#         17
  C:6238H         LINE#         18
  C:623AH         LINE#         19
  C:623CH         LINE#         20
  C:623EH         LINE#         21
  -------         ENDPROC       _LCD_WR_REG
  -------         PROC          L?0111
  -------         ENDPROC       L?0111
  -------         PROC          _LCD_WR_DATA
  D:0006H         SYMBOL        dat
  C:60E4H         LINE#         23
  C:60E4H         LINE#         24
  C:60E4H         LINE#         25
  C:60E6H         LINE#         26
  C:60E8H         LINE#         27
  C:60EAH         LINE#         28
  C:60ECH         LINE#         29
  C:60EEH         LINE#         30
  C:60F0H         LINE#         31
  -------         ENDPROC       _LCD_WR_DATA
BL51 BANKED LINKER/LOCATER V6.22                                                      07/18/2015  10:07:39  PAGE 32


  -------         PROC          L?0113
  -------         ENDPROC       L?0113
  -------         PROC          _LCD_WRITEREG
  D:0007H         SYMBOL        LCD_Reg
  D:0004H         SYMBOL        LCD_RegValue
  C:61F1H         LINE#         42
  C:61F1H         LINE#         43
  C:61F1H         LINE#         44
  C:61F4H         LINE#         45
  -------         ENDPROC       _LCD_WRITEREG
  C:6153H         SYMBOL        L?0108
  -------         PROC          L?0107
  -------         ENDPROC       L?0107
  C:6153H         SYMBOL        L?0108
  -------         PROC          LCD_WRITERAM_PREPARE
  C:615BH         LINE#         57
  C:615BH         LINE#         58
  C:615BH         LINE#         59
  -------         ENDPROC       LCD_WRITERAM_PREPARE
  -------         PROC          _LCD_WRITERAM
  D:0006H         SYMBOL        RGB_Code
  C:6281H         LINE#         70
  C:6281H         LINE#         71
  C:6281H         LINE#         73
  -------         ENDPROC       _LCD_WRITERAM
  -------         PROC          L?0112
  -------         ENDPROC       L?0112
  -------         PROC          _LCD_SETCURSOR
  D:0082H         SYMBOL        Xpos
  D:0002H         SYMBOL        Ypos
  C:5E48H         LINE#         86
  C:5E50H         LINE#         87
  C:5E50H         LINE#         99
  C:5E5AH         LINE#         100
  C:5E64H         LINE#         101
  C:5E6DH         LINE#         102
  -------         ENDPROC       _LCD_SETCURSOR
  C:5EA5H         SYMBOL        L?0110
  -------         PROC          L?0109
  -------         ENDPROC       L?0109
  C:5EA5H         SYMBOL        L?0110
  -------         PROC          _DELAY_MS
  D:0006H         SYMBOL        ms
  -------         DO            
  D:0004H         SYMBOL        i
  D:0002H         SYMBOL        j
  -------         ENDDO         
  C:5EB0H         LINE#         114
  C:5EB0H         LINE#         115
  C:5EB0H         LINE#         117
  C:5EBAH         LINE#         118
  C:5EBAH         LINE#         119
  C:5EC8H         LINE#         120
  C:5ECFH         LINE#         121
  -------         ENDPROC       _DELAY_MS
  -------         PROC          LCD_INITIALIZTION
  -------         DO            
BL51 BANKED LINKER/LOCATER V6.22                                                      07/18/2015  10:07:39  PAGE 33


  D:0082H         SYMBOL        DeviceCode
  -------         ENDDO         
  C:3E1EH         LINE#         131
  C:3E1EH         LINE#         132
  C:3E1EH         LINE#         133
  C:3E1EH         LINE#         136
  C:3E25H         LINE#         137
  C:3E2EH         LINE#         138
  C:3E34H         LINE#         141
  C:3E37H         LINE#         142
  C:3E3CH         LINE#         144
  C:3E47H         LINE#         145
  C:3E47H         LINE#         149
  C:3E4EH         LINE#         150
  C:3E55H         LINE#         151
  C:3E5CH         LINE#         152
  C:3E63H         LINE#         153
  C:3E6AH         LINE#         155
  C:3E71H         LINE#         156
  C:3E78H         LINE#         157
  C:3E7FH         LINE#         158
  C:3E86H         LINE#         160
  C:3E8CH         LINE#         161
  C:3E91H         LINE#         162
  C:3E97H         LINE#         163
  C:3E9EH         LINE#         164
  C:3EA5H         LINE#         165
  C:3EACH         LINE#         166
  C:3EB3H         LINE#         167
  C:3EBAH         LINE#         168
  C:3EC1H         LINE#         169
  C:3EC8H         LINE#         170
  C:3ECFH         LINE#         171
  C:3ED4H         LINE#         172
  C:3EDBH         LINE#         174
  C:3EE2H         LINE#         175
  C:3EE9H         LINE#         176
  C:3EF0H         LINE#         177
  C:3EF7H         LINE#         178
  C:3EFDH         LINE#         179
  C:3F02H         LINE#         180
  C:3F09H         LINE#         181
  C:3F10H         LINE#         182
  C:3F17H         LINE#         183
  C:3F1EH         LINE#         184
  C:3F23H         LINE#         185
  C:3F2AH         LINE#         186
  C:3F31H         LINE#         187
  C:3F38H         LINE#         190
  C:3F3FH         LINE#         191
  C:3F46H         LINE#         192
  C:3F4DH         LINE#         193
  C:3F54H         LINE#         194
  C:3F5BH         LINE#         197
  C:3F5FH         LINE#         198
  C:3F62H         LINE#         199
  C:3F69H         LINE#         200
BL51 BANKED LINKER/LOCATER V6.22                                                      07/18/2015  10:07:39  PAGE 34


  C:3F6FH         LINE#         201
  C:3F71H         LINE#         202
  C:3F74H         LINE#         203
  C:3F76H         LINE#         204
  C:3F79H         LINE#         205
  C:3F7BH         LINE#         206
  C:3F7EH         LINE#         208
  C:3F87H         LINE#         210
  C:3F8EH         LINE#         211
  C:3F95H         LINE#         212
  C:3F9BH         LINE#         213
  C:3FA2H         LINE#         218
  C:3FA9H         LINE#         219
  C:3FAEH         LINE#         220
  C:3FB3H         LINE#         221
  C:3FBAH         LINE#         222
  C:3FC0H         LINE#         223
  C:3FC5H         LINE#         224
  C:3FCBH         LINE#         225
  C:3FCFH         LINE#         228
  C:3FD2H         LINE#         230
  C:3FD2H         LINE#         232
  -------         ENDPROC       LCD_INITIALIZTION
  -------         PROC          _LCD_CLEAR
  X:0021H         SYMBOL        Color
  -------         DO            
  X:0023H         SYMBOL        index
  X:0027H         SYMBOL        i
  -------         ENDDO         
  C:5520H         LINE#         245
  C:5528H         LINE#         246
  C:5528H         LINE#         247
  C:5530H         LINE#         248
  C:5538H         LINE#         249
  C:553BH         LINE#         251
  C:5560H         LINE#         252
  C:5560H         LINE#         253
  C:5584H         LINE#         254
  C:5584H         LINE#         255
  C:5587H         LINE#         256
  C:558AH         LINE#         257
  C:55ABH         LINE#         258
  C:55CDH         LINE#         259
  -------         ENDPROC       _LCD_CLEAR
  C:5C10H         SYMBOL        L?0104
  C:5C18H         SYMBOL        L?0105
  C:5C1EH         SYMBOL        L?0106
  -------         PROC          L?0103
  -------         ENDPROC       L?0103
  C:5C10H         SYMBOL        L?0104
  C:5C18H         SYMBOL        L?0105
  C:5C1EH         SYMBOL        L?0106
  -------         PROC          _LCD_SETPOINT
  X:0283H         SYMBOL        Xpos
  D:0004H         SYMBOL        Ypos
  X:0285H         SYMBOL        point
  C:5C26H         LINE#         293
BL51 BANKED LINKER/LOCATER V6.22                                                      07/18/2015  10:07:39  PAGE 35


  C:5C36H         LINE#         294
  C:5C36H         LINE#         295
  C:5C47H         LINE#         296
  C:5C47H         LINE#         298
  C:5C47H         LINE#         299
  C:5C4AH         LINE#         300
  C:5C4DH         LINE#         301
  C:5C57H         LINE#         302
  C:5C5FH         LINE#         303
  -------         ENDPROC       _LCD_SETPOINT
  -------         PROC          _LCD_DRAWLINE
  X:0027H         SYMBOL        x0
  X:0029H         SYMBOL        y0
  X:002BH         SYMBOL        x1
  X:002DH         SYMBOL        y1
  X:002FH         SYMBOL        color
  -------         DO            
  X:0031H         SYMBOL        dx
  X:0033H         SYMBOL        dy
  X:0035H         SYMBOL        temp
  -------         ENDDO         
  C:3967H         LINE#         317
  C:397FH         LINE#         318
  C:397FH         LINE#         322
  C:3986H         LINE#         323
  C:3986H         LINE#         324
  C:3996H         LINE#         325
  C:39A5H         LINE#         326
  C:39ADH         LINE#         327
  C:39ADH         LINE#         328
  C:39C3H         LINE#         329
  C:39C3H         LINE#         330
  C:39CBH         LINE#         331
  C:39D3H         LINE#         332
  C:39DBH         LINE#         333
  C:39DBH         LINE#         335
  C:39F8H         LINE#         336
  C:3A13H         LINE#         338
  C:3A17H         LINE#         339
  C:3A17H         LINE#         341
  C:3A17H         LINE#         342
  C:3A1AH         LINE#         343
  C:3A28H         LINE#         344
  C:3A28H         LINE#         345
  C:3A3EH         LINE#         347
  C:3A3EH         LINE#         348
  C:3A48H         LINE#         349
  C:3A48H         LINE#         351
  C:3A48H         LINE#         352
  C:3A4BH         LINE#         353
  C:3A59H         LINE#         354
  C:3A59H         LINE#         355
  C:3A6FH         LINE#         357
  C:3A6FH         LINE#         359
  C:3A8EH         LINE#         360
  C:3A8EH         LINE#         361
  C:3AA2H         LINE#         362
BL51 BANKED LINKER/LOCATER V6.22                                                      07/18/2015  10:07:39  PAGE 36


  C:3ABCH         LINE#         363
  C:3ABCH         LINE#         364
  C:3ABFH         LINE#         365
  C:3ACDH         LINE#         366
  C:3ADEH         LINE#         367
  C:3ADEH         LINE#         368
  C:3AECH         LINE#         369
  C:3B0CH         LINE#         370
  C:3B0EH         LINE#         372
  C:3B0EH         LINE#         373
  C:3B27H         LINE#         374
  C:3B27H         LINE#         375
[...]
BL51 BANKED LINKER/LOCATER V6.22                                                      07/18/2015  10:07:39  PAGE 49


  D:00D8H         PUBLIC        CCON
  X:02F0H         PUBLIC        W25Qxx_TYPE
  D:0098H         PUBLIC        SCON
  D:0088H         PUBLIC        TCON
  B:0080H.1       PUBLIC        W25Qxx_CLK
  C:416BH         PUBLIC        _Show_Str
  C:5818H         SYMBOL        _?ix1000
  C:5F4CH         PUBLIC        font_init
  C:6109H         PUBLIC        W25Qxx_Read_Byte
  C:5AD8H         PUBLIC        _W25Qxx_Read
  C:5EE1H         PUBLIC        _W25Qxx_Write_Byte
  C:3BDBH         PUBLIC        _Get_HzMat
  C:36B1H         PUBLIC        _Show_ASCII
  C:5D44H         PUBLIC        W25Qxx_ReadID
  B:0080H.2       PUBLIC        W25Qxx_DI
  B:0080H.3       PUBLIC        W25Qxx_DO
  B:00A0H.4       PUBLIC        W25Qxx_CS
  D:00D0H         PUBLIC        PSW
  -------         PROC          L?0121
  -------         ENDPROC       L?0121
  -------         PROC          _W25QXX_WRITE_BYTE
  D:0007H         SYMBOL        value
  -------         DO            
  D:0006H         SYMBOL        i
  -------         ENDDO         
  C:5EE1H         LINE#         32
  C:5EE1H         LINE#         33
  C:5EE1H         LINE#         35
  C:5EE3H         LINE#         36
  C:5EE3H         LINE#         37
  C:5EE7H         LINE#         38
  C:5EEBH         LINE#         40
  C:5EEDH         LINE#         42
  C:5EEFH         LINE#         43
  C:5EF3H         LINE#         44
  C:5EF5H         LINE#         45
  C:5EFAH         LINE#         46
  -------         ENDPROC       _W25QXX_WRITE_BYTE
  -------         PROC          W25QXX_READ_BYTE
  -------         DO            
  D:0007H         SYMBOL        temp
  D:0006H         SYMBOL        tt
  D:0005H         SYMBOL        i
  -------         ENDDO         
  C:6109H         LINE#         53
  C:6109H         LINE#         54
  C:6109H         LINE#         55
  C:610BH         LINE#         56
  C:610BH         LINE#         59
  C:610CH         LINE#         60
  C:610CH         LINE#         61
  C:610EH         LINE#         62
  C:6110H         LINE#         63
  C:6115H         LINE#         64
  C:611AH         LINE#         65
  C:611FH         LINE#         66
  C:611FH         LINE#         67
BL51 BANKED LINKER/LOCATER V6.22                                                      07/18/2015  10:07:39  PAGE 50


  -------         ENDPROC       W25QXX_READ_BYTE
  -------         PROC          W25QXX_READID
  -------         DO            
  X:0014H         SYMBOL        Temp
  -------         ENDDO         
  C:5D44H         LINE#         73
  C:5D44H         LINE#         74
  C:5D44H         LINE#         75
  C:5D4BH         LINE#         76
  C:5D4DH         LINE#         77
  C:5D52H         LINE#         78
  C:5D57H         LINE#         79
  C:5D5CH         LINE#         80
  C:5D61H         LINE#         81
  C:5D6FH         LINE#         82
  C:5D84H         LINE#         83
  C:5D86H         LINE#         84
  C:5D86H         LINE#         85
  -------         ENDPROC       W25QXX_READID
  -------         PROC          W25QXX_WRITE_DISABLE
  C:6256H         LINE#         90
  C:6256H         LINE#         91
  C:6256H         LINE#         92
  C:6258H         LINE#         93
  C:625DH         LINE#         94
  C:625FH         LINE#         95
  -------         ENDPROC       W25QXX_WRITE_DISABLE
  -------         PROC          _W25QXX_READ
  X:0291H         SYMBOL        pBuffer
  X:0294H         SYMBOL        ReadAddr
  X:0298H         SYMBOL        NumByteToRead
  -------         DO            
  X:029AH         SYMBOL        i
  -------         ENDDO         
  C:5AD8H         LINE#         103
  C:5AE7H         LINE#         104
  C:5AE7H         LINE#         106
  C:5AE9H         LINE#         107
  C:5AEBH         LINE#         108
  C:5AF0H         LINE#         109
  C:5AF5H         LINE#         110
  C:5AFAH         LINE#         111
  C:5B05H         LINE#         112
  C:5B21H         LINE#         113
  C:5B21H         LINE#         114
  C:5B3EH         LINE#         115
  C:5B4EH         LINE#         116
  C:5B50H         LINE#         117
  -------         ENDPROC       _W25QXX_READ
  -------         PROC          FONT_INIT
  C:5F4CH         LINE#         123
  C:5F4CH         LINE#         124
  C:5F4CH         LINE#         125
  C:5F4FH         LINE#         126
  C:5F5AH         LINE#         127
  C:5F6FH         LINE#         128
  C:5F71H         LINE#         129
BL51 BANKED LINKER/LOCATER V6.22                                                      07/18/2015  10:07:39  PAGE 51


  C:5F73H         LINE#         130
  -------         ENDPROC       FONT_INIT
  -------         PROC          _GET_HZMAT
  X:0283H         SYMBOL        gbcode
  X:0286H         SYMBOL        mat
  X:0289H         SYMBOL        gbsize
  -------         DO            
  X:028AH         SYMBOL        qh
  X:028BH         SYMBOL        ql
  X:028CH         SYMBOL        i
  X:028DH         SYMBOL        foffset
  -------         ENDDO         
  C:3BDBH         LINE#         137
  C:3BE6H         LINE#         138
  C:3BE6H         LINE#         142
  C:3BEEH         LINE#         143
  C:3C05H         LINE#         144
  C:3C1CH         LINE#         145
  C:3C1CH         LINE#         146
  C:3C59H         LINE#         148
  C:3C59H         LINE#         149
  C:3C68H         LINE#         150
  C:3C6FH         LINE#         151
  C:3C76H         LINE#         153
  C:3C7EH         LINE#         154
  C:3C7EH         LINE#         155
  C:3CB4H         LINE#         156
  C:3CDAH         LINE#         157
  C:3CDDH         LINE#         158
  C:3CE5H         LINE#         159
  C:3CE5H         LINE#         160
  C:3D1BH         LINE#         161
  C:3D41H         LINE#         162
  C:3D44H         LINE#         163
  C:3D4CH         LINE#         164
  C:3D4CH         LINE#         165
  C:3D82H         LINE#         166
  C:3DA8H         LINE#         167
  C:3DAAH         LINE#         168
  C:3DB2H         LINE#         169
  C:3DB2H         LINE#         170
  C:3DE8H         LINE#         171
  C:3E1DH         LINE#         172
  C:3E1DH         LINE#         173
  -------         ENDPROC       _GET_HZMAT
  -------         PROC          _SHOW_ASCII
  X:016DH         SYMBOL        x
  X:016FH         SYMBOL        y
  X:0171H         SYMBOL        num
  X:0172H         SYMBOL        gbsize
  X:0173H         SYMBOL        p_color
  X:0175H         SYMBOL        b_color
  -------         DO            
  X:0177H         SYMBOL        temp
  X:0178H         SYMBOL        t1
  X:0179H         SYMBOL        t
  X:017AH         SYMBOL        max_t
BL51 BANKED LINKER/LOCATER V6.22                                                      07/18/2015  10:07:39  PAGE 52


  X:017BH         SYMBOL        mat
  X:01BCH         SYMBOL        y0
  X:01BEH         SYMBOL        temp_addr
  X:01C2H         SYMBOL        offset
  -------         ENDDO         
  C:36B1H         LINE#         180
  C:36C2H         LINE#         181
  C:36C2H         LINE#         183
  C:36D5H         LINE#         184
  C:36E4H         LINE#         186
  C:36F8H         LINE#         188
  C:36FFH         LINE#         189
  C:36FFH         LINE#         190
  C:371CH         LINE#         191
  C:3722H         LINE#         192
  C:3725H         LINE#         193
  C:3728H         LINE#         194
  C:372FH         LINE#         195
  C:372FH         LINE#         196
  C:374CH         LINE#         197
  C:3752H         LINE#         198
  C:3755H         LINE#         199
  C:3758H         LINE#         200
  C:375FH         LINE#         201
  C:375FH         LINE#         202
  C:377CH         LINE#         203
  C:3782H         LINE#         204
  C:3785H         LINE#         205
  C:3787H         LINE#         206
  C:378EH         LINE#         207
  C:378EH         LINE#         208
  C:37ABH         LINE#         209
  C:37B1H         LINE#         210
  C:37B4H         LINE#         211
  C:37B6H         LINE#         213
  C:37BDH         LINE#         214
  C:37BDH         LINE#         215
  C:37DAH         LINE#         216
  C:37E0H         LINE#         217
  C:37ECH         LINE#         218
  C:37ECH         LINE#         220
  C:3826H         LINE#         222
  C:383CH         LINE#         223
  C:383CH         LINE#         224
  C:384BH         LINE#         225
  C:385BH         LINE#         226
  C:385BH         LINE#         227
  C:3863H         LINE#         228
  C:3863H         LINE#         229
  C:3874H         LINE#         230
  C:3876H         LINE#         232
  C:38A2H         LINE#         233
  C:38A4H         LINE#         235
  C:38A4H         LINE#         236
  C:38BAH         LINE#         237
  C:38D2H         LINE#         239
  C:38F4H         LINE#         240
BL51 BANKED LINKER/LOCATER V6.22                                                      07/18/2015  10:07:39  PAGE 53


  C:38F4H         LINE#         242
  C:3902H         LINE#         243
  C:3912H         LINE#         245
  C:392EH         LINE#         246
  C:392EH         LINE#         247
  C:3936H         LINE#         248
  C:3944H         LINE#         249
  C:3954H         LINE#         251
  C:3954H         LINE#         252
  C:395DH         LINE#         253
  C:3966H         LINE#         254
  -------         ENDPROC       _SHOW_ASCII
  -------         PROC          _SHOW_FONT
  X:016DH         SYMBOL        x
  X:016FH         SYMBOL        y
  D:0001H         SYMBOL        font
  X:0174H         SYMBOL        gbsize
  X:0175H         SYMBOL        p_color
  X:0177H         SYMBOL        b_color
  -------         DO            
  X:0179H         SYMBOL        temp
  X:017BH         SYMBOL        t
  X:017DH         SYMBOL        t1
  X:017FH         SYMBOL        max_t
  X:0181H         SYMBOL        y0
  X:0183H         SYMBOL        dzk
  -------         ENDDO         
  C:4479H         LINE#         262
  C:4487H         LINE#         263
  C:4487H         LINE#         265
  C:448FH         LINE#         267
  C:44AAH         LINE#         270
  C:44BEH         LINE#         272
  C:44D1H         LINE#         273
  C:44E0H         LINE#         274
  C:44EFH         LINE#         277
  C:450FH         LINE#         278
  C:450FH         LINE#         279
  C:4523H         LINE#         280
  C:452AH         LINE#         281
  C:452AH         LINE#         282
  C:4531H         LINE#         283
  C:4531H         LINE#         284
  C:4547H         LINE#         285
  C:4549H         LINE#         287
  C:4549H         LINE#         288
  C:456BH         LINE#         289
  C:456BH         LINE#         291
  C:4578H         LINE#         292
  C:4586H         LINE#         293
  C:45A8H         LINE#         294
  C:45A8H         LINE#         295
  C:45B0H         LINE#         296
  C:45BEH         LINE#         297
  C:45C0H         LINE#         298
  C:45C0H         LINE#         299
  C:45E0H         LINE#         300
BL51 BANKED LINKER/LOCATER V6.22                                                      07/18/2015  10:07:39  PAGE 54


  C:45F1H         LINE#         301
  -------         ENDPROC       _SHOW_FONT
  -------         PROC          _SHOW_STR
  X:0160H         SYMBOL        x
  X:0162H         SYMBOL        y
  X:0164H         SYMBOL        str
  X:0167H         SYMBOL        gbsize
  X:0168H         SYMBOL        p_color
  X:016AH         SYMBOL        b_color
  -------         DO            
  X:016CH         SYMBOL        bHz
  -------         ENDDO         
  C:416BH         LINE#         309
  C:4182H         LINE#         310
  C:4182H         LINE#         311
  C:4187H         LINE#         312
  C:419BH         LINE#         313
  C:419BH         LINE#         314
  C:41A4H         LINE#         315
  C:41A4H         LINE#         316
  C:41AAH         LINE#         317
  C:41AFH         LINE#         319
  C:41AFH         LINE#         320
  C:41C2H         LINE#         321
  C:41F7H         LINE#         322
  C:4201H         LINE#         324
  C:4209H         LINE#         325
  C:4211H         LINE#         327
  C:4222H         LINE#         329
  C:4234H         LINE#         330
  C:4234H         LINE#         331
  C:423EH         LINE#         332
  C:424FH         LINE#         333
  C:424FH         LINE#         334
  C:424FH         LINE#         335
  C:424FH         LINE#         336
  C:4252H         LINE#         338
  C:4252H         LINE#         339
  C:4257H         LINE#         341
  C:426AH         LINE#         343
  C:42A4H         LINE#         344
  C:42AEH         LINE#         345
  C:42C1H         LINE#         347
  C:42D1H         LINE#         348
  C:42D1H         LINE#         349
  C:42DCH         LINE#         350
  C:42E8H         LINE#         351
  C:42EFH         LINE#         352
  C:42EFH         LINE#         353
  C:42EFH         LINE#         354
  C:42F2H         LINE#         355
  -------         ENDPROC       _SHOW_STR
  -------         ENDMOD        W25QXX

  -------         MODULE        MAIN
  C:0000H         SYMBOL        _ICE_DUMMY_
  D:0080H         PUBLIC        P0
BL51 BANKED LINKER/LOCATER V6.22                                                      07/18/2015  10:07:39  PAGE 55


  D:0090H         PUBLIC        P1
  D:00A0H         PUBLIC        P2
  D:00A8H         PUBLIC        IE
  D:00B8H         PUBLIC        IP
  D:00D8H         PUBLIC        CCON
  C:5FBDH         PUBLIC        main
  D:0098H         PUBLIC        SCON
  D:0088H         PUBLIC        TCON
  D:00D0H         PUBLIC        PSW
  -------         PROC          MAIN
  C:5FBDH         LINE#         18
  C:5FBDH         LINE#         19
  C:5FBDH         LINE#         21
  C:5FC0H         LINE#         22
  C:5FC3H         LINE#         23
  C:5FC6H         LINE#         24
  C:5FC9H         LINE#         25
  C:5FCCH         LINE#         26
  C:5FD1H         LINE#         27
  C:5FD4H         LINE#         29
  C:5FD7H         LINE#         30
  C:5FDAH         LINE#         36
  -------         ENDPROC       MAIN
  -------         ENDMOD        MAIN

  -------         MODULE        ?C?FPADD
  C:004DH         PUBLIC        ?C?FPADD
  C:0049H         PUBLIC        ?C?FPSUB
  -------         ENDMOD        ?C?FPADD

  -------         MODULE        ?C?FPMUL
  C:013EH         PUBLIC        ?C?FPMUL
  -------         ENDMOD        ?C?FPMUL

  -------         MODULE        ?C?FPDIV
  C:0247H         PUBLIC        ?C?FPDIV
  -------         ENDMOD        ?C?FPDIV

  -------         MODULE        ?C?FPCMP
  C:02E6H         PUBLIC        ?C?FPCMP
  C:02E4H         PUBLIC        ?C?FPCMP3
  -------         ENDMOD        ?C?FPCMP

  -------         MODULE        ?C?FCAST
  C:0367H         PUBLIC        ?C?FCASTC
  C:0362H         PUBLIC        ?C?FCASTI
  C:035DH         PUBLIC        ?C?FCASTL
  -------         ENDMOD        ?C?FCAST

  -------         MODULE        ?C?CASTF
  C:039BH         PUBLIC        ?C?CASTF
  -------         ENDMOD        ?C?CASTF

  -------         MODULE        PRINTF
  X:0019H         PUBLIC        ?_PRINTF?BYTE
  X:0019H         PUBLIC        ?_SPRINTF?BYTE
  C:22A4H         PUBLIC        _PRINTF
BL51 BANKED LINKER/LOCATER V6.22                                                      07/18/2015  10:07:39  PAGE 56


  C:229EH         PUBLIC        _SPRINTF
  -------         ENDMOD        PRINTF

  -------         MODULE        SQRT
  C:55D2H         PUBLIC        _SQRT
  -------         ENDMOD        SQRT

  -------         MODULE        ?C?FPROUND
  C:041CH         PUBLIC        ?C?FPROUND
  -------         ENDMOD        ?C?FPROUND

  -------         MODULE        ?C?FPCONVERT
  C:0459H         PUBLIC        ?C?FPCONVERT
  -------         ENDMOD        ?C?FPCONVERT

  -------         MODULE        ?C?FTNPWR
  C:058EH         PUBLIC        ?C?FTNPWR
  -------         ENDMOD        ?C?FTNPWR

  -------         MODULE        ?C?COPY
  C:069EH         PUBLIC        ?C?COPY
  -------         ENDMOD        ?C?COPY

  -------         MODULE        ?C?CLDPTR
  C:06C4H         PUBLIC        ?C?CLDPTR
  -------         ENDMOD        ?C?CLDPTR

  -------         MODULE        ?C?CLDOPTR
  C:06DDH         PUBLIC        ?C?CLDOPTR
  -------         ENDMOD        ?C?CLDOPTR

  -------         MODULE        ?C?CSTPTR
  C:070AH         PUBLIC        ?C?CSTPTR
  -------         ENDMOD        ?C?CSTPTR

  -------         MODULE        ?C?CSTOPTR
  C:071CH         PUBLIC        ?C?CSTOPTR
  -------         ENDMOD        ?C?CSTOPTR

  -------         MODULE        ?C?UIDIV
  C:073EH         PUBLIC        ?C?UIDIV
  -------         ENDMOD        ?C?UIDIV

  -------         MODULE        ?C?IILDX
  C:0793H         PUBLIC        ?C?IILDX
  -------         ENDMOD        ?C?IILDX

  -------         MODULE        ?C?ILDIX
  C:07A9H         PUBLIC        ?C?ILDIX
  -------         ENDMOD        ?C?ILDIX

  -------         MODULE        ?C?ILDPTR
  C:07BFH         PUBLIC        ?C?ILDPTR
  -------         ENDMOD        ?C?ILDPTR

  -------         MODULE        ?C?ISTPTR
  C:07EAH         PUBLIC        ?C?ISTPTR
BL51 BANKED LINKER/LOCATER V6.22                                                      07/18/2015  10:07:39  PAGE 57


  -------         ENDMOD        ?C?ISTPTR

  -------         MODULE        ?C?LMUL
  C:0809H         PUBLIC        ?C?LMUL
  -------         ENDMOD        ?C?LMUL

  -------         MODULE        ?C?LNEG
  C:0858H         PUBLIC        ?C?LNEG
  -------         ENDMOD        ?C?LNEG

  -------         MODULE        ?C?ULCMP
  C:0866H         PUBLIC        ?C?ULCMP
  -------         ENDMOD        ?C?ULCMP

  -------         MODULE        ?C?ULSHR
  C:0877H         PUBLIC        ?C?ULSHR
  -------         ENDMOD        ?C?ULSHR

  -------         MODULE        ?C?LLDXDATA
  C:088AH         PUBLIC        ?C?LLDXDATA
  -------         ENDMOD        ?C?LLDXDATA

  -------         MODULE        ?C?LLDCODE
  C:0896H         PUBLIC        ?C?LLDCODE
  -------         ENDMOD        ?C?LLDCODE

  -------         MODULE        ?C?LLDCODE0
  C:08A6H         PUBLIC        ?C?LLDCODE0
  -------         ENDMOD        ?C?LLDCODE0

  -------         MODULE        ?C?LSTXDATA
  C:08B6H         PUBLIC        ?C?LSTXDATA
  -------         ENDMOD        ?C?LSTXDATA

  -------         MODULE        ?C?LSTKXDATA
  C:08C2H         PUBLIC        ?C?LSTKXDATA
  -------         ENDMOD        ?C?LSTKXDATA

  -------         MODULE        ?C?PLDIXDATA
  C:08F3H         PUBLIC        ?C?PLDIXDATA
  -------         ENDMOD        ?C?PLDIXDATA

  -------         MODULE        ?C?PSTXDATA
  C:090AH         PUBLIC        ?C?PSTXDATA
  -------         ENDMOD        ?C?PSTXDATA

  -------         MODULE        ?C?CCASE
  C:0913H         PUBLIC        ?C?CCASE
  -------         ENDMOD        ?C?CCASE

  -------         MODULE        ?C?ICASE
  C:0939H         PUBLIC        ?C?ICASE
  -------         ENDMOD        ?C?ICASE

  -------         MODULE        ?C?ICALL
  C:0966H         PUBLIC        ?C?ICALL
  C:096AH         PUBLIC        ?C?ICALL2
BL51 BANKED LINKER/LOCATER V6.22                                                      07/18/2015  10:07:39  PAGE 58


  -------         ENDMOD        ?C?ICALL

  -------         MODULE        ?C?LIMUL
  C:096CH         PUBLIC        ?C?LIMUL
  -------         ENDMOD        ?C?LIMUL

  -------         MODULE        ABS
  C:623FH         PUBLIC        _ABS
  -------         ENDMOD        ABS

  -------         MODULE        ?C?STRCMP
  C:0B17H         PUBLIC        ?C?STRCMP
  -------         ENDMOD        ?C?STRCMP

  -------         MODULE        STRLEN
  C:6175H         PUBLIC        _STRLEN
  -------         ENDMOD        STRLEN

Program Size: data=15.3 xdata=755 code=25217
LINK/LOCATE RUN COMPLETE.  0 WARNING(S),  0 ERROR(S)
