BL51 BANKED LINKER/LOCATER V6.22                                                        06/22/2015  14:51:48  PAGE 1


BL51 BANKED LINKER/LOCATER V6.22, INVOKED BY:
D:\KEIL\C51\BIN\BL51.EXE .\Object\STARTUP.obj, .\Object\main.obj, .\Object\W25Qxx.obj, .\Object\HX8347D.obj, .\Object\To
>> uch.obj, .\Object\ds1302.obj, .\Object\timer.obj, .\Object\GUI.obj, .\Object\18b20.obj, .\Object\uart.obj, .\Object\A
>> TCmd.obj, .\Object\led.obj TO .\Object\×ÏÒ«OS PRINT (.\Lst\×ÏÒ«OS.m51) RAMSIZE (256) DISABLEWARNING (13, 15) RECURSIO
>> NS (100)




PROGRAM RECURSIONS REMOVED FROM CALL TREE
=========================================
+--> ?PR?DESKTOP?GUI
|  | ?PR?_GET_CLICK?GUI
|  | ?PR?_AT_DO?ATCMD
|  | ?PR?ATERR?ATCMD
<--+ ?CO?ATCMD


+--> ?PR?_GET_CLICK?GUI
|  | ?PR?_AT_DO?ATCMD
|  | ?PR?ATERR?ATCMD
|  | ?CO?ATCMD
<--+ ?PR?PICBOX?GUI


+--> ?PR?DESKTOP?GUI
|  | ?PR?_GET_CLICK?GUI
|  | ?PR?_AT_DO?ATCMD
|  | ?PR?ATERR?ATCMD
|  | ?CO?ATCMD
<--+ ?PR?PICBOX?GUI


+--> ?PR?DESKTOP?GUI
|  | ?PR?_GET_CLICK?GUI
|  | ?PR?_AT_DO?ATCMD
|  | ?PR?ATERR?ATCMD
|  | ?CO?ATCMD
|  | ?PR?PICBOX?GUI
<--+ ?PR?_GUIDDO?GUI


+--> ?PR?_GET_CLICK?GUI
|  | ?PR?_AT_DO?ATCMD
|  | ?PR?ATERR?ATCMD
|  | ?CO?ATCMD
<--+ ?PR?TEMPERT?GUI


+--> ?PR?DESKTOP?GUI
|  | ?PR?_GET_CLICK?GUI
|  | ?PR?_AT_DO?ATCMD
|  | ?PR?ATERR?ATCMD
|  | ?CO?ATCMD
<--+ ?PR?TEMPERT?GUI


+--> ?PR?_GET_CLICK?GUI
BL51 BANKED LINKER/LOCATER V6.22                                                      06/22/2015  14:51:48  PAGE 2


|  | ?PR?_AT_DO?ATCMD
|  | ?PR?ATERR?ATCMD
|  | ?CO?ATCMD
<--+ ?PR?CALENDAR?GUI


+--> ?PR?DESKTOP?GUI
|  | ?PR?_GET_CLICK?GUI
|  | ?PR?_AT_DO?ATCMD
|  | ?PR?ATERR?ATCMD
|  | ?CO?ATCMD
|  | ?PR?CALENDAR?GUI
<--+ ?PR?SSTMTIME?GUI


+--> ?PR?CALENDAR?GUI
<--+ ?PR?SSTMTIME?GUI


+--> ?PR?DESKTOP?GUI
|  | ?PR?_GET_CLICK?GUI
|  | ?PR?_AT_DO?ATCMD
|  | ?PR?ATERR?ATCMD
|  | ?CO?ATCMD
<--+ ?PR?CALENDAR?GUI


+--> ?CO?ATCMD
<--+ ?PR?STEMPERT?ATCMD


+--> ?PR?DESKTOP?GUI
<--+ ?PR?LED?GUI



MEMORY MODEL: LARGE WITH FLOATING POINT ARITHMETIC


INPUT MODULES INCLUDED:
  .\Object\STARTUP.obj (?C_STARTUP)
  .\Object\main.obj (MAIN)
  .\Object\W25Qxx.obj (W25QXX)
  .\Object\HX8347D.obj (HX8347D)
  .\Object\Touch.obj (TOUCH)
  .\Object\ds1302.obj (DS1302)
  .\Object\timer.obj (TIMER)
  .\Object\GUI.obj (GUI)
  .\Object\18b20.obj (18B20)
  .\Object\uart.obj (UART)
  .\Object\ATCmd.obj (ATCMD)
  .\Object\led.obj (LED)
  D:\KEIL\C51\LIB\C51FPL.LIB (?C?FPADD)
  D:\KEIL\C51\LIB\C51FPL.LIB (?C?FPMUL)
  D:\KEIL\C51\LIB\C51FPL.LIB (?C?FPDIV)
  D:\KEIL\C51\LIB\C51FPL.LIB (?C?FPCMP)
  D:\KEIL\C51\LIB\C51FPL.LIB (?C?FCAST)
BL51 BANKED LINKER/LOCATER V6.22                                                      06/22/2015  14:51:48  PAGE 3


  D:\KEIL\C51\LIB\C51FPL.LIB (?C?CASTF)
  D:\KEIL\C51\LIB\C51FPL.LIB (PRINTF)
  D:\KEIL\C51\LIB\C51FPL.LIB (SQRT)
  D:\KEIL\C51\LIB\C51FPL.LIB (?C?FPGETOPN)
  D:\KEIL\C51\LIB\C51FPL.LIB (?C?FPROUND)
  D:\KEIL\C51\LIB\C51FPL.LIB (?C?FPCONVERT)
  D:\KEIL\C51\LIB\C51FPL.LIB (?C?FTNPWR)
  D:\KEIL\C51\LIB\C51L.LIB (?C_INIT)
  D:\KEIL\C51\LIB\C51L.LIB (?C?COPY)
  D:\KEIL\C51\LIB\C51L.LIB (?C?CLDPTR)
  D:\KEIL\C51\LIB\C51L.LIB (?C?CLDOPTR)
  D:\KEIL\C51\LIB\C51L.LIB (?C?CSTPTR)
  D:\KEIL\C51\LIB\C51L.LIB (?C?CSTOPTR)
  D:\KEIL\C51\LIB\C51L.LIB (?C?UIDIV)
  D:\KEIL\C51\LIB\C51L.LIB (?C?IILDX)
  D:\KEIL\C51\LIB\C51L.LIB (?C?ILDIX)
  D:\KEIL\C51\LIB\C51L.LIB (?C?ILDPTR)
  D:\KEIL\C51\LIB\C51L.LIB (?C?ISTPTR)
  D:\KEIL\C51\LIB\C51L.LIB (?C?LMUL)
  D:\KEIL\C51\LIB\C51L.LIB (?C?LNEG)
  D:\KEIL\C51\LIB\C51L.LIB (?C?ULCMP)
  D:\KEIL\C51\LIB\C51L.LIB (?C?ULSHR)
  D:\KEIL\C51\LIB\C51L.LIB (?C?LLDXDATA)
  D:\KEIL\C51\LIB\C51L.LIB (?C?LLDCODE)
  D:\KEIL\C51\LIB\C51L.LIB (?C?LLDCODE0)
  D:\KEIL\C51\LIB\C51L.LIB (?C?LSTXDATA)
  D:\KEIL\C51\LIB\C51L.LIB (?C?LSTKXDATA)
  D:\KEIL\C51\LIB\C51L.LIB (?C?PLDIXDATA)
  D:\KEIL\C51\LIB\C51L.LIB (?C?PSTXDATA)
  D:\KEIL\C51\LIB\C51L.LIB (?C?CCASE)
  D:\KEIL\C51\LIB\C51L.LIB (?C?ICASE)
  D:\KEIL\C51\LIB\C51L.LIB (?C?ICALL)
  D:\KEIL\C51\LIB\C51L.LIB (?C?LIMUL)
  D:\KEIL\C51\LIB\C51L.LIB (ABS)
  D:\KEIL\C51\LIB\C51L.LIB (?C?STRCMP)
  D:\KEIL\C51\LIB\C51L.LIB (STRLEN)


LINK MAP OF MODULE:  .\Object\×ÏÒ«OS (?C_STARTUP)


            TYPE    BASE      LENGTH    RELOCATION   SEGMENT NAME
            -----------------------------------------------------

            * * * * * * *   D A T A   M E M O R Y   * * * * * * *
            REG     0000H     0008H     ABSOLUTE     "REG BANK 0"
            DATA    0008H     0005H     UNIT         _DATA_GROUP_
                    000DH     0013H                  *** GAP ***
            BIT     0020H.0   0001H.1   UNIT         _BIT_GROUP_
            BIT     0021H.1   0000H.1   UNIT         ?BI?GUI
            BIT     0021H.2   0000H.1   UNIT         ?BI?UART
                    0021H.3   0000H.5                *** GAP ***
            IDATA   0022H     0001H     UNIT         ?STACK

            * * * * * * *  X D A T A   M E M O R Y  * * * * * * *
            XDATA   0000H     029CH     UNIT         _XDATA_GROUP_
            XDATA   029CH     0021H     UNIT         ?XD?TOUCH
BL51 BANKED LINKER/LOCATER V6.22                                                      06/22/2015  14:51:48  PAGE 4


            XDATA   02BDH     001AH     UNIT         ?XD?GUI
            XDATA   02D7H     0017H     UNIT         ?XD?UART
            XDATA   02EEH     0002H     UNIT         ?XD?W25QXX
            XDATA   02F0H     0002H     UNIT         ?XD?HX8347D
            XDATA   02F2H     0001H     UNIT         ?XD?TIMER

            * * * * * * *   C O D E   M E M O R Y   * * * * * * *
            CODE    0000H     0003H     ABSOLUTE     
            CODE    0003H     0007H     UNIT         ?PR?INITLED?LED
                    000AH     0001H                  *** GAP ***
            CODE    000BH     0003H     ABSOLUTE     
            CODE    000EH     0033H     UNIT         ?PR?TP_DEFAULT_ADJ?TOUCH
                    0041H     0002H                  *** GAP ***
            CODE    0043H     0003H     ABSOLUTE     
            CODE    0046H     0AE2H     UNIT         ?C?LIB_CODE
            CODE    0B28H     089BH     UNIT         ?PR?SSTMTIME?GUI
            CODE    13C3H     087AH     UNIT         ?PR?TP_ADJUST?TOUCH
            CODE    1C3DH     05F0H     UNIT         ?CO?HX8347D
            CODE    222DH     0483H     UNIT         ?PR?PRINTF?PRINTF
            CODE    26B0H     047DH     UNIT         ?PR?DESKTOP?GUI
            CODE    2B2DH     0300H     UNIT         ?PR?LED?GUI
            CODE    2E2DH     02E2H     UNIT         ?PR?_LCD_DRAWEBOX?HX8347D
            CODE    310FH     02B6H     UNIT         ?PR?_SHOW_ASCII?W25QXX
            CODE    33C5H     02B6H     UNIT         ?PR?PICBOX?GUI
            CODE    367BH     0274H     UNIT         ?PR?_LCD_DRAWLINE?HX8347D
            CODE    38EFH     0243H     UNIT         ?PR?_GET_HZMAT?W25QXX
            CODE    3B32H     01E5H     UNIT         ?PR?START_CHECK?GUI
            CODE    3D17H     01BBH     UNIT         ?PR?LCD_INITIALIZTION?HX8347D
            CODE    3ED2H     0192H     UNIT         ?PR?_TP_READ_XOY?TOUCH
            CODE    4064H     0188H     UNIT         ?PR?_SHOW_STR?W25QXX
            CODE    41ECH     0186H     UNIT         ?PR?CALENDAR?GUI
            CODE    4372H     0179H     UNIT         ?PR?_SHOW_FONT?W25QXX
            CODE    44EBH     0176H     UNIT         ?CO?GUI
            CODE    4661H     014CH     UNIT         ?PR?_GUIDDO?GUI
            CODE    47ADH     0145H     UNIT         ?PR?_TP_READ_XY2?TOUCH
            CODE    48F2H     0141H     UNIT         ?PR?_TP_DROW_TOUCH_POINT?TOUCH
            CODE    4A33H     013CH     UNIT         ?PR?_SHOW_PICTURE?HX8347D
            CODE    4B6FH     011EH     UNIT         ?PR?_GETTIME?DS1302
            CODE    4C8DH     011CH     UNIT         ?PR?TEMPERT?GUI
            CODE    4DA9H     0107H     UNIT         ?PR?_PUTCHAR?HX8347D
            CODE    4EB0H     0105H     UNIT         ?PR?GUIDSHOW?GUI
            CODE    4FB5H     00F7H     UNIT         ?PR?_TP_SCAN?TOUCH
            CODE    50ACH     00E0H     UNIT         ?PR?_LCD_DRAWBOX?HX8347D
            CODE    518CH     00CFH     UNIT         ?PR?_DS1302_WRITE_TIME?DS1302
            CODE    525BH     00CDH     UNIT         ?PR?_GET_CLICK?GUI
            CODE    5328H     00B6H     UNIT         ?PR?_GUI_TEXT?HX8347D
            CODE    53DEH     00AEH     UNIT         ?PR?_LCD_CLEAR?HX8347D
            CODE    548CH     00ACH     UNIT         ?PR?SQRT?SQRT
            CODE    5538H     00AAH     UNIT         ?PR?_GET_CLICK1?GUI
            CODE    55E2H     00A8H     UNIT         ?PR?_DS1302_READ_TIME?DS1302
            CODE    568AH     008DH     UNIT         ?CO?W25QXX
            CODE    5717H     008CH     UNIT         ?C_C51STARTUP
            CODE    57A3H     007FH     UNIT         ?PR?_AT_DO?ATCMD
            CODE    5822H     007EH     UNIT         ?PR?_TP_DRAW_BIG_POINT?TOUCH
            CODE    58A0H     007DH     UNIT         ?PR?_ALERT?GUI
            CODE    591DH     007AH     UNIT         ?CO?ATCMD
            CODE    5997H     0079H     UNIT         ?PR?_W25QXX_READ?W25QXX
BL51 BANKED LINKER/LOCATER V6.22                                                      06/22/2015  14:51:48  PAGE 5


            CODE    5A10H     0079H     UNIT         ?PR?TIMER_ROUTINE?TIMER
            CODE    5A89H     006CH     UNIT         ?PR?UART_INTERRUPT?UART
            CODE    5AF5H     0053H     UNIT         ?C_INITSEG
            CODE    5B48H     0050H     UNIT         ?PR?_LCD_SETPOINT?HX8347D
            CODE    5B98H     004FH     UNIT         ?PR?_TP_READ_XY?TOUCH
            CODE    5BE7H     004EH     UNIT         ?PR?_TP_READ_AD?TOUCH
            CODE    5C35H     0047H     UNIT         ?PR?_READ1302?DS1302
            CODE    5C7CH     0043H     UNIT         ?PR?W25QXX_READID?W25QXX
            CODE    5CBFH     0040H     UNIT         ?PR?_READTEMPERATURE?18B20
            CODE    5CFFH     003CH     UNIT         ?PR?_WRITE1302?DS1302
            CODE    5D3BH     003AH     UNIT         ?PR?_LCD_SETCURSOR?HX8347D
            CODE    5D75H     003AH     UNIT         ?PR?READ18B20?18B20
            CODE    5DAFH     002EH     UNIT         ?PR?START_LOGO?GUI
            CODE    5DDDH     002BH     UNIT         ?PR?_W25QXX_WRITE_BYTE?W25QXX
            CODE    5E08H     002BH     UNIT         ?PR?_DELAY_MS?HX8347D
            CODE    5E33H     0029H     UNIT         ?PR?CLOCK?GUI
            CODE    5E5CH     0028H     UNIT         ?PR?FONT_INIT?W25QXX
            CODE    5E84H     0028H     UNIT         ?PR?INIT_DS18B20?18B20
            CODE    5EACH     0020H     UNIT         ?PR?MAIN?MAIN
            CODE    5ECCH     0020H     UNIT         ?PR?_DELAY_MS?GUI
            CODE    5EECH     001EH     UNIT         ?PR?INITUART?UART
            CODE    5F0AH     001DH     UNIT         ?PR?_DELAY_US?TOUCH
            CODE    5F27H     001DH     UNIT         ?PR?TP_INIT?TOUCH
            CODE    5F44H     001CH     UNIT         ?PR?READONECHAR?18B20
            CODE    5F60H     001CH     UNIT         ?PR?_WRITEONECHAR?18B20
            CODE    5F7CH     001BH     UNIT         ?PR?STIME?ATCMD
            CODE    5F97H     001BH     UNIT         ?PR?STEMPERT?ATCMD
            CODE    5FB2H     001BH     UNIT         ?PR?_SETLED?LED
            CODE    5FCDH     001AH     UNIT         ?PR?_TP_WRITE_BYTE?TOUCH
            CODE    5FE7H     0019H     UNIT         ?PR?_LCD_WR_DATA?HX8347D
            CODE    6000H     0018H     UNIT         ?PR?DELAY1MS?DS1302
            CODE    6018H     0017H     UNIT         ?PR?W25QXX_READ_BYTE?W25QXX
            CODE    602FH     0016H     UNIT         ?PR?DELAY40US?DS1302
            CODE    6045H     0015H     UNIT         ?PR?LCD_WRITERAM_PREPARE?HX8347D
            CODE    605AH     0015H     UNIT         ?PR?_REDLED?LED
            CODE    606FH     0015H     UNIT         ?PR?_STRLEN?STRLEN
            CODE    6084H     0014H     UNIT         ?PR?_DELAYUS2X?18B20
            CODE    6098H     0014H     UNIT         ?PR?_DELAYMS?18B20
            CODE    60ACH     0013H     UNIT         ?PR?_UART_SENDSTR?UART
            CODE    60BFH     0013H     UNIT         ?PR?_ISATCMD?ATCMD
            CODE    60D2H     0012H     UNIT         ?PR?DS1302_INIT?DS1302
            CODE    60E4H     0011H     UNIT         ?PR?_LCD_WRITEREG?HX8347D
            CODE    60F5H     0010H     UNIT         ?PR?TIMER0INIT?TIMER
            CODE    6105H     000DH     UNIT         ?PR?_LCD_WR_REG?HX8347D
            CODE    6112H     000CH     UNIT         ?PR?_ABS?ABS
            CODE    611EH     000BH     UNIT         ?PR?_UART_SENDONEBYTE?UART
            CODE    6129H     000AH     UNIT         ?PR?W25QXX_WRITE_DISABLE?W25QXX
            CODE    6133H     0009H     UNIT         ?PR?LINK?ATCMD
            CODE    613CH     0009H     UNIT         ?PR?ATERR?ATCMD
            CODE    6145H     0006H     UNIT         ?CO?18B20
            CODE    614BH     0003H     UNIT         ?PR?_LCD_WRITERAM?HX8347D



OVERLAY MAP OF MODULE:   .\Object\×ÏÒ«OS (?C_STARTUP)


BL51 BANKED LINKER/LOCATER V6.22                                                      06/22/2015  14:51:48  PAGE 6


SEGMENT                                     BIT_GROUP          DATA_GROUP          XDATA_GROUP
  +--> CALLED SEGMENT                    START    LENGTH     START    LENGTH     START    LENGTH
------------------------------------------------------------------------------------------------
?C_C51STARTUP                            -----    -----      -----    -----      -----    -----
  +--> ?PR?MAIN?MAIN
  +--> ?C_INITSEG

?PR?MAIN?MAIN                            -----    -----      -----    -----      -----    -----
  +--> ?PR?LCD_INITIALIZTION?HX8347D
  +--> ?PR?FONT_INIT?W25QXX
  +--> ?PR?TP_INIT?TOUCH
  +--> ?PR?DS1302_INIT?DS1302
  +--> ?PR?TIMER0INIT?TIMER
  +--> ?PR?INITUART?UART
  +--> ?PR?INITLED?LED
  +--> ?PR?START_CHECK?GUI
  +--> ?PR?START_LOGO?GUI
  +--> ?PR?DESKTOP?GUI

?PR?LCD_INITIALIZTION?HX8347D            -----    -----      -----    -----      -----    -----
  +--> ?PR?_DELAY_MS?HX8347D
  +--> ?PR?_LCD_WRITEREG?HX8347D

?PR?_DELAY_MS?HX8347D                    -----    -----      -----    -----      -----    -----
  +--> ?PR?_LCD_WRITEREG?HX8347D

?PR?_LCD_WRITEREG?HX8347D                -----    -----      -----    -----      -----    -----
  +--> ?PR?_LCD_WR_REG?HX8347D
  +--> ?PR?_LCD_WR_DATA?HX8347D

?PR?FONT_INIT?W25QXX                     -----    -----      -----    -----      -----    -----
  +--> ?PR?W25QXX_WRITE_DISABLE?W25QXX
  +--> ?PR?W25QXX_READID?W25QXX
  +--> ?CO?W25QXX

?PR?W25QXX_WRITE_DISABLE?W25QXX          -----    -----      -----    -----      -----    -----
  +--> ?PR?_W25QXX_WRITE_BYTE?W25QXX

?PR?W25QXX_READID?W25QXX                 -----    -----      -----    -----      0014H    0002H
  +--> ?PR?_W25QXX_WRITE_BYTE?W25QXX
  +--> ?PR?W25QXX_READ_BYTE?W25QXX

?PR?TP_INIT?TOUCH                        -----    -----      -----    -----      -----    -----
  +--> ?PR?_TP_READ_XY?TOUCH
  +--> ?PR?TP_DEFAULT_ADJ?TOUCH

?PR?_TP_READ_XY?TOUCH                    -----    -----      -----    -----      002BH    0008H
  +--> ?PR?_TP_READ_XOY?TOUCH

?PR?_TP_READ_XOY?TOUCH                   -----    -----      -----    -----      0033H    0010H
  +--> ?PR?_TP_READ_AD?TOUCH

?PR?_TP_READ_AD?TOUCH                    -----    -----      -----    -----      -----    -----
  +--> ?PR?_TP_WRITE_BYTE?TOUCH
  +--> ?PR?_DELAY_US?TOUCH

?PR?DS1302_INIT?DS1302                   -----    -----      -----    -----      -----    -----
BL51 BANKED LINKER/LOCATER V6.22                                                      06/22/2015  14:51:48  PAGE 7


  +--> ?PR?_WRITE1302?DS1302

?PR?_WRITE1302?DS1302                    -----    -----      -----    -----      -----    -----
  +--> ?PR?DELAY1MS?DS1302

?PR?INITUART?UART                        0020H.0  0000H.1    -----    -----      -----    -----

?PR?START_CHECK?GUI                      -----    -----      -----    -----      000DH    0007H
  +--> ?PR?_LCD_CLEAR?HX8347D
  +--> ?CO?GUI
  +--> ?PR?_GUI_TEXT?HX8347D
  +--> ?PR?W25QXX_READID?W25QXX
  +--> ?PR?_SHOW_STR?W25QXX
  +--> ?PR?_DELAY_MS?GUI
  +--> ?PR?_GETTIME?DS1302
  +--> ?PR?_READTEMPERATURE?18B20

?PR?_LCD_CLEAR?HX8347D                   -----    -----      -----    -----      0021H    000AH
  +--> ?PR?_LCD_SETCURSOR?HX8347D
  +--> ?PR?LCD_WRITERAM_PREPARE?HX8347D
  +--> ?PR?_LCD_WR_DATA?HX8347D

?PR?_LCD_SETCURSOR?HX8347D               -----    -----      -----    -----      -----    -----
  +--> ?PR?_LCD_WRITEREG?HX8347D

?PR?LCD_WRITERAM_PREPARE?HX8347D         -----    -----      -----    -----      -----    -----
  +--> ?PR?_LCD_SETCURSOR?HX8347D
  +--> ?PR?_LCD_WR_REG?HX8347D

?PR?_GUI_TEXT?HX8347D                    -----    -----      -----    -----      0017H    000BH
  +--> ?PR?_PUTCHAR?HX8347D

?PR?_PUTCHAR?HX8347D                     -----    -----      -----    -----      0049H    000DH
  +--> ?CO?HX8347D
  +--> ?PR?_LCD_SETPOINT?HX8347D

?PR?_LCD_SETPOINT?HX8347D                -----    -----      -----    -----      0283H    0004H
  +--> ?PR?LCD_WRITERAM_PREPARE?HX8347D
  +--> ?PR?_LCD_WRITERAM?HX8347D

?PR?_LCD_WRITERAM?HX8347D                -----    -----      -----    -----      -----    -----
  +--> ?PR?_LCD_WR_DATA?HX8347D

?PR?_SHOW_STR?W25QXX                     -----    -----      -----    -----      0160H    000DH
  +--> ?PR?_SHOW_ASCII?W25QXX
  +--> ?PR?_SHOW_FONT?W25QXX

?PR?_SHOW_ASCII?W25QXX                   -----    -----      -----    -----      016DH    0059H
  +--> ?CO?W25QXX
  +--> ?PR?_W25QXX_READ?W25QXX
  +--> ?PR?_LCD_SETPOINT?HX8347D

?PR?_W25QXX_READ?W25QXX                  -----    -----      -----    -----      0291H    000BH
  +--> ?PR?_W25QXX_WRITE_BYTE?W25QXX
  +--> ?PR?W25QXX_READ_BYTE?W25QXX

?PR?_SHOW_FONT?W25QXX                    -----    -----      -----    -----      016DH    0116H
BL51 BANKED LINKER/LOCATER V6.22                                                      06/22/2015  14:51:48  PAGE 8


  +--> ?PR?_GET_HZMAT?W25QXX
  +--> ?PR?_LCD_SETPOINT?HX8347D

?PR?_GET_HZMAT?W25QXX                    -----    -----      -----    -----      0283H    000EH
  +--> ?CO?W25QXX
  +--> ?PR?_W25QXX_READ?W25QXX

?PR?_GETTIME?DS1302                      -----    -----      -----    -----      0017H    000AH
  +--> ?PR?_DS1302_READ_TIME?DS1302

?PR?_DS1302_READ_TIME?DS1302             -----    -----      -----    -----      0021H    0003H
  +--> ?PR?DELAY40US?DS1302
  +--> ?PR?_READ1302?DS1302

?PR?DELAY40US?DS1302                     -----    -----      -----    -----      -----    -----
  +--> ?PR?_READ1302?DS1302

?PR?_READ1302?DS1302                     -----    -----      -----    -----      -----    -----
  +--> ?PR?DELAY1MS?DS1302

?PR?_READTEMPERATURE?18B20               -----    -----      -----    -----      0016H    0003H
  +--> ?PR?READ18B20?18B20
  +--> ?CO?18B20
  +--> ?PR?PRINTF?PRINTF

?PR?READ18B20?18B20                      -----    -----      -----    -----      -----    -----
  +--> ?PR?INIT_DS18B20?18B20
  +--> ?PR?_WRITEONECHAR?18B20
  +--> ?PR?_DELAYMS?18B20
  +--> ?PR?READONECHAR?18B20

?PR?INIT_DS18B20?18B20                   0020H.0  0000H.1    -----    -----      -----    -----
  +--> ?PR?_DELAYUS2X?18B20

?PR?_WRITEONECHAR?18B20                  -----    -----      -----    -----      -----    -----
  +--> ?PR?_DELAYUS2X?18B20

?PR?READONECHAR?18B20                    -----    -----      -----    -----      -----    -----
  +--> ?PR?_DELAYUS2X?18B20

?PR?PRINTF?PRINTF                        0020H.0  0001H.1    0008H    0005H      0019H    0030H
  +--> ?PR?_PUTCHAR?HX8347D

?PR?START_LOGO?GUI                       -----    -----      -----    -----      -----    -----
  +--> ?PR?_LCD_CLEAR?HX8347D
  +--> ?PR?_SHOW_PICTURE?HX8347D
  +--> ?PR?_DELAY_MS?GUI

?PR?_SHOW_PICTURE?HX8347D                -----    -----      -----    -----      0002H    0016H
  +--> ?PR?_LCD_SETCURSOR?HX8347D
  +--> ?PR?LCD_WRITERAM_PREPARE?HX8347D
  +--> ?PR?_W25QXX_WRITE_BYTE?W25QXX
  +--> ?PR?W25QXX_READ_BYTE?W25QXX
  +--> ?PR?_LCD_WR_DATA?HX8347D

?PR?DESKTOP?GUI                          -----    -----      -----    -----      0000H    0002H
  +--> ?PR?_LCD_CLEAR?HX8347D
BL51 BANKED LINKER/LOCATER V6.22                                                      06/22/2015  14:51:48  PAGE 9


  +--> ?PR?_SHOW_PICTURE?HX8347D
  +--> ?CO?GUI
  +--> ?PR?_SHOW_STR?W25QXX
  +--> ?PR?CLOCK?GUI
  +--> ?PR?_GET_CLICK?GUI
  +--> ?PR?CALENDAR?GUI
  +--> ?PR?TEMPERT?GUI
  +--> ?PR?START_CHECK?GUI
  +--> ?PR?PICBOX?GUI
  +--> ?PR?_ALERT?GUI
  +--> ?PR?LED?GUI

?PR?CLOCK?GUI                            -----    -----      -----    -----      -----    -----
  +--> ?PR?_GETTIME?DS1302
  +--> ?PR?_GUI_TEXT?HX8347D

?PR?_GET_CLICK?GUI                       -----    -----      -----    -----      0003H    0006H
  +--> ?PR?_TP_READ_XY2?TOUCH
  +--> ?PR?_AT_DO?ATCMD

?PR?_TP_READ_XY2?TOUCH                   -----    -----      -----    -----      001DH    000EH
  +--> ?PR?_TP_READ_XY?TOUCH

?PR?_AT_DO?ATCMD                         -----    -----      -----    -----      0009H    0004H
  +--> ?PR?ATERR?ATCMD
  +--> ?CO?ATCMD

?PR?ATERR?ATCMD                          -----    -----      -----    -----      -----    -----
  +--> ?CO?ATCMD
  +--> ?PR?_UART_SENDSTR?UART

?CO?ATCMD                                -----    -----      -----    -----      -----    -----
  +--> ?PR?LINK?ATCMD
  +--> ?PR?START_CHECK?GUI
  +--> ?PR?PICBOX?GUI
  +--> ?PR?TEMPERT?GUI
  +--> ?PR?CALENDAR?GUI
  +--> ?PR?STIME?ATCMD
  +--> ?PR?STEMPERT?ATCMD

?PR?LINK?ATCMD                           -----    -----      -----    -----      -----    -----
  +--> ?PR?_UART_SENDSTR?UART

?PR?_UART_SENDSTR?UART                   -----    -----      -----    -----      -----    -----
  +--> ?PR?_UART_SENDONEBYTE?UART

?PR?PICBOX?GUI                           -----    -----      -----    -----      000DH    0002H
  +--> ?PR?_LCD_CLEAR?HX8347D
  +--> ?PR?_LCD_DRAWBOX?HX8347D
  +--> ?PR?GUIDSHOW?GUI
  +--> ?PR?_TP_DRAW_BIG_POINT?TOUCH
  +--> ?PR?_GUIDDO?GUI

?PR?_LCD_DRAWBOX?HX8347D                 -----    -----      -----    -----      0160H    0012H
  +--> ?PR?_LCD_SETCURSOR?HX8347D
  +--> ?PR?LCD_WRITERAM_PREPARE?HX8347D
  +--> ?PR?_LCD_WR_DATA?HX8347D
BL51 BANKED LINKER/LOCATER V6.22                                                      06/22/2015  14:51:48  PAGE 10



?PR?GUIDSHOW?GUI                         -----    -----      -----    -----      -----    -----
  +--> ?PR?_LCD_DRAWLINE?HX8347D
  +--> ?CO?GUI
  +--> ?PR?_SHOW_STR?W25QXX

?PR?_LCD_DRAWLINE?HX8347D                -----    -----      -----    -----      0027H    0010H
  +--> ?PR?_LCD_SETPOINT?HX8347D

?PR?_TP_DRAW_BIG_POINT?TOUCH             -----    -----      -----    -----      000FH    0006H
  +--> ?PR?_LCD_SETPOINT?HX8347D

?PR?_GUIDDO?GUI                          -----    -----      -----    -----      0017H    0008H
  +--> ?CO?GUI
  +--> ?PR?_SHOW_STR?W25QXX
  +--> ?PR?_LCD_DRAWLINE?HX8347D

?PR?TEMPERT?GUI                          -----    -----      -----    -----      000DH    0009H
  +--> ?PR?_LCD_CLEAR?HX8347D
  +--> ?PR?_LCD_DRAWBOX?HX8347D
  +--> ?PR?_LCD_DRAWEBOX?HX8347D
  +--> ?PR?GUIDSHOW?GUI
  +--> ?PR?_READTEMPERATURE?18B20
  +--> ?CO?GUI
  +--> ?PR?_SHOW_STR?W25QXX
  +--> ?PR?_GUI_TEXT?HX8347D
  +--> ?PR?_GUIDDO?GUI

?PR?_LCD_DRAWEBOX?HX8347D                -----    -----      -----    -----      0017H    000AH
  +--> ?PR?_LCD_DRAWLINE?HX8347D

?PR?CALENDAR?GUI                         -----    -----      -----    -----      000DH    0002H
  +--> ?PR?_GETTIME?DS1302
  +--> ?PR?_LCD_CLEAR?HX8347D
  +--> ?PR?_LCD_DRAWBOX?HX8347D
  +--> ?PR?_GUI_TEXT?HX8347D
  +--> ?CO?GUI
  +--> ?PR?_SHOW_STR?W25QXX
  +--> ?PR?GUIDSHOW?GUI
  +--> ?PR?SSTMTIME?GUI
  +--> ?PR?_GUIDDO?GUI

?PR?SSTMTIME?GUI                         -----    -----      -----    -----      000FH    0008H
  +--> ?CO?GUI
  +--> ?PR?_GETTIME?DS1302
  +--> ?PR?_LCD_CLEAR?HX8347D
  +--> ?PR?_SHOW_STR?W25QXX
  +--> ?PR?_GUI_TEXT?HX8347D
  +--> ?PR?_LCD_DRAWBOX?HX8347D
  +--> ?PR?_LCD_DRAWEBOX?HX8347D
  +--> ?PR?GUIDSHOW?GUI
  +--> ?PR?_GET_CLICK1?GUI
  +--> ?PR?_GUIDDO?GUI
  +--> ?PR?_DS1302_WRITE_TIME?DS1302
  +--> ?PR?_ALERT?GUI

?PR?_GET_CLICK1?GUI                      -----    -----      -----    -----      0017H    0006H
BL51 BANKED LINKER/LOCATER V6.22                                                      06/22/2015  14:51:48  PAGE 11


  +--> ?PR?_TP_READ_XY2?TOUCH

?PR?_DS1302_WRITE_TIME?DS1302            -----    -----      -----    -----      0017H    0003H
  +--> ?PR?_WRITE1302?DS1302
  +--> ?PR?DELAY40US?DS1302

?PR?_ALERT?GUI                           -----    -----      -----    -----      015BH    0005H
  +--> ?PR?_SHOW_STR?W25QXX
  +--> ?PR?_DELAY_MS?GUI
  +--> ?PR?_STRLEN?STRLEN
  +--> ?PR?_LCD_DRAWBOX?HX8347D

?PR?STIME?ATCMD                          -----    -----      -----    -----      -----    -----
  +--> ?PR?_GETTIME?DS1302
  +--> ?PR?_UART_SENDSTR?UART

?PR?STEMPERT?ATCMD                       -----    -----      -----    -----      000DH    0007H
  +--> ?PR?_READTEMPERATURE?18B20
  +--> ?PR?_UART_SENDSTR?UART

?PR?LED?GUI                              -----    -----      -----    -----      0002H    0001H
  +--> ?PR?_LCD_CLEAR?HX8347D
  +--> ?CO?GUI
  +--> ?PR?_SHOW_STR?W25QXX
  +--> ?PR?GUIDSHOW?GUI
  +--> ?PR?_GUI_TEXT?HX8347D
  +--> ?PR?_REDLED?LED
  +--> ?PR?_LCD_DRAWBOX?HX8347D
  +--> ?PR?_GET_CLICK?GUI
  +--> ?PR?_GUIDDO?GUI
  +--> ?PR?_SETLED?LED

?PR?_SETLED?LED                          0020H.0  0000H.1    -----    -----      -----    -----

?C_INITSEG                               -----    -----      -----    -----      -----    -----
  +--> ?PR?TP_INIT?TOUCH
  +--> ?PR?_TP_SCAN?TOUCH
  +--> ?PR?TP_ADJUST?TOUCH

?PR?_TP_SCAN?TOUCH                       -----    -----      -----    -----      -----    -----
  +--> ?PR?_TP_READ_XY2?TOUCH

?PR?TP_ADJUST?TOUCH                      -----    -----      -----    -----      0000H    0021H
  +--> ?PR?_LCD_CLEAR?HX8347D
  +--> ?PR?_TP_DROW_TOUCH_POINT?TOUCH
  +--> ?PR?_ABS?ABS
  +--> ?PR?SQRT?SQRT
  +--> ?PR?_DELAY_MS?GUI

?PR?_TP_DROW_TOUCH_POINT?TOUCH           -----    -----      -----    -----      0021H    0006H
  +--> ?PR?_LCD_DRAWLINE?HX8347D
  +--> ?PR?_LCD_SETPOINT?HX8347D

?PR?SQRT?SQRT                            -----    -----      -----    -----      0021H    0004H

*** NEW ROOT ***************************************************

BL51 BANKED LINKER/LOCATER V6.22                                                      06/22/2015  14:51:48  PAGE 12


?PR?TIMER_ROUTINE?TIMER                  -----    -----      -----    -----      -----    -----
  +--> ?PR?_ISATCMD?ATCMD
  +--> ?PR?_ALERT?GUI



SYMBOL TABLE OF MODULE:  .\Object\×ÏÒ«OS (?C_STARTUP)

  VALUE           TYPE          NAME
  ----------------------------------

  -------         MODULE        ?C_STARTUP
  C:5717H         SEGMENT       ?C_C51STARTUP
  I:0022H         SEGMENT       ?STACK
  C:0000H         PUBLIC        ?C_STARTUP
  D:00E0H         SYMBOL        ACC
  D:00F0H         SYMBOL        B
  D:0083H         SYMBOL        DPH
  D:0082H         SYMBOL        DPL
  N:0000H         SYMBOL        IBPSTACK
  N:0100H         SYMBOL        IBPSTACKTOP
  N:0080H         SYMBOL        IDATALEN
  C:571AH         SYMBOL        IDATALOOP
  N:0000H         SYMBOL        PBPSTACK
  N:0100H         SYMBOL        PBPSTACKTOP
  N:0000H         SYMBOL        PDATALEN
  N:0000H         SYMBOL        PDATASTART
  N:0000H         SYMBOL        PPAGE
  N:0000H         SYMBOL        PPAGEENABLE
  D:00A0H         SYMBOL        PPAGE_SFR
  D:0081H         SYMBOL        SP
  C:5717H         SYMBOL        STARTUP1
  N:0000H         SYMBOL        XBPSTACK
  N:0000H         SYMBOL        XBPSTACKTOP
  N:0000H         SYMBOL        XDATALEN
  N:0000H         SYMBOL        XDATASTART
  C:0000H         LINE#         126
  C:5717H         LINE#         133
  C:5719H         LINE#         134
  C:571AH         LINE#         135
  C:571BH         LINE#         136
  C:571DH         LINE#         185
  C:5720H         LINE#         196
  -------         ENDMOD        ?C_STARTUP

  -------         MODULE        MAIN
  C:0000H         SYMBOL        _ICE_DUMMY_
  D:0080H         PUBLIC        P0
  D:0090H         PUBLIC        P1
  D:00A0H         PUBLIC        P2
  D:00A8H         PUBLIC        IE
  D:00B8H         PUBLIC        IP
  D:00D8H         PUBLIC        CCON
  C:5EACH         PUBLIC        main
  D:0098H         PUBLIC        SCON
  D:0088H         PUBLIC        TCON
  D:00D0H         PUBLIC        PSW
BL51 BANKED LINKER/LOCATER V6.22                                                      06/22/2015  14:51:48  PAGE 13


  -------         PROC          MAIN
  C:5EACH         LINE#         18
  C:5EACH         LINE#         19
  C:5EACH         LINE#         21
  C:5EAFH         LINE#         22
  C:5EB2H         LINE#         23
  C:5EB5H         LINE#         24
  C:5EB8H         LINE#         25
  C:5EBBH         LINE#         26
  C:5EC0H         LINE#         27
  C:5EC3H         LINE#         29
  C:5EC6H         LINE#         30
  C:5EC9H         LINE#         36
  -------         ENDPROC       MAIN
  -------         ENDMOD        MAIN

  -------         MODULE        W25QXX
  C:0000H         SYMBOL        _ICE_DUMMY_
  D:0080H         PUBLIC        P0
  D:0090H         PUBLIC        P1
  D:00A0H         PUBLIC        P2
  B:00A0H.7       PUBLIC        CE
  C:6129H         PUBLIC        W25Qxx_Write_Disable
  C:568AH         PUBLIC        ftinfo
  D:00A8H         PUBLIC        IE
  D:00B8H         PUBLIC        IP
  C:4372H         PUBLIC        _Show_Font
  D:00D8H         PUBLIC        CCON
  X:02EEH         PUBLIC        W25Qxx_TYPE
  D:0098H         PUBLIC        SCON
  D:0088H         PUBLIC        TCON
  B:0080H.1       PUBLIC        W25Qxx_CLK
  C:4064H         PUBLIC        _Show_Str
  C:56D6H         SYMBOL        _?ix1000
  C:5E5CH         PUBLIC        font_init
  C:6018H         PUBLIC        W25Qxx_Read_Byte
  C:5997H         PUBLIC        _W25Qxx_Read
  C:5DEEH         PUBLIC        _W25Qxx_Write_Byte
  C:38EFH         PUBLIC        _Get_HzMat
  C:310FH         PUBLIC        _Show_ASCII
  C:5C7CH         PUBLIC        W25Qxx_ReadID
  B:0080H.2       PUBLIC        W25Qxx_DI
  B:0080H.3       PUBLIC        W25Qxx_DO
  B:00A0H.4       PUBLIC        W25Qxx_CS
  D:00D0H         PUBLIC        PSW
  -------         PROC          L?0121
  -------         ENDPROC       L?0121
  -------         PROC          _W25QXX_WRITE_BYTE
  D:0007H         SYMBOL        value
  -------         DO            
  D:0006H         SYMBOL        i
  -------         ENDDO         
  C:5DEEH         LINE#         32
  C:5DEEH         LINE#         33
  C:5DEEH         LINE#         35
  C:5DF0H         LINE#         36
  C:5DF0H         LINE#         37
BL51 BANKED LINKER/LOCATER V6.22                                                      06/22/2015  14:51:48  PAGE 14


  C:5DF4H         LINE#         38
  C:5DF8H         LINE#         40
  C:5DFAH         LINE#         42
  C:5DFCH         LINE#         43
  C:5E00H         LINE#         44
  C:5E02H         LINE#         45
  C:5E07H         LINE#         46
  -------         ENDPROC       _W25QXX_WRITE_BYTE
  -------         PROC          W25QXX_READ_BYTE
  -------         DO            
  D:0007H         SYMBOL        temp
  D:0006H         SYMBOL        tt
  D:0005H         SYMBOL        i
  -------         ENDDO         
  C:6018H         LINE#         53
  C:6018H         LINE#         54
  C:6018H         LINE#         55
  C:601AH         LINE#         56
  C:601AH         LINE#         59
  C:601BH         LINE#         60
  C:601BH         LINE#         61
  C:601DH         LINE#         62
  C:601FH         LINE#         63
  C:6024H         LINE#         64
  C:6029H         LINE#         65
  C:602EH         LINE#         66
  C:602EH         LINE#         67
  -------         ENDPROC       W25QXX_READ_BYTE
  -------         PROC          W25QXX_READID
  -------         DO            
  X:0014H         SYMBOL        Temp
  -------         ENDDO         
  C:5C7CH         LINE#         73
  C:5C7CH         LINE#         74
  C:5C7CH         LINE#         75
  C:5C83H         LINE#         76
  C:5C85H         LINE#         77
  C:5C8AH         LINE#         78
  C:5C8FH         LINE#         79
  C:5C94H         LINE#         80
  C:5C99H         LINE#         81
  C:5CA7H         LINE#         82
  C:5CBCH         LINE#         83
  C:5CBEH         LINE#         84
  C:5CBEH         LINE#         85
  -------         ENDPROC       W25QXX_READID
  -------         PROC          W25QXX_WRITE_DISABLE
  C:6129H         LINE#         90
  C:6129H         LINE#         91
  C:6129H         LINE#         92
  C:612BH         LINE#         93
  C:6130H         LINE#         94
  C:6132H         LINE#         95
  -------         ENDPROC       W25QXX_WRITE_DISABLE
  -------         PROC          _W25QXX_READ
  X:0291H         SYMBOL        pBuffer
  X:0294H         SYMBOL        ReadAddr
BL51 BANKED LINKER/LOCATER V6.22                                                      06/22/2015  14:51:48  PAGE 15


  X:0298H         SYMBOL        NumByteToRead
  -------         DO            
  X:029AH         SYMBOL        i
  -------         ENDDO         
  C:5997H         LINE#         103
  C:59A6H         LINE#         104
  C:59A6H         LINE#         106
  C:59A8H         LINE#         107
  C:59AAH         LINE#         108
  C:59AFH         LINE#         109
  C:59B4H         LINE#         110
  C:59B9H         LINE#         111
  C:59C4H         LINE#         112
  C:59E0H         LINE#         113
  C:59E0H         LINE#         114
  C:59FDH         LINE#         115
  C:5A0DH         LINE#         116
  C:5A0FH         LINE#         117
  -------         ENDPROC       _W25QXX_READ
  -------         PROC          FONT_INIT
  C:5E5CH         LINE#         123
  C:5E5CH         LINE#         124
  C:5E5CH         LINE#         125
  C:5E5FH         LINE#         126
  C:5E6AH         LINE#         127
  C:5E7FH         LINE#         128
  C:5E81H         LINE#         129
  C:5E83H         LINE#         130
  -------         ENDPROC       FONT_INIT
  -------         PROC          _GET_HZMAT
  X:0283H         SYMBOL        gbcode
  X:0286H         SYMBOL        mat
  X:0289H         SYMBOL        gbsize
  -------         DO            
  X:028AH         SYMBOL        qh
  X:028BH         SYMBOL        ql
  X:028CH         SYMBOL        i
  X:028DH         SYMBOL        foffset
  -------         ENDDO         
  C:38EFH         LINE#         137
  C:38FAH         LINE#         138
  C:38FAH         LINE#         142
  C:3902H         LINE#         143
  C:3919H         LINE#         144
  C:3930H         LINE#         145
  C:3930H         LINE#         146
  C:396DH         LINE#         148
  C:396DH         LINE#         149
  C:397CH         LINE#         150
  C:3983H         LINE#         151
  C:398AH         LINE#         153
  C:3992H         LINE#         154
  C:3992H         LINE#         155
  C:39C8H         LINE#         156
  C:39EEH         LINE#         157
  C:39F1H         LINE#         158
  C:39F9H         LINE#         159
BL51 BANKED LINKER/LOCATER V6.22                                                      06/22/2015  14:51:48  PAGE 16


  C:39F9H         LINE#         160
  C:3A2FH         LINE#         161
  C:3A55H         LINE#         162
  C:3A58H         LINE#         163
  C:3A60H         LINE#         164
  C:3A60H         LINE#         165
  C:3A96H         LINE#         166
  C:3ABCH         LINE#         167
  C:3ABEH         LINE#         168
  C:3AC6H         LINE#         169
  C:3AC6H         LINE#         170
  C:3AFCH         LINE#         171
  C:3B31H         LINE#         172
  C:3B31H         LINE#         173
  -------         ENDPROC       _GET_HZMAT
  -------         PROC          _SHOW_ASCII
  X:016DH         SYMBOL        x
  X:016FH         SYMBOL        y
  X:0171H         SYMBOL        num
  X:0172H         SYMBOL        gbsize
  X:0173H         SYMBOL        p_color
  X:0175H         SYMBOL        b_color
  -------         DO            
  X:0177H         SYMBOL        temp
  X:0178H         SYMBOL        t1
  X:0179H         SYMBOL        t
  X:017AH         SYMBOL        max_t
  X:017BH         SYMBOL        mat
  X:01BCH         SYMBOL        y0
  X:01BEH         SYMBOL        temp_addr
  X:01C2H         SYMBOL        offset
  -------         ENDDO         
  C:310FH         LINE#         180
  C:3120H         LINE#         181
  C:3120H         LINE#         183
  C:3133H         LINE#         184
  C:3142H         LINE#         186
  C:3156H         LINE#         188
  C:315DH         LINE#         189
  C:315DH         LINE#         190
  C:317AH         LINE#         191
  C:3180H         LINE#         192
  C:3183H         LINE#         193
  C:3186H         LINE#         194
  C:318DH         LINE#         195
  C:318DH         LINE#         196
  C:31AAH         LINE#         197
  C:31B0H         LINE#         198
  C:31B3H         LINE#         199
  C:31B6H         LINE#         200
  C:31BDH         LINE#         201
  C:31BDH         LINE#         202
  C:31DAH         LINE#         203
  C:31E0H         LINE#         204
  C:31E3H         LINE#         205
  C:31E5H         LINE#         206
  C:31ECH         LINE#         207
BL51 BANKED LINKER/LOCATER V6.22                                                      06/22/2015  14:51:48  PAGE 17


  C:31ECH         LINE#         208
  C:3209H         LINE#         209
  C:320FH         LINE#         210
  C:3212H         LINE#         211
  C:3214H         LINE#         213
  C:321BH         LINE#         214
  C:321BH         LINE#         215
  C:3238H         LINE#         216
  C:323EH         LINE#         217
  C:324AH         LINE#         218
  C:324AH         LINE#         220
  C:3284H         LINE#         222
  C:329AH         LINE#         223
  C:329AH         LINE#         224
  C:32A9H         LINE#         225
  C:32B9H         LINE#         226
  C:32B9H         LINE#         227
  C:32C1H         LINE#         228
  C:32C1H         LINE#         229
  C:32D2H         LINE#         230
  C:32D4H         LINE#         232
  C:3300H         LINE#         233
  C:3302H         LINE#         235
  C:3302H         LINE#         236
  C:3318H         LINE#         237
  C:3330H         LINE#         239
  C:3352H         LINE#         240
  C:3352H         LINE#         242
  C:3360H         LINE#         243
  C:3370H         LINE#         245
  C:338CH         LINE#         246
  C:338CH         LINE#         247
  C:3394H         LINE#         248
  C:33A2H         LINE#         249
  C:33B2H         LINE#         251
  C:33B2H         LINE#         252
  C:33BBH         LINE#         253
  C:33C4H         LINE#         254
  -------         ENDPROC       _SHOW_ASCII
  -------         PROC          _SHOW_FONT
  X:016DH         SYMBOL        x
  X:016FH         SYMBOL        y
  D:0001H         SYMBOL        font
  X:0174H         SYMBOL        gbsize
  X:0175H         SYMBOL        p_color
  X:0177H         SYMBOL        b_color
  -------         DO            
  X:0179H         SYMBOL        temp
  X:017BH         SYMBOL        t
  X:017DH         SYMBOL        t1
  X:017FH         SYMBOL        max_t
  X:0181H         SYMBOL        y0
  X:0183H         SYMBOL        dzk
  -------         ENDDO         
  C:4372H         LINE#         262
  C:4380H         LINE#         263
  C:4380H         LINE#         265
BL51 BANKED LINKER/LOCATER V6.22                                                      06/22/2015  14:51:48  PAGE 18


  C:4388H         LINE#         267
  C:43A3H         LINE#         270
  C:43B7H         LINE#         272
  C:43CAH         LINE#         273
  C:43D9H         LINE#         274
  C:43E8H         LINE#         277
  C:4408H         LINE#         278
  C:4408H         LINE#         279
  C:441CH         LINE#         280
  C:4423H         LINE#         281
  C:4423H         LINE#         282
  C:442AH         LINE#         283
  C:442AH         LINE#         284
  C:4440H         LINE#         285
  C:4442H         LINE#         287
  C:4442H         LINE#         288
  C:4464H         LINE#         289
  C:4464H         LINE#         291
  C:4471H         LINE#         292
  C:447FH         LINE#         293
  C:44A1H         LINE#         294
  C:44A1H         LINE#         295
  C:44A9H         LINE#         296
  C:44B7H         LINE#         297
  C:44B9H         LINE#         298
  C:44B9H         LINE#         299
  C:44D9H         LINE#         300
  C:44EAH         LINE#         301
  -------         ENDPROC       _SHOW_FONT
  -------         PROC          _SHOW_STR
  X:0160H         SYMBOL        x
  X:0162H         SYMBOL        y
  X:0164H         SYMBOL        str
  X:0167H         SYMBOL        gbsize
  X:0168H         SYMBOL        p_color
  X:016AH         SYMBOL        b_color
  -------         DO            
  X:016CH         SYMBOL        bHz
  -------         ENDDO         
  C:4064H         LINE#         309
  C:407BH         LINE#         310
  C:407BH         LINE#         311
  C:4080H         LINE#         312
  C:4094H         LINE#         313
  C:4094H         LINE#         314
  C:409DH         LINE#         315
  C:409DH         LINE#         316
  C:40A3H         LINE#         317
  C:40A8H         LINE#         319
  C:40A8H         LINE#         320
  C:40BBH         LINE#         321
  C:40F0H         LINE#         322
  C:40FAH         LINE#         324
  C:4102H         LINE#         325
  C:410AH         LINE#         327
  C:411BH         LINE#         329
  C:412DH         LINE#         330
BL51 BANKED LINKER/LOCATER V6.22                                                      06/22/2015  14:51:48  PAGE 19


  C:412DH         LINE#         331
  C:4137H         LINE#         332
  C:4148H         LINE#         333
  C:4148H         LINE#         334
  C:4148H         LINE#         335
  C:4148H         LINE#         336
  C:414BH         LINE#         338
  C:414BH         LINE#         339
  C:4150H         LINE#         341
  C:4163H         LINE#         343
  C:419DH         LINE#         344
  C:41A7H         LINE#         345
  C:41BAH         LINE#         347
  C:41CAH         LINE#         348
  C:41CAH         LINE#         349
  C:41D5H         LINE#         350
  C:41E1H         LINE#         351
  C:41E8H         LINE#         352
  C:41E8H         LINE#         353
  C:41E8H         LINE#         354
  C:41EBH         LINE#         355
  -------         ENDPROC       _SHOW_STR
  -------         ENDMOD        W25QXX

  -------         MODULE        HX8347D
  C:0000H         SYMBOL        _ICE_DUMMY_
  D:0080H         PUBLIC        P0
  D:0090H         PUBLIC        P1
  X:02F0H         PUBLIC        LCD_id
  D:00A0H         PUBLIC        P2
  D:00B0H         PUBLIC        P3
  D:00A8H         PUBLIC        IE
  D:00B8H         PUBLIC        IP
  C:1C3DH         PUBLIC        asc2_1608
  C:6105H         PUBLIC        _LCD_WR_REG
  C:53DEH         PUBLIC        _LCD_Clear
  C:614BH         SYMBOL        _LCD_WriteRAM
  D:00D8H         PUBLIC        CCON
  C:4A33H         PUBLIC        _show_picture
  C:3D17H         PUBLIC        LCD_Initializtion
  D:0098H         PUBLIC        SCON
  C:2E2DH         PUBLIC        _LCD_DrawEBox
  D:0088H         PUBLIC        TCON
  C:4DA9H         PUBLIC        _PutChar
  B:0090H.4       PUBLIC        LCD_CS
  C:367BH         PUBLIC        _LCD_DrawLine
  C:5E13H         SYMBOL        _delay_ms
  C:6055H         SYMBOL        LCD_WriteRAM_Prepare
  C:5FF3H         PUBLIC        _LCD_WR_DATA
  B:0090H.5       PUBLIC        LCD_RS
  B:0090H.6       PUBLIC        LCD_WR
  C:60EBH         SYMBOL        _LCD_WriteReg
  C:5D46H         SYMBOL        _LCD_SetCursor
  C:5328H         PUBLIC        _GUI_Text
  C:50ACH         PUBLIC        _LCD_DrawBox
  C:5B5EH         PUBLIC        _LCD_SetPoint
  B:00A0H.4       PUBLIC        W25Qxx_CS
BL51 BANKED LINKER/LOCATER V6.22                                                      06/22/2015  14:51:48  PAGE 20


  D:00D0H         PUBLIC        PSW
  -------         PROC          _LCD_WR_REG
  D:0007H         SYMBOL        dat
  C:6105H         LINE#         13
  C:6105H         LINE#         14
  C:6105H         LINE#         15
  C:6107H         LINE#         16
  C:6109H         LINE#         17
  C:610BH         LINE#         18
  C:610DH         LINE#         19
  C:610FH         LINE#         20
  C:6111H         LINE#         21
  -------         ENDPROC       _LCD_WR_REG
  -------         PROC          L?0111
  -------         ENDPROC       L?0111
  -------         PROC          _LCD_WR_DATA
  D:0006H         SYMBOL        dat
  C:5FF3H         LINE#         23
  C:5FF3H         LINE#         24
  C:5FF3H         LINE#         25
  C:5FF5H         LINE#         26
  C:5FF7H         LINE#         27
  C:5FF9H         LINE#         28
  C:5FFBH         LINE#         29
  C:5FFDH         LINE#         30
  C:5FFFH         LINE#         31
  -------         ENDPROC       _LCD_WR_DATA
  -------         PROC          L?0113
  -------         ENDPROC       L?0113
  -------         PROC          _LCD_WRITEREG
  D:0007H         SYMBOL        LCD_Reg
  D:0004H         SYMBOL        LCD_RegValue
  C:60EBH         LINE#         42
  C:60EBH         LINE#         43
  C:60EBH         LINE#         44
  C:60EEH         LINE#         45
  -------         ENDPROC       _LCD_WRITEREG
  C:604DH         SYMBOL        L?0108
  -------         PROC          L?0107
  -------         ENDPROC       L?0107
  C:604DH         SYMBOL        L?0108
  -------         PROC          LCD_WRITERAM_PREPARE
  C:6055H         LINE#         57
  C:6055H         LINE#         58
  C:6055H         LINE#         59
  -------         ENDPROC       LCD_WRITERAM_PREPARE
  -------         PROC          _LCD_WRITERAM
  D:0006H         SYMBOL        RGB_Code
  C:614BH         LINE#         70
  C:614BH         LINE#         71
  C:614BH         LINE#         73
  -------         ENDPROC       _LCD_WRITERAM
  -------         PROC          L?0112
  -------         ENDPROC       L?0112
  -------         PROC          _LCD_SETCURSOR
  D:0082H         SYMBOL        Xpos
  D:0002H         SYMBOL        Ypos
BL51 BANKED LINKER/LOCATER V6.22                                                      06/22/2015  14:51:48  PAGE 21


  C:5D46H         LINE#         86
  C:5D4EH         LINE#         87
  C:5D4EH         LINE#         99
  C:5D58H         LINE#         100
  C:5D62H         LINE#         101
  C:5D6BH         LINE#         102
  -------         ENDPROC       _LCD_SETCURSOR
  C:5E08H         SYMBOL        L?0110
  -------         PROC          L?0109
  -------         ENDPROC       L?0109
  C:5E08H         SYMBOL        L?0110
  -------         PROC          _DELAY_MS
  D:0006H         SYMBOL        ms
  -------         DO            
  D:0004H         SYMBOL        i
  D:0002H         SYMBOL        j
  -------         ENDDO         
  C:5E13H         LINE#         114
  C:5E13H         LINE#         115
  C:5E13H         LINE#         117
  C:5E1DH         LINE#         118
  C:5E1DH         LINE#         119
  C:5E2BH         LINE#         120
  C:5E32H         LINE#         121
  -------         ENDPROC       _DELAY_MS
  -------         PROC          LCD_INITIALIZTION
  -------         DO            
  D:0082H         SYMBOL        DeviceCode
  -------         ENDDO         
  C:3D17H         LINE#         131
  C:3D17H         LINE#         132
  C:3D17H         LINE#         133
  C:3D17H         LINE#         136
  C:3D1EH         LINE#         137
  C:3D27H         LINE#         138
  C:3D2DH         LINE#         141
  C:3D30H         LINE#         142
  C:3D35H         LINE#         144
  C:3D40H         LINE#         145
  C:3D40H         LINE#         149
  C:3D47H         LINE#         150
  C:3D4EH         LINE#         151
  C:3D55H         LINE#         152
  C:3D5CH         LINE#         153
  C:3D63H         LINE#         155
  C:3D6AH         LINE#         156
  C:3D71H         LINE#         157
  C:3D78H         LINE#         158
  C:3D7FH         LINE#         160
  C:3D85H         LINE#         161
  C:3D8AH         LINE#         162
  C:3D90H         LINE#         163
  C:3D97H         LINE#         164
  C:3D9EH         LINE#         165
  C:3DA5H         LINE#         166
  C:3DACH         LINE#         167
  C:3DB3H         LINE#         168
BL51 BANKED LINKER/LOCATER V6.22                                                      06/22/2015  14:51:48  PAGE 22


  C:3DBAH         LINE#         169
  C:3DC1H         LINE#         170
  C:3DC8H         LINE#         171
  C:3DCDH         LINE#         172
  C:3DD4H         LINE#         174
  C:3DDBH         LINE#         175
  C:3DE2H         LINE#         176
  C:3DE9H         LINE#         177
  C:3DF0H         LINE#         178
  C:3DF6H         LINE#         179
  C:3DFBH         LINE#         180
  C:3E02H         LINE#         181
  C:3E09H         LINE#         182
  C:3E10H         LINE#         183
  C:3E17H         LINE#         184
  C:3E1CH         LINE#         185
  C:3E23H         LINE#         186
  C:3E2AH         LINE#         187
  C:3E31H         LINE#         190
  C:3E38H         LINE#         191
  C:3E3FH         LINE#         192
  C:3E46H         LINE#         193
  C:3E4DH         LINE#         194
  C:3E54H         LINE#         197
  C:3E58H         LINE#         198
  C:3E5BH         LINE#         199
  C:3E62H         LINE#         200
  C:3E68H         LINE#         201
  C:3E6AH         LINE#         202
  C:3E6DH         LINE#         203
  C:3E6FH         LINE#         204
  C:3E72H         LINE#         205
  C:3E74H         LINE#         206
  C:3E77H         LINE#         208
  C:3E80H         LINE#         210
  C:3E87H         LINE#         211
  C:3E8EH         LINE#         212
  C:3E94H         LINE#         213
  C:3E9BH         LINE#         218
  C:3EA2H         LINE#         219
  C:3EA7H         LINE#         220
  C:3EACH         LINE#         221
  C:3EB3H         LINE#         222
  C:3EB9H         LINE#         223
  C:3EBEH         LINE#         224
  C:3EC4H         LINE#         225
  C:3EC8H         LINE#         228
  C:3ECBH         LINE#         230
  C:3ECBH         LINE#         232
  -------         ENDPROC       LCD_INITIALIZTION
  -------         PROC          _LCD_CLEAR
  X:0021H         SYMBOL        Color
  -------         DO            
  X:0023H         SYMBOL        index
  X:0027H         SYMBOL        i
  -------         ENDDO         
  C:53DEH         LINE#         245
BL51 BANKED LINKER/LOCATER V6.22                                                      06/22/2015  14:51:48  PAGE 23


  C:53E6H         LINE#         246
  C:53E6H         LINE#         247
  C:53EEH         LINE#         248
  C:53F6H         LINE#         249
  C:53F9H         LINE#         251
  C:541EH         LINE#         252
  C:541EH         LINE#         253
  C:5442H         LINE#         254
  C:5442H         LINE#         255
  C:5445H         LINE#         256
  C:5448H         LINE#         257
  C:5469H         LINE#         258
  C:548BH         LINE#         259
  -------         ENDPROC       _LCD_CLEAR
  C:5B48H         SYMBOL        L?0104
  C:5B50H         SYMBOL        L?0105
  C:5B56H         SYMBOL        L?0106
  -------         PROC          L?0103
  -------         ENDPROC       L?0103
  C:5B48H         SYMBOL        L?0104
  C:5B50H         SYMBOL        L?0105
  C:5B56H         SYMBOL        L?0106
  -------         PROC          _LCD_SETPOINT
  X:0283H         SYMBOL        Xpos
  D:0004H         SYMBOL        Ypos
  X:0285H         SYMBOL        point
  C:5B5EH         LINE#         293
  C:5B6EH         LINE#         294
  C:5B6EH         LINE#         295
  C:5B7FH         LINE#         296
  C:5B7FH         LINE#         298
  C:5B7FH         LINE#         299
  C:5B82H         LINE#         300
  C:5B85H         LINE#         301
  C:5B8FH         LINE#         302
  C:5B97H         LINE#         303
  -------         ENDPROC       _LCD_SETPOINT
  -------         PROC          _LCD_DRAWLINE
  X:0027H         SYMBOL        x0
  X:0029H         SYMBOL        y0
  X:002BH         SYMBOL        x1
  X:002DH         SYMBOL        y1
  X:002FH         SYMBOL        color
  -------         DO            
  X:0031H         SYMBOL        dx
  X:0033H         SYMBOL        dy
  X:0035H         SYMBOL        temp
  -------         ENDDO         
  C:367BH         LINE#         317
  C:3693H         LINE#         318
  C:3693H         LINE#         322
  C:369AH         LINE#         323
  C:369AH         LINE#         324
  C:36AAH         LINE#         325
  C:36B9H         LINE#         326
  C:36C1H         LINE#         327
  C:36C1H         LINE#         328
BL51 BANKED LINKER/LOCATER V6.22                                                      06/22/2015  14:51:48  PAGE 24


  C:36D7H         LINE#         329
  C:36D7H         LINE#         330
  C:36DFH         LINE#         331
  C:36E7H         LINE#         332
  C:36EFH         LINE#         333
  C:36EFH         LINE#         335
  C:370CH         LINE#         336
  C:3727H         LINE#         338
  C:372BH         LINE#         339
  C:372BH         LINE#         341
  C:372BH         LINE#         342
  C:372EH         LINE#         343
  C:373CH         LINE#         344
  C:373CH         LINE#         345
  C:3752H         LINE#         347
  C:3752H         LINE#         348
  C:375CH         LINE#         349
  C:375CH         LINE#         351
  C:375CH         LINE#         352
  C:375FH         LINE#         353
  C:376DH         LINE#         354
  C:376DH         LINE#         355
  C:3783H         LINE#         357
  C:3783H         LINE#         359
  C:37A2H         LINE#         360
  C:37A2H         LINE#         361
  C:37B6H         LINE#         362
  C:37D0H         LINE#         363
  C:37D0H         LINE#         364
  C:37D3H         LINE#         365
  C:37E1H         LINE#         366
  C:37F2H         LINE#         367
  C:37F2H         LINE#         368
  C:3800H         LINE#         369
  C:3820H         LINE#         370
  C:3822H         LINE#         372
  C:3822H         LINE#         373
  C:383BH         LINE#         374
  C:383BH         LINE#         375
  C:383EH         LINE#         379
  C:383EH         LINE#         380
  C:385EH         LINE#         381
  C:3875H         LINE#         382
  C:3875H         LINE#         383
  C:3880H         LINE#         384
  C:388EH         LINE#         385
  C:389FH         LINE#         386
  C:389FH         LINE#         387
  C:38ADH         LINE#         388
  C:38CDH         LINE#         389
  C:38CFH         LINE#         391
  C:38CFH         LINE#         392
  C:38E8H         LINE#         393
  C:38E8H         LINE#         394
  C:38EBH         LINE#         395
  C:38EEH         LINE#         396
  C:38EEH         LINE#         397
BL51 BANKED LINKER/LOCATER V6.22                                                      06/22/2015  14:51:48  PAGE 25


  -------         ENDPROC       _LCD_DRAWLINE
  -------         PROC          _PUTCHAR
  X:0049H         SYMBOL        x
  X:004BH         SYMBOL        y
  X:004DH         SYMBOL        num
  X:004EH         SYMBOL        p_color
  X:0050H         SYMBOL        b_color
  -------         DO            
  X:0052H         SYMBOL        temp
  X:0053H         SYMBOL        t1
  D:0001H         SYMBOL        t
  X:0054H         SYMBOL        y0
  -------         ENDDO         
  C:4DA9H         LINE#         412
  C:4DBEH         LINE#         413
  C:4DBEH         LINE#         416
  C:4DC6H         LINE#         417
  C:4DCDH         LINE#         420
  C:4DCFH         LINE#         421
  C:4DCFH         LINE#         422
  C:4DF1H         LINE#         423
  C:4DF4H         LINE#         424
  C:4DF4H         LINE#         425
  C:4DFBH         LINE#         426
  C:4E13H         LINE#         428
  C:4E35H         LINE#         430
  C:4E3CH         LINE#         431
  C:4E4AH         LINE#         432
  C:4E59H         LINE#         434
  C:4E74H         LINE#         435
  C:4E74H         LINE#         436
  C:4E79H         LINE#         437
  C:4E87H         LINE#         438
  C:4E97H         LINE#         440
  C:4E97H         LINE#         441
  C:4EA6H         LINE#         442
  C:4EAFH         LINE#         443
  -------         ENDPROC       _PUTCHAR
  -------         PROC          _GUI_TEXT
  X:0017H         SYMBOL        Xpos
  X:0019H         SYMBOL        Ypos
  X:001BH         SYMBOL        str
  X:001EH         SYMBOL        Color
  X:0020H         SYMBOL        bkColor
  -------         DO            
  D:0003H         SYMBOL        TempChar
  -------         ENDDO         
  C:5328H         LINE#         457
  C:533FH         LINE#         458
  C:533FH         LINE#         461
  C:533FH         LINE#         462
  C:5353H         LINE#         463
  C:5384H         LINE#         464
  C:5393H         LINE#         465
  C:5393H         LINE#         466
  C:539BH         LINE#         467
  C:539DH         LINE#         468
BL51 BANKED LINKER/LOCATER V6.22                                                      06/22/2015  14:51:48  PAGE 26


  C:53B0H         LINE#         469
  C:53B0H         LINE#         470
  C:53B3H         LINE#         471
  C:53C1H         LINE#         472
  C:53C3H         LINE#         474
  C:53C3H         LINE#         475
  C:53C6H         LINE#         476
  C:53CAH         LINE#         477
  C:53CAH         LINE#         478
  C:53CAH         LINE#         479
  C:53DDH         LINE#         480
  -------         ENDPROC       _GUI_TEXT
  -------         PROC          _SHOW_PICTURE
  X:0002H         SYMBOL        x
  X:0004H         SYMBOL        y
  X:0006H         SYMBOL        width
  X:0008H         SYMBOL        high
  X:000AH         SYMBOL        ReadAddr
  -------         DO            
  X:000EH         SYMBOL        temp1
  X:000FH         SYMBOL        temp2
  X:0010H         SYMBOL        i
  X:0014H         SYMBOL        j
  -------         ENDDO         
  C:4A33H         LINE#         486
  C:4A47H         LINE#         487
  C:4A47H         LINE#         488
  C:4A4EH         LINE#         489
  C:4A58H         LINE#         490
  C:4A5EH         LINE#         491
  C:4A61H         LINE#         492
  C:4A63H         LINE#         493
  C:4A68H         LINE#         494
  C:4A7EH         LINE#         495
  C:4A94H         LINE#         496
  C:4A9FH         LINE#         497
  C:4ACBH         LINE#         498
  C:4ACBH         LINE#         499
  C:4AF4H         LINE#         500
  C:4AF4H         LINE#         501
  C:4AFCH         LINE#         502
  C:4B04H         LINE#         503
  C:4B09H         LINE#         504
  C:4B0FH         LINE#         505
  C:4B30H         LINE#         506
  C:4B47H         LINE#         507
  C:4B4AH         LINE#         508
  C:4B6CH         LINE#         509
  C:4B6EH         LINE#         510
  -------         ENDPROC       _SHOW_PICTURE
  -------         PROC          _LCD_DRAWBOX
  X:0160H         SYMBOL        x
  X:0162H         SYMBOL        y
  X:0164H         SYMBOL        width
  X:0166H         SYMBOL        high
  X:0168H         SYMBOL        color
  -------         DO            
BL51 BANKED LINKER/LOCATER V6.22                                                      06/22/2015  14:51:48  PAGE 27


  X:016AH         SYMBOL        i
  X:016EH         SYMBOL        j
  -------         ENDDO         
  C:50ACH         LINE#         517
  C:50C0H         LINE#         518
  C:50C0H         LINE#         519
  C:50CAH         LINE#         520
  C:50D0H         LINE#         521
  C:50D3H         LINE#         522
  C:50FFH         LINE#         523
  C:50FFH         LINE#         524
  C:5128H         LINE#         525
  C:5128H         LINE#         526
  C:512BH         LINE#         527
  C:512EH         LINE#         528
  C:514FH         LINE#         529
  C:5166H         LINE#         530
  C:5169H         LINE#         531
  C:518BH         LINE#         533
  -------         ENDPROC       _LCD_DRAWBOX
  -------         PROC          _LCD_DRAWEBOX
  X:0017H         SYMBOL        x
  X:0019H         SYMBOL        y
  X:001BH         SYMBOL        width
  X:001DH         SYMBOL        high
  X:001FH         SYMBOL        color
  C:2E2DH         LINE#         540
  C:2E43H         LINE#         541
  C:2E43H         LINE#         542
  C:2E7CH         LINE#         543
  C:2EDEH         LINE#         544
  C:2F23H         LINE#         545
  C:2F7CH         LINE#         546
  C:2FD8H         LINE#         547
  C:3056H         LINE#         548
  C:30A9H         LINE#         549
  -------         ENDPROC       _LCD_DRAWEBOX
  -------         ENDMOD        HX8347D

  -------         MODULE        TOUCH
  C:0000H         SYMBOL        _ICE_DUMMY_
  D:0080H         PUBLIC        P0
  D:0090H         PUBLIC        P1
  D:00A0H         PUBLIC        P2
  X:029CH         PUBLIC        tp_dev
  C:5FCDH         PUBLIC        _TP_Write_Byte
  C:4FB5H         PUBLIC        _TP_Scan
  D:00A8H         PUBLIC        IE
  C:5B98H         PUBLIC        _TP_Read_XY
  D:00B8H         PUBLIC        IP
  C:5F27H         PUBLIC        TP_Init
  X:02BBH         PUBLIC        CMD_RDX
  D:00D8H         PUBLIC        CCON
  X:02BCH         PUBLIC        CMD_RDY
  B:0080H.1       PUBLIC        TCLK
  B:0080H.2       PUBLIC        TDIN
  D:0098H         PUBLIC        SCON
BL51 BANKED LINKER/LOCATER V6.22                                                      06/22/2015  14:51:48  PAGE 28


  D:0088H         PUBLIC        TCON
  B:0080H.3       PUBLIC        DOUT
  C:000EH         PUBLIC        TP_Default_Adj
  C:47C1H         PUBLIC        _TP_Read_XY2
  C:5F0AH         SYMBOL        _delay_us
  B:00A0H.5       PUBLIC        PEN
  C:3ED2H         PUBLIC        _TP_Read_XOY
  C:5BE7H         PUBLIC        _TP_Read_AD
  B:00A0H.6       PUBLIC        TCS
  C:13C3H         PUBLIC        TP_Adjust
  C:5822H         PUBLIC        _TP_Draw_Big_Point
  C:4903H         PUBLIC        _TP_Drow_Touch_Point
  D:00D0H         PUBLIC        PSW
  -------         PROC          _DELAY_US
  D:0006H         SYMBOL        us
  -------         DO            
  D:0004H         SYMBOL        i
  -------         ENDDO         
  C:5F0AH         LINE#         31
  C:5F0AH         LINE#         32
  C:5F0AH         LINE#         34
  C:5F15H         LINE#         35
  C:5F26H         LINE#         36
  -------         ENDPROC       _DELAY_US
  -------         PROC          _TP_WRITE_BYTE
  D:0007H         SYMBOL        num
  -------         DO            
  D:0006H         SYMBOL        count
  -------         ENDDO         
  C:5FCDH         LINE#         42
  C:5FCDH         LINE#         43
  C:5FCDH         LINE#         44
  C:5FCFH         LINE#         45
  C:5FCFH         LINE#         46
  C:5FCFH         LINE#         47
  C:5FD7H         LINE#         48
  C:5FD9H         LINE#         49
  C:5FDDH         LINE#         50
  C:5FDFH         LINE#         51
  C:5FE1H         LINE#         52
  C:5FE6H         LINE#         53
  -------         ENDPROC       _TP_WRITE_BYTE
  -------         PROC          _TP_READ_AD
  D:0007H         SYMBOL        CMD
  -------         DO            
  D:0005H         SYMBOL        count
  D:0002H         SYMBOL        Num
  -------         ENDDO         
  C:5BE7H         LINE#         60
  C:5BE7H         LINE#         61
  C:5BE7H         LINE#         62
  C:5BE9H         LINE#         63
  C:5BEBH         LINE#         64
  C:5BEDH         LINE#         65
  C:5BEFH         LINE#         66
  C:5BF1H         LINE#         67
  C:5BF4H         LINE#         68
BL51 BANKED LINKER/LOCATER V6.22                                                      06/22/2015  14:51:48  PAGE 29


  C:5BFBH         LINE#         69
  C:5BFDH         LINE#         70
  C:5C04H         LINE#         71
  C:5C06H         LINE#         72
  C:5C08H         LINE#         73
  C:5C0AH         LINE#         74
  C:5C0AH         LINE#         75
  C:5C11H         LINE#         76
  C:5C13H         LINE#         77
  C:5C15H         LINE#         78
  C:5C1DH         LINE#         79
  C:5C22H         LINE#         80
  C:5C2FH         LINE#         81
  C:5C31H         LINE#         82
  C:5C34H         LINE#         83
  -------         ENDPROC       _TP_READ_AD
  -------         PROC          _TP_READ_XOY
  D:0001H         SYMBOL        xy
  -------         DO            
  X:0033H         SYMBOL        i
  D:0004H         SYMBOL        j
  X:0035H         SYMBOL        buf
  X:003FH         SYMBOL        sum
  X:0041H         SYMBOL        temp
  -------         ENDDO         
  C:3ED2H         LINE#         93
  C:3ED4H         LINE#         94
  C:3ED4H         LINE#         97
  C:3EDBH         LINE#         99
  C:3F23H         LINE#         100
  C:3F3DH         LINE#         101
  C:3F3DH         LINE#         102
  C:3F52H         LINE#         103
  C:3F52H         LINE#         104
  C:3F8AH         LINE#         105
  C:3F8AH         LINE#         106
  C:3F92H         LINE#         107
  C:3FC4H         LINE#         108
  C:3FE2H         LINE#         109
  C:3FE2H         LINE#         110
  C:3FEAH         LINE#         111
  C:3FFEH         LINE#         112
  C:4005H         LINE#         113
  C:404EH         LINE#         114
  C:4063H         LINE#         115
  C:4063H         LINE#         116
  -------         ENDPROC       _TP_READ_XOY
  -------         PROC          _TP_READ_XY
  X:002BH         SYMBOL        x
  X:002EH         SYMBOL        y
  -------         DO            
  X:0031H         SYMBOL        xtemp
  D:0006H         SYMBOL        ytemp
  -------         ENDDO         
  C:5B98H         LINE#         121
  C:5BA3H         LINE#         122
  C:5BA3H         LINE#         124
BL51 BANKED LINKER/LOCATER V6.22                                                      06/22/2015  14:51:48  PAGE 30


  C:5BB3H         LINE#         125
  C:5BBBH         LINE#         127
  C:5BD3H         LINE#         128
  C:5BE4H         LINE#         129
  C:5BE6H         LINE#         130
  -------         ENDPROC       _TP_READ_XY
  -------         PROC          L?0091
  -------         ENDPROC       L?0091
  -------         PROC          _TP_READ_XY2
  X:001DH         SYMBOL        x
  X:0020H         SYMBOL        y
  -------         DO            
  X:0023H         SYMBOL        x1
  X:0025H         SYMBOL        y1
  X:0027H         SYMBOL        x2
  X:0029H         SYMBOL        y2
  D:0007H         SYMBOL        flag
  -------         ENDDO         
  C:47C1H         LINE#         137
  C:47CCH         LINE#         138
  C:47CCH         LINE#         142
  C:47E3H         LINE#         143
  C:47E8H         LINE#         144
  C:47FFH         LINE#         145
  C:4804H         LINE#         146
  C:489AH         LINE#         148
  C:489AH         LINE#         149
  C:48C3H         LINE#         150
  C:48ECH         LINE#         151
  C:48EFH         LINE#         152
  C:48F1H         LINE#         153
  -------         ENDPROC       _TP_READ_XY2
  C:48F2H         SYMBOL        L?0089
  C:48FBH         SYMBOL        L?0090
  -------         PROC          L?0088
  -------         ENDPROC       L?0088
  C:48F2H         SYMBOL        L?0089
  C:48FBH         SYMBOL        L?0090
  -------         PROC          _TP_DROW_TOUCH_POINT
  X:0021H         SYMBOL        x
  X:0023H         SYMBOL        y
  X:0025H         SYMBOL        color
  C:4903H         LINE#         161
  C:491BH         LINE#         162
  C:491BH         LINE#         163
  C:4954H         LINE#         164
  C:4997H         LINE#         165
  C:49BEH         LINE#         166
  C:49E5H         LINE#         167
  C:4A0CH         LINE#         168
  -------         ENDPROC       _TP_DROW_TOUCH_POINT
  -------         PROC          _TP_DRAW_BIG_POINT
  X:000FH         SYMBOL        x
  X:0011H         SYMBOL        y
  X:0013H         SYMBOL        color
  C:5822H         LINE#         173
  C:5836H         LINE#         174
BL51 BANKED LINKER/LOCATER V6.22                                                      06/22/2015  14:51:48  PAGE 31


  C:5836H         LINE#         175
  C:5839H         LINE#         176
  C:5858H         LINE#         177
  C:5879H         LINE#         178
  -------         ENDPROC       _TP_DRAW_BIG_POINT
  -------         PROC          _TP_SCAN
  D:0007H         SYMBOL        tp
  C:4FB5H         LINE#         186
  C:4FB5H         LINE#         187
  C:4FB5H         LINE#         188
  C:4FBBH         LINE#         189
  C:4FBBH         LINE#         190
  C:4FC4H         LINE#         191
  C:4FCDH         LINE#         192
  C:4FCDH         LINE#         193
  C:5014H         LINE#         194
  C:5059H         LINE#         195
  C:5059H         LINE#         196
  C:5060H         LINE#         197
  C:5060H         LINE#         198
  C:5063H         LINE#         199
  C:5072H         LINE#         200
  C:5081H         LINE#         201
  C:5081H         LINE#         202
  C:5083H         LINE#         203
  C:5083H         LINE#         204
  C:508AH         LINE#         205
  C:508AH         LINE#         206
  C:508DH         LINE#         207
  C:508FH         LINE#         208
  C:508FH         LINE#         209
  C:5096H         LINE#         210
  C:509AH         LINE#         211
  C:50A0H         LINE#         212
  C:50A4H         LINE#         213
  C:50A4H         LINE#         214
  C:50A4H         LINE#         215
  C:50ABH         LINE#         216
  -------         ENDPROC       _TP_SCAN
  -------         PROC          TP_ADJUST
  -------         DO            
  X:0000H         SYMBOL        pos_temp
  X:0010H         SYMBOL        cnt
  X:0011H         SYMBOL        d1
  X:0013H         SYMBOL        d2
  X:0015H         SYMBOL        tem1
  X:0019H         SYMBOL        tem2
  X:001DH         SYMBOL        fac
  -------         ENDDO         
  C:13C3H         LINE#         221
  C:13C3H         LINE#         222
  C:13C3H         LINE#         224
  C:13C8H         LINE#         228
  C:13C9H         LINE#         229
  C:13D0H         LINE#         231
  C:13DFH         LINE#         232
  C:13E4H         LINE#         233
BL51 BANKED LINKER/LOCATER V6.22                                                      06/22/2015  14:51:48  PAGE 32


  C:13ECH         LINE#         234
  C:13ECH         LINE#         235
  C:13ECH         LINE#         236
  C:13FDH         LINE#         237
  C:1408H         LINE#         238
  C:1408H         LINE#         239
  C:140CH         LINE#         240
  C:142BH         LINE#         241
  C:1446H         LINE#         242
  C:144CH         LINE#         243
  C:145BH         LINE#         244
  C:145BH         LINE#         245
  C:145BH         LINE#         246
  C:146AH         LINE#         247
  C:1472H         LINE#         248
  C:1474H         LINE#         249
  C:1474H         LINE#         250
  C:147BH         LINE#         251
  C:1483H         LINE#         252
  C:1486H         LINE#         253
  C:1486H         LINE#         254
  C:1495H         LINE#         255
  C:14A1H         LINE#         256
  C:14A4H         LINE#         257
  C:14A4H         LINE#         259
  C:14C8H         LINE#         260
  C:14ECH         LINE#         261
  C:150AH         LINE#         262
  C:1528H         LINE#         263
  C:1560H         LINE#         265
  C:1584H         LINE#         266
  C:15A8H         LINE#         267
  C:15C6H         LINE#         268
  C:15E4H         LINE#         269
  C:161CH         LINE#         270
  C:1655H         LINE#         271
  C:16A1H         LINE#         272
  C:16A1H         LINE#         273
  C:16A1H         LINE#         274
  C:16A4H         LINE#         275
  C:16B0H         LINE#         276
  C:16B3H         LINE#         277
  C:16B3H         LINE#         278
  C:16D7H         LINE#         279
  C:16FBH         LINE#         280
  C:1719H         LINE#         281
  C:1737H         LINE#         282
  C:176FH         LINE#         284
  C:1793H         LINE#         285
  C:17B7H         LINE#         286
  C:17D5H         LINE#         287
  C:17F3H         LINE#         288
  C:182BH         LINE#         289
  C:1864H         LINE#         290
  C:189CH         LINE#         291
  C:189CH         LINE#         292
  C:189CH         LINE#         293
BL51 BANKED LINKER/LOCATER V6.22                                                      06/22/2015  14:51:48  PAGE 33


  C:189FH         LINE#         294
  C:18ABH         LINE#         295
  C:18AEH         LINE#         296
  C:18AEH         LINE#         298
  C:18D2H         LINE#         299
  C:18F6H         LINE#         300
  C:1914H         LINE#         301
  C:1932H         LINE#         302
  C:196AH         LINE#         304
  C:198EH         LINE#         305
  C:19B2H         LINE#         306
  C:19D0H         LINE#         307
  C:19EEH         LINE#         308
  C:1A26H         LINE#         309
  C:1A5FH         LINE#         310
  C:1A97H         LINE#         311
  C:1A97H         LINE#         312
  C:1A97H         LINE#         313
  C:1A9AH         LINE#         314
  C:1AA9H         LINE#         315
  C:1AACH         LINE#         316
  C:1AACH         LINE#         318
  C:1ADDH         LINE#         319
  C:1B2CH         LINE#         321
  C:1B5DH         LINE#         322
  C:1BACH         LINE#         323
  C:1BEAH         LINE#         324
  C:1BEAH         LINE#         325
  C:1BEAH         LINE#         326
  C:1BEDH         LINE#         327
  C:1BFCH         LINE#         328
  C:1C0DH         LINE#         329
  C:1C0FH         LINE#         330
  C:1C0FH         LINE#         331
  C:1C13H         LINE#         332
  C:1C17H         LINE#         333
  C:1C1AH         LINE#         334
  C:1C1AH         LINE#         335
  C:1C20H         LINE#         336
  C:1C24H         LINE#         337
  C:1C24H         LINE#         338
  C:1C27H         LINE#         339
  C:1C27H         LINE#         340
  C:1C2EH         LINE#         342
  C:1C35H         LINE#         343
  C:1C3CH         LINE#         345
  C:1C3CH         LINE#         346
  C:1C3CH         LINE#         347
  C:1C3CH         LINE#         348
  -------         ENDPROC       TP_ADJUST
  -------         PROC          TP_DEFAULT_ADJ
  C:000EH         LINE#         351
  C:000EH         LINE#         352
  C:000EH         LINE#         363
  C:0014H         LINE#         364
  C:0018H         LINE#         365
  C:0022H         LINE#         366
BL51 BANKED LINKER/LOCATER V6.22                                                      06/22/2015  14:51:48  PAGE 34


  C:002CH         LINE#         367
  C:0036H         LINE#         368
  C:0040H         LINE#         370
  -------         ENDPROC       TP_DEFAULT_ADJ
  -------         PROC          TP_INIT
  C:5F27H         LINE#         372
  C:5F27H         LINE#         373
  C:5F27H         LINE#         375
  C:5F3EH         LINE#         377
  C:5F41H         LINE#         378
  C:5F43H         LINE#         379
  -------         ENDPROC       TP_INIT
  -------         ENDMOD        TOUCH

  -------         MODULE        DS1302
  C:0000H         SYMBOL        _ICE_DUMMY_
  D:0080H         PUBLIC        P0
  D:00A0H         PUBLIC        P2
  C:600FH         PUBLIC        Delay1ms
  B:00A0H.7       PUBLIC        CE
  D:00A8H         PUBLIC        IE
  D:00B8H         PUBLIC        IP
  D:00D8H         PUBLIC        CCON
  B:0080H.1       PUBLIC        SCLK
  D:0098H         PUBLIC        SCON
  D:0088H         PUBLIC        TCON
  C:5C35H         PUBLIC        _Read1302
  C:55E2H         PUBLIC        _Ds1302_Read_Time
  C:5CFFH         PUBLIC        _Write1302
  B:0080H.3       PUBLIC        DIO
  C:518CH         PUBLIC        _Ds1302_Write_Time
  C:603CH         PUBLIC        delay40us
  C:4B6FH         PUBLIC        _gettime
  C:60D2H         PUBLIC        Ds1302_Init
  D:00D0H         PUBLIC        PSW
  C:600AH         SYMBOL        L?0037
  -------         PROC          L?0036
  -------         ENDPROC       L?0036
  C:600AH         SYMBOL        L?0037
  -------         PROC          DELAY1MS
  -------         DO            
  D:0007H         SYMBOL        i
  D:0006H         SYMBOL        j
  -------         ENDDO         
  C:600FH         LINE#         3
  C:600FH         LINE#         4
  C:600FH         LINE#         7
  C:6011H         LINE#         8
  C:6013H         LINE#         10
  C:6013H         LINE#         11
  C:6015H         LINE#         12
  C:6017H         LINE#         13
  -------         ENDPROC       DELAY1MS
  -------         PROC          _GETTIME
  X:0017H         SYMBOL        buf
  -------         DO            
  X:001AH         SYMBOL        temp
BL51 BANKED LINKER/LOCATER V6.22                                                      06/22/2015  14:51:48  PAGE 35


  -------         ENDDO         
  C:4B6FH         LINE#         15
  C:4B7AH         LINE#         16
  C:4B7AH         LINE#         18
  C:4B83H         LINE#         19
  C:4B93H         LINE#         20
  C:4BA6H         LINE#         21
  C:4BB6H         LINE#         22
  C:4BC1H         LINE#         23
  C:4BC9H         LINE#         24
  C:4BD9H         LINE#         25
  C:4BE4H         LINE#         26
  C:4BECH         LINE#         27
  C:4BFCH         LINE#         28
  C:4C07H         LINE#         29
  C:4C0FH         LINE#         30
  C:4C1FH         LINE#         31
  C:4C2AH         LINE#         32
  C:4C32H         LINE#         33
  C:4C42H         LINE#         34
  C:4C4DH         LINE#         35
  C:4C55H         LINE#         36
  C:4C65H         LINE#         37
  C:4C70H         LINE#         38
  C:4C78H         LINE#         39
  C:4C86H         LINE#         40
  -------         ENDPROC       _GETTIME
  C:6030H         SYMBOL        L?0034
  C:6037H         SYMBOL        L?0035
  -------         PROC          L?0033
  -------         ENDPROC       L?0033
  C:6030H         SYMBOL        L?0034
  C:6037H         SYMBOL        L?0035
  -------         PROC          DELAY40US
  -------         DO            
  D:0007H         SYMBOL        i
  D:0006H         SYMBOL        j
  -------         ENDDO         
  C:603CH         LINE#         42
  C:603CH         LINE#         43
  C:603CH         LINE#         46
  C:603EH         LINE#         47
  C:6040H         LINE#         49
  C:6040H         LINE#         50
  C:6042H         LINE#         51
  C:6044H         LINE#         52
  -------         ENDPROC       DELAY40US
  -------         PROC          _WRITE1302
  D:0003H         SYMBOL        addr
  D:0005H         SYMBOL        dat
  -------         DO            
  D:0002H         SYMBOL        i
  D:0001H         SYMBOL        temp
  -------         ENDDO         
  C:5CFFH         LINE#         56
  C:5D01H         LINE#         57
  C:5D01H         LINE#         59
BL51 BANKED LINKER/LOCATER V6.22                                                      06/22/2015  14:51:48  PAGE 36


  C:5D03H         LINE#         60
  C:5D06H         LINE#         61
  C:5D08H         LINE#         62
  C:5D0BH         LINE#         63
  C:5D0DH         LINE#         64
  C:5D10H         LINE#         65
[...]
  C:2B5FH         LINE#         381
  C:2B7EH         LINE#         382
  C:2B9DH         LINE#         383
  C:2BBCH         LINE#         384
  C:2BBCH         LINE#         385
  C:2BBCH         LINE#         386
  C:2BC7H         LINE#         387
  C:2BE2H         LINE#         388
  C:2BF4H         LINE#         389
  C:2BF6H         LINE#         390
  C:2C12H         LINE#         391
  C:2C38H         LINE#         392
  C:2C38H         LINE#         393
  C:2C43H         LINE#         394
  C:2C5EH         LINE#         395
  C:2C70H         LINE#         396
  C:2C72H         LINE#         397
  C:2C8AH         LINE#         398
  C:2CB0H         LINE#         399
  C:2CB0H         LINE#         400
  C:2CBBH         LINE#         401
  C:2CD6H         LINE#         402
  C:2CE8H         LINE#         403
  C:2CEAH         LINE#         404
BL51 BANKED LINKER/LOCATER V6.22                                                      06/22/2015  14:51:48  PAGE 47


  C:2D06H         LINE#         405
  C:2D2CH         LINE#         406
  C:2D2CH         LINE#         407
  C:2D2FH         LINE#         408
  C:2D32H         LINE#         409
  C:2D70H         LINE#         410
  C:2DAAH         LINE#         411
  C:2DE4H         LINE#         412
  C:2E2AH         LINE#         413
  -------         ENDPROC       LED
  -------         ENDMOD        GUI

  -------         MODULE        18B20
  C:0000H         SYMBOL        _ICE_DUMMY_
  D:0080H         PUBLIC        P0
  D:00A8H         PUBLIC        IE
  C:5CBFH         PUBLIC        _ReadTemperature
  B:0080H.0       PUBLIC        DQ
  D:00B8H         PUBLIC        IP
  C:5E84H         PUBLIC        Init_DS18B20
  C:5F44H         PUBLIC        ReadOneChar
  D:00D8H         PUBLIC        CCON
  C:5D75H         PUBLIC        Read18b20
  C:6098H         PUBLIC        _DelayMs
  C:5F60H         PUBLIC        _WriteOneChar
  D:0098H         PUBLIC        SCON
  D:0088H         PUBLIC        TCON
  C:6084H         PUBLIC        _DelayUs2x
  D:00D0H         PUBLIC        PSW
  -------         PROC          _DELAYUS2X
  D:0007H         SYMBOL        t
  -------         DO            
  D:0006H         SYMBOL        i
  -------         ENDDO         
  C:6084H         LINE#         10
  C:6084H         LINE#         11
  C:6084H         LINE#         13
  C:6090H         LINE#         14
  C:6090H         LINE#         15
  C:6092H         LINE#         16
  C:6094H         LINE#         17
  C:6097H         LINE#         18
  -------         ENDPROC       _DELAYUS2X
  -------         PROC          _DELAYMS
  D:0007H         SYMBOL        t
  -------         DO            
  D:0006H         SYMBOL        i
  D:0005H         SYMBOL        j
  -------         ENDDO         
  C:6098H         LINE#         24
  C:6098H         LINE#         25
  C:6098H         LINE#         27
  C:609EH         LINE#         28
  C:609EH         LINE#         29
  C:609FH         LINE#         30
  C:60A0H         LINE#         31
  C:60A2H         LINE#         32
BL51 BANKED LINKER/LOCATER V6.22                                                      06/22/2015  14:51:48  PAGE 48


  C:60A4H         LINE#         34
  C:60A4H         LINE#         35
  C:60A6H         LINE#         36
  C:60A8H         LINE#         37
  C:60ABH         LINE#         38
  -------         ENDPROC       _DELAYMS
  -------         PROC          INIT_DS18B20
  -------         DO            
  B:0020H.0       SYMBOL        dat
  -------         ENDDO         
  C:5E84H         LINE#         43
  C:5E84H         LINE#         44
  C:5E84H         LINE#         45
  C:5E86H         LINE#         46
  C:5E88H         LINE#         47
  C:5E8DH         LINE#         48
  C:5E8FH         LINE#         49
  C:5E94H         LINE#         50
  C:5E99H         LINE#         51
  C:5E9BH         LINE#         52
  C:5EA0H         LINE#         53
  C:5EA4H         LINE#         54
  C:5EA9H         LINE#         55
  C:5EABH         LINE#         56
  -------         ENDPROC       INIT_DS18B20
  -------         PROC          READONECHAR
  -------         DO            
  D:0005H         SYMBOL        i
  D:0004H         SYMBOL        dat
  -------         ENDDO         
  C:5F44H         LINE#         61
  C:5F44H         LINE#         62
  C:5F44H         LINE#         63
  C:5F45H         LINE#         64
  C:5F46H         LINE#         65
  C:5F48H         LINE#         66
  C:5F48H         LINE#         67
  C:5F4AH         LINE#         68
  C:5F4EH         LINE#         69
  C:5F50H         LINE#         70
  C:5F53H         LINE#         71
  C:5F56H         LINE#         72
  C:5F5BH         LINE#         73
  C:5F5DH         LINE#         74
  C:5F5FH         LINE#         75
  -------         ENDPROC       READONECHAR
  -------         PROC          _WRITEONECHAR
  D:0005H         SYMBOL        dat
  -------         DO            
  D:0003H         SYMBOL        i
  -------         ENDDO         
  C:5F60H         LINE#         79
  C:5F62H         LINE#         80
  C:5F62H         LINE#         81
  C:5F62H         LINE#         82
  C:5F64H         LINE#         83
  C:5F64H         LINE#         84
BL51 BANKED LINKER/LOCATER V6.22                                                      06/22/2015  14:51:48  PAGE 49


  C:5F66H         LINE#         85
  C:5F6AH         LINE#         86
  C:5F6FH         LINE#         87
  C:5F71H         LINE#         88
  C:5F75H         LINE#         89
  C:5F77H         LINE#         90
  -------         ENDPROC       _WRITEONECHAR
  -------         PROC          READ18B20
  -------         DO            
  D:0003H         SYMBOL        a
  D:0006H         SYMBOL        b
  D:0004H         SYMBOL        t
  -------         ENDDO         
  C:5D75H         LINE#         96
  C:5D75H         LINE#         97
  C:5D75H         LINE#         98
  C:5D77H         LINE#         99
  C:5D79H         LINE#         100
  C:5D7BH         LINE#         101
  C:5D7EH         LINE#         102
  C:5D83H         LINE#         103
  C:5D88H         LINE#         104
  C:5D8DH         LINE#         105
  C:5D90H         LINE#         106
  C:5D95H         LINE#         107
  C:5D9AH         LINE#         108
  C:5D9FH         LINE#         109
  C:5DA2H         LINE#         110
  C:5DA6H         LINE#         111
  C:5DABH         LINE#         113
  C:5DAEH         LINE#         114
  -------         ENDPROC       READ18B20
  -------         PROC          _READTEMPERATURE
  X:0016H         SYMBOL        temper
  -------         DO            
  D:0006H         SYMBOL        temp
  D:0004H         SYMBOL        temperature
  -------         ENDDO         
  C:5CBFH         LINE#         115
  C:5CCAH         LINE#         116
  C:5CCAH         LINE#         119
  C:5CCDH         LINE#         120
  C:5CDFH         LINE#         121
  -------         ENDPROC       _READTEMPERATURE
  -------         ENDMOD        18B20

  -------         MODULE        UART
  C:0000H         SYMBOL        _ICE_DUMMY_
  B:00A8H.7       PUBLIC        EA
  D:00A8H         PUBLIC        IE
  D:00B8H         PUBLIC        IP
  B:0021H.2       PUBLIC        flag
  D:00D8H         PUBLIC        CCON
  D:0098H         PUBLIC        SCON
  D:0088H         PUBLIC        TCON
  X:02D7H         PUBLIC        temp
  D:00AFH         PUBLIC        IE2
BL51 BANKED LINKER/LOCATER V6.22                                                      06/22/2015  14:51:48  PAGE 50


  D:008EH         PUBLIC        AUXR
  C:5EECH         PUBLIC        InitUART
  D:009BH         PUBLIC        S2BUF
  C:60ACH         PUBLIC        _UART_SendStr
  C:611EH         PUBLIC        _UART_SendOneByte
  D:009AH         PUBLIC        S2CON
  D:009CH         PUBLIC        BRT
  X:02EBH         PUBLIC        p
  C:5A89H         PUBLIC        UART_Interrupt
  D:00D0H         PUBLIC        PSW
  -------         PROC          INITUART
  B:0020H.0       SYMBOL        bite
  C:5EECH         LINE#         8
  C:5EECH         LINE#         9
  C:5EECH         LINE#         10
  C:5EEFH         LINE#         11
  C:5EF2H         LINE#         12
  C:5EF5H         LINE#         13
  C:5EFBH         LINE#         14
  C:5F01H         LINE#         15
  C:5F04H         LINE#         16
  C:5F06H         LINE#         17
  C:5F09H         LINE#         18
  -------         ENDPROC       INITUART
  -------         PROC          _UART_SENDONEBYTE
  D:0007H         SYMBOL        c
  C:611EH         LINE#         19
  C:611EH         LINE#         20
  C:611EH         LINE#         21
  C:6120H         LINE#         22
  C:6125H         LINE#         23
  C:6128H         LINE#         24
  -------         ENDPROC       _UART_SENDONEBYTE
  -------         PROC          _UART_SENDSTR
  D:0001H         SYMBOL        str
  C:60ACH         LINE#         25
  C:60ACH         LINE#         26
  C:60ACH         LINE#         27
  C:60B2H         LINE#         28
  C:60B2H         LINE#         29
  C:60B5H         LINE#         30
  C:60BCH         LINE#         31
  C:60BEH         LINE#         32
  -------         ENDPROC       _UART_SENDSTR
  -------         PROC          UART_INTERRUPT
  C:5A89H         LINE#         34
  C:5A9EH         LINE#         36
  C:5AAFH         LINE#         37
  C:5AB4H         LINE#         38
  C:5AB4H         LINE#         39
  C:5AB6H         LINE#         40
  C:5AB9H         LINE#         41
  C:5AC9H         LINE#         43
  C:5AD3H         LINE#         44
  C:5AE2H         LINE#         45
  C:5AE2H         LINE#         46
  -------         ENDPROC       UART_INTERRUPT
BL51 BANKED LINKER/LOCATER V6.22                                                      06/22/2015  14:51:48  PAGE 51


  -------         ENDMOD        UART

  -------         MODULE        ATCMD
  C:0000H         SYMBOL        _ICE_DUMMY_
  D:0080H         PUBLIC        P0
  D:00A0H         PUBLIC        P2
  C:57A3H         PUBLIC        _AT_DO
  D:00A8H         PUBLIC        IE
  D:00B8H         PUBLIC        IP
  D:00D8H         PUBLIC        CCON
  C:5F7CH         PUBLIC        stime
  C:6133H         PUBLIC        link
  D:0098H         PUBLIC        SCON
  D:0088H         PUBLIC        TCON
  C:613CH         PUBLIC        ATErr
  C:592FH         PUBLIC        at
  C:60BFH         PUBLIC        _IsATCmd
  C:5F97H         PUBLIC        stempert
  D:00D0H         PUBLIC        PSW
  -------         PROC          _AT_DO
  X:0009H         SYMBOL        at_str
  -------         DO            
  X:000CH         SYMBOL        i
  -------         ENDDO         
  C:57A3H         LINE#         40
  C:57AEH         LINE#         41
  C:57AEH         LINE#         43
  C:57B8H         LINE#         44
  C:57C7H         LINE#         45
  C:57C7H         LINE#         46
  C:57CEH         LINE#         47
  C:5819H         LINE#         48
  C:5821H         LINE#         49
  -------         ENDPROC       _AT_DO
  -------         PROC          _ISATCMD
  D:0001H         SYMBOL        str
  C:60BFH         LINE#         55
  C:60BFH         LINE#         56
  C:60BFH         LINE#         57
  C:60D0H         LINE#         58
  C:60D1H         LINE#         59
  -------         ENDPROC       _ISATCMD
  -------         PROC          STIME
  C:5F7CH         LINE#         65
  C:5F7CH         LINE#         66
  C:5F7CH         LINE#         68
  C:5F85H         LINE#         69
  C:5F8EH         LINE#         70
  -------         ENDPROC       STIME
  -------         PROC          STEMPERT
  -------         DO            
  X:000DH         SYMBOL        temper
  -------         ENDDO         
  C:5F97H         LINE#         77
  C:5F97H         LINE#         78
  C:5F97H         LINE#         80
  C:5FA0H         LINE#         81
BL51 BANKED LINKER/LOCATER V6.22                                                      06/22/2015  14:51:48  PAGE 52


  C:5FA9H         LINE#         82
  -------         ENDPROC       STEMPERT
  -------         PROC          LINK
  C:6133H         LINE#         89
  C:6133H         LINE#         90
  C:6133H         LINE#         91
  -------         ENDPROC       LINK
  -------         PROC          ATERR
  C:613CH         LINE#         98
  C:613CH         LINE#         99
  C:613CH         LINE#         100
  -------         ENDPROC       ATERR
  -------         ENDMOD        ATCMD

  -------         MODULE        LED
  C:0000H         SYMBOL        _ICE_DUMMY_
  D:0080H         PUBLIC        P0
  B:0080H.5       PUBLIC        LED1
  B:0080H.6       PUBLIC        LED2
  B:0080H.7       PUBLIC        LED3
  D:00A8H         PUBLIC        IE
  D:00B8H         PUBLIC        IP
  D:00D8H         PUBLIC        CCON
  C:0003H         PUBLIC        InitLed
  C:605AH         PUBLIC        _RedLed
  D:0098H         PUBLIC        SCON
  D:0088H         PUBLIC        TCON
  C:5FB2H         PUBLIC        _SetLed
  D:00D0H         PUBLIC        PSW
  -------         PROC          INITLED
  C:0003H         LINE#         2
  C:0003H         LINE#         3
  C:0003H         LINE#         4
  C:0005H         LINE#         5
  C:0007H         LINE#         6
  C:0009H         LINE#         7
  -------         ENDPROC       INITLED
  -------         PROC          _SETLED
  D:0007H         SYMBOL        led
  B:0020H.0       SYMBOL        stat
  C:5FB2H         LINE#         8
  C:5FB2H         LINE#         9
  C:5FB2H         LINE#         10
  C:5FBEH         LINE#         11
  C:5FBEH         LINE#         12
  C:5FC3H         LINE#         13
  C:5FC8H         LINE#         14
  C:5FCCH         LINE#         15
  C:5FCCH         LINE#         16
  -------         ENDPROC       _SETLED
  -------         PROC          _REDLED
  D:0007H         SYMBOL        led
  C:605AH         LINE#         17
  C:605AH         LINE#         18
  C:605AH         LINE#         19
  C:6066H         LINE#         20
  C:6066H         LINE#         21
BL51 BANKED LINKER/LOCATER V6.22                                                      06/22/2015  14:51:48  PAGE 53


  C:6069H         LINE#         22
  C:606CH         LINE#         23
  C:606EH         LINE#         24
  C:606EH         LINE#         25
  -------         ENDPROC       _REDLED
  -------         ENDMOD        LED

  -------         MODULE        ?C?FPADD
  C:004DH         PUBLIC        ?C?FPADD
  C:0049H         PUBLIC        ?C?FPSUB
  -------         ENDMOD        ?C?FPADD

  -------         MODULE        ?C?FPMUL
  C:013EH         PUBLIC        ?C?FPMUL
  -------         ENDMOD        ?C?FPMUL

  -------         MODULE        ?C?FPDIV
  C:0247H         PUBLIC        ?C?FPDIV
  -------         ENDMOD        ?C?FPDIV

  -------         MODULE        ?C?FPCMP
  C:02E6H         PUBLIC        ?C?FPCMP
  C:02E4H         PUBLIC        ?C?FPCMP3
  -------         ENDMOD        ?C?FPCMP

  -------         MODULE        ?C?FCAST
  C:035BH         PUBLIC        ?C?FCASTC
  C:0356H         PUBLIC        ?C?FCASTI
  C:0351H         PUBLIC        ?C?FCASTL
  -------         ENDMOD        ?C?FCAST

  -------         MODULE        ?C?CASTF
  C:038FH         PUBLIC        ?C?CASTF
  -------         ENDMOD        ?C?CASTF

  -------         MODULE        PRINTF
  X:0019H         PUBLIC        ?_PRINTF?BYTE
  X:0019H         PUBLIC        ?_SPRINTF?BYTE
  C:2298H         PUBLIC        _PRINTF
  C:2292H         PUBLIC        _SPRINTF
  -------         ENDMOD        PRINTF

  -------         MODULE        SQRT
  C:5490H         PUBLIC        _SQRT
  -------         ENDMOD        SQRT

  -------         MODULE        ?C?FPROUND
  C:0410H         PUBLIC        ?C?FPROUND
  -------         ENDMOD        ?C?FPROUND

  -------         MODULE        ?C?FPCONVERT
  C:044DH         PUBLIC        ?C?FPCONVERT
  -------         ENDMOD        ?C?FPCONVERT

  -------         MODULE        ?C?FTNPWR
  C:0582H         PUBLIC        ?C?FTNPWR
  -------         ENDMOD        ?C?FTNPWR
BL51 BANKED LINKER/LOCATER V6.22                                                      06/22/2015  14:51:48  PAGE 54



  -------         MODULE        ?C?COPY
  C:0692H         PUBLIC        ?C?COPY
  -------         ENDMOD        ?C?COPY

  -------         MODULE        ?C?CLDPTR
  C:06B8H         PUBLIC        ?C?CLDPTR
  -------         ENDMOD        ?C?CLDPTR

  -------         MODULE        ?C?CLDOPTR
  C:06D1H         PUBLIC        ?C?CLDOPTR
  -------         ENDMOD        ?C?CLDOPTR

  -------         MODULE        ?C?CSTPTR
  C:06FEH         PUBLIC        ?C?CSTPTR
  -------         ENDMOD        ?C?CSTPTR

  -------         MODULE        ?C?CSTOPTR
  C:0710H         PUBLIC        ?C?CSTOPTR
  -------         ENDMOD        ?C?CSTOPTR

  -------         MODULE        ?C?UIDIV
  C:0732H         PUBLIC        ?C?UIDIV
  -------         ENDMOD        ?C?UIDIV

  -------         MODULE        ?C?IILDX
  C:0787H         PUBLIC        ?C?IILDX
  -------         ENDMOD        ?C?IILDX

  -------         MODULE        ?C?ILDIX
  C:079DH         PUBLIC        ?C?ILDIX
  -------         ENDMOD        ?C?ILDIX

  -------         MODULE        ?C?ILDPTR
  C:07B3H         PUBLIC        ?C?ILDPTR
  -------         ENDMOD        ?C?ILDPTR

  -------         MODULE        ?C?ISTPTR
  C:07DEH         PUBLIC        ?C?ISTPTR
  -------         ENDMOD        ?C?ISTPTR

  -------         MODULE        ?C?LMUL
  C:07FDH         PUBLIC        ?C?LMUL
  -------         ENDMOD        ?C?LMUL

  -------         MODULE        ?C?LNEG
  C:084CH         PUBLIC        ?C?LNEG
  -------         ENDMOD        ?C?LNEG

  -------         MODULE        ?C?ULCMP
  C:085AH         PUBLIC        ?C?ULCMP
  -------         ENDMOD        ?C?ULCMP

  -------         MODULE        ?C?ULSHR
  C:086BH         PUBLIC        ?C?ULSHR
  -------         ENDMOD        ?C?ULSHR

BL51 BANKED LINKER/LOCATER V6.22                                                      06/22/2015  14:51:48  PAGE 55


  -------         MODULE        ?C?LLDXDATA
  C:087EH         PUBLIC        ?C?LLDXDATA
  -------         ENDMOD        ?C?LLDXDATA

  -------         MODULE        ?C?LLDCODE
  C:088AH         PUBLIC        ?C?LLDCODE
  -------         ENDMOD        ?C?LLDCODE

  -------         MODULE        ?C?LLDCODE0
  C:089AH         PUBLIC        ?C?LLDCODE0
  -------         ENDMOD        ?C?LLDCODE0

  -------         MODULE        ?C?LSTXDATA
  C:08AAH         PUBLIC        ?C?LSTXDATA
  -------         ENDMOD        ?C?LSTXDATA

  -------         MODULE        ?C?LSTKXDATA
  C:08B6H         PUBLIC        ?C?LSTKXDATA
  -------         ENDMOD        ?C?LSTKXDATA

  -------         MODULE        ?C?PLDIXDATA
  C:08E7H         PUBLIC        ?C?PLDIXDATA
  -------         ENDMOD        ?C?PLDIXDATA

  -------         MODULE        ?C?PSTXDATA
  C:08FEH         PUBLIC        ?C?PSTXDATA
  -------         ENDMOD        ?C?PSTXDATA

  -------         MODULE        ?C?CCASE
  C:0907H         PUBLIC        ?C?CCASE
  -------         ENDMOD        ?C?CCASE

  -------         MODULE        ?C?ICASE
  C:092DH         PUBLIC        ?C?ICASE
  -------         ENDMOD        ?C?ICASE

  -------         MODULE        ?C?ICALL
  C:095AH         PUBLIC        ?C?ICALL
  C:095EH         PUBLIC        ?C?ICALL2
  -------         ENDMOD        ?C?ICALL

  -------         MODULE        ?C?LIMUL
  C:0960H         PUBLIC        ?C?LIMUL
  -------         ENDMOD        ?C?LIMUL

  -------         MODULE        ABS
  C:6112H         PUBLIC        _ABS
  -------         ENDMOD        ABS

  -------         MODULE        ?C?STRCMP
  C:0B0BH         PUBLIC        ?C?STRCMP
  -------         ENDMOD        ?C?STRCMP

  -------         MODULE        STRLEN
  C:606FH         PUBLIC        _STRLEN
  -------         ENDMOD        STRLEN

BL51 BANKED LINKER/LOCATER V6.22                                                      06/22/2015  14:51:48  PAGE 56


Program Size: data=15.3 xdata=755 code=24907
LINK/LOCATE RUN COMPLETE.  0 WARNING(S),  0 ERROR(S)
