BL51 BANKED LINKER/LOCATER V6.22                                                        07/19/2015  22:15:14  PAGE 1


BL51 BANKED LINKER/LOCATER V6.22, INVOKED BY:
D:\KEIL\C51\BIN\BL51.EXE .\Object\STARTUP.obj, .\Object\calendar.obj, .\Object\startch.obj, .\Object\picbox.obj, .\Objec
>> t\ledctrl.obj, .\Object\tempert.obj, .\Object\sys_app.obj, .\Object\18b20.obj, .\Object\ATCmd.obj, .\Object\audio.obj
>> , .\Object\ds1302.obj, .\Object\HX8347D.obj, .\Object\led.obj, .\Object\timer.obj, .\Object\Touch.obj, .\Object\uart.
>> obj, .\Object\W25Qxx.obj, .\Object\main.obj TO .\Object\×ÏÒ«OS PRINT (.\Lst\×ÏÒ«OS.m51) RAMSIZE (256) DISABLEWARNING 
>> (13, 15) RECURSIONS (100)




PROGRAM RECURSIONS REMOVED FROM CALL TREE
=========================================
+--> ?PR?DESKTOP?SYS_APP
|  | ?PR?_GET_CLICK?SYS_APP
|  | ?PR?_AT_DO?ATCMD
|  | ?PR?ATERR?ATCMD
<--+ ?CO?ATCMD


+--> ?PR?_GET_CLICK?SYS_APP
|  | ?PR?_AT_DO?ATCMD
|  | ?PR?ATERR?ATCMD
|  | ?CO?ATCMD
<--+ ?PR?PICBOX?PICBOX


+--> ?PR?DESKTOP?SYS_APP
|  | ?PR?_GET_CLICK?SYS_APP
|  | ?PR?_AT_DO?ATCMD
|  | ?PR?ATERR?ATCMD
|  | ?CO?ATCMD
<--+ ?PR?PICBOX?PICBOX


+--> ?PR?DESKTOP?SYS_APP
|  | ?PR?_GET_CLICK?SYS_APP
|  | ?PR?_AT_DO?ATCMD
|  | ?PR?ATERR?ATCMD
|  | ?CO?ATCMD
|  | ?PR?PICBOX?PICBOX
<--+ ?PR?_GUIDDO?SYS_APP


+--> ?PR?_GET_CLICK?SYS_APP
|  | ?PR?_AT_DO?ATCMD
|  | ?PR?ATERR?ATCMD
|  | ?CO?ATCMD
<--+ ?PR?TEMPERT?TEMPERT


+--> ?PR?DESKTOP?SYS_APP
|  | ?PR?_GET_CLICK?SYS_APP
|  | ?PR?_AT_DO?ATCMD
|  | ?PR?ATERR?ATCMD
|  | ?CO?ATCMD
<--+ ?PR?TEMPERT?TEMPERT


BL51 BANKED LINKER/LOCATER V6.22                                                      07/19/2015  22:15:14  PAGE 2


+--> ?PR?_GET_CLICK?SYS_APP
|  | ?PR?_AT_DO?ATCMD
|  | ?PR?ATERR?ATCMD
|  | ?CO?ATCMD
<--+ ?PR?CALENDAR?CALENDAR


+--> ?PR?DESKTOP?SYS_APP
|  | ?PR?_GET_CLICK?SYS_APP
|  | ?PR?_AT_DO?ATCMD
|  | ?PR?ATERR?ATCMD
|  | ?CO?ATCMD
|  | ?PR?CALENDAR?CALENDAR
<--+ ?PR?SSTMTIME?CALENDAR


+--> ?PR?CALENDAR?CALENDAR
<--+ ?PR?SSTMTIME?CALENDAR


+--> ?PR?DESKTOP?SYS_APP
|  | ?PR?_GET_CLICK?SYS_APP
|  | ?PR?_AT_DO?ATCMD
|  | ?PR?ATERR?ATCMD
|  | ?CO?ATCMD
<--+ ?PR?CALENDAR?CALENDAR


+--> ?CO?ATCMD
<--+ ?PR?STEMPERT?ATCMD


+--> ?PR?DESKTOP?SYS_APP
<--+ ?PR?LED?LEDCTRL



MEMORY MODEL: LARGE WITH FLOATING POINT ARITHMETIC


INPUT MODULES INCLUDED:
  .\Object\STARTUP.obj (?C_STARTUP)
  .\Object\calendar.obj (CALENDAR)
  .\Object\startch.obj (STARTCH)
  .\Object\picbox.obj (PICBOX)
  .\Object\ledctrl.obj (LEDCTRL)
  .\Object\tempert.obj (TEMPERT)
  .\Object\sys_app.obj (SYS_APP)
  .\Object\18b20.obj (18B20)
  .\Object\ATCmd.obj (ATCMD)
  .\Object\audio.obj (AUDIO)
  .\Object\ds1302.obj (DS1302)
  .\Object\HX8347D.obj (HX8347D)
  .\Object\led.obj (LED)
  .\Object\timer.obj (TIMER)
  .\Object\Touch.obj (TOUCH)
  .\Object\uart.obj (UART)
BL51 BANKED LINKER/LOCATER V6.22                                                      07/19/2015  22:15:14  PAGE 3


  .\Object\W25Qxx.obj (W25QXX)
  .\Object\main.obj (MAIN)
  D:\KEIL\C51\LIB\C51FPL.LIB (?C?FPADD)
  D:\KEIL\C51\LIB\C51FPL.LIB (?C?FPMUL)
  D:\KEIL\C51\LIB\C51FPL.LIB (?C?FPDIV)
  D:\KEIL\C51\LIB\C51FPL.LIB (?C?FPCMP)
  D:\KEIL\C51\LIB\C51FPL.LIB (?C?FCAST)
  D:\KEIL\C51\LIB\C51FPL.LIB (?C?CASTF)
  D:\KEIL\C51\LIB\C51FPL.LIB (PRINTF)
  D:\KEIL\C51\LIB\C51FPL.LIB (SQRT)
  D:\KEIL\C51\LIB\C51FPL.LIB (?C?FPGETOPN)
  D:\KEIL\C51\LIB\C51FPL.LIB (?C?FPROUND)
  D:\KEIL\C51\LIB\C51FPL.LIB (?C?FPCONVERT)
  D:\KEIL\C51\LIB\C51FPL.LIB (?C?FTNPWR)
  D:\KEIL\C51\LIB\C51L.LIB (?C_INIT)
  D:\KEIL\C51\LIB\C51L.LIB (?C?COPY)
  D:\KEIL\C51\LIB\C51L.LIB (?C?CLDPTR)
  D:\KEIL\C51\LIB\C51L.LIB (?C?CLDOPTR)
  D:\KEIL\C51\LIB\C51L.LIB (?C?CSTPTR)
  D:\KEIL\C51\LIB\C51L.LIB (?C?CSTOPTR)
  D:\KEIL\C51\LIB\C51L.LIB (?C?UIDIV)
  D:\KEIL\C51\LIB\C51L.LIB (?C?IILDX)
  D:\KEIL\C51\LIB\C51L.LIB (?C?ILDIX)
  D:\KEIL\C51\LIB\C51L.LIB (?C?ILDPTR)
  D:\KEIL\C51\LIB\C51L.LIB (?C?ISTPTR)
  D:\KEIL\C51\LIB\C51L.LIB (?C?LMUL)
  D:\KEIL\C51\LIB\C51L.LIB (?C?LNEG)
  D:\KEIL\C51\LIB\C51L.LIB (?C?ULCMP)
  D:\KEIL\C51\LIB\C51L.LIB (?C?ULSHR)
  D:\KEIL\C51\LIB\C51L.LIB (?C?LLDXDATA)
  D:\KEIL\C51\LIB\C51L.LIB (?C?LLDCODE)
  D:\KEIL\C51\LIB\C51L.LIB (?C?LLDCODE0)
  D:\KEIL\C51\LIB\C51L.LIB (?C?LSTXDATA)
  D:\KEIL\C51\LIB\C51L.LIB (?C?LSTKXDATA)
  D:\KEIL\C51\LIB\C51L.LIB (?C?PLDIXDATA)
  D:\KEIL\C51\LIB\C51L.LIB (?C?PSTXDATA)
  D:\KEIL\C51\LIB\C51L.LIB (?C?CCASE)
  D:\KEIL\C51\LIB\C51L.LIB (?C?ICASE)
  D:\KEIL\C51\LIB\C51L.LIB (?C?ICALL)
  D:\KEIL\C51\LIB\C51L.LIB (?C?LIMUL)
  D:\KEIL\C51\LIB\C51L.LIB (ABS)
  D:\KEIL\C51\LIB\C51L.LIB (?C?STRCMP)
  D:\KEIL\C51\LIB\C51L.LIB (STRLEN)


LINK MAP OF MODULE:  .\Object\×ÏÒ«OS (?C_STARTUP)


            TYPE    BASE      LENGTH    RELOCATION   SEGMENT NAME
            -----------------------------------------------------

            * * * * * * *   D A T A   M E M O R Y   * * * * * * *
            REG     0000H     0008H     ABSOLUTE     "REG BANK 0"
            DATA    0008H     0005H     UNIT         _DATA_GROUP_
                    000DH     0013H                  *** GAP ***
            BIT     0020H.0   0001H.1   UNIT         _BIT_GROUP_
            BIT     0021H.1   0000H.1   UNIT         ?BI?SYS_APP
BL51 BANKED LINKER/LOCATER V6.22                                                      07/19/2015  22:15:14  PAGE 4


            BIT     0021H.2   0000H.1   UNIT         ?BI?UART
                    0021H.3   0000H.5                *** GAP ***
            IDATA   0022H     0001H     UNIT         ?STACK

            * * * * * * *  X D A T A   M E M O R Y  * * * * * * *
            XDATA   0000H     029CH     UNIT         _XDATA_GROUP_
            XDATA   029CH     0021H     UNIT         ?XD?TOUCH
            XDATA   02BDH     001AH     UNIT         ?XD?SYS_APP
            XDATA   02D7H     0017H     UNIT         ?XD?UART
            XDATA   02EEH     0002H     UNIT         ?XD?HX8347D
            XDATA   02F0H     0002H     UNIT         ?XD?W25QXX
            XDATA   02F2H     0001H     UNIT         ?XD?TIMER

            * * * * * * *   C O D E   M E M O R Y   * * * * * * *
            CODE    0000H     0003H     ABSOLUTE     
            CODE    0003H     0007H     UNIT         ?PR?INITLED?LED
                    000AH     0001H                  *** GAP ***
            CODE    000BH     0003H     ABSOLUTE     
            CODE    000EH     0035H     UNIT         ?CO?CALENDAR
            CODE    0043H     0003H     ABSOLUTE     
            CODE    0046H     0AEEH     UNIT         ?C?LIB_CODE
            CODE    0B34H     08A3H     UNIT         ?PR?SSTMTIME?CALENDAR
            CODE    13D7H     087AH     UNIT         ?PR?TP_ADJUST?TOUCH
            CODE    1C51H     05F0H     UNIT         ?CO?HX8347D
            CODE    2241H     0483H     UNIT         ?PR?PRINTF?PRINTF
            CODE    26C4H     0473H     UNIT         ?PR?DESKTOP?SYS_APP
            CODE    2B37H     031AH     UNIT         ?PR?LED?LEDCTRL
            CODE    2E51H     0302H     UNIT         ?PR?START_CHECK?STARTCH
            CODE    3153H     02E2H     UNIT         ?PR?_LCD_DRAWEBOX?HX8347D
            CODE    3435H     02CCH     UNIT         ?PR?PICBOX?PICBOX
            CODE    3701H     02B6H     UNIT         ?PR?_SHOW_ASCII?W25QXX
            CODE    39B7H     0274H     UNIT         ?PR?_LCD_DRAWLINE?HX8347D
            CODE    3C2BH     0243H     UNIT         ?PR?_GET_HZMAT?W25QXX
            CODE    3E6EH     01BBH     UNIT         ?PR?LCD_INITIALIZTION?HX8347D
            CODE    4029H     019DH     UNIT         ?PR?CALENDAR?CALENDAR
            CODE    41C6H     0192H     UNIT         ?PR?_TP_READ_XOY?TOUCH
            CODE    4358H     0188H     UNIT         ?PR?_SHOW_STR?W25QXX
            CODE    44E0H     0179H     UNIT         ?PR?_SHOW_FONT?W25QXX
            CODE    4659H     014CH     UNIT         ?PR?_GUIDDO?SYS_APP
            CODE    47A5H     0145H     UNIT         ?PR?_TP_READ_XY2?TOUCH
            CODE    48EAH     0141H     UNIT         ?PR?_TP_DROW_TOUCH_POINT?TOUCH
            CODE    4A2BH     013CH     UNIT         ?PR?_SHOW_PICTURE?HX8347D
            CODE    4B67H     0130H     UNIT         ?PR?TEMPERT?TEMPERT
            CODE    4C97H     011EH     UNIT         ?PR?_GETTIME?DS1302
            CODE    4DB5H     0107H     UNIT         ?PR?_PUTCHAR?HX8347D
            CODE    4EBCH     0105H     UNIT         ?PR?GUIDSHOW?SYS_APP
            CODE    4FC1H     00F7H     UNIT         ?PR?_TP_SCAN?TOUCH
            CODE    50B8H     00ECH     UNIT         ?CO?STARTCH
            CODE    51A4H     00E0H     UNIT         ?PR?_LCD_DRAWBOX?HX8347D
            CODE    5284H     00CFH     UNIT         ?PR?_DS1302_WRITE_TIME?DS1302
            CODE    5353H     00B9H     UNIT         ?PR?_GET_CLICK?SYS_APP
            CODE    540CH     00B6H     UNIT         ?PR?_GUI_TEXT?HX8347D
            CODE    54C2H     00AEH     UNIT         ?CO?ATCMD
            CODE    5570H     00AEH     UNIT         ?PR?_LCD_CLEAR?HX8347D
            CODE    561EH     00ACH     UNIT         ?PR?SQRT?SQRT
            CODE    56CAH     00AAH     UNIT         ?PR?_GET_CLICK1?SYS_APP
            CODE    5774H     00A8H     UNIT         ?PR?_DS1302_READ_TIME?DS1302
BL51 BANKED LINKER/LOCATER V6.22                                                      07/19/2015  22:15:14  PAGE 5


            CODE    581CH     008DH     UNIT         ?CO?W25QXX
            CODE    58A9H     008CH     UNIT         ?C_C51STARTUP
            CODE    5935H     007FH     UNIT         ?PR?_AT_DO?ATCMD
            CODE    59B4H     007EH     UNIT         ?PR?_TP_DRAW_BIG_POINT?TOUCH
            CODE    5A32H     007DH     UNIT         ?PR?_ALERT?SYS_APP
            CODE    5AAFH     0079H     UNIT         ?PR?TIMER_ROUTINE?TIMER
            CODE    5B28H     0079H     UNIT         ?PR?_W25QXX_READ?W25QXX
            CODE    5BA1H     006CH     UNIT         ?PR?UART_INTERRUPT?UART
            CODE    5C0DH     0053H     UNIT         ?C_INITSEG
            CODE    5C60H     0050H     UNIT         ?PR?_LCD_SETPOINT?HX8347D
            CODE    5CB0H     004FH     UNIT         ?PR?_TP_READ_XY?TOUCH
            CODE    5CFFH     004EH     UNIT         ?PR?_TP_READ_AD?TOUCH
            CODE    5D4DH     0048H     UNIT         ?CO?SYS_APP
            CODE    5D95H     0047H     UNIT         ?PR?_READ1302?DS1302
            CODE    5DDCH     0043H     UNIT         ?PR?W25QXX_READID?W25QXX
            CODE    5E1FH     0040H     UNIT         ?PR?_READTEMPERATURE?18B20
            CODE    5E5FH     003CH     UNIT         ?PR?_WRITE1302?DS1302
            CODE    5E9BH     003AH     UNIT         ?PR?READ18B20?18B20
            CODE    5ED5H     003AH     UNIT         ?PR?_LCD_SETCURSOR?HX8347D
            CODE    5F0FH     0033H     UNIT         ?PR?TP_DEFAULT_ADJ?TOUCH
            CODE    5F42H     002EH     UNIT         ?PR?START_LOGO?SYS_APP
            CODE    5F70H     002BH     UNIT         ?PR?_DELAY_MS?HX8347D
            CODE    5F9BH     002BH     UNIT         ?PR?_W25QXX_WRITE_BYTE?W25QXX
            CODE    5FC6H     0029H     UNIT         ?PR?CLOCK?SYS_APP
            CODE    5FEFH     0028H     UNIT         ?PR?INIT_DS18B20?18B20
            CODE    6017H     0028H     UNIT         ?PR?FONT_INIT?W25QXX
            CODE    603FH     0025H     UNIT         ?PR?_BEEP?AUDIO
            CODE    6064H     0020H     UNIT         ?PR?_DELAY_MS?SYS_APP
            CODE    6084H     0020H     UNIT         ?PR?MAIN?MAIN
            CODE    60A4H     001EH     UNIT         ?PR?INITUART?UART
            CODE    60C2H     001DH     UNIT         ?CO?LEDCTRL
            CODE    60DFH     001DH     UNIT         ?PR?_DELAY_US?TOUCH
            CODE    60FCH     001DH     UNIT         ?PR?TP_INIT?TOUCH
            CODE    6119H     001CH     UNIT         ?PR?READONECHAR?18B20
            CODE    6135H     001CH     UNIT         ?PR?_WRITEONECHAR?18B20
            CODE    6151H     001BH     UNIT         ?PR?STIME?ATCMD
            CODE    616CH     001BH     UNIT         ?PR?STEMPERT?ATCMD
            CODE    6187H     001BH     UNIT         ?PR?_SETLED?LED
            CODE    61A2H     001AH     UNIT         ?PR?_TP_WRITE_BYTE?TOUCH
            CODE    61BCH     0019H     UNIT         ?PR?_LCD_WR_DATA?HX8347D
            CODE    61D5H     0018H     UNIT         ?PR?DELAY1MS?DS1302
            CODE    61EDH     0017H     UNIT         ?PR?W25QXX_READ_BYTE?W25QXX
            CODE    6204H     0016H     UNIT         ?PR?DELAY40US?DS1302
            CODE    621AH     0015H     UNIT         ?PR?OFFLED?ATCMD
            CODE    622FH     0015H     UNIT         ?PR?LCD_WRITERAM_PREPARE?HX8347D
            CODE    6244H     0015H     UNIT         ?PR?_REDLED?LED
            CODE    6259H     0015H     UNIT         ?PR?_STRLEN?STRLEN
            CODE    626EH     0014H     UNIT         ?PR?_DELAYUS2X?18B20
            CODE    6282H     0014H     UNIT         ?PR?_DELAYMS?18B20
            CODE    6296H     0013H     UNIT         ?PR?_ISATCMD?ATCMD
            CODE    62A9H     0013H     UNIT         ?PR?_UART_SENDSTR?UART
            CODE    62BCH     0012H     UNIT         ?PR?DS1302_INIT?DS1302
            CODE    62CEH     0011H     UNIT         ?PR?_LCD_WRITEREG?HX8347D
            CODE    62DFH     0010H     UNIT         ?PR?TIMER0INIT?TIMER
            CODE    62EFH     000DH     UNIT         ?PR?SWLED1?ATCMD
            CODE    62FCH     000DH     UNIT         ?PR?SWLED2?ATCMD
            CODE    6309H     000DH     UNIT         ?PR?SWLED3?ATCMD
BL51 BANKED LINKER/LOCATER V6.22                                                      07/19/2015  22:15:14  PAGE 6


            CODE    6316H     000DH     UNIT         ?PR?_LCD_WR_REG?HX8347D
            CODE    6323H     000CH     UNIT         ?PR?_ABS?ABS
            CODE    632FH     000BH     UNIT         ?PR?_UART_SENDONEBYTE?UART
            CODE    633AH     000AH     UNIT         ?CO?TEMPERT
            CODE    6344H     000AH     UNIT         ?PR?W25QXX_WRITE_DISABLE?W25QXX
            CODE    634EH     0009H     UNIT         ?PR?LINK?ATCMD
            CODE    6357H     0009H     UNIT         ?PR?ATERR?ATCMD
            CODE    6360H     0009H     UNIT         ?PR?DELAY500US?AUDIO
            CODE    6369H     0006H     UNIT         ?CO?18B20
            CODE    636FH     0003H     UNIT         ?PR?_LCD_WRITERAM?HX8347D



OVERLAY MAP OF MODULE:   .\Object\×ÏÒ«OS (?C_STARTUP)


SEGMENT                                     BIT_GROUP          DATA_GROUP          XDATA_GROUP
  +--> CALLED SEGMENT                    START    LENGTH     START    LENGTH     START    LENGTH
------------------------------------------------------------------------------------------------
?C_C51STARTUP                            -----    -----      -----    -----      -----    -----
  +--> ?PR?MAIN?MAIN
  +--> ?C_INITSEG

?PR?MAIN?MAIN                            -----    -----      -----    -----      -----    -----
  +--> ?PR?LCD_INITIALIZTION?HX8347D
  +--> ?PR?FONT_INIT?W25QXX
  +--> ?PR?TP_INIT?TOUCH
  +--> ?PR?DS1302_INIT?DS1302
  +--> ?PR?TIMER0INIT?TIMER
  +--> ?PR?INITUART?UART
  +--> ?PR?INITLED?LED
  +--> ?PR?START_CHECK?STARTCH
  +--> ?PR?START_LOGO?SYS_APP
  +--> ?PR?DESKTOP?SYS_APP

?PR?LCD_INITIALIZTION?HX8347D            -----    -----      -----    -----      -----    -----
  +--> ?PR?_DELAY_MS?HX8347D
  +--> ?PR?_LCD_WRITEREG?HX8347D

?PR?_DELAY_MS?HX8347D                    -----    -----      -----    -----      -----    -----
  +--> ?PR?_LCD_WRITEREG?HX8347D

?PR?_LCD_WRITEREG?HX8347D                -----    -----      -----    -----      -----    -----
  +--> ?PR?_LCD_WR_REG?HX8347D
  +--> ?PR?_LCD_WR_DATA?HX8347D

?PR?FONT_INIT?W25QXX                     -----    -----      -----    -----      -----    -----
  +--> ?PR?W25QXX_WRITE_DISABLE?W25QXX
  +--> ?PR?W25QXX_READID?W25QXX
  +--> ?CO?W25QXX

?PR?W25QXX_WRITE_DISABLE?W25QXX          -----    -----      -----    -----      -----    -----
  +--> ?PR?_W25QXX_WRITE_BYTE?W25QXX

?PR?W25QXX_READID?W25QXX                 -----    -----      -----    -----      0014H    0002H
  +--> ?PR?_W25QXX_WRITE_BYTE?W25QXX
  +--> ?PR?W25QXX_READ_BYTE?W25QXX
BL51 BANKED LINKER/LOCATER V6.22                                                      07/19/2015  22:15:14  PAGE 7



?PR?TP_INIT?TOUCH                        -----    -----      -----    -----      -----    -----
  +--> ?PR?_TP_READ_XY?TOUCH
  +--> ?PR?TP_DEFAULT_ADJ?TOUCH

?PR?_TP_READ_XY?TOUCH                    -----    -----      -----    -----      002BH    0008H
  +--> ?PR?_TP_READ_XOY?TOUCH

?PR?_TP_READ_XOY?TOUCH                   -----    -----      -----    -----      0033H    0010H
  +--> ?PR?_TP_READ_AD?TOUCH

?PR?_TP_READ_AD?TOUCH                    -----    -----      -----    -----      -----    -----
  +--> ?PR?_TP_WRITE_BYTE?TOUCH
  +--> ?PR?_DELAY_US?TOUCH

?PR?DS1302_INIT?DS1302                   -----    -----      -----    -----      -----    -----
  +--> ?PR?_WRITE1302?DS1302

?PR?_WRITE1302?DS1302                    -----    -----      -----    -----      -----    -----
  +--> ?PR?DELAY1MS?DS1302

?PR?INITUART?UART                        0020H.0  0000H.1    -----    -----      -----    -----

?PR?START_CHECK?STARTCH                  -----    -----      -----    -----      000DH    0007H
  +--> ?PR?_LCD_CLEAR?HX8347D
  +--> ?CO?STARTCH
  +--> ?PR?_GUI_TEXT?HX8347D
  +--> ?PR?W25QXX_READID?W25QXX
  +--> ?PR?_SHOW_STR?W25QXX
  +--> ?PR?_DELAY_MS?SYS_APP
  +--> ?PR?_GETTIME?DS1302
  +--> ?PR?_READTEMPERATURE?18B20
  +--> ?PR?INITLED?LED
  +--> ?PR?_BEEP?AUDIO

?PR?_LCD_CLEAR?HX8347D                   -----    -----      -----    -----      0021H    000AH
  +--> ?PR?_LCD_SETCURSOR?HX8347D
  +--> ?PR?LCD_WRITERAM_PREPARE?HX8347D
  +--> ?PR?_LCD_WR_DATA?HX8347D

?PR?_LCD_SETCURSOR?HX8347D               -----    -----      -----    -----      -----    -----
  +--> ?PR?_LCD_WRITEREG?HX8347D

?PR?LCD_WRITERAM_PREPARE?HX8347D         -----    -----      -----    -----      -----    -----
  +--> ?PR?_LCD_SETCURSOR?HX8347D
  +--> ?PR?_LCD_WR_REG?HX8347D

?PR?_GUI_TEXT?HX8347D                    -----    -----      -----    -----      0017H    000BH
  +--> ?PR?_PUTCHAR?HX8347D

?PR?_PUTCHAR?HX8347D                     -----    -----      -----    -----      0049H    000DH
  +--> ?CO?HX8347D
  +--> ?PR?_LCD_SETPOINT?HX8347D

?PR?_LCD_SETPOINT?HX8347D                -----    -----      -----    -----      0283H    0004H
  +--> ?PR?LCD_WRITERAM_PREPARE?HX8347D
  +--> ?PR?_LCD_WRITERAM?HX8347D
BL51 BANKED LINKER/LOCATER V6.22                                                      07/19/2015  22:15:14  PAGE 8



?PR?_LCD_WRITERAM?HX8347D                -----    -----      -----    -----      -----    -----
  +--> ?PR?_LCD_WR_DATA?HX8347D

?PR?_SHOW_STR?W25QXX                     -----    -----      -----    -----      0160H    000DH
  +--> ?PR?_SHOW_ASCII?W25QXX
  +--> ?PR?_SHOW_FONT?W25QXX

?PR?_SHOW_ASCII?W25QXX                   -----    -----      -----    -----      016DH    0059H
  +--> ?CO?W25QXX
  +--> ?PR?_W25QXX_READ?W25QXX
  +--> ?PR?_LCD_SETPOINT?HX8347D

?PR?_W25QXX_READ?W25QXX                  -----    -----      -----    -----      0291H    000BH
  +--> ?PR?_W25QXX_WRITE_BYTE?W25QXX
  +--> ?PR?W25QXX_READ_BYTE?W25QXX

?PR?_SHOW_FONT?W25QXX                    -----    -----      -----    -----      016DH    0116H
  +--> ?PR?_GET_HZMAT?W25QXX
  +--> ?PR?_LCD_SETPOINT?HX8347D

?PR?_GET_HZMAT?W25QXX                    -----    -----      -----    -----      0283H    000EH
  +--> ?CO?W25QXX
  +--> ?PR?_W25QXX_READ?W25QXX

?PR?_GETTIME?DS1302                      -----    -----      -----    -----      0017H    000AH
  +--> ?PR?_DS1302_READ_TIME?DS1302

?PR?_DS1302_READ_TIME?DS1302             -----    -----      -----    -----      0021H    0003H
  +--> ?PR?DELAY40US?DS1302
  +--> ?PR?_READ1302?DS1302

?PR?DELAY40US?DS1302                     -----    -----      -----    -----      -----    -----
  +--> ?PR?_READ1302?DS1302

?PR?_READ1302?DS1302                     -----    -----      -----    -----      -----    -----
  +--> ?PR?DELAY1MS?DS1302

?PR?_READTEMPERATURE?18B20               -----    -----      -----    -----      0016H    0003H
  +--> ?PR?READ18B20?18B20
  +--> ?CO?18B20
  +--> ?PR?PRINTF?PRINTF

?PR?READ18B20?18B20                      -----    -----      -----    -----      -----    -----
  +--> ?PR?INIT_DS18B20?18B20
  +--> ?PR?_WRITEONECHAR?18B20
  +--> ?PR?_DELAYMS?18B20
  +--> ?PR?READONECHAR?18B20

?PR?INIT_DS18B20?18B20                   0020H.0  0000H.1    -----    -----      -----    -----
  +--> ?PR?_DELAYUS2X?18B20

?PR?_WRITEONECHAR?18B20                  -----    -----      -----    -----      -----    -----
  +--> ?PR?_DELAYUS2X?18B20

?PR?READONECHAR?18B20                    -----    -----      -----    -----      -----    -----
  +--> ?PR?_DELAYUS2X?18B20
BL51 BANKED LINKER/LOCATER V6.22                                                      07/19/2015  22:15:14  PAGE 9



?PR?PRINTF?PRINTF                        0020H.0  0001H.1    0008H    0005H      0019H    0030H
  +--> ?PR?_PUTCHAR?HX8347D

?PR?_BEEP?AUDIO                          -----    -----      -----    -----      -----    -----
  +--> ?PR?DELAY500US?AUDIO

?PR?START_LOGO?SYS_APP                   -----    -----      -----    -----      -----    -----
  +--> ?PR?_LCD_CLEAR?HX8347D
  +--> ?PR?_SHOW_PICTURE?HX8347D
  +--> ?PR?_DELAY_MS?SYS_APP

?PR?_SHOW_PICTURE?HX8347D                -----    -----      -----    -----      0002H    0016H
  +--> ?PR?_LCD_SETCURSOR?HX8347D
  +--> ?PR?LCD_WRITERAM_PREPARE?HX8347D
  +--> ?PR?_W25QXX_WRITE_BYTE?W25QXX
  +--> ?PR?W25QXX_READ_BYTE?W25QXX
  +--> ?PR?_LCD_WR_DATA?HX8347D

?PR?DESKTOP?SYS_APP                      -----    -----      -----    -----      0000H    0002H
  +--> ?PR?_LCD_CLEAR?HX8347D
  +--> ?PR?_SHOW_PICTURE?HX8347D
  +--> ?CO?SYS_APP
  +--> ?PR?_SHOW_STR?W25QXX
  +--> ?PR?CLOCK?SYS_APP
  +--> ?PR?_GET_CLICK?SYS_APP
  +--> ?PR?CALENDAR?CALENDAR
  +--> ?PR?TEMPERT?TEMPERT
  +--> ?PR?START_CHECK?STARTCH
  +--> ?PR?PICBOX?PICBOX
  +--> ?PR?_ALERT?SYS_APP
  +--> ?PR?LED?LEDCTRL

?PR?CLOCK?SYS_APP                        -----    -----      -----    -----      -----    -----
  +--> ?PR?_GETTIME?DS1302
  +--> ?PR?_GUI_TEXT?HX8347D

?PR?_GET_CLICK?SYS_APP                   -----    -----      -----    -----      0003H    0006H
  +--> ?PR?_TP_READ_XY2?TOUCH
  +--> ?PR?_AT_DO?ATCMD

?PR?_TP_READ_XY2?TOUCH                   -----    -----      -----    -----      001DH    000EH
  +--> ?PR?_TP_READ_XY?TOUCH

?PR?_AT_DO?ATCMD                         -----    -----      -----    -----      0009H    0004H
  +--> ?PR?ATERR?ATCMD
  +--> ?CO?ATCMD

?PR?ATERR?ATCMD                          -----    -----      -----    -----      -----    -----
  +--> ?CO?ATCMD
  +--> ?PR?_UART_SENDSTR?UART

?CO?ATCMD                                -----    -----      -----    -----      -----    -----
  +--> ?PR?LINK?ATCMD
  +--> ?PR?START_CHECK?STARTCH
  +--> ?PR?PICBOX?PICBOX
  +--> ?PR?TEMPERT?TEMPERT
BL51 BANKED LINKER/LOCATER V6.22                                                      07/19/2015  22:15:14  PAGE 10


  +--> ?PR?CALENDAR?CALENDAR
  +--> ?PR?STIME?ATCMD
  +--> ?PR?STEMPERT?ATCMD
  +--> ?PR?SWLED1?ATCMD
  +--> ?PR?SWLED2?ATCMD
  +--> ?PR?SWLED3?ATCMD
  +--> ?PR?OFFLED?ATCMD

?PR?LINK?ATCMD                           -----    -----      -----    -----      -----    -----
  +--> ?PR?_UART_SENDSTR?UART

?PR?_UART_SENDSTR?UART                   -----    -----      -----    -----      -----    -----
  +--> ?PR?_UART_SENDONEBYTE?UART

?PR?PICBOX?PICBOX                        -----    -----      -----    -----      000DH    0002H
  +--> ?PR?_LCD_CLEAR?HX8347D
  +--> ?PR?_LCD_DRAWBOX?HX8347D
  +--> ?PR?GUIDSHOW?SYS_APP
  +--> ?PR?_TP_DRAW_BIG_POINT?TOUCH
  +--> ?PR?_GUIDDO?SYS_APP

?PR?_LCD_DRAWBOX?HX8347D                 -----    -----      -----    -----      0160H    0012H
  +--> ?PR?_LCD_SETCURSOR?HX8347D
  +--> ?PR?LCD_WRITERAM_PREPARE?HX8347D
  +--> ?PR?_LCD_WR_DATA?HX8347D

?PR?GUIDSHOW?SYS_APP                     -----    -----      -----    -----      -----    -----
  +--> ?PR?_LCD_DRAWLINE?HX8347D
  +--> ?CO?SYS_APP
  +--> ?PR?_SHOW_STR?W25QXX

?PR?_LCD_DRAWLINE?HX8347D                -----    -----      -----    -----      0027H    0010H
  +--> ?PR?_LCD_SETPOINT?HX8347D

?PR?_TP_DRAW_BIG_POINT?TOUCH             -----    -----      -----    -----      000FH    0006H
  +--> ?PR?_LCD_SETPOINT?HX8347D

?PR?_GUIDDO?SYS_APP                      -----    -----      -----    -----      0017H    0008H
  +--> ?CO?SYS_APP
  +--> ?PR?_SHOW_STR?W25QXX
  +--> ?PR?_LCD_DRAWLINE?HX8347D

?PR?TEMPERT?TEMPERT                      -----    -----      -----    -----      000DH    0009H
  +--> ?PR?_LCD_CLEAR?HX8347D
  +--> ?PR?_LCD_DRAWBOX?HX8347D
  +--> ?PR?_LCD_DRAWEBOX?HX8347D
  +--> ?PR?GUIDSHOW?SYS_APP
  +--> ?PR?_READTEMPERATURE?18B20
  +--> ?CO?TEMPERT
  +--> ?PR?_SHOW_STR?W25QXX
  +--> ?PR?_GUI_TEXT?HX8347D
  +--> ?PR?_GUIDDO?SYS_APP

?PR?_LCD_DRAWEBOX?HX8347D                -----    -----      -----    -----      0017H    000AH
  +--> ?PR?_LCD_DRAWLINE?HX8347D

?PR?CALENDAR?CALENDAR                    -----    -----      -----    -----      000DH    0002H
BL51 BANKED LINKER/LOCATER V6.22                                                      07/19/2015  22:15:14  PAGE 11


  +--> ?PR?_GETTIME?DS1302
  +--> ?PR?_LCD_CLEAR?HX8347D
  +--> ?PR?_LCD_DRAWBOX?HX8347D
  +--> ?PR?_GUI_TEXT?HX8347D
  +--> ?CO?CALENDAR
  +--> ?PR?_SHOW_STR?W25QXX
  +--> ?PR?GUIDSHOW?SYS_APP
  +--> ?PR?SSTMTIME?CALENDAR
  +--> ?PR?_GUIDDO?SYS_APP

?PR?SSTMTIME?CALENDAR                    -----    -----      -----    -----      000FH    0008H
  +--> ?CO?CALENDAR
  +--> ?PR?_GETTIME?DS1302
  +--> ?PR?_LCD_CLEAR?HX8347D
  +--> ?PR?_SHOW_STR?W25QXX
  +--> ?PR?_GUI_TEXT?HX8347D
  +--> ?PR?_LCD_DRAWBOX?HX8347D
  +--> ?PR?_LCD_DRAWEBOX?HX8347D
  +--> ?PR?GUIDSHOW?SYS_APP
  +--> ?PR?_GET_CLICK1?SYS_APP
  +--> ?PR?_GUIDDO?SYS_APP
  +--> ?PR?_DS1302_WRITE_TIME?DS1302
  +--> ?PR?_ALERT?SYS_APP

?PR?_GET_CLICK1?SYS_APP                  -----    -----      -----    -----      0017H    0006H
  +--> ?PR?_TP_READ_XY2?TOUCH

?PR?_DS1302_WRITE_TIME?DS1302            -----    -----      -----    -----      0017H    0003H
  +--> ?PR?_WRITE1302?DS1302
  +--> ?PR?DELAY40US?DS1302

?PR?_ALERT?SYS_APP                       -----    -----      -----    -----      015BH    0005H
  +--> ?PR?_SHOW_STR?W25QXX
  +--> ?PR?_DELAY_MS?SYS_APP
  +--> ?PR?_STRLEN?STRLEN
  +--> ?PR?_LCD_DRAWBOX?HX8347D

?PR?STIME?ATCMD                          -----    -----      -----    -----      -----    -----
  +--> ?PR?_GETTIME?DS1302
  +--> ?PR?_UART_SENDSTR?UART

?PR?STEMPERT?ATCMD                       -----    -----      -----    -----      000DH    0007H
  +--> ?PR?_READTEMPERATURE?18B20
  +--> ?PR?_UART_SENDSTR?UART

?PR?SWLED1?ATCMD                         -----    -----      -----    -----      -----    -----
  +--> ?PR?_REDLED?LED
  +--> ?PR?_SETLED?LED

?PR?_SETLED?LED                          0020H.0  0000H.1    -----    -----      -----    -----

?PR?SWLED2?ATCMD                         -----    -----      -----    -----      -----    -----
  +--> ?PR?_REDLED?LED
  +--> ?PR?_SETLED?LED

?PR?SWLED3?ATCMD                         -----    -----      -----    -----      -----    -----
  +--> ?PR?_REDLED?LED
BL51 BANKED LINKER/LOCATER V6.22                                                      07/19/2015  22:15:14  PAGE 12


  +--> ?PR?_SETLED?LED

?PR?OFFLED?ATCMD                         -----    -----      -----    -----      -----    -----
  +--> ?PR?_SETLED?LED

?PR?LED?LEDCTRL                          -----    -----      -----    -----      0002H    0001H
  +--> ?PR?_LCD_CLEAR?HX8347D
  +--> ?CO?LEDCTRL
  +--> ?PR?_SHOW_STR?W25QXX
  +--> ?PR?GUIDSHOW?SYS_APP
  +--> ?PR?_GUI_TEXT?HX8347D
  +--> ?PR?_REDLED?LED
  +--> ?PR?_LCD_DRAWBOX?HX8347D
  +--> ?PR?_GET_CLICK?SYS_APP
  +--> ?PR?_GUIDDO?SYS_APP
  +--> ?PR?_SETLED?LED

?C_INITSEG                               -----    -----      -----    -----      -----    -----
  +--> ?PR?TP_INIT?TOUCH
  +--> ?PR?_TP_SCAN?TOUCH
  +--> ?PR?TP_ADJUST?TOUCH

?PR?_TP_SCAN?TOUCH                       -----    -----      -----    -----      -----    -----
  +--> ?PR?_TP_READ_XY2?TOUCH

?PR?TP_ADJUST?TOUCH                      -----    -----      -----    -----      0000H    0021H
  +--> ?PR?_LCD_CLEAR?HX8347D
  +--> ?PR?_TP_DROW_TOUCH_POINT?TOUCH
  +--> ?PR?_ABS?ABS
  +--> ?PR?SQRT?SQRT
  +--> ?PR?_DELAY_MS?SYS_APP

?PR?_TP_DROW_TOUCH_POINT?TOUCH           -----    -----      -----    -----      0021H    0006H
  +--> ?PR?_LCD_DRAWLINE?HX8347D
  +--> ?PR?_LCD_SETPOINT?HX8347D

?PR?SQRT?SQRT                            -----    -----      -----    -----      0021H    0004H

*** NEW ROOT ***************************************************

?PR?TIMER_ROUTINE?TIMER                  -----    -----      -----    -----      -----    -----
  +--> ?PR?_ISATCMD?ATCMD
  +--> ?PR?_ALERT?SYS_APP



SYMBOL TABLE OF MODULE:  .\Object\×ÏÒ«OS (?C_STARTUP)

  VALUE           TYPE          NAME
  ----------------------------------

  -------         MODULE        ?C_STARTUP
  C:58A9H         SEGMENT       ?C_C51STARTUP
  I:0022H         SEGMENT       ?STACK
  C:0000H         PUBLIC        ?C_STARTUP
  D:00E0H         SYMBOL        ACC
  D:00F0H         SYMBOL        B
BL51 BANKED LINKER/LOCATER V6.22                                                      07/19/2015  22:15:14  PAGE 13


  D:0083H         SYMBOL        DPH
  D:0082H         SYMBOL        DPL
  N:0000H         SYMBOL        IBPSTACK
  N:0100H         SYMBOL        IBPSTACKTOP
  N:0080H         SYMBOL        IDATALEN
  C:58ACH         SYMBOL        IDATALOOP
  N:0000H         SYMBOL        PBPSTACK
  N:0100H         SYMBOL        PBPSTACKTOP
  N:0000H         SYMBOL        PDATALEN
  N:0000H         SYMBOL        PDATASTART
  N:0000H         SYMBOL        PPAGE
  N:0000H         SYMBOL        PPAGEENABLE
  D:00A0H         SYMBOL        PPAGE_SFR
  D:0081H         SYMBOL        SP
  C:58A9H         SYMBOL        STARTUP1
  N:0000H         SYMBOL        XBPSTACK
  N:0000H         SYMBOL        XBPSTACKTOP
  N:0000H         SYMBOL        XDATALEN
  N:0000H         SYMBOL        XDATASTART
  C:0000H         LINE#         126
  C:58A9H         LINE#         133
  C:58ABH         LINE#         134
  C:58ACH         LINE#         135
  C:58ADH         LINE#         136
  C:58AFH         LINE#         185
  C:58B2H         LINE#         196
  -------         ENDMOD        ?C_STARTUP

  -------         MODULE        CALENDAR
  C:0000H         SYMBOL        _ICE_DUMMY_
  D:0080H         PUBLIC        P0
  D:0090H         PUBLIC        P1
  D:00A0H         PUBLIC        P2
  D:00A8H         PUBLIC        IE
  D:00B8H         PUBLIC        IP
  D:00D8H         PUBLIC        CCON
  D:0098H         PUBLIC        SCON
  D:0088H         PUBLIC        TCON
  C:4029H         PUBLIC        calendar
  C:003CH         SYMBOL        _?ix1000
  B:00A0H.5       PUBLIC        PEN
  D:00D0H         PUBLIC        PSW
  C:0B34H         PUBLIC        sstmtime
  -------         PROC          CALENDAR
  -------         DO            
  X:000DH         SYMBOL        i
  -------         ENDDO         
  C:4029H         LINE#         11
  C:4029H         LINE#         12
  C:4029H         LINE#         13
  C:4030H         LINE#         14
  C:4039H         LINE#         15
  C:403EH         LINE#         16
  C:4045H         LINE#         17
  C:4065H         LINE#         18
  C:4083H         LINE#         19
  C:40A3H         LINE#         20
BL51 BANKED LINKER/LOCATER V6.22                                                      07/19/2015  22:15:14  PAGE 14


  C:40C7H         LINE#         21
  C:40E7H         LINE#         22
  C:40ECH         LINE#         23
  C:4110H         LINE#         24
  C:4113H         LINE#         25
  C:4113H         LINE#         26
  C:4113H         LINE#         27
  C:4127H         LINE#         28
  C:4127H         LINE#         29
  C:4130H         LINE#         30
  C:4135H         LINE#         31
  C:4155H         LINE#         32
  C:415DH         LINE#         33
  C:415DH         LINE#         34
  C:416BH         LINE#         35
  C:4182H         LINE#         36
  C:41C3H         LINE#         37
  -------         ENDPROC       CALENDAR
  -------         PROC          SSTMTIME
  -------         DO            
  X:000FH         SYMBOL        setime
  X:0016H         SYMBOL        i
  -------         ENDDO         
  C:0B34H         LINE#         42
  C:0B34H         LINE#         43
  C:0B34H         LINE#         44
  C:0B4DH         LINE#         45
  C:0B55H         LINE#         46
  C:0B5CH         LINE#         47
  C:0B7FH         LINE#         48
  C:0B9FH         LINE#         49
  C:0BBFH         LINE#         50
  C:0BE1H         LINE#         51
  C:0C00H         LINE#         52
  C:0C20H         LINE#         53
  C:0C42H         LINE#         54
  C:0C61H         LINE#         55
  C:0C81H         LINE#         56
  C:0C9FH         LINE#         57
  C:0CBEH         LINE#         58
  C:0CDEH         LINE#         59
  C:0CFCH         LINE#         60
  C:0D1BH         LINE#         61
  C:0D1EH         LINE#         62
  C:0D37H         LINE#         63
  C:0D37H         LINE#         64
  C:0D37H         LINE#         65
  C:0D67H         LINE#         66
  C:0D67H         LINE#         67
  C:0DA3H         LINE#         68
  C:0DDFH         LINE#         69
  C:0E1BH         LINE#         70
  C:0E57H         LINE#         71
  C:0E92H         LINE#         72
  C:0ECDH         LINE#         73
  C:0F0BH         LINE#         74
  C:0F0BH         LINE#         75
BL51 BANKED LINKER/LOCATER V6.22                                                      07/19/2015  22:15:14  PAGE 15


  C:0F22H         LINE#         76
  C:0F60H         LINE#         77
  C:0F9BH         LINE#         78
  C:0FD9H         LINE#         79
  C:0FD9H         LINE#         80
  C:0FECH         LINE#         81
  C:0FFFH         LINE#         82
  C:1012H         LINE#         83
  C:1025H         LINE#         84
  C:1038H         LINE#         85
  C:1042H         LINE#         86
  C:1055H         LINE#         87
  C:105EH         LINE#         88
  C:106BH         LINE#         89
  C:106EH         LINE#         90
  C:106EH         LINE#         91
  C:10ACH         LINE#         92
  C:10ACH         LINE#         93
  C:10DCH         LINE#         94
  C:10DCH         LINE#         95
  C:1100H         LINE#         96
  C:1132H         LINE#         97
  C:1164H         LINE#         98
  C:1191H         LINE#         99
  C:11BEH         LINE#         100
  C:11EEH         LINE#         101
  C:11FDH         LINE#         102
  C:11FDH         LINE#         103
  C:1200H         LINE#         104
  C:1200H         LINE#         105
  C:123EH         LINE#         106
  C:123EH         LINE#         107
  C:126EH         LINE#         108
  C:126EH         LINE#         109
  C:12A3H         LINE#         110
  C:12DAH         LINE#         111
  C:1310H         LINE#         112
  C:1346H         LINE#         113
  C:137CH         LINE#         114
  C:13B2H         LINE#         115
  C:13C2H         LINE#         116
  C:13C2H         LINE#         118
  C:13C5H         LINE#         119
  C:13C5H         LINE#         120
  C:13D4H         LINE#         121
  -------         ENDPROC       SSTMTIME
  -------         ENDMOD        CALENDAR

  -------         MODULE        STARTCH
  C:0000H         SYMBOL        _ICE_DUMMY_
  D:0080H         PUBLIC        P0
  D:0090H         PUBLIC        P1
  D:00A0H         PUBLIC        P2
  B:0080H.5       PUBLIC        LED1
  B:0080H.6       PUBLIC        LED2
  B:0080H.7       PUBLIC        LED3
  D:00A8H         PUBLIC        IE
BL51 BANKED LINKER/LOCATER V6.22                                                      07/19/2015  22:15:14  PAGE 16


  C:2E51H         PUBLIC        start_check
  D:00B8H         PUBLIC        IP
  D:00D8H         PUBLIC        CCON
  D:0098H         PUBLIC        SCON
  D:0088H         PUBLIC        TCON
  D:00D0H         PUBLIC        PSW
  -------         PROC          START_CHECK
  -------         DO            
  X:000DH         SYMBOL        temper
  -------         ENDDO         
  C:2E51H         LINE#         9
  C:2E51H         LINE#         10
  C:2E51H         LINE#         12
  C:2E57H         LINE#         13
  C:2E73H         LINE#         14
  C:2E90H         LINE#         15
  C:2EADH         LINE#         16
  C:2EADH         LINE#         17
  C:2EB5H         LINE#         18
  C:2EBDH         LINE#         19
  C:2EC5H         LINE#         20
  C:2EEAH         LINE#         21
  C:2F10H         LINE#         22
  C:2F10H         LINE#         23
  C:2F17H         LINE#         24
  C:2F38H         LINE#         25
  C:2F5BH         LINE#         26
  C:2F64H         LINE#         27
  C:2F87H         LINE#         28
  C:2F8EH         LINE#         29
  C:2FAFH         LINE#         30
  C:2FD2H         LINE#         31
  C:2FDBH         LINE#         32
  C:2FE2H         LINE#         33
  C:2FEBH         LINE#         34
  C:300FH         LINE#         35
  C:302FH         LINE#         36
  C:3050H         LINE#         37
  C:3052H         LINE#         38
  C:3075H         LINE#         39
  C:307CH         LINE#         40
  C:307EH         LINE#         41
  C:30A1H         LINE#         42
  C:30A8H         LINE#         43
  C:30AAH         LINE#         44
  C:30CDH         LINE#         45
  C:30D4H         LINE#         46
  C:30D7H         LINE#         47
  C:30FAH         LINE#         48
  C:3101H         LINE#         49
  C:3122H         LINE#         50
  C:3145H         LINE#         51
  C:314CH         LINE#         52
  -------         ENDPROC       START_CHECK
  -------         ENDMOD        STARTCH

  -------         MODULE        PICBOX
BL51 BANKED LINKER/LOCATER V6.22                                                      07/19/2015  22:15:14  PAGE 17


  C:0000H         SYMBOL        _ICE_DUMMY_
  D:0080H         PUBLIC        P0
  D:0090H         PUBLIC        P1
  D:00A0H         PUBLIC        P2
  C:3435H         PUBLIC        picbox
  D:00A8H         PUBLIC        IE
  D:00B8H         PUBLIC        IP
  D:00D8H         PUBLIC        CCON
  D:0098H         PUBLIC        SCON
  D:0088H         PUBLIC        TCON
  D:00D0H         PUBLIC        PSW
  -------         PROC          PICBOX
  -------         DO            
  X:000DH         SYMBOL        color
  -------         ENDDO         
  C:3435H         LINE#         8
  C:3435H         LINE#         9
  C:3435H         LINE#         10
  C:343EH         LINE#         11
  C:3445H         LINE#         12
  C:3461H         LINE#         13
  C:3480H         LINE#         14
  C:349DH         LINE#         15
  C:34B8H         LINE#         16
  C:34D7H         LINE#         17
  C:34F6H         LINE#         18
  C:3513H         LINE#         19
  C:3533H         LINE#         20
  C:3553H         LINE#         21
  C:3573H         LINE#         22
  C:3593H         LINE#         23
  C:35B3H         LINE#         24
  C:35B6H         LINE#         25
  C:35B6H         LINE#         26
  C:35B6H         LINE#         27
  C:35CDH         LINE#         28
  C:3600H         LINE#         29
  C:363EH         LINE#         30
  C:365CH         LINE#         31
  C:3699H         LINE#         32
  C:3699H         LINE#         33
  C:369DH         LINE#         34
  C:36A7H         LINE#         35
  C:36B4H         LINE#         36
  C:36BAH         LINE#         37
  C:36C6H         LINE#         38
  C:36D3H         LINE#         39
  C:36DAH         LINE#         40
  C:36E7H         LINE#         41
  C:36F4H         LINE#         42
  -------         ENDPROC       PICBOX
  -------         ENDMOD        PICBOX

  -------         MODULE        LEDCTRL
  C:0000H         SYMBOL        _ICE_DUMMY_
  D:0080H         PUBLIC        P0
  D:0090H         PUBLIC        P1
BL51 BANKED LINKER/LOCATER V6.22                                                      07/19/2015  22:15:14  PAGE 18


  D:00A0H         PUBLIC        P2
  D:00A8H         PUBLIC        IE
  D:00B8H         PUBLIC        IP
  D:00D8H         PUBLIC        CCON
  D:0098H         PUBLIC        SCON
  D:0088H         PUBLIC        TCON
  C:2B37H         PUBLIC        led
  B:00A0H.5       PUBLIC        PEN
  D:00D0H         PUBLIC        PSW
  -------         PROC          LED
  -------         DO            
  X:0002H         SYMBOL        ctr
  -------         ENDDO         
  C:2B37H         LINE#         8
  C:2B37H         LINE#         9
  C:2B37H         LINE#         10
  C:2B3CH         LINE#         11
  C:2B43H         LINE#         12
  C:2B66H         LINE#         13
  C:2B69H         LINE#         14
  C:2B88H         LINE#         15
  C:2BA7H         LINE#         16
  C:2BC6H         LINE#         17
  C:2BC6H         LINE#         18
  C:2BC6H         LINE#         19
  C:2BD1H         LINE#         20
  C:2BECH         LINE#         21
  C:2BFEH         LINE#         22
  C:2C00H         LINE#         23
  C:2C1CH         LINE#         24
  C:2C42H         LINE#         25
  C:2C42H         LINE#         26
  C:2C4DH         LINE#         27
  C:2C68H         LINE#         28
  C:2C7AH         LINE#         29
  C:2C7CH         LINE#         30
  C:2C94H         LINE#         31
  C:2CBAH         LINE#         32
  C:2CBAH         LINE#         33
  C:2CC5H         LINE#         34
  C:2CE0H         LINE#         35
  C:2CF2H         LINE#         36
  C:2CF4H         LINE#         37
  C:2D10H         LINE#         38
  C:2D36H         LINE#         39
  C:2D36H         LINE#         40
  C:2D4DH         LINE#         41
  C:2D50H         LINE#         42
  C:2D8EH         LINE#         43
  C:2DCAH         LINE#         44
  C:2E06H         LINE#         45
  C:2E4EH         LINE#         46
  -------         ENDPROC       LED
  -------         ENDMOD        LEDCTRL

  -------         MODULE        TEMPERT
  C:0000H         SYMBOL        _ICE_DUMMY_
BL51 BANKED LINKER/LOCATER V6.22                                                      07/19/2015  22:15:14  PAGE 19


  D:0080H         PUBLIC        P0
  D:0090H         PUBLIC        P1
  D:00A0H         PUBLIC        P2
  C:4B67H         PUBLIC        tempert
  D:00A8H         PUBLIC        IE
  D:00B8H         PUBLIC        IP
  D:00D8H         PUBLIC        CCON
  D:0098H         PUBLIC        SCON
  D:0088H         PUBLIC        TCON
  D:00D0H         PUBLIC        PSW
  -------         PROC          TEMPERT
  -------         DO            
  X:000DH         SYMBOL        i
  X:000FH         SYMBOL        temper
  -------         ENDDO         
  C:4B67H         LINE#         8
  C:4B67H         LINE#         9
  C:4B67H         LINE#         10
  C:4B6EH         LINE#         12
  C:4B75H         LINE#         13
  C:4B94H         LINE#         14
  C:4BB0H         LINE#         15
  C:4BB3H         LINE#         16
  C:4BB3H         LINE#         17
  C:4BB3H         LINE#         18
  C:4BC3H         LINE#         19
  C:4BC3H         LINE#         20
  C:4BCCH         LINE#         21
  C:4BF0H         LINE#         22
  C:4C10H         LINE#         23
  C:4C18H         LINE#         24
  C:4C18H         LINE#         25
  C:4C26H         LINE#         26
  C:4C39H         LINE#         27
  C:4C50H         LINE#         28
  C:4C94H         LINE#         29
  -------         ENDPROC       TEMPERT
  -------         ENDMOD        TEMPERT

  -------         MODULE        SYS_APP
  C:0000H         SYMBOL        _ICE_DUMMY_
  C:26C4H         PUBLIC        desktop
  C:4659H         PUBLIC        _guiddo
  D:0080H         PUBLIC        P0
  D:0090H         PUBLIC        P1
  D:00A0H         PUBLIC        P2
  D:00A8H         PUBLIC        IE
  C:5FC6H         PUBLIC        clock
  D:00B8H         PUBLIC        IP
  C:5A32H         PUBLIC        _alert
  C:56CAH         PUBLIC        _Get_Click1
  D:00D8H         PUBLIC        CCON
  X:02BDH         PUBLIC        time
  D:0098H         PUBLIC        SCON
  D:0088H         PUBLIC        TCON
  C:5F42H         PUBLIC        start_logo
  C:6064H         PUBLIC        _delay_ms
BL51 BANKED LINKER/LOCATER V6.22                                                      07/19/2015  22:15:14  PAGE 20


  B:0088H.4       PUBLIC        TR0
  B:0021H.1       PUBLIC        ATC
  C:5353H         PUBLIC        _Get_Click
  C:4EBCH         PUBLIC        guidshow
  X:02D3H         PUBLIC        x
  X:02D5H         PUBLIC        y
  D:00D0H         PUBLIC        PSW
  -------         PROC          DESKTOP
  -------         DO            
  X:0000H         SYMBOL        i
  C:26CBH         SYMBOL        desktop
  -------         ENDDO         
  C:26C4H         LINE#         18
  C:26C4H         LINE#         19
  C:26C4H         LINE#         20
  C:26CBH         LINE#         21
  C:26CBH         LINE#         22
  C:26CDH         LINE#         23
  C:26D4H         LINE#         24
  C:26F4H         LINE#         26
  C:2717H         LINE#         27
  C:2737H         LINE#         29
  C:275AH         LINE#         30
  C:277AH         LINE#         32
  C:279DH         LINE#         33
  C:27BDH         LINE#         35
  C:27E0H         LINE#         36
  C:2800H         LINE#         38
  C:2823H         LINE#         39
  C:2843H         LINE#         41
  C:2866H         LINE#         42
  C:2886H         LINE#         43
  C:28A9H         LINE#         45
  C:28C9H         LINE#         46
  C:28ECH         LINE#         48
  C:290CH         LINE#         49
  C:292FH         LINE#         51
  C:2932H         LINE#         52
  C:2934H         LINE#         53
  C:2934H         LINE#         54
  C:2934H         LINE#         55
  C:293FH         LINE#         56
  C:2955H         LINE#         57
  C:2963H         LINE#         58
  C:297AH         LINE#         59
  C:29DFH         LINE#         60
  C:2A22H         LINE#         61
  C:2A66H         LINE#         62
  C:2A89H         LINE#         63
  C:2A89H         LINE#         64
  C:2AA6H         LINE#         65
  C:2AA6H         LINE#         66
  C:2AA8H         LINE#         67
  C:2AAEH         LINE#         68
  C:2AB4H         LINE#         69
  C:2AB4H         LINE#         70
  C:2AB4H         LINE#         71
BL51 BANKED LINKER/LOCATER V6.22                                                      07/19/2015  22:15:14  PAGE 21


  C:2AD1H         LINE#         72
  C:2AD1H         LINE#         73
  C:2AD3H         LINE#         74
  C:2AD5H         LINE#         75
  C:2ADBH         LINE#         76
  C:2ADBH         LINE#         77
  C:2ADBH         LINE#         78
  C:2AF8H         LINE#         79
  C:2AF8H         LINE#         80
  C:2AFEH         LINE#         81
  C:2B00H         LINE#         82
  C:2B02H         LINE#         83
  C:2B02H         LINE#         84
  C:2B02H         LINE#         85
  C:2B1FH         LINE#         86
  C:2B1FH         LINE#         87
  C:2B21H         LINE#         88
  C:2B31H         LINE#         89
  -------         ENDPROC       DESKTOP
  -------         PROC          START_LOGO
  C:5F42H         LINE#         95
  C:5F42H         LINE#         96
  C:5F42H         LINE#         97
  C:5F49H         LINE#         98
  C:5F69H         LINE#         99
  -------         ENDPROC       START_LOGO
  -------         PROC          _ALERT
  X:015BH         SYMBOL        s
  X:015EH         SYMBOL        bcolor
  -------         DO            
  D:0007H         SYMBOL        len
  -------         ENDDO         
  C:5A32H         LINE#         101
  C:5A43H         LINE#         102
  C:5A43H         LINE#         104
  C:5A72H         LINE#         105
  C:5A79H         LINE#         106
  C:5A8CH         LINE#         107
  -------         ENDPROC       _ALERT
  -------         PROC          _GET_CLICK
  X:0003H         SYMBOL        x
  X:0006H         SYMBOL        y
  C:5353H         LINE#         109
  C:535EH         LINE#         110
  C:535EH         LINE#         111
  C:537FH         LINE#         113
  C:53FDH         LINE#         114
  C:540BH         LINE#         115
  -------         ENDPROC       _GET_CLICK
  -------         PROC          _GET_CLICK1
  X:0017H         SYMBOL        x
  X:001AH         SYMBOL        y
  C:56CAH         LINE#         116
  C:56D5H         LINE#         117
  C:56D5H         LINE#         118
  C:56F6H         LINE#         120
  -------         ENDPROC       _GET_CLICK1
BL51 BANKED LINKER/LOCATER V6.22                                                      07/19/2015  22:15:14  PAGE 22


  -------         PROC          _DELAY_MS
  D:0006H         SYMBOL        ms
  -------         DO            
  D:0004H         SYMBOL        i
  D:0002H         SYMBOL        j
  -------         ENDDO         
  C:6064H         LINE#         122
  C:6064H         LINE#         123
  C:6064H         LINE#         125
  C:606EH         LINE#         126
  C:606EH         LINE#         127
  C:607CH         LINE#         128
  C:6083H         LINE#         129
  -------         ENDPROC       _DELAY_MS
  -------         PROC          CLOCK
  C:5FC6H         LINE#         130
  C:5FC6H         LINE#         131
  C:5FC6H         LINE#         132
  C:5FCFH         LINE#         133
  C:5FD4H         LINE#         134
  -------         ENDPROC       CLOCK
  -------         PROC          GUIDSHOW
  C:4EBCH         LINE#         139
  C:4EBCH         LINE#         140
  C:4EBCH         LINE#         141
  C:4EDAH         LINE#         142
  C:4EFDH         LINE#         143
  C:4F22H         LINE#         144
  C:4F41H         LINE#         145
  C:4F60H         LINE#         146
  C:4F7FH         LINE#         147
  C:4F9EH         LINE#         148
  -------         ENDPROC       GUIDSHOW
  -------         PROC          _GUIDDO
  X:0017H         SYMBOL        pback
  X:001AH         SYMBOL        pmenu
  X:001DH         SYMBOL        x
  C:4659H         LINE#         155
  C:4664H         LINE#         156
  C:4664H         LINE#         157
  C:46B0H         LINE#         158
  C:4717H         LINE#         159
  C:4758H         LINE#         160
  C:47A4H         LINE#         161
  -------         ENDPROC       _GUIDDO
  -------         ENDMOD        SYS_APP

  -------         MODULE        18B20
  C:0000H         SYMBOL        _ICE_DUMMY_
  D:0080H         PUBLIC        P0
  D:00A8H         PUBLIC        IE
  C:5E1FH         PUBLIC        _ReadTemperature
  B:0080H.0       PUBLIC        DQ
  D:00B8H         PUBLIC        IP
  C:5FEFH         PUBLIC        Init_DS18B20
  C:6119H         PUBLIC        ReadOneChar
  D:00D8H         PUBLIC        CCON
BL51 BANKED LINKER/LOCATER V6.22                                                      07/19/2015  22:15:14  PAGE 23


  C:5E9BH         PUBLIC        Read18b20
  C:6282H         PUBLIC        _DelayMs
  C:6135H         PUBLIC        _WriteOneChar
  D:0098H         PUBLIC        SCON
  D:0088H         PUBLIC        TCON
  C:626EH         PUBLIC        _DelayUs2x
  D:00D0H         PUBLIC        PSW
  -------         PROC          _DELAYUS2X
  D:0007H         SYMBOL        t
  -------         DO            
  D:0006H         SYMBOL        i
  -------         ENDDO         
  C:626EH         LINE#         10
  C:626EH         LINE#         11
  C:626EH         LINE#         13
  C:627AH         LINE#         14
  C:627AH         LINE#         15
  C:627CH         LINE#         16
  C:627EH         LINE#         17
  C:6281H         LINE#         18
  -------         ENDPROC       _DELAYUS2X
  -------         PROC          _DELAYMS
  D:0007H         SYMBOL        t
  -------         DO            
  D:0006H         SYMBOL        i
  D:0005H         SYMBOL        j
  -------         ENDDO         
  C:6282H         LINE#         24
  C:6282H         LINE#         25
  C:6282H         LINE#         27
  C:6288H         LINE#         28
  C:6288H         LINE#         29
  C:6289H         LINE#         30
  C:628AH         LINE#         31
  C:628CH         LINE#         32
  C:628EH         LINE#         34
  C:628EH         LINE#         35
  C:6290H         LINE#         36
  C:6292H         LINE#         37
  C:6295H         LINE#         38
  -------         ENDPROC       _DELAYMS
  -------         PROC          INIT_DS18B20
  -------         DO            
  B:0020H.0       SYMBOL        dat
  -------         ENDDO         
  C:5FEFH         LINE#         43
  C:5FEFH         LINE#         44
  C:5FEFH         LINE#         45
  C:5FF1H         LINE#         46
  C:5FF3H         LINE#         47
  C:5FF8H         LINE#         48
  C:5FFAH         LINE#         49
  C:5FFFH         LINE#         50
  C:6004H         LINE#         51
  C:6006H         LINE#         52
  C:600BH         LINE#         53
  C:600FH         LINE#         54
BL51 BANKED LINKER/LOCATER V6.22                                                      07/19/2015  22:15:14  PAGE 24


  C:6014H         LINE#         55
  C:6016H         LINE#         56
  -------         ENDPROC       INIT_DS18B20
  -------         PROC          READONECHAR
  -------         DO            
  D:0005H         SYMBOL        i
  D:0004H         SYMBOL        dat
  -------         ENDDO         
  C:6119H         LINE#         61
  C:6119H         LINE#         62
  C:6119H         LINE#         63
  C:611AH         LINE#         64
  C:611BH         LINE#         65
  C:611DH         LINE#         66
  C:611DH         LINE#         67
  C:611FH         LINE#         68
  C:6123H         LINE#         69
  C:6125H         LINE#         70
  C:6128H         LINE#         71
  C:612BH         LINE#         72
  C:6130H         LINE#         73
  C:6132H         LINE#         74
  C:6134H         LINE#         75
  -------         ENDPROC       READONECHAR
  -------         PROC          _WRITEONECHAR
  D:0005H         SYMBOL        dat
  -------         DO            
  D:0003H         SYMBOL        i
  -------         ENDDO         
  C:6135H         LINE#         79
  C:6137H         LINE#         80
  C:6137H         LINE#         81
  C:6137H         LINE#         82
  C:6139H         LINE#         83
  C:6139H         LINE#         84
  C:613BH         LINE#         85
  C:613FH         LINE#         86
  C:6144H         LINE#         87
  C:6146H         LINE#         88
  C:614AH         LINE#         89
  C:614CH         LINE#         90
  -------         ENDPROC       _WRITEONECHAR
  -------         PROC          READ18B20
  -------         DO            
  D:0003H         SYMBOL        a
  D:0006H         SYMBOL        b
  D:0004H         SYMBOL        t
  -------         ENDDO         
  C:5E9BH         LINE#         96
  C:5E9BH         LINE#         97
  C:5E9BH         LINE#         98
  C:5E9DH         LINE#         99
  C:5E9FH         LINE#         100
  C:5EA1H         LINE#         101
  C:5EA4H         LINE#         102
  C:5EA9H         LINE#         103
  C:5EAEH         LINE#         104
BL51 BANKED LINKER/LOCATER V6.22                                                      07/19/2015  22:15:14  PAGE 25


  C:5EB3H         LINE#         105
  C:5EB6H         LINE#         106
  C:5EBBH         LINE#         107
  C:5EC0H         LINE#         108
  C:5EC5H         LINE#         109
  C:5EC8H         LINE#         110
  C:5ECCH         LINE#         111
  C:5ED1H         LINE#         113
  C:5ED4H         LINE#         114
  -------         ENDPROC       READ18B20
  -------         PROC          _READTEMPERATURE
  X:0016H         SYMBOL        temper
  -------         DO            
  D:0006H         SYMBOL        temp
  D:0004H         SYMBOL        temperature
  -------         ENDDO         
  C:5E1FH         LINE#         115
  C:5E2AH         LINE#         116
  C:5E2AH         LINE#         119
  C:5E2DH         LINE#         120
  C:5E3FH         LINE#         121
  -------         ENDPROC       _READTEMPERATURE
  -------         ENDMOD        18B20

  -------         MODULE        ATCMD
  C:0000H         SYMBOL        _ICE_DUMMY_
  D:0080H         PUBLIC        P0
  D:00A0H         PUBLIC        P2
  C:5935H         PUBLIC        _AT_DO
  D:00A8H         PUBLIC        IE
  D:00B8H         PUBLIC        IP
  D:00D8H         PUBLIC        CCON
  C:6151H         PUBLIC        stime
  C:634EH         PUBLIC        link
  C:62EFH         PUBLIC        SWLED1
  C:62FCH         PUBLIC        SWLED2
  C:6309H         PUBLIC        SWLED3
  D:0098H         PUBLIC        SCON
  D:0088H         PUBLIC        TCON
  C:6357H         PUBLIC        ATErr
  C:54D4H         PUBLIC        at
  C:6296H         PUBLIC        _IsATCmd
  C:621AH         PUBLIC        OFFLed
  C:616CH         PUBLIC        stempert
  D:00D0H         PUBLIC        PSW
  -------         PROC          _AT_DO
  X:0009H         SYMBOL        at_str
  -------         DO            
  X:000CH         SYMBOL        i
  -------         ENDDO         
  C:5935H         LINE#         49
  C:5940H         LINE#         50
  C:5940H         LINE#         52
  C:594AH         LINE#         53
  C:5959H         LINE#         54
  C:5959H         LINE#         55
  C:5960H         LINE#         56
BL51 BANKED LINKER/LOCATER V6.22                                                      07/19/2015  22:15:14  PAGE 26


  C:59ABH         LINE#         57
  C:59B3H         LINE#         58
  -------         ENDPROC       _AT_DO
  -------         PROC          _ISATCMD
  D:0001H         SYMBOL        str
  C:6296H         LINE#         64
  C:6296H         LINE#         65
  C:6296H         LINE#         66
  C:62A7H         LINE#         67
  C:62A8H         LINE#         68
  -------         ENDPROC       _ISATCMD
  -------         PROC          STIME
  C:6151H         LINE#         74
  C:6151H         LINE#         75
  C:6151H         LINE#         77
  C:615AH         LINE#         78
  C:6163H         LINE#         79
  -------         ENDPROC       STIME
  -------         PROC          STEMPERT
  -------         DO            
  X:000DH         SYMBOL        temper
  -------         ENDDO         
  C:616CH         LINE#         86
  C:616CH         LINE#         87
  C:616CH         LINE#         89
  C:6175H         LINE#         90
  C:617EH         LINE#         91
  -------         ENDPROC       STEMPERT
  -------         PROC          LINK
  C:634EH         LINE#         98
  C:634EH         LINE#         99
  C:634EH         LINE#         100
  -------         ENDPROC       LINK
  -------         PROC          ATERR
  C:6357H         LINE#         107
  C:6357H         LINE#         108
  C:6357H         LINE#         109
  -------         ENDPROC       ATERR
  -------         PROC          SWLED1
  C:62EFH         LINE#         115
  C:62EFH         LINE#         116
  C:62EFH         LINE#         117
  -------         ENDPROC       SWLED1
  -------         PROC          SWLED2
  C:62FCH         LINE#         119
  C:62FCH         LINE#         120
  C:62FCH         LINE#         121
  -------         ENDPROC       SWLED2
  -------         PROC          SWLED3
  C:6309H         LINE#         123
  C:6309H         LINE#         124
  C:6309H         LINE#         125
  -------         ENDPROC       SWLED3
  -------         PROC          OFFLED
  C:621AH         LINE#         127
  C:621AH         LINE#         128
  C:621AH         LINE#         129
BL51 BANKED LINKER/LOCATER V6.22                                                      07/19/2015  22:15:14  PAGE 27


  C:6221H         LINE#         130
  C:6228H         LINE#         131
  -------         ENDPROC       OFFLED
  -------         ENDMOD        ATCMD

  -------         MODULE        AUDIO
  C:0000H         SYMBOL        _ICE_DUMMY_
  D:00A0H         PUBLIC        P2
  D:00A8H         PUBLIC        IE
  C:6360H         PUBLIC        delay500us
  D:00B8H         PUBLIC        IP
  B:00A0H.1       PUBLIC        BEEP
  C:603FH         PUBLIC        _beep
  D:00D8H         PUBLIC        CCON
  D:0098H         PUBLIC        SCON
  D:0088H         PUBLIC        TCON
  D:00D0H         PUBLIC        PSW
  -------         PROC          DELAY500US
  -------         DO            
  D:0007H         SYMBOL        i
  D:0006H         SYMBOL        j
  -------         ENDDO         
  C:6360H         LINE#         6
  C:6360H         LINE#         7
  C:6360H         LINE#         10
  C:6362H         LINE#         11
  C:6364H         LINE#         13
  C:6364H         LINE#         14
  C:6366H         LINE#         15
  C:6368H         LINE#         16
  -------         ENDPROC       DELAY500US
  -------         PROC          _BEEP
  D:0004H         SYMBOL        t
  -------         DO            
  D:0003H         SYMBOL        j
  -------         ENDDO         
  C:603FH         LINE#         18
  C:6043H         LINE#         19
  C:6043H         LINE#         21
  C:6047H         LINE#         22
  C:6047H         LINE#         23
  C:6049H         LINE#         24
  C:6049H         LINE#         25
  C:604BH         LINE#         26
  C:604EH         LINE#         27
  C:6050H         LINE#         29
  C:6052H         LINE#         30
  C:6052H         LINE#         31
  C:6054H         LINE#         32
  C:6057H         LINE#         33
  C:605AH         LINE#         34
  C:605CH         LINE#         35
  C:6061H         LINE#         36
  C:6063H         LINE#         37
  -------         ENDPROC       _BEEP
  -------         ENDMOD        AUDIO

BL51 BANKED LINKER/LOCATER V6.22                                                      07/19/2015  22:15:14  PAGE 28


  -------         MODULE        DS1302
  C:0000H         SYMBOL        _ICE_DUMMY_
  D:0080H         PUBLIC        P0
  D:00A0H         PUBLIC        P2
  C:61E4H         PUBLIC        Delay1ms
  B:00A0H.7       PUBLIC        CE
  D:00A8H         PUBLIC        IE
  D:00B8H         PUBLIC        IP
  D:00D8H         PUBLIC        CCON
  B:0080H.1       PUBLIC        SCLK
  D:0098H         PUBLIC        SCON
  D:0088H         PUBLIC        TCON
  C:5D95H         PUBLIC        _Read1302
  C:5774H         PUBLIC        _Ds1302_Read_Time
  C:5E5FH         PUBLIC        _Write1302
  B:0080H.3       PUBLIC        DIO
  C:5284H         PUBLIC        _Ds1302_Write_Time
  C:6211H         PUBLIC        delay40us
  C:4C97H         PUBLIC        _gettime
  C:62BCH         PUBLIC        Ds1302_Init
  D:00D0H         PUBLIC        PSW
  C:61DFH         SYMBOL        L?0037
  -------         PROC          L?0036
  -------         ENDPROC       L?0036
  C:61DFH         SYMBOL        L?0037
  -------         PROC          DELAY1MS
  -------         DO            
  D:0007H         SYMBOL        i
  D:0006H         SYMBOL        j
  -------         ENDDO         
  C:61E4H         LINE#         3
  C:61E4H         LINE#         4
  C:61E4H         LINE#         7
  C:61E6H         LINE#         8
  C:61E8H         LINE#         10
  C:61E8H         LINE#         11
  C:61EAH         LINE#         12
  C:61ECH         LINE#         13
  -------         ENDPROC       DELAY1MS
  -------         PROC          _GETTIME
  X:0017H         SYMBOL        buf
  -------         DO            
  X:001AH         SYMBOL        temp
  -------         ENDDO         
  C:4C97H         LINE#         15
  C:4CA2H         LINE#         16
  C:4CA2H         LINE#         18
  C:4CABH         LINE#         19
  C:4CBBH         LINE#         20
  C:4CCEH         LINE#         21
  C:4CDEH         LINE#         22
  C:4CE9H         LINE#         23
  C:4CF1H         LINE#         24
  C:4D01H         LINE#         25
  C:4D0CH         LINE#         26
  C:4D14H         LINE#         27
  C:4D24H         LINE#         28
BL51 BANKED LINKER/LOCATER V6.22                                                      07/19/2015  22:15:14  PAGE 29


  C:4D2FH         LINE#         29
  C:4D37H         LINE#         30
  C:4D47H         LINE#         31
  C:4D52H         LINE#         32
  C:4D5AH         LINE#         33
  C:4D6AH         LINE#         34
  C:4D75H         LINE#         35
  C:4D7DH         LINE#         36
  C:4D8DH         LINE#         37
  C:4D98H         LINE#         38
  C:4DA0H         LINE#         39
  C:4DAEH         LINE#         40
  -------         ENDPROC       _GETTIME
  C:6205H         SYMBOL        L?0034
  C:620CH         SYMBOL        L?0035
  -------         PROC          L?0033
  -------         ENDPROC       L?0033
  C:6205H         SYMBOL        L?0034
  C:620CH         SYMBOL        L?0035
  -------         PROC          DELAY40US
  -------         DO            
  D:0007H         SYMBOL        i
  D:0006H         SYMBOL        j
  -------         ENDDO         
  C:6211H         LINE#         42
  C:6211H         LINE#         43
  C:6211H         LINE#         46
  C:6213H         LINE#         47
  C:6215H         LINE#         49
  C:6215H         LINE#         50
  C:6217H         LINE#         51
  C:6219H         LINE#         52
  -------         ENDPROC       DELAY40US
  -------         PROC          _WRITE1302
  D:0003H         SYMBOL        addr
  D:0005H         SYMBOL        dat
  -------         DO            
  D:0002H         SYMBOL        i
  D:0001H         SYMBOL        temp
  -------         ENDDO         
  C:5E5FH         LINE#         56
  C:5E61H         LINE#         57
  C:5E61H         LINE#         59
  C:5E63H         LINE#         60
  C:5E66H         LINE#         61
  C:5E68H         LINE#         62
  C:5E6BH         LINE#         63
  C:5E6DH         LINE#         64
  C:5E70H         LINE#         65
  C:5E72H         LINE#         66
  C:5E72H         LINE#         67
  C:5E74H         LINE#         68
  C:5E77H         LINE#         69
  C:5E79H         LINE#         70
  C:5E7AH         LINE#         71
  C:5E7AH         LINE#         72
  C:5E7AH         LINE#         73
BL51 BANKED LINKER/LOCATER V6.22                                                      07/19/2015  22:15:14  PAGE 30


  C:5E7AH         LINE#         74
  C:5E7AH         LINE#         75
  C:5E7DH         LINE#         76
  C:5E7FH         LINE#         78
  C:5E81H         LINE#         79
  C:5E81H         LINE#         80
  C:5E83H         LINE#         81
  C:5E86H         LINE#         82
  C:5E88H         LINE#         83
  C:5E8CH         LINE#         84
  C:5E8FH         LINE#         85
  C:5E93H         LINE#         86
  C:5E93H         LINE#         87
  C:5E93H         LINE#         88
  C:5E96H         LINE#         89
  C:5E98H         LINE#         90
  C:5E9AH         LINE#         91
  -------         ENDPROC       _WRITE1302
  -------         PROC          _READ1302
  D:0003H         SYMBOL        addr
  -------         DO            
  D:0002H         SYMBOL        i
  D:0005H         SYMBOL        temp
  -------         ENDDO         
  C:5D95H         LINE#         96
  C:5D97H         LINE#         97
  C:5D97H         LINE#         99
  C:5D99H         LINE#         100
  C:5D9CH         LINE#         101
  C:5D9EH         LINE#         102
  C:5DA1H         LINE#         103
  C:5DA3H         LINE#         104
  C:5DA6H         LINE#         106
  C:5DA8H         LINE#         107
  C:5DA8H         LINE#         108
  C:5DAAH         LINE#         109
  C:5DADH         LINE#         111
  C:5DAEH         LINE#         112
  C:5DAEH         LINE#         113
  C:5DAEH         LINE#         114
  C:5DAEH         LINE#         115
  C:5DAEH         LINE#         116
  C:5DB1H         LINE#         117
  C:5DB3H         LINE#         119
  C:5DB5H         LINE#         120
  C:5DB5H         LINE#         121
  C:5DB7H         LINE#         122
  C:5DBAH         LINE#         123
  C:5DBEH         LINE#         124
  C:5DC1H         LINE#         125
  C:5DC3H         LINE#         126
  C:5DC6H         LINE#         127
  C:5DD2H         LINE#         128
  C:5DD4H         LINE#         129
  C:5DD6H         LINE#         130
  C:5DD9H         LINE#         131
  C:5DDBH         LINE#         132
BL51 BANKED LINKER/LOCATER V6.22                                                      07/19/2015  22:15:14  PAGE 31


  -------         ENDPROC       _READ1302
  -------         PROC          _DS1302_WRITE_TIME
  X:0017H         SYMBOL        buf
  C:5284H         LINE#         136
  C:528FH         LINE#         137
  C:528FH         LINE#         138
  C:5296H         LINE#         139
  C:5299H         LINE#         140
  C:52ADH         LINE#         141
  C:52B0H         LINE#         142
  C:52C7H         LINE#         143
  C:52CAH         LINE#         144
  C:52E1H         LINE#         145
  C:52E4H         LINE#         146
  C:52FBH         LINE#         147
  C:52FEH         LINE#         148
  C:5315H         LINE#         149
  C:5318H         LINE#         150
  C:532FH         LINE#         151
  C:5332H         LINE#         152
  C:5349H         LINE#         153
  C:534CH         LINE#         154
  -------         ENDPROC       _DS1302_WRITE_TIME
  -------         PROC          _DS1302_READ_TIME
  X:0021H         SYMBOL        buf
  C:5774H         LINE#         161
  C:577FH         LINE#         162
  C:577FH         LINE#         163
  C:577FH         LINE#         164
  C:5782H         LINE#         165
  C:5794H         LINE#         166
  C:5794H         LINE#         167
  C:5794H         LINE#         168
  C:5797H         LINE#         169
  C:57A9H         LINE#         170
  C:57A9H         LINE#         171
  C:57A9H         LINE#         172
  C:57ACH         LINE#         173
  C:57C3H         LINE#         174
  C:57C3H         LINE#         175
  C:57C6H         LINE#         176
  C:57D9H         LINE#         177
  C:57D9H         LINE#         178
  C:57D9H         LINE#         179
  C:57DCH         LINE#         180
  C:57EFH         LINE#         181
  C:57EFH         LINE#         182
  C:57EFH         LINE#         183
  C:57F2H         LINE#         184
  C:5805H         LINE#         185
  C:5805H         LINE#         186
  C:5805H         LINE#         187
  C:5808H         LINE#         188
  -------         ENDPROC       _DS1302_READ_TIME
  -------         PROC          DS1302_INIT
  C:62BCH         LINE#         194
  C:62BCH         LINE#         195
BL51 BANKED LINKER/LOCATER V6.22                                                      07/19/2015  22:15:14  PAGE 32


  C:62BCH         LINE#         196
  C:62BEH         LINE#         197
  C:62C0H         LINE#         198
  C:62C7H         LINE#         200
  -------         ENDPROC       DS1302_INIT
  -------         ENDMOD        DS1302

  -------         MODULE        HX8347D
  C:0000H         SYMBOL        _ICE_DUMMY_
  D:0080H         PUBLIC        P0
  D:0090H         PUBLIC        P1
  X:02EEH         PUBLIC        LCD_id
  D:00A0H         PUBLIC        P2
  D:00B0H         PUBLIC        P3
  D:00A8H         PUBLIC        IE
  D:00B8H         PUBLIC        IP
  C:1C51H         PUBLIC        asc2_1608
  C:6316H         PUBLIC        _LCD_WR_REG
  C:5570H         PUBLIC        _LCD_Clear
  C:636FH         SYMBOL        _LCD_WriteRAM
  D:00D8H         PUBLIC        CCON
  C:4A2BH         PUBLIC        _show_picture
  C:3E6EH         PUBLIC        LCD_Initializtion
  D:0098H         PUBLIC        SCON
  C:3153H         PUBLIC        _LCD_DrawEBox
  D:0088H         PUBLIC        TCON
  C:4DB5H         PUBLIC        _PutChar
  B:0090H.4       PUBLIC        LCD_CS
  C:39B7H         PUBLIC        _LCD_DrawLine
  C:5F7BH         SYMBOL        _delay_ms
  C:623FH         SYMBOL        LCD_WriteRAM_Prepare
  C:61C8H         PUBLIC        _LCD_WR_DATA
  B:0090H.5       PUBLIC        LCD_RS
  B:0090H.6       PUBLIC        LCD_WR
  C:62D5H         SYMBOL        _LCD_WriteReg
  C:5EE0H         SYMBOL        _LCD_SetCursor
  C:540CH         PUBLIC        _GUI_Text
  C:51A4H         PUBLIC        _LCD_DrawBox
  C:5C76H         PUBLIC        _LCD_SetPoint
  B:00A0H.4       PUBLIC        W25Qxx_CS
  D:00D0H         PUBLIC        PSW
  -------         PROC          _LCD_WR_REG
  D:0007H         SYMBOL        dat
  C:6316H         LINE#         13
  C:6316H         LINE#         14
  C:6316H         LINE#         15
  C:6318H         LINE#         16
  C:631AH         LINE#         17
  C:631CH         LINE#         18
  C:631EH         LINE#         19
  C:6320H         LINE#         20
  C:6322H         LINE#         21
  -------         ENDPROC       _LCD_WR_REG
  -------         PROC          L?0111
  -------         ENDPROC       L?0111
  -------         PROC          _LCD_WR_DATA
  D:0006H         SYMBOL        dat
BL51 BANKED LINKER/LOCATER V6.22                                                      07/19/2015  22:15:14  PAGE 33


  C:61C8H         LINE#         23
  C:61C8H         LINE#         24
  C:61C8H         LINE#         25
  C:61CAH         LINE#         26
  C:61CCH         LINE#         27
  C:61CEH         LINE#         28
  C:61D0H         LINE#         29
  C:61D2H         LINE#         30
  C:61D4H         LINE#         31
  -------         ENDPROC       _LCD_WR_DATA
  -------         PROC          L?0113
  -------         ENDPROC       L?0113
  -------         PROC          _LCD_WRITEREG
  D:0007H         SYMBOL        LCD_Reg
  D:0004H         SYMBOL        LCD_RegValue
  C:62D5H         LINE#         42
  C:62D5H         LINE#         43
  C:62D5H         LINE#         44
  C:62D8H         LINE#         45
  -------         ENDPROC       _LCD_WRITEREG
  C:6237H         SYMBOL        L?0108
  -------         PROC          L?0107
  -------         ENDPROC       L?0107
  C:6237H         SYMBOL        L?0108
  -------         PROC          LCD_WRITERAM_PREPARE
  C:623FH         LINE#         57
  C:623FH         LINE#         58
  C:623FH         LINE#         59
  -------         ENDPROC       LCD_WRITERAM_PREPARE
  -------         PROC          _LCD_WRITERAM
  D:0006H         SYMBOL        RGB_Code
  C:636FH         LINE#         70
  C:636FH         LINE#         71
  C:636FH         LINE#         73
  -------         ENDPROC       _LCD_WRITERAM
  -------         PROC          L?0112
  -------         ENDPROC       L?0112
  -------         PROC          _LCD_SETCURSOR
  D:0082H         SYMBOL        Xpos
  D:0002H         SYMBOL        Ypos
  C:5EE0H         LINE#         86
  C:5EE8H         LINE#         87
  C:5EE8H         LINE#         99
  C:5EF2H         LINE#         100
  C:5EFCH         LINE#         101
  C:5F05H         LINE#         102
  -------         ENDPROC       _LCD_SETCURSOR
  C:5F70H         SYMBOL        L?0110
  -------         PROC          L?0109
  -------         ENDPROC       L?0109
  C:5F70H         SYMBOL        L?0110
  -------         PROC          _DELAY_MS
  D:0006H         SYMBOL        ms
  -------         DO            
  D:0004H         SYMBOL        i
  D:0002H         SYMBOL        j
  -------         ENDDO         
BL51 BANKED LINKER/LOCATER V6.22                                                      07/19/2015  22:15:14  PAGE 34


  C:5F7BH         LINE#         114
  C:5F7BH         LINE#         115
  C:5F7BH         LINE#         117
  C:5F85H         LINE#         118
  C:5F85H         LINE#         119
  C:5F93H         LINE#         120
  C:5F9AH         LINE#         121
  -------         ENDPROC       _DELAY_MS
  -------         PROC          LCD_INITIALIZTION
  -------         DO            
  D:0082H         SYMBOL        DeviceCode
  -------         ENDDO         
  C:3E6EH         LINE#         131
  C:3E6EH         LINE#         132
  C:3E6EH         LINE#         133
  C:3E6EH         LINE#         136
  C:3E75H         LINE#         137
  C:3E7EH         LINE#         138
  C:3E84H         LINE#         141
  C:3E87H         LINE#         142
  C:3E8CH         LINE#         144
  C:3E97H         LINE#         145
  C:3E97H         LINE#         149
  C:3E9EH         LINE#         150
  C:3EA5H         LINE#         151
  C:3EACH         LINE#         152
  C:3EB3H         LINE#         153
  C:3EBAH         LINE#         155
  C:3EC1H         LINE#         156
  C:3EC8H         LINE#         157
  C:3ECFH         LINE#         158
  C:3ED6H         LINE#         160
  C:3EDCH         LINE#         161
  C:3EE1H         LINE#         162
  C:3EE7H         LINE#         163
  C:3EEEH         LINE#         164
  C:3EF5H         LINE#         165
  C:3EFCH         LINE#         166
  C:3F03H         LINE#         167
  C:3F0AH         LINE#         168
  C:3F11H         LINE#         169
  C:3F18H         LINE#         170
  C:3F1FH         LINE#         171
  C:3F24H         LINE#         172
  C:3F2BH         LINE#         174
  C:3F32H         LINE#         175
  C:3F39H         LINE#         176
  C:3F40H         LINE#         177
  C:3F47H         LINE#         178
  C:3F4DH         LINE#         179
  C:3F52H         LINE#         180
  C:3F59H         LINE#         181
  C:3F60H         LINE#         182
  C:3F67H         LINE#         183
  C:3F6EH         LINE#         184
  C:3F73H         LINE#         185
  C:3F7AH         LINE#         186
BL51 BANKED LINKER/LOCATER V6.22                                                      07/19/2015  22:15:14  PAGE 35


  C:3F81H         LINE#         187
  C:3F88H         LINE#         190
  C:3F8FH         LINE#         191
  C:3F96H         LINE#         192
  C:3F9DH         LINE#         193
  C:3FA4H         LINE#         194
  C:3FABH         LINE#         197
  C:3FAFH         LINE#         198
  C:3FB2H         LINE#         199
  C:3FB9H         LINE#         200
  C:3FBFH         LINE#         201
  C:3FC1H         LINE#         202
  C:3FC4H         LINE#         203
  C:3FC6H         LINE#         204
  C:3FC9H         LINE#         205
  C:3FCBH         LINE#         206
  C:3FCEH         LINE#         208
  C:3FD7H         LINE#         210
  C:3FDEH         LINE#         211
  C:3FE5H         LINE#         212
  C:3FEBH         LINE#         213
  C:3FF2H         LINE#         218
  C:3FF9H         LINE#         219
  C:3FFEH         LINE#         220
  C:4003H         LINE#         221
  C:400AH         LINE#         222
  C:4010H         LINE#         223
  C:4015H         LINE#         224
  C:401BH         LINE#         225
  C:401FH         LINE#         228
  C:4022H         LINE#         230
  C:4022H         LINE#         232
  -------         ENDPROC       LCD_INITIALIZTION
  -------         PROC          _LCD_CLEAR
  X:0021H         SYMBOL        Color
  -------         DO            
  X:0023H         SYMBOL        index
  X:0027H         SYMBOL        i
  -------         ENDDO         
  C:5570H         LINE#         245
  C:5578H         LINE#         246
  C:5578H         LINE#         247
  C:5580H         LINE#         248
  C:5588H         LINE#         249
  C:558BH         LINE#         251
  C:55B0H         LINE#         252
  C:55B0H         LINE#         253
  C:55D4H         LINE#         254
  C:55D4H         LINE#         255
  C:55D7H         LINE#         256
  C:55DAH         LINE#         257
  C:55FBH         LINE#         258
  C:561DH         LINE#         259
  -------         ENDPROC       _LCD_CLEAR
  C:5C60H         SYMBOL        L?0104
  C:5C68H         SYMBOL        L?0105
  C:5C6EH         SYMBOL        L?0106
BL51 BANKED LINKER/LOCATER V6.22                                                      07/19/2015  22:15:14  PAGE 36


  -------         PROC          L?0103
  -------         ENDPROC       L?0103
  C:5C60H         SYMBOL        L?0104
  C:5C68H         SYMBOL        L?0105
  C:5C6EH         SYMBOL        L?0106
  -------         PROC          _LCD_SETPOINT
  X:0283H         SYMBOL        Xpos
  D:0004H         SYMBOL        Ypos
[...]
  C:581CH         PUBLIC        ftinfo
  D:00A8H         PUBLIC        IE
  D:00B8H         PUBLIC        IP
  C:44E0H         PUBLIC        _Show_Font
  D:00D8H         PUBLIC        CCON
  X:02F0H         PUBLIC        W25Qxx_TYPE
  D:0098H         PUBLIC        SCON
  D:0088H         PUBLIC        TCON
  B:0080H.1       PUBLIC        W25Qxx_CLK
  C:4358H         PUBLIC        _Show_Str
  C:5868H         SYMBOL        _?ix1000
  C:6017H         PUBLIC        font_init
  C:61EDH         PUBLIC        W25Qxx_Read_Byte
  C:5B28H         PUBLIC        _W25Qxx_Read
  C:5FACH         PUBLIC        _W25Qxx_Write_Byte
  C:3C2BH         PUBLIC        _Get_HzMat
  C:3701H         PUBLIC        _Show_ASCII
  C:5DDCH         PUBLIC        W25Qxx_ReadID
  B:0080H.2       PUBLIC        W25Qxx_DI
  B:0080H.3       PUBLIC        W25Qxx_DO
  B:00A0H.4       PUBLIC        W25Qxx_CS
  D:00D0H         PUBLIC        PSW
  -------         PROC          L?0121
  -------         ENDPROC       L?0121
  -------         PROC          _W25QXX_WRITE_BYTE
  D:0007H         SYMBOL        value
  -------         DO            
  D:0006H         SYMBOL        i
  -------         ENDDO         
  C:5FACH         LINE#         32
  C:5FACH         LINE#         33
  C:5FACH         LINE#         35
  C:5FAEH         LINE#         36
  C:5FAEH         LINE#         37
  C:5FB2H         LINE#         38
  C:5FB6H         LINE#         40
  C:5FB8H         LINE#         42
  C:5FBAH         LINE#         43
  C:5FBEH         LINE#         44
  C:5FC0H         LINE#         45
  C:5FC5H         LINE#         46
  -------         ENDPROC       _W25QXX_WRITE_BYTE
  -------         PROC          W25QXX_READ_BYTE
  -------         DO            
  D:0007H         SYMBOL        temp
  D:0006H         SYMBOL        tt
  D:0005H         SYMBOL        i
  -------         ENDDO         
  C:61EDH         LINE#         53
  C:61EDH         LINE#         54
  C:61EDH         LINE#         55
BL51 BANKED LINKER/LOCATER V6.22                                                      07/19/2015  22:15:14  PAGE 51


  C:61EFH         LINE#         56
  C:61EFH         LINE#         59
  C:61F0H         LINE#         60
  C:61F0H         LINE#         61
  C:61F2H         LINE#         62
  C:61F4H         LINE#         63
  C:61F9H         LINE#         64
  C:61FEH         LINE#         65
  C:6203H         LINE#         66
  C:6203H         LINE#         67
  -------         ENDPROC       W25QXX_READ_BYTE
  -------         PROC          W25QXX_READID
  -------         DO            
  X:0014H         SYMBOL        Temp
  -------         ENDDO         
  C:5DDCH         LINE#         73
  C:5DDCH         LINE#         74
  C:5DDCH         LINE#         75
  C:5DE3H         LINE#         76
  C:5DE5H         LINE#         77
  C:5DEAH         LINE#         78
  C:5DEFH         LINE#         79
  C:5DF4H         LINE#         80
  C:5DF9H         LINE#         81
  C:5E07H         LINE#         82
  C:5E1CH         LINE#         83
  C:5E1EH         LINE#         84
  C:5E1EH         LINE#         85
  -------         ENDPROC       W25QXX_READID
  -------         PROC          W25QXX_WRITE_DISABLE
  C:6344H         LINE#         90
  C:6344H         LINE#         91
  C:6344H         LINE#         92
  C:6346H         LINE#         93
  C:634BH         LINE#         94
  C:634DH         LINE#         95
  -------         ENDPROC       W25QXX_WRITE_DISABLE
  -------         PROC          _W25QXX_READ
  X:0291H         SYMBOL        pBuffer
  X:0294H         SYMBOL        ReadAddr
  X:0298H         SYMBOL        NumByteToRead
  -------         DO            
  X:029AH         SYMBOL        i
  -------         ENDDO         
  C:5B28H         LINE#         103
  C:5B37H         LINE#         104
  C:5B37H         LINE#         106
  C:5B39H         LINE#         107
  C:5B3BH         LINE#         108
  C:5B40H         LINE#         109
  C:5B45H         LINE#         110
  C:5B4AH         LINE#         111
  C:5B55H         LINE#         112
  C:5B71H         LINE#         113
  C:5B71H         LINE#         114
  C:5B8EH         LINE#         115
  C:5B9EH         LINE#         116
BL51 BANKED LINKER/LOCATER V6.22                                                      07/19/2015  22:15:14  PAGE 52


  C:5BA0H         LINE#         117
  -------         ENDPROC       _W25QXX_READ
  -------         PROC          FONT_INIT
  C:6017H         LINE#         123
  C:6017H         LINE#         124
  C:6017H         LINE#         125
  C:601AH         LINE#         126
  C:6025H         LINE#         127
  C:603AH         LINE#         128
  C:603CH         LINE#         129
  C:603EH         LINE#         130
  -------         ENDPROC       FONT_INIT
  -------         PROC          _GET_HZMAT
  X:0283H         SYMBOL        gbcode
  X:0286H         SYMBOL        mat
  X:0289H         SYMBOL        gbsize
  -------         DO            
  X:028AH         SYMBOL        qh
  X:028BH         SYMBOL        ql
  X:028CH         SYMBOL        i
  X:028DH         SYMBOL        foffset
  -------         ENDDO         
  C:3C2BH         LINE#         137
  C:3C36H         LINE#         138
  C:3C36H         LINE#         142
  C:3C3EH         LINE#         143
  C:3C55H         LINE#         144
  C:3C6CH         LINE#         145
  C:3C6CH         LINE#         146
  C:3CA9H         LINE#         148
  C:3CA9H         LINE#         149
  C:3CB8H         LINE#         150
  C:3CBFH         LINE#         151
  C:3CC6H         LINE#         153
  C:3CCEH         LINE#         154
  C:3CCEH         LINE#         155
  C:3D04H         LINE#         156
  C:3D2AH         LINE#         157
  C:3D2DH         LINE#         158
  C:3D35H         LINE#         159
  C:3D35H         LINE#         160
  C:3D6BH         LINE#         161
  C:3D91H         LINE#         162
  C:3D94H         LINE#         163
  C:3D9CH         LINE#         164
  C:3D9CH         LINE#         165
  C:3DD2H         LINE#         166
  C:3DF8H         LINE#         167
  C:3DFAH         LINE#         168
  C:3E02H         LINE#         169
  C:3E02H         LINE#         170
  C:3E38H         LINE#         171
  C:3E6DH         LINE#         172
  C:3E6DH         LINE#         173
  -------         ENDPROC       _GET_HZMAT
  -------         PROC          _SHOW_ASCII
  X:016DH         SYMBOL        x
BL51 BANKED LINKER/LOCATER V6.22                                                      07/19/2015  22:15:14  PAGE 53


  X:016FH         SYMBOL        y
  X:0171H         SYMBOL        num
  X:0172H         SYMBOL        gbsize
  X:0173H         SYMBOL        p_color
  X:0175H         SYMBOL        b_color
  -------         DO            
  X:0177H         SYMBOL        temp
  X:0178H         SYMBOL        t1
  X:0179H         SYMBOL        t
  X:017AH         SYMBOL        max_t
  X:017BH         SYMBOL        mat
  X:01BCH         SYMBOL        y0
  X:01BEH         SYMBOL        temp_addr
  X:01C2H         SYMBOL        offset
  -------         ENDDO         
  C:3701H         LINE#         180
  C:3712H         LINE#         181
  C:3712H         LINE#         183
  C:3725H         LINE#         184
  C:3734H         LINE#         186
  C:3748H         LINE#         188
  C:374FH         LINE#         189
  C:374FH         LINE#         190
  C:376CH         LINE#         191
  C:3772H         LINE#         192
  C:3775H         LINE#         193
  C:3778H         LINE#         194
  C:377FH         LINE#         195
  C:377FH         LINE#         196
  C:379CH         LINE#         197
  C:37A2H         LINE#         198
  C:37A5H         LINE#         199
  C:37A8H         LINE#         200
  C:37AFH         LINE#         201
  C:37AFH         LINE#         202
  C:37CCH         LINE#         203
  C:37D2H         LINE#         204
  C:37D5H         LINE#         205
  C:37D7H         LINE#         206
  C:37DEH         LINE#         207
  C:37DEH         LINE#         208
  C:37FBH         LINE#         209
  C:3801H         LINE#         210
  C:3804H         LINE#         211
  C:3806H         LINE#         213
  C:380DH         LINE#         214
  C:380DH         LINE#         215
  C:382AH         LINE#         216
  C:3830H         LINE#         217
  C:383CH         LINE#         218
  C:383CH         LINE#         220
  C:3876H         LINE#         222
  C:388CH         LINE#         223
  C:388CH         LINE#         224
  C:389BH         LINE#         225
  C:38ABH         LINE#         226
  C:38ABH         LINE#         227
BL51 BANKED LINKER/LOCATER V6.22                                                      07/19/2015  22:15:14  PAGE 54


  C:38B3H         LINE#         228
  C:38B3H         LINE#         229
  C:38C4H         LINE#         230
  C:38C6H         LINE#         232
  C:38F2H         LINE#         233
  C:38F4H         LINE#         235
  C:38F4H         LINE#         236
  C:390AH         LINE#         237
  C:3922H         LINE#         239
  C:3944H         LINE#         240
  C:3944H         LINE#         242
  C:3952H         LINE#         243
  C:3962H         LINE#         245
  C:397EH         LINE#         246
  C:397EH         LINE#         247
  C:3986H         LINE#         248
  C:3994H         LINE#         249
  C:39A4H         LINE#         251
  C:39A4H         LINE#         252
  C:39ADH         LINE#         253
  C:39B6H         LINE#         254
  -------         ENDPROC       _SHOW_ASCII
  -------         PROC          _SHOW_FONT
  X:016DH         SYMBOL        x
  X:016FH         SYMBOL        y
  D:0001H         SYMBOL        font
  X:0174H         SYMBOL        gbsize
  X:0175H         SYMBOL        p_color
  X:0177H         SYMBOL        b_color
  -------         DO            
  X:0179H         SYMBOL        temp
  X:017BH         SYMBOL        t
  X:017DH         SYMBOL        t1
  X:017FH         SYMBOL        max_t
  X:0181H         SYMBOL        y0
  X:0183H         SYMBOL        dzk
  -------         ENDDO         
  C:44E0H         LINE#         262
  C:44EEH         LINE#         263
  C:44EEH         LINE#         265
  C:44F6H         LINE#         267
  C:4511H         LINE#         270
  C:4525H         LINE#         272
  C:4538H         LINE#         273
  C:4547H         LINE#         274
  C:4556H         LINE#         277
  C:4576H         LINE#         278
  C:4576H         LINE#         279
  C:458AH         LINE#         280
  C:4591H         LINE#         281
  C:4591H         LINE#         282
  C:4598H         LINE#         283
  C:4598H         LINE#         284
  C:45AEH         LINE#         285
  C:45B0H         LINE#         287
  C:45B0H         LINE#         288
  C:45D2H         LINE#         289
BL51 BANKED LINKER/LOCATER V6.22                                                      07/19/2015  22:15:14  PAGE 55


  C:45D2H         LINE#         291
  C:45DFH         LINE#         292
  C:45EDH         LINE#         293
  C:460FH         LINE#         294
  C:460FH         LINE#         295
  C:4617H         LINE#         296
  C:4625H         LINE#         297
  C:4627H         LINE#         298
  C:4627H         LINE#         299
  C:4647H         LINE#         300
  C:4658H         LINE#         301
  -------         ENDPROC       _SHOW_FONT
  -------         PROC          _SHOW_STR
  X:0160H         SYMBOL        x
  X:0162H         SYMBOL        y
  X:0164H         SYMBOL        str
  X:0167H         SYMBOL        gbsize
  X:0168H         SYMBOL        p_color
  X:016AH         SYMBOL        b_color
  -------         DO            
  X:016CH         SYMBOL        bHz
  -------         ENDDO         
  C:4358H         LINE#         309
  C:436FH         LINE#         310
  C:436FH         LINE#         311
  C:4374H         LINE#         312
  C:4388H         LINE#         313
  C:4388H         LINE#         314
  C:4391H         LINE#         315
  C:4391H         LINE#         316
  C:4397H         LINE#         317
  C:439CH         LINE#         319
  C:439CH         LINE#         320
  C:43AFH         LINE#         321
  C:43E4H         LINE#         322
  C:43EEH         LINE#         324
  C:43F6H         LINE#         325
  C:43FEH         LINE#         327
  C:440FH         LINE#         329
  C:4421H         LINE#         330
  C:4421H         LINE#         331
  C:442BH         LINE#         332
  C:443CH         LINE#         333
  C:443CH         LINE#         334
  C:443CH         LINE#         335
  C:443CH         LINE#         336
  C:443FH         LINE#         338
  C:443FH         LINE#         339
  C:4444H         LINE#         341
  C:4457H         LINE#         343
  C:4491H         LINE#         344
  C:449BH         LINE#         345
  C:44AEH         LINE#         347
  C:44BEH         LINE#         348
  C:44BEH         LINE#         349
  C:44C9H         LINE#         350
  C:44D5H         LINE#         351
BL51 BANKED LINKER/LOCATER V6.22                                                      07/19/2015  22:15:14  PAGE 56


  C:44DCH         LINE#         352
  C:44DCH         LINE#         353
  C:44DCH         LINE#         354
  C:44DFH         LINE#         355
  -------         ENDPROC       _SHOW_STR
  -------         ENDMOD        W25QXX

  -------         MODULE        MAIN
  C:0000H         SYMBOL        _ICE_DUMMY_
  D:0080H         PUBLIC        P0
  D:0090H         PUBLIC        P1
  D:00A0H         PUBLIC        P2
  D:00A8H         PUBLIC        IE
  D:00B8H         PUBLIC        IP
  D:00D8H         PUBLIC        CCON
  C:6084H         PUBLIC        main
  D:0098H         PUBLIC        SCON
  D:0088H         PUBLIC        TCON
  D:00D0H         PUBLIC        PSW
  -------         PROC          MAIN
  C:6084H         LINE#         18
  C:6084H         LINE#         19
  C:6084H         LINE#         21
  C:6087H         LINE#         22
  C:608AH         LINE#         23
  C:608DH         LINE#         24
  C:6090H         LINE#         25
  C:6093H         LINE#         26
  C:6098H         LINE#         27
  C:609BH         LINE#         29
  C:609EH         LINE#         30
  C:60A1H         LINE#         36
  -------         ENDPROC       MAIN
  -------         ENDMOD        MAIN

  -------         MODULE        ?C?FPADD
  C:004DH         PUBLIC        ?C?FPADD
  C:0049H         PUBLIC        ?C?FPSUB
  -------         ENDMOD        ?C?FPADD

  -------         MODULE        ?C?FPMUL
  C:013EH         PUBLIC        ?C?FPMUL
  -------         ENDMOD        ?C?FPMUL

  -------         MODULE        ?C?FPDIV
  C:0247H         PUBLIC        ?C?FPDIV
  -------         ENDMOD        ?C?FPDIV

  -------         MODULE        ?C?FPCMP
  C:02E6H         PUBLIC        ?C?FPCMP
  C:02E4H         PUBLIC        ?C?FPCMP3
  -------         ENDMOD        ?C?FPCMP

  -------         MODULE        ?C?FCAST
  C:0367H         PUBLIC        ?C?FCASTC
  C:0362H         PUBLIC        ?C?FCASTI
  C:035DH         PUBLIC        ?C?FCASTL
BL51 BANKED LINKER/LOCATER V6.22                                                      07/19/2015  22:15:14  PAGE 57


  -------         ENDMOD        ?C?FCAST

  -------         MODULE        ?C?CASTF
  C:039BH         PUBLIC        ?C?CASTF
  -------         ENDMOD        ?C?CASTF

  -------         MODULE        PRINTF
  X:0019H         PUBLIC        ?_PRINTF?BYTE
  X:0019H         PUBLIC        ?_SPRINTF?BYTE
  C:22ACH         PUBLIC        _PRINTF
  C:22A6H         PUBLIC        _SPRINTF
  -------         ENDMOD        PRINTF

  -------         MODULE        SQRT
  C:5622H         PUBLIC        _SQRT
  -------         ENDMOD        SQRT

  -------         MODULE        ?C?FPROUND
  C:041CH         PUBLIC        ?C?FPROUND
  -------         ENDMOD        ?C?FPROUND

  -------         MODULE        ?C?FPCONVERT
  C:0459H         PUBLIC        ?C?FPCONVERT
  -------         ENDMOD        ?C?FPCONVERT

  -------         MODULE        ?C?FTNPWR
  C:058EH         PUBLIC        ?C?FTNPWR
  -------         ENDMOD        ?C?FTNPWR

  -------         MODULE        ?C?COPY
  C:069EH         PUBLIC        ?C?COPY
  -------         ENDMOD        ?C?COPY

  -------         MODULE        ?C?CLDPTR
  C:06C4H         PUBLIC        ?C?CLDPTR
  -------         ENDMOD        ?C?CLDPTR

  -------         MODULE        ?C?CLDOPTR
  C:06DDH         PUBLIC        ?C?CLDOPTR
  -------         ENDMOD        ?C?CLDOPTR

  -------         MODULE        ?C?CSTPTR
  C:070AH         PUBLIC        ?C?CSTPTR
  -------         ENDMOD        ?C?CSTPTR

  -------         MODULE        ?C?CSTOPTR
  C:071CH         PUBLIC        ?C?CSTOPTR
  -------         ENDMOD        ?C?CSTOPTR

  -------         MODULE        ?C?UIDIV
  C:073EH         PUBLIC        ?C?UIDIV
  -------         ENDMOD        ?C?UIDIV

  -------         MODULE        ?C?IILDX
  C:0793H         PUBLIC        ?C?IILDX
  -------         ENDMOD        ?C?IILDX

BL51 BANKED LINKER/LOCATER V6.22                                                      07/19/2015  22:15:14  PAGE 58


  -------         MODULE        ?C?ILDIX
  C:07A9H         PUBLIC        ?C?ILDIX
  -------         ENDMOD        ?C?ILDIX

  -------         MODULE        ?C?ILDPTR
  C:07BFH         PUBLIC        ?C?ILDPTR
  -------         ENDMOD        ?C?ILDPTR

  -------         MODULE        ?C?ISTPTR
  C:07EAH         PUBLIC        ?C?ISTPTR
  -------         ENDMOD        ?C?ISTPTR

  -------         MODULE        ?C?LMUL
  C:0809H         PUBLIC        ?C?LMUL
  -------         ENDMOD        ?C?LMUL

  -------         MODULE        ?C?LNEG
  C:0858H         PUBLIC        ?C?LNEG
  -------         ENDMOD        ?C?LNEG

  -------         MODULE        ?C?ULCMP
  C:0866H         PUBLIC        ?C?ULCMP
  -------         ENDMOD        ?C?ULCMP

  -------         MODULE        ?C?ULSHR
  C:0877H         PUBLIC        ?C?ULSHR
  -------         ENDMOD        ?C?ULSHR

  -------         MODULE        ?C?LLDXDATA
  C:088AH         PUBLIC        ?C?LLDXDATA
  -------         ENDMOD        ?C?LLDXDATA

  -------         MODULE        ?C?LLDCODE
  C:0896H         PUBLIC        ?C?LLDCODE
  -------         ENDMOD        ?C?LLDCODE

  -------         MODULE        ?C?LLDCODE0
  C:08A6H         PUBLIC        ?C?LLDCODE0
  -------         ENDMOD        ?C?LLDCODE0

  -------         MODULE        ?C?LSTXDATA
  C:08B6H         PUBLIC        ?C?LSTXDATA
  -------         ENDMOD        ?C?LSTXDATA

  -------         MODULE        ?C?LSTKXDATA
  C:08C2H         PUBLIC        ?C?LSTKXDATA
  -------         ENDMOD        ?C?LSTKXDATA

  -------         MODULE        ?C?PLDIXDATA
  C:08F3H         PUBLIC        ?C?PLDIXDATA
  -------         ENDMOD        ?C?PLDIXDATA

  -------         MODULE        ?C?PSTXDATA
  C:090AH         PUBLIC        ?C?PSTXDATA
  -------         ENDMOD        ?C?PSTXDATA

  -------         MODULE        ?C?CCASE
BL51 BANKED LINKER/LOCATER V6.22                                                      07/19/2015  22:15:14  PAGE 59


  C:0913H         PUBLIC        ?C?CCASE
  -------         ENDMOD        ?C?CCASE

  -------         MODULE        ?C?ICASE
  C:0939H         PUBLIC        ?C?ICASE
  -------         ENDMOD        ?C?ICASE

  -------         MODULE        ?C?ICALL
  C:0966H         PUBLIC        ?C?ICALL
  C:096AH         PUBLIC        ?C?ICALL2
  -------         ENDMOD        ?C?ICALL

  -------         MODULE        ?C?LIMUL
  C:096CH         PUBLIC        ?C?LIMUL
  -------         ENDMOD        ?C?LIMUL

  -------         MODULE        ABS
  C:6323H         PUBLIC        _ABS
  -------         ENDMOD        ABS

  -------         MODULE        ?C?STRCMP
  C:0B17H         PUBLIC        ?C?STRCMP
  -------         ENDMOD        ?C?STRCMP

  -------         MODULE        STRLEN
  C:6259H         PUBLIC        _STRLEN
  -------         ENDMOD        STRLEN

Program Size: data=15.3 xdata=755 code=25457
LINK/LOCATE RUN COMPLETE.  0 WARNING(S),  0 ERROR(S)
