BL51 BANKED LINKER/LOCATER V6.22                                                        06/18/2015  18:41:56  PAGE 1


BL51 BANKED LINKER/LOCATER V6.22, INVOKED BY:
D:\KEIL\C51\BIN\BL51.EXE .\Object\STARTUP.obj, .\Object\main.obj, .\Object\W25Qxx.obj, .\Object\HX8347D.obj, .\Object\To
>> uch.obj, .\Object\ds1302.obj, .\Object\timer.obj, .\Object\GUI.obj, .\Object\18b20.obj, .\Object\uart.obj TO .\Object
>> \×ÏÒ«OS PRINT (.\Lst\×ÏÒ«OS.m51) RAMSIZE (256)




PROGRAM RECURSIONS REMOVED FROM CALL TREE
=========================================
+--> ?PR?DESKTOP?GUI
|  | ?PR?CALENDAR?GUI
<--+ ?PR?SSTMTIME?GUI


+--> ?PR?CALENDAR?GUI
<--+ ?PR?SSTMTIME?GUI


+--> ?PR?DESKTOP?GUI
|  | ?PR?CALENDAR?GUI
|  | ?PR?SSTMTIME?GUI
<--+ ?PR?_GUIDDO?GUI


+--> ?PR?DESKTOP?GUI
<--+ ?PR?CALENDAR?GUI


+--> ?PR?DESKTOP?GUI
<--+ ?PR?TEMPERT?GUI


+--> ?PR?DESKTOP?GUI
<--+ ?PR?PICBOX?GUI



MEMORY MODEL: LARGE WITH FLOATING POINT ARITHMETIC


INPUT MODULES INCLUDED:
  .\Object\STARTUP.obj (?C_STARTUP)
  .\Object\main.obj (MAIN)
  .\Object\W25Qxx.obj (W25QXX)
  .\Object\HX8347D.obj (HX8347D)
  .\Object\Touch.obj (TOUCH)
  .\Object\ds1302.obj (DS1302)
  .\Object\timer.obj (TIMER)
  .\Object\GUI.obj (GUI)
  .\Object\18b20.obj (18B20)
  .\Object\uart.obj (UART)
  D:\KEIL\C51\LIB\C51FPL.LIB (?C?FPADD)
  D:\KEIL\C51\LIB\C51FPL.LIB (?C?FPMUL)
  D:\KEIL\C51\LIB\C51FPL.LIB (?C?FPDIV)
  D:\KEIL\C51\LIB\C51FPL.LIB (?C?FPCMP)
  D:\KEIL\C51\LIB\C51FPL.LIB (?C?FCAST)
  D:\KEIL\C51\LIB\C51FPL.LIB (?C?CASTF)
BL51 BANKED LINKER/LOCATER V6.22                                                      06/18/2015  18:41:56  PAGE 2


  D:\KEIL\C51\LIB\C51FPL.LIB (PRINTF)
  D:\KEIL\C51\LIB\C51FPL.LIB (SQRT)
  D:\KEIL\C51\LIB\C51FPL.LIB (?C?FPGETOPN)
  D:\KEIL\C51\LIB\C51FPL.LIB (?C?FPROUND)
  D:\KEIL\C51\LIB\C51FPL.LIB (?C?FPCONVERT)
  D:\KEIL\C51\LIB\C51FPL.LIB (?C?FTNPWR)
  D:\KEIL\C51\LIB\C51L.LIB (?C_INIT)
  D:\KEIL\C51\LIB\C51L.LIB (?C?COPY)
  D:\KEIL\C51\LIB\C51L.LIB (?C?CLDPTR)
  D:\KEIL\C51\LIB\C51L.LIB (?C?CLDOPTR)
  D:\KEIL\C51\LIB\C51L.LIB (?C?CSTPTR)
  D:\KEIL\C51\LIB\C51L.LIB (?C?CSTOPTR)
  D:\KEIL\C51\LIB\C51L.LIB (?C?UIDIV)
  D:\KEIL\C51\LIB\C51L.LIB (?C?IILDX)
  D:\KEIL\C51\LIB\C51L.LIB (?C?ILDIX)
  D:\KEIL\C51\LIB\C51L.LIB (?C?ILDPTR)
  D:\KEIL\C51\LIB\C51L.LIB (?C?ISTPTR)
  D:\KEIL\C51\LIB\C51L.LIB (?C?LMUL)
  D:\KEIL\C51\LIB\C51L.LIB (?C?LNEG)
  D:\KEIL\C51\LIB\C51L.LIB (?C?ULCMP)
  D:\KEIL\C51\LIB\C51L.LIB (?C?ULSHR)
  D:\KEIL\C51\LIB\C51L.LIB (?C?LLDXDATA)
  D:\KEIL\C51\LIB\C51L.LIB (?C?LLDCODE)
  D:\KEIL\C51\LIB\C51L.LIB (?C?LLDCODE0)
  D:\KEIL\C51\LIB\C51L.LIB (?C?LSTXDATA)
  D:\KEIL\C51\LIB\C51L.LIB (?C?LSTKXDATA)
  D:\KEIL\C51\LIB\C51L.LIB (?C?PLDIXDATA)
  D:\KEIL\C51\LIB\C51L.LIB (?C?PSTXDATA)
  D:\KEIL\C51\LIB\C51L.LIB (?C?CCASE)
  D:\KEIL\C51\LIB\C51L.LIB (?C?ICASE)
  D:\KEIL\C51\LIB\C51L.LIB (?C?ICALL)
  D:\KEIL\C51\LIB\C51L.LIB (?C?LIMUL)
  D:\KEIL\C51\LIB\C51L.LIB (ABS)
  D:\KEIL\C51\LIB\C51L.LIB (STRLEN)


LINK MAP OF MODULE:  .\Object\×ÏÒ«OS (?C_STARTUP)


            TYPE    BASE      LENGTH    RELOCATION   SEGMENT NAME
            -----------------------------------------------------

            * * * * * * *   D A T A   M E M O R Y   * * * * * * *
            REG     0000H     0008H     ABSOLUTE     "REG BANK 0"
            DATA    0008H     0005H     UNIT         _DATA_GROUP_
                    000DH     0013H                  *** GAP ***
            BIT     0020H.0   0001H.1   UNIT         _BIT_GROUP_
            BIT     0021H.1   0000H.1   UNIT         ?BI?UART
                    0021H.2   0000H.6                *** GAP ***
            IDATA   0022H     0001H     UNIT         ?STACK

            * * * * * * *  X D A T A   M E M O R Y  * * * * * * *
            XDATA   0000H     016CH     UNIT         _XDATA_GROUP_
            XDATA   016CH     0021H     UNIT         ?XD?TOUCH
            XDATA   018DH     001AH     UNIT         ?XD?GUI
            XDATA   01A7H     0017H     UNIT         ?XD?UART
            XDATA   01BEH     0002H     UNIT         ?XD?W25QXX
BL51 BANKED LINKER/LOCATER V6.22                                                      06/18/2015  18:41:56  PAGE 3


            XDATA   01C0H     0002H     UNIT         ?XD?HX8347D
            XDATA   01C2H     0001H     UNIT         ?XD?TIMER

            * * * * * * *   C O D E   M E M O R Y   * * * * * * *
            CODE    0000H     0003H     ABSOLUTE     
            CODE    0003H     0006H     UNIT         ?CO?18B20
                    0009H     0002H                  *** GAP ***
            CODE    000BH     0003H     ABSOLUTE     
            CODE    000EH     0033H     UNIT         ?PR?TP_DEFAULT_ADJ?TOUCH
                    0041H     0002H                  *** GAP ***
            CODE    0043H     0003H     ABSOLUTE     
            CODE    0046H     0947H     UNIT         ?C?LIB_CODE
            CODE    098DH     0887H     UNIT         ?PR?SSTMTIME?GUI
            CODE    1214H     087AH     UNIT         ?PR?TP_ADJUST?TOUCH
            CODE    1A8EH     05F0H     UNIT         ?CO?HX8347D
            CODE    207EH     0483H     UNIT         ?PR?PRINTF?PRINTF
            CODE    2501H     0462H     UNIT         ?PR?DESKTOP?GUI
            CODE    2963H     02E2H     UNIT         ?PR?_LCD_DRAWEBOX?HX8347D
            CODE    2C45H     02B6H     UNIT         ?PR?_SHOW_ASCII?W25QXX
            CODE    2EFBH     02B6H     UNIT         ?PR?PICBOX?GUI
            CODE    31B1H     0274H     UNIT         ?PR?_LCD_DRAWLINE?HX8347D
            CODE    3425H     0243H     UNIT         ?PR?_GET_HZMAT?W25QXX
            CODE    3668H     01E5H     UNIT         ?PR?START_CHECK?GUI
            CODE    384DH     01BBH     UNIT         ?PR?LCD_INITIALIZTION?HX8347D
            CODE    3A08H     0192H     UNIT         ?PR?_TP_READ_XOY?TOUCH
            CODE    3B9AH     0188H     UNIT         ?PR?_SHOW_STR?W25QXX
            CODE    3D22H     0186H     UNIT         ?PR?CALENDAR?GUI
            CODE    3EA8H     0179H     UNIT         ?PR?_SHOW_FONT?W25QXX
            CODE    4021H     016FH     UNIT         ?CO?GUI
            CODE    4190H     014CH     UNIT         ?PR?_GUIDDO?GUI
            CODE    42DCH     0145H     UNIT         ?PR?_TP_READ_XY2?TOUCH
            CODE    4421H     0141H     UNIT         ?PR?_TP_DROW_TOUCH_POINT?TOUCH
            CODE    4562H     013CH     UNIT         ?PR?_SHOW_PICTURE?HX8347D
            CODE    469EH     011EH     UNIT         ?PR?_GETTIME?DS1302
            CODE    47BCH     0109H     UNIT         ?PR?TEMPERT?GUI
            CODE    48C5H     0107H     UNIT         ?PR?_PUTCHAR?HX8347D
            CODE    49CCH     0105H     UNIT         ?PR?GUIDSHOW?GUI
            CODE    4AD1H     00F7H     UNIT         ?PR?_TP_SCAN?TOUCH
            CODE    4BC8H     00E0H     UNIT         ?PR?_LCD_DRAWBOX?HX8347D
            CODE    4CA8H     00CFH     UNIT         ?PR?_DS1302_WRITE_TIME?DS1302
            CODE    4D77H     00BEH     UNIT         ?PR?_GET_CLICK?GUI
            CODE    4E35H     00B6H     UNIT         ?PR?_GUI_TEXT?HX8347D
            CODE    4EEBH     00AEH     UNIT         ?PR?_LCD_CLEAR?HX8347D
            CODE    4F99H     00ACH     UNIT         ?PR?SQRT?SQRT
            CODE    5045H     00A8H     UNIT         ?PR?_DS1302_READ_TIME?DS1302
            CODE    50EDH     008DH     UNIT         ?CO?W25QXX
            CODE    517AH     008CH     UNIT         ?C_C51STARTUP
            CODE    5206H     007EH     UNIT         ?PR?_TP_DRAW_BIG_POINT?TOUCH
            CODE    5284H     007DH     UNIT         ?PR?_ALERT?GUI
            CODE    5301H     0079H     UNIT         ?PR?_W25QXX_READ?W25QXX
            CODE    537AH     0071H     UNIT         ?PR?TIMER_ROUTINE?TIMER
            CODE    53EBH     006CH     UNIT         ?PR?UART_INTERRUPT?UART
            CODE    5457H     0051H     UNIT         ?C_INITSEG
            CODE    54A8H     0050H     UNIT         ?PR?_LCD_SETPOINT?HX8347D
            CODE    54F8H     004FH     UNIT         ?PR?_TP_READ_XY?TOUCH
            CODE    5547H     004EH     UNIT         ?PR?_TP_READ_AD?TOUCH
            CODE    5595H     0047H     UNIT         ?PR?_READ1302?DS1302
BL51 BANKED LINKER/LOCATER V6.22                                                      06/18/2015  18:41:56  PAGE 4


            CODE    55DCH     0043H     UNIT         ?PR?W25QXX_READID?W25QXX
            CODE    561FH     0040H     UNIT         ?PR?_READTEMPERATURE?18B20
            CODE    565FH     003CH     UNIT         ?PR?_WRITE1302?DS1302
            CODE    569BH     003AH     UNIT         ?PR?_LCD_SETCURSOR?HX8347D
            CODE    56D5H     003AH     UNIT         ?PR?READ18B20?18B20
            CODE    570FH     002EH     UNIT         ?PR?START_LOGO?GUI
            CODE    573DH     002BH     UNIT         ?PR?_W25QXX_WRITE_BYTE?W25QXX
            CODE    5768H     002BH     UNIT         ?PR?_DELAY_MS?HX8347D
            CODE    5793H     0029H     UNIT         ?PR?CLOCK?GUI
            CODE    57BCH     0028H     UNIT         ?PR?FONT_INIT?W25QXX
            CODE    57E4H     0028H     UNIT         ?PR?INIT_DS18B20?18B20
            CODE    580CH     0020H     UNIT         ?PR?_DELAY_MS?GUI
            CODE    582CH     001EH     UNIT         ?PR?INITUART?UART
            CODE    584AH     001DH     UNIT         ?PR?MAIN?MAIN
            CODE    5867H     001DH     UNIT         ?PR?_DELAY_US?TOUCH
            CODE    5884H     001DH     UNIT         ?PR?TP_INIT?TOUCH
            CODE    58A1H     001CH     UNIT         ?PR?READONECHAR?18B20
            CODE    58BDH     001CH     UNIT         ?PR?_WRITEONECHAR?18B20
            CODE    58D9H     001AH     UNIT         ?PR?_TP_WRITE_BYTE?TOUCH
            CODE    58F3H     0019H     UNIT         ?PR?_LCD_WR_DATA?HX8347D
            CODE    590CH     0018H     UNIT         ?PR?DELAY1MS?DS1302
            CODE    5924H     0017H     UNIT         ?PR?W25QXX_READ_BYTE?W25QXX
            CODE    593BH     0016H     UNIT         ?PR?DELAY40US?DS1302
            CODE    5951H     0015H     UNIT         ?PR?LCD_WRITERAM_PREPARE?HX8347D
            CODE    5966H     0015H     UNIT         ?PR?_STRLEN?STRLEN
            CODE    597BH     0014H     UNIT         ?PR?_DELAYUS2X?18B20
            CODE    598FH     0014H     UNIT         ?PR?_DELAYMS?18B20
            CODE    59A3H     0012H     UNIT         ?PR?DS1302_INIT?DS1302
            CODE    59B5H     0011H     UNIT         ?PR?_LCD_WRITEREG?HX8347D
            CODE    59C6H     0010H     UNIT         ?PR?TIMER0INIT?TIMER
            CODE    59D6H     000DH     UNIT         ?PR?_LCD_WR_REG?HX8347D
            CODE    59E3H     000CH     UNIT         ?PR?_ABS?ABS
            CODE    59EFH     000BH     UNIT         ?PR?_UART_SENDONEBYTE?UART
            CODE    59FAH     000AH     UNIT         ?PR?W25QXX_WRITE_DISABLE?W25QXX
            CODE    5A04H     0003H     UNIT         ?PR?_LCD_WRITERAM?HX8347D



OVERLAY MAP OF MODULE:   .\Object\×ÏÒ«OS (?C_STARTUP)


SEGMENT                                     BIT_GROUP          DATA_GROUP          XDATA_GROUP
  +--> CALLED SEGMENT                    START    LENGTH     START    LENGTH     START    LENGTH
------------------------------------------------------------------------------------------------
?C_C51STARTUP                            -----    -----      -----    -----      -----    -----
  +--> ?PR?MAIN?MAIN
  +--> ?C_INITSEG

?PR?MAIN?MAIN                            -----    -----      -----    -----      -----    -----
  +--> ?PR?LCD_INITIALIZTION?HX8347D
  +--> ?PR?FONT_INIT?W25QXX
  +--> ?PR?TP_INIT?TOUCH
  +--> ?PR?DS1302_INIT?DS1302
  +--> ?PR?TIMER0INIT?TIMER
  +--> ?PR?INITUART?UART
  +--> ?PR?START_CHECK?GUI
  +--> ?PR?START_LOGO?GUI
BL51 BANKED LINKER/LOCATER V6.22                                                      06/18/2015  18:41:56  PAGE 5


  +--> ?PR?DESKTOP?GUI

?PR?LCD_INITIALIZTION?HX8347D            -----    -----      -----    -----      -----    -----
  +--> ?PR?_DELAY_MS?HX8347D
  +--> ?PR?_LCD_WRITEREG?HX8347D

?PR?_DELAY_MS?HX8347D                    -----    -----      -----    -----      -----    -----
  +--> ?PR?_LCD_WRITEREG?HX8347D

?PR?_LCD_WRITEREG?HX8347D                -----    -----      -----    -----      -----    -----
  +--> ?PR?_LCD_WR_REG?HX8347D
  +--> ?PR?_LCD_WR_DATA?HX8347D

?PR?FONT_INIT?W25QXX                     -----    -----      -----    -----      -----    -----
  +--> ?PR?W25QXX_WRITE_DISABLE?W25QXX
  +--> ?PR?W25QXX_READID?W25QXX
  +--> ?CO?W25QXX

?PR?W25QXX_WRITE_DISABLE?W25QXX          -----    -----      -----    -----      -----    -----
  +--> ?PR?_W25QXX_WRITE_BYTE?W25QXX

?PR?W25QXX_READID?W25QXX                 -----    -----      -----    -----      0009H    0002H
  +--> ?PR?_W25QXX_WRITE_BYTE?W25QXX
  +--> ?PR?W25QXX_READ_BYTE?W25QXX

?PR?TP_INIT?TOUCH                        -----    -----      -----    -----      -----    -----
  +--> ?PR?_TP_READ_XY?TOUCH
  +--> ?PR?TP_DEFAULT_ADJ?TOUCH

?PR?_TP_READ_XY?TOUCH                    -----    -----      -----    -----      0020H    0008H
  +--> ?PR?_TP_READ_XOY?TOUCH

?PR?_TP_READ_XOY?TOUCH                   -----    -----      -----    -----      0028H    0010H
  +--> ?PR?_TP_READ_AD?TOUCH

?PR?_TP_READ_AD?TOUCH                    -----    -----      -----    -----      -----    -----
  +--> ?PR?_TP_WRITE_BYTE?TOUCH
  +--> ?PR?_DELAY_US?TOUCH

?PR?DS1302_INIT?DS1302                   -----    -----      -----    -----      -----    -----
  +--> ?PR?_WRITE1302?DS1302

?PR?_WRITE1302?DS1302                    -----    -----      -----    -----      -----    -----
  +--> ?PR?DELAY1MS?DS1302

?PR?INITUART?UART                        0020H.0  0000H.1    -----    -----      -----    -----

?PR?START_CHECK?GUI                      -----    -----      -----    -----      0002H    0007H
  +--> ?PR?_LCD_CLEAR?HX8347D
  +--> ?CO?GUI
  +--> ?PR?_GUI_TEXT?HX8347D
  +--> ?PR?W25QXX_READID?W25QXX
  +--> ?PR?_SHOW_STR?W25QXX
  +--> ?PR?_DELAY_MS?GUI
  +--> ?PR?_GETTIME?DS1302
  +--> ?PR?_READTEMPERATURE?18B20

BL51 BANKED LINKER/LOCATER V6.22                                                      06/18/2015  18:41:56  PAGE 6


?PR?_LCD_CLEAR?HX8347D                   -----    -----      -----    -----      0021H    000AH
  +--> ?PR?_LCD_SETCURSOR?HX8347D
  +--> ?PR?LCD_WRITERAM_PREPARE?HX8347D
  +--> ?PR?_LCD_WR_DATA?HX8347D

?PR?_LCD_SETCURSOR?HX8347D               -----    -----      -----    -----      -----    -----
  +--> ?PR?_LCD_WRITEREG?HX8347D

?PR?LCD_WRITERAM_PREPARE?HX8347D         -----    -----      -----    -----      -----    -----
  +--> ?PR?_LCD_SETCURSOR?HX8347D
  +--> ?PR?_LCD_WR_REG?HX8347D

?PR?_GUI_TEXT?HX8347D                    -----    -----      -----    -----      0150H    000BH
  +--> ?PR?_PUTCHAR?HX8347D

?PR?_PUTCHAR?HX8347D                     -----    -----      -----    -----      015BH    000DH
  +--> ?CO?HX8347D
  +--> ?PR?_LCD_SETPOINT?HX8347D

?PR?_LCD_SETPOINT?HX8347D                -----    -----      -----    -----      0168H    0004H
  +--> ?PR?LCD_WRITERAM_PREPARE?HX8347D
  +--> ?PR?_LCD_WRITERAM?HX8347D

?PR?_LCD_WRITERAM?HX8347D                -----    -----      -----    -----      -----    -----
  +--> ?PR?_LCD_WR_DATA?HX8347D

?PR?_SHOW_STR?W25QXX                     -----    -----      -----    -----      0014H    000DH
  +--> ?PR?_SHOW_ASCII?W25QXX
  +--> ?PR?_SHOW_FONT?W25QXX

?PR?_SHOW_ASCII?W25QXX                   -----    -----      -----    -----      0021H    0059H
  +--> ?CO?W25QXX
  +--> ?PR?_W25QXX_READ?W25QXX
  +--> ?PR?_LCD_SETPOINT?HX8347D

?PR?_W25QXX_READ?W25QXX                  -----    -----      -----    -----      0145H    000BH
  +--> ?PR?_W25QXX_WRITE_BYTE?W25QXX
  +--> ?PR?W25QXX_READ_BYTE?W25QXX

?PR?_SHOW_FONT?W25QXX                    -----    -----      -----    -----      0021H    0116H
  +--> ?PR?_GET_HZMAT?W25QXX
  +--> ?PR?_LCD_SETPOINT?HX8347D

?PR?_GET_HZMAT?W25QXX                    -----    -----      -----    -----      0137H    000EH
  +--> ?CO?W25QXX
  +--> ?PR?_W25QXX_READ?W25QXX

?PR?_GETTIME?DS1302                      -----    -----      -----    -----      000CH    000AH
  +--> ?PR?_DS1302_READ_TIME?DS1302

?PR?_DS1302_READ_TIME?DS1302             -----    -----      -----    -----      0016H    0003H
  +--> ?PR?DELAY40US?DS1302
  +--> ?PR?_READ1302?DS1302

?PR?DELAY40US?DS1302                     -----    -----      -----    -----      -----    -----
  +--> ?PR?_READ1302?DS1302

BL51 BANKED LINKER/LOCATER V6.22                                                      06/18/2015  18:41:56  PAGE 7


?PR?_READ1302?DS1302                     -----    -----      -----    -----      -----    -----
  +--> ?PR?DELAY1MS?DS1302

?PR?_READTEMPERATURE?18B20               -----    -----      -----    -----      000BH    0003H
  +--> ?PR?READ18B20?18B20
  +--> ?CO?18B20
  +--> ?PR?PRINTF?PRINTF

?PR?READ18B20?18B20                      -----    -----      -----    -----      -----    -----
  +--> ?PR?INIT_DS18B20?18B20
  +--> ?PR?_WRITEONECHAR?18B20
  +--> ?PR?_DELAYMS?18B20
  +--> ?PR?READONECHAR?18B20

?PR?INIT_DS18B20?18B20                   0020H.0  0000H.1    -----    -----      -----    -----
  +--> ?PR?_DELAYUS2X?18B20

?PR?_WRITEONECHAR?18B20                  -----    -----      -----    -----      -----    -----
  +--> ?PR?_DELAYUS2X?18B20

?PR?READONECHAR?18B20                    -----    -----      -----    -----      -----    -----
  +--> ?PR?_DELAYUS2X?18B20

?PR?PRINTF?PRINTF                        0020H.0  0001H.1    0008H    0005H      000EH    0030H
  +--> ?PR?_PUTCHAR?HX8347D

?PR?START_LOGO?GUI                       -----    -----      -----    -----      -----    -----
  +--> ?PR?_LCD_CLEAR?HX8347D
  +--> ?PR?_SHOW_PICTURE?HX8347D
  +--> ?PR?_DELAY_MS?GUI

?PR?_SHOW_PICTURE?HX8347D                -----    -----      -----    -----      0002H    0016H
  +--> ?PR?_LCD_SETCURSOR?HX8347D
  +--> ?PR?LCD_WRITERAM_PREPARE?HX8347D
  +--> ?PR?_W25QXX_WRITE_BYTE?W25QXX
  +--> ?PR?W25QXX_READ_BYTE?W25QXX
  +--> ?PR?_LCD_WR_DATA?HX8347D

?PR?DESKTOP?GUI                          -----    -----      -----    -----      0000H    0002H
  +--> ?PR?_LCD_CLEAR?HX8347D
  +--> ?PR?_SHOW_PICTURE?HX8347D
  +--> ?CO?GUI
  +--> ?PR?_SHOW_STR?W25QXX
  +--> ?PR?CLOCK?GUI
  +--> ?PR?_GET_CLICK?GUI
  +--> ?PR?CALENDAR?GUI
  +--> ?PR?TEMPERT?GUI
  +--> ?PR?START_CHECK?GUI
  +--> ?PR?PICBOX?GUI
  +--> ?PR?_ALERT?GUI

?PR?CLOCK?GUI                            -----    -----      -----    -----      -----    -----
  +--> ?PR?_GETTIME?DS1302
  +--> ?PR?_GUI_TEXT?HX8347D

?PR?_GET_CLICK?GUI                       -----    -----      -----    -----      000CH    0006H
  +--> ?PR?_TP_READ_XY2?TOUCH
BL51 BANKED LINKER/LOCATER V6.22                                                      06/18/2015  18:41:56  PAGE 8



?PR?_TP_READ_XY2?TOUCH                   -----    -----      -----    -----      0012H    000EH
  +--> ?PR?_TP_READ_XY?TOUCH

?PR?CALENDAR?GUI                         -----    -----      -----    -----      0002H    0002H
  +--> ?PR?_GETTIME?DS1302
  +--> ?PR?_LCD_CLEAR?HX8347D
  +--> ?PR?_LCD_DRAWBOX?HX8347D
  +--> ?PR?_GUI_TEXT?HX8347D
  +--> ?CO?GUI
  +--> ?PR?_SHOW_STR?W25QXX
  +--> ?PR?GUIDSHOW?GUI
  +--> ?PR?_GET_CLICK?GUI
  +--> ?PR?SSTMTIME?GUI
  +--> ?PR?_GUIDDO?GUI

?PR?_LCD_DRAWBOX?HX8347D                 -----    -----      -----    -----      0011H    0012H
  +--> ?PR?_LCD_SETCURSOR?HX8347D
  +--> ?PR?LCD_WRITERAM_PREPARE?HX8347D
  +--> ?PR?_LCD_WR_DATA?HX8347D

?PR?GUIDSHOW?GUI                         -----    -----      -----    -----      -----    -----
  +--> ?PR?_LCD_DRAWLINE?HX8347D
  +--> ?CO?GUI
  +--> ?PR?_SHOW_STR?W25QXX

?PR?_LCD_DRAWLINE?HX8347D                -----    -----      -----    -----      0027H    0010H
  +--> ?PR?_LCD_SETPOINT?HX8347D

?PR?SSTMTIME?GUI                         -----    -----      -----    -----      0004H    0008H
  +--> ?CO?GUI
  +--> ?PR?_GETTIME?DS1302
  +--> ?PR?_LCD_CLEAR?HX8347D
  +--> ?PR?_SHOW_STR?W25QXX
  +--> ?PR?_GUI_TEXT?HX8347D
  +--> ?PR?_LCD_DRAWBOX?HX8347D
  +--> ?PR?_LCD_DRAWEBOX?HX8347D
  +--> ?PR?GUIDSHOW?GUI
  +--> ?PR?_GET_CLICK?GUI
  +--> ?PR?_GUIDDO?GUI
  +--> ?PR?_DS1302_WRITE_TIME?DS1302
  +--> ?PR?_ALERT?GUI

?PR?_LCD_DRAWEBOX?HX8347D                -----    -----      -----    -----      000CH    000AH
  +--> ?PR?_LCD_DRAWLINE?HX8347D

?PR?_GUIDDO?GUI                          -----    -----      -----    -----      000CH    0008H
  +--> ?CO?GUI
  +--> ?PR?_SHOW_STR?W25QXX
  +--> ?PR?_LCD_DRAWLINE?HX8347D

?PR?_DS1302_WRITE_TIME?DS1302            -----    -----      -----    -----      000CH    0003H
  +--> ?PR?_WRITE1302?DS1302
  +--> ?PR?DELAY40US?DS1302

?PR?_ALERT?GUI                           -----    -----      -----    -----      000CH    0005H
  +--> ?PR?_SHOW_STR?W25QXX
BL51 BANKED LINKER/LOCATER V6.22                                                      06/18/2015  18:41:56  PAGE 9


  +--> ?PR?_DELAY_MS?GUI
  +--> ?PR?_STRLEN?STRLEN
  +--> ?PR?_LCD_DRAWBOX?HX8347D

?PR?TEMPERT?GUI                          -----    -----      -----    -----      0002H    0009H
  +--> ?PR?_LCD_CLEAR?HX8347D
  +--> ?PR?_LCD_DRAWBOX?HX8347D
  +--> ?PR?_LCD_DRAWEBOX?HX8347D
  +--> ?PR?GUIDSHOW?GUI
  +--> ?PR?_READTEMPERATURE?18B20
  +--> ?CO?GUI
  +--> ?PR?_SHOW_STR?W25QXX
  +--> ?PR?_GUI_TEXT?HX8347D
  +--> ?PR?_GET_CLICK?GUI
  +--> ?PR?_GUIDDO?GUI

?PR?PICBOX?GUI                           -----    -----      -----    -----      0002H    0002H
  +--> ?PR?_LCD_CLEAR?HX8347D
  +--> ?PR?_LCD_DRAWBOX?HX8347D
  +--> ?PR?GUIDSHOW?GUI
  +--> ?PR?_GET_CLICK?GUI
  +--> ?PR?_TP_DRAW_BIG_POINT?TOUCH
  +--> ?PR?_GUIDDO?GUI

?PR?_TP_DRAW_BIG_POINT?TOUCH             -----    -----      -----    -----      0004H    0006H
  +--> ?PR?_LCD_SETPOINT?HX8347D

?C_INITSEG                               -----    -----      -----    -----      -----    -----
  +--> ?PR?TP_INIT?TOUCH
  +--> ?PR?_TP_SCAN?TOUCH
  +--> ?PR?TP_ADJUST?TOUCH

?PR?_TP_SCAN?TOUCH                       -----    -----      -----    -----      -----    -----
  +--> ?PR?_TP_READ_XY2?TOUCH

?PR?TP_ADJUST?TOUCH                      -----    -----      -----    -----      0000H    0021H
  +--> ?PR?_LCD_CLEAR?HX8347D
  +--> ?PR?_TP_DROW_TOUCH_POINT?TOUCH
  +--> ?PR?_ABS?ABS
  +--> ?PR?SQRT?SQRT
  +--> ?PR?_DELAY_MS?GUI

?PR?_TP_DROW_TOUCH_POINT?TOUCH           -----    -----      -----    -----      0021H    0006H
  +--> ?PR?_LCD_DRAWLINE?HX8347D
  +--> ?PR?_LCD_SETPOINT?HX8347D

?PR?SQRT?SQRT                            -----    -----      -----    -----      0021H    0004H

*** NEW ROOT ***************************************************

?PR?TIMER_ROUTINE?TIMER                  -----    -----      -----    -----      -----    -----
  +--> ?PR?_GUI_TEXT?HX8347D



SYMBOL TABLE OF MODULE:  .\Object\×ÏÒ«OS (?C_STARTUP)

BL51 BANKED LINKER/LOCATER V6.22                                                      06/18/2015  18:41:56  PAGE 10


  VALUE           TYPE          NAME
  ----------------------------------

  -------         MODULE        ?C_STARTUP
  C:517AH         SEGMENT       ?C_C51STARTUP
  I:0022H         SEGMENT       ?STACK
  C:0000H         PUBLIC        ?C_STARTUP
  D:00E0H         SYMBOL        ACC
  D:00F0H         SYMBOL        B
  D:0083H         SYMBOL        DPH
  D:0082H         SYMBOL        DPL
  N:0000H         SYMBOL        IBPSTACK
  N:0100H         SYMBOL        IBPSTACKTOP
  N:0080H         SYMBOL        IDATALEN
  C:517DH         SYMBOL        IDATALOOP
  N:0000H         SYMBOL        PBPSTACK
  N:0100H         SYMBOL        PBPSTACKTOP
  N:0000H         SYMBOL        PDATALEN
  N:0000H         SYMBOL        PDATASTART
  N:0000H         SYMBOL        PPAGE
  N:0000H         SYMBOL        PPAGEENABLE
  D:00A0H         SYMBOL        PPAGE_SFR
  D:0081H         SYMBOL        SP
  C:517AH         SYMBOL        STARTUP1
  N:0000H         SYMBOL        XBPSTACK
  N:0000H         SYMBOL        XBPSTACKTOP
  N:0000H         SYMBOL        XDATALEN
  N:0000H         SYMBOL        XDATASTART
  C:0000H         LINE#         126
  C:517AH         LINE#         133
  C:517CH         LINE#         134
  C:517DH         LINE#         135
  C:517EH         LINE#         136
  C:5180H         LINE#         185
  C:5183H         LINE#         196
  -------         ENDMOD        ?C_STARTUP

  -------         MODULE        MAIN
  C:0000H         SYMBOL        _ICE_DUMMY_
  D:0080H         PUBLIC        P0
  D:0090H         PUBLIC        P1
  D:00A0H         PUBLIC        P2
  D:00A8H         PUBLIC        IE
  D:00B8H         PUBLIC        IP
  D:00D8H         PUBLIC        CCON
  C:584AH         PUBLIC        main
  D:0098H         PUBLIC        SCON
  D:0088H         PUBLIC        TCON
  D:00D0H         PUBLIC        PSW
  -------         PROC          MAIN
  C:584AH         LINE#         20
  C:584AH         LINE#         21
  C:584AH         LINE#         23
  C:584DH         LINE#         24
  C:5850H         LINE#         25
  C:5853H         LINE#         26
  C:5856H         LINE#         27
BL51 BANKED LINKER/LOCATER V6.22                                                      06/18/2015  18:41:56  PAGE 11


  C:5859H         LINE#         28
  C:585EH         LINE#         30
  C:5861H         LINE#         31
  C:5864H         LINE#         37
  -------         ENDPROC       MAIN
  -------         ENDMOD        MAIN

  -------         MODULE        W25QXX
  C:0000H         SYMBOL        _ICE_DUMMY_
  D:0080H         PUBLIC        P0
  D:0090H         PUBLIC        P1
  D:00A0H         PUBLIC        P2
  B:00A0H.7       PUBLIC        CE
  C:59FAH         PUBLIC        W25Qxx_Write_Disable
  C:50EDH         PUBLIC        ftinfo
  D:00A8H         PUBLIC        IE
  D:00B8H         PUBLIC        IP
  C:3EA8H         PUBLIC        _Show_Font
  D:00D8H         PUBLIC        CCON
  X:01BEH         PUBLIC        W25Qxx_TYPE
  D:0098H         PUBLIC        SCON
  D:0088H         PUBLIC        TCON
  B:0080H.1       PUBLIC        W25Qxx_CLK
  C:3B9AH         PUBLIC        _Show_Str
  C:5139H         SYMBOL        _?ix1000
  C:57BCH         PUBLIC        font_init
  C:5924H         PUBLIC        W25Qxx_Read_Byte
  C:5301H         PUBLIC        _W25Qxx_Read
  C:574EH         PUBLIC        _W25Qxx_Write_Byte
  C:3425H         PUBLIC        _Get_HzMat
  C:2C45H         PUBLIC        _Show_ASCII
  C:55DCH         PUBLIC        W25Qxx_ReadID
  B:0080H.2       PUBLIC        W25Qxx_DI
  B:0080H.3       PUBLIC        W25Qxx_DO
  B:00A0H.4       PUBLIC        W25Qxx_CS
  D:00D0H         PUBLIC        PSW
  -------         PROC          L?0121
  -------         ENDPROC       L?0121
  -------         PROC          _W25QXX_WRITE_BYTE
  D:0007H         SYMBOL        value
  -------         DO            
  D:0006H         SYMBOL        i
  -------         ENDDO         
  C:574EH         LINE#         34
  C:574EH         LINE#         35
  C:574EH         LINE#         37
  C:5750H         LINE#         38
  C:5750H         LINE#         39
  C:5754H         LINE#         40
  C:5758H         LINE#         42
  C:575AH         LINE#         44
  C:575CH         LINE#         45
  C:5760H         LINE#         46
  C:5762H         LINE#         47
  C:5767H         LINE#         48
  -------         ENDPROC       _W25QXX_WRITE_BYTE
  -------         PROC          W25QXX_READ_BYTE
BL51 BANKED LINKER/LOCATER V6.22                                                      06/18/2015  18:41:56  PAGE 12


  -------         DO            
  D:0007H         SYMBOL        temp
  D:0006H         SYMBOL        tt
  D:0005H         SYMBOL        i
  -------         ENDDO         
  C:5924H         LINE#         55
  C:5924H         LINE#         56
  C:5924H         LINE#         57
  C:5926H         LINE#         58
  C:5926H         LINE#         61
  C:5927H         LINE#         62
  C:5927H         LINE#         63
  C:5929H         LINE#         64
  C:592BH         LINE#         65
  C:5930H         LINE#         66
  C:5935H         LINE#         67
  C:593AH         LINE#         68
  C:593AH         LINE#         69
  -------         ENDPROC       W25QXX_READ_BYTE
  -------         PROC          W25QXX_READID
  -------         DO            
  X:0009H         SYMBOL        Temp
  -------         ENDDO         
  C:55DCH         LINE#         75
  C:55DCH         LINE#         76
  C:55DCH         LINE#         77
  C:55E3H         LINE#         78
  C:55E5H         LINE#         79
  C:55EAH         LINE#         80
  C:55EFH         LINE#         81
  C:55F4H         LINE#         82
  C:55F9H         LINE#         83
  C:5607H         LINE#         84
  C:561CH         LINE#         85
  C:561EH         LINE#         86
  C:561EH         LINE#         87
  -------         ENDPROC       W25QXX_READID
  -------         PROC          W25QXX_WRITE_DISABLE
  C:59FAH         LINE#         92
  C:59FAH         LINE#         93
  C:59FAH         LINE#         94
  C:59FCH         LINE#         95
  C:5A01H         LINE#         96
  C:5A03H         LINE#         97
  -------         ENDPROC       W25QXX_WRITE_DISABLE
  -------         PROC          _W25QXX_READ
  X:0145H         SYMBOL        pBuffer
  X:0148H         SYMBOL        ReadAddr
  X:014CH         SYMBOL        NumByteToRead
  -------         DO            
  X:014EH         SYMBOL        i
  -------         ENDDO         
  C:5301H         LINE#         105
  C:5310H         LINE#         106
  C:5310H         LINE#         108
  C:5312H         LINE#         109
  C:5314H         LINE#         110
BL51 BANKED LINKER/LOCATER V6.22                                                      06/18/2015  18:41:56  PAGE 13


  C:5319H         LINE#         111
  C:531EH         LINE#         112
  C:5323H         LINE#         113
  C:532EH         LINE#         114
  C:534AH         LINE#         115
  C:534AH         LINE#         116
  C:5367H         LINE#         117
  C:5377H         LINE#         118
  C:5379H         LINE#         119
  -------         ENDPROC       _W25QXX_READ
  -------         PROC          FONT_INIT
  C:57BCH         LINE#         125
  C:57BCH         LINE#         126
  C:57BCH         LINE#         127
  C:57BFH         LINE#         128
  C:57CAH         LINE#         129
  C:57DFH         LINE#         130
  C:57E1H         LINE#         131
  C:57E3H         LINE#         132
  -------         ENDPROC       FONT_INIT
  -------         PROC          _GET_HZMAT
  X:0137H         SYMBOL        gbcode
  X:013AH         SYMBOL        mat
  X:013DH         SYMBOL        gbsize
  -------         DO            
  X:013EH         SYMBOL        qh
  X:013FH         SYMBOL        ql
  X:0140H         SYMBOL        i
  X:0141H         SYMBOL        foffset
  -------         ENDDO         
  C:3425H         LINE#         139
  C:3430H         LINE#         140
  C:3430H         LINE#         144
  C:3438H         LINE#         145
  C:344FH         LINE#         146
  C:3466H         LINE#         147
  C:3466H         LINE#         148
  C:34A3H         LINE#         150
  C:34A3H         LINE#         151
  C:34B2H         LINE#         152
  C:34B9H         LINE#         153
  C:34C0H         LINE#         155
  C:34C8H         LINE#         156
  C:34C8H         LINE#         157
  C:34FEH         LINE#         158
  C:3524H         LINE#         159
  C:3527H         LINE#         160
  C:352FH         LINE#         161
  C:352FH         LINE#         162
  C:3565H         LINE#         163
  C:358BH         LINE#         164
  C:358EH         LINE#         165
  C:3596H         LINE#         166
  C:3596H         LINE#         167
  C:35CCH         LINE#         168
  C:35F2H         LINE#         169
  C:35F4H         LINE#         170
BL51 BANKED LINKER/LOCATER V6.22                                                      06/18/2015  18:41:56  PAGE 14


  C:35FCH         LINE#         171
  C:35FCH         LINE#         172
  C:3632H         LINE#         173
  C:3667H         LINE#         174
  C:3667H         LINE#         175
  -------         ENDPROC       _GET_HZMAT
  -------         PROC          _SHOW_ASCII
  X:0021H         SYMBOL        x
  X:0023H         SYMBOL        y
  X:0025H         SYMBOL        num
  X:0026H         SYMBOL        gbsize
  X:0027H         SYMBOL        p_color
  X:0029H         SYMBOL        b_color
  -------         DO            
  X:002BH         SYMBOL        temp
  X:002CH         SYMBOL        t1
  X:002DH         SYMBOL        t
  X:002EH         SYMBOL        max_t
  X:002FH         SYMBOL        mat
  X:0070H         SYMBOL        y0
  X:0072H         SYMBOL        temp_addr
  X:0076H         SYMBOL        offset
  -------         ENDDO         
  C:2C45H         LINE#         182
  C:2C56H         LINE#         183
  C:2C56H         LINE#         185
  C:2C69H         LINE#         186
  C:2C78H         LINE#         188
  C:2C8CH         LINE#         190
  C:2C93H         LINE#         191
  C:2C93H         LINE#         192
  C:2CB0H         LINE#         193
  C:2CB6H         LINE#         194
  C:2CB9H         LINE#         195
  C:2CBCH         LINE#         196
  C:2CC3H         LINE#         197
  C:2CC3H         LINE#         198
  C:2CE0H         LINE#         199
  C:2CE6H         LINE#         200
  C:2CE9H         LINE#         201
  C:2CECH         LINE#         202
  C:2CF3H         LINE#         203
  C:2CF3H         LINE#         204
  C:2D10H         LINE#         205
  C:2D16H         LINE#         206
  C:2D19H         LINE#         207
  C:2D1BH         LINE#         208
  C:2D22H         LINE#         209
  C:2D22H         LINE#         210
  C:2D3FH         LINE#         211
  C:2D45H         LINE#         212
  C:2D48H         LINE#         213
  C:2D4AH         LINE#         215
  C:2D51H         LINE#         216
  C:2D51H         LINE#         217
  C:2D6EH         LINE#         218
  C:2D74H         LINE#         219
BL51 BANKED LINKER/LOCATER V6.22                                                      06/18/2015  18:41:56  PAGE 15


  C:2D80H         LINE#         220
  C:2D80H         LINE#         222
  C:2DBAH         LINE#         224
  C:2DD0H         LINE#         225
  C:2DD0H         LINE#         226
  C:2DDFH         LINE#         227
  C:2DEFH         LINE#         228
  C:2DEFH         LINE#         229
  C:2DF7H         LINE#         230
  C:2DF7H         LINE#         231
  C:2E08H         LINE#         232
  C:2E0AH         LINE#         234
  C:2E36H         LINE#         235
  C:2E38H         LINE#         237
  C:2E38H         LINE#         238
  C:2E4EH         LINE#         239
  C:2E66H         LINE#         241
  C:2E88H         LINE#         242
  C:2E88H         LINE#         244
  C:2E96H         LINE#         245
  C:2EA6H         LINE#         247
  C:2EC2H         LINE#         248
  C:2EC2H         LINE#         249
  C:2ECAH         LINE#         250
  C:2ED8H         LINE#         251
  C:2EE8H         LINE#         253
  C:2EE8H         LINE#         254
  C:2EF1H         LINE#         255
  C:2EFAH         LINE#         256
  -------         ENDPROC       _SHOW_ASCII
  -------         PROC          _SHOW_FONT
  X:0021H         SYMBOL        x
  X:0023H         SYMBOL        y
  D:0001H         SYMBOL        font
  X:0028H         SYMBOL        gbsize
  X:0029H         SYMBOL        p_color
  X:002BH         SYMBOL        b_color
  -------         DO            
  X:002DH         SYMBOL        temp
  X:002FH         SYMBOL        t
  X:0031H         SYMBOL        t1
  X:0033H         SYMBOL        max_t
  X:0035H         SYMBOL        y0
  X:0037H         SYMBOL        dzk
  -------         ENDDO         
  C:3EA8H         LINE#         264
  C:3EB6H         LINE#         265
  C:3EB6H         LINE#         267
  C:3EBEH         LINE#         269
  C:3ED9H         LINE#         272
  C:3EEDH         LINE#         274
  C:3F00H         LINE#         275
  C:3F0FH         LINE#         276
  C:3F1EH         LINE#         279
  C:3F3EH         LINE#         280
  C:3F3EH         LINE#         281
  C:3F52H         LINE#         282
BL51 BANKED LINKER/LOCATER V6.22                                                      06/18/2015  18:41:56  PAGE 16


  C:3F59H         LINE#         283
  C:3F59H         LINE#         284
  C:3F60H         LINE#         285
  C:3F60H         LINE#         286
  C:3F76H         LINE#         287
  C:3F78H         LINE#         289
  C:3F78H         LINE#         290
  C:3F9AH         LINE#         291
  C:3F9AH         LINE#         293
  C:3FA7H         LINE#         294
  C:3FB5H         LINE#         295
  C:3FD7H         LINE#         296
  C:3FD7H         LINE#         297
  C:3FDFH         LINE#         298
  C:3FEDH         LINE#         299
  C:3FEFH         LINE#         300
  C:3FEFH         LINE#         301
  C:400FH         LINE#         302
  C:4020H         LINE#         303
  -------         ENDPROC       _SHOW_FONT
  -------         PROC          _SHOW_STR
  X:0014H         SYMBOL        x
  X:0016H         SYMBOL        y
  X:0018H         SYMBOL        str
  X:001BH         SYMBOL        gbsize
  X:001CH         SYMBOL        p_color
  X:001EH         SYMBOL        b_color
  -------         DO            
  X:0020H         SYMBOL        bHz
  -------         ENDDO         
  C:3B9AH         LINE#         311
  C:3BB1H         LINE#         312
  C:3BB1H         LINE#         313
  C:3BB6H         LINE#         314
  C:3BCAH         LINE#         315
  C:3BCAH         LINE#         316
  C:3BD3H         LINE#         317
  C:3BD3H         LINE#         318
  C:3BD9H         LINE#         319
  C:3BDEH         LINE#         321
  C:3BDEH         LINE#         322
  C:3BF1H         LINE#         323
  C:3C26H         LINE#         324
  C:3C30H         LINE#         326
  C:3C38H         LINE#         327
  C:3C40H         LINE#         329
  C:3C51H         LINE#         331
  C:3C63H         LINE#         332
  C:3C63H         LINE#         333
  C:3C6DH         LINE#         334
  C:3C7EH         LINE#         335
  C:3C7EH         LINE#         336
  C:3C7EH         LINE#         337
  C:3C7EH         LINE#         338
  C:3C81H         LINE#         340
  C:3C81H         LINE#         341
  C:3C86H         LINE#         343
BL51 BANKED LINKER/LOCATER V6.22                                                      06/18/2015  18:41:56  PAGE 17


  C:3C99H         LINE#         345
  C:3CD3H         LINE#         346
  C:3CDDH         LINE#         347
  C:3CF0H         LINE#         349
  C:3D00H         LINE#         350
  C:3D00H         LINE#         351
  C:3D0BH         LINE#         352
  C:3D17H         LINE#         353
  C:3D1EH         LINE#         354
  C:3D1EH         LINE#         355
  C:3D1EH         LINE#         356
  C:3D21H         LINE#         357
  -------         ENDPROC       _SHOW_STR
  -------         ENDMOD        W25QXX

  -------         MODULE        HX8347D
  C:0000H         SYMBOL        _ICE_DUMMY_
  D:0080H         PUBLIC        P0
  D:0090H         PUBLIC        P1
  X:01C0H         PUBLIC        LCD_id
  D:00A0H         PUBLIC        P2
  D:00B0H         PUBLIC        P3
  D:00A8H         PUBLIC        IE
  D:00B8H         PUBLIC        IP
  C:1A8EH         PUBLIC        asc2_1608
  C:59D6H         PUBLIC        _LCD_WR_REG
  C:4EEBH         PUBLIC        _LCD_Clear
  C:5A04H         SYMBOL        _LCD_WriteRAM
  D:00D8H         PUBLIC        CCON
  C:4562H         PUBLIC        _show_picture
  C:384DH         PUBLIC        LCD_Initializtion
  D:0098H         PUBLIC        SCON
  C:2963H         PUBLIC        _LCD_DrawEBox
  D:0088H         PUBLIC        TCON
  C:48C5H         PUBLIC        _PutChar
  B:0090H.4       PUBLIC        LCD_CS
  C:31B1H         PUBLIC        _LCD_DrawLine
  C:5773H         SYMBOL        _delay_ms
  C:5961H         SYMBOL        LCD_WriteRAM_Prepare
  C:58FFH         PUBLIC        _LCD_WR_DATA
  B:0090H.5       PUBLIC        LCD_RS
  B:0090H.6       PUBLIC        LCD_WR
  C:59BCH         SYMBOL        _LCD_WriteReg
  C:56A6H         SYMBOL        _LCD_SetCursor
  C:4E35H         PUBLIC        _GUI_Text
  C:4BC8H         PUBLIC        _LCD_DrawBox
  C:54BEH         PUBLIC        _LCD_SetPoint
  B:00A0H.4       PUBLIC        W25Qxx_CS
  D:00D0H         PUBLIC        PSW
  -------         PROC          _LCD_WR_REG
  D:0007H         SYMBOL        dat
  C:59D6H         LINE#         13
  C:59D6H         LINE#         14
  C:59D6H         LINE#         15
  C:59D8H         LINE#         16
  C:59DAH         LINE#         17
  C:59DCH         LINE#         18
BL51 BANKED LINKER/LOCATER V6.22                                                      06/18/2015  18:41:56  PAGE 18


  C:59DEH         LINE#         19
  C:59E0H         LINE#         20
  C:59E2H         LINE#         21
  -------         ENDPROC       _LCD_WR_REG
  -------         PROC          L?0111
  -------         ENDPROC       L?0111
  -------         PROC          _LCD_WR_DATA
  D:0006H         SYMBOL        dat
  C:58FFH         LINE#         23
  C:58FFH         LINE#         24
  C:58FFH         LINE#         25
  C:5901H         LINE#         26
  C:5903H         LINE#         27
  C:5905H         LINE#         28
  C:5907H         LINE#         29
  C:5909H         LINE#         30
  C:590BH         LINE#         31
  -------         ENDPROC       _LCD_WR_DATA
  -------         PROC          L?0113
  -------         ENDPROC       L?0113
  -------         PROC          _LCD_WRITEREG
  D:0007H         SYMBOL        LCD_Reg
  D:0004H         SYMBOL        LCD_RegValue
  C:59BCH         LINE#         42
  C:59BCH         LINE#         43
  C:59BCH         LINE#         44
  C:59BFH         LINE#         45
  -------         ENDPROC       _LCD_WRITEREG
  C:5959H         SYMBOL        L?0108
  -------         PROC          L?0107
  -------         ENDPROC       L?0107
  C:5959H         SYMBOL        L?0108
  -------         PROC          LCD_WRITERAM_PREPARE
  C:5961H         LINE#         57
  C:5961H         LINE#         58
  C:5961H         LINE#         59
  -------         ENDPROC       LCD_WRITERAM_PREPARE
  -------         PROC          _LCD_WRITERAM
  D:0006H         SYMBOL        RGB_Code
  C:5A04H         LINE#         70
  C:5A04H         LINE#         71
  C:5A04H         LINE#         73
  -------         ENDPROC       _LCD_WRITERAM
  -------         PROC          L?0112
  -------         ENDPROC       L?0112
  -------         PROC          _LCD_SETCURSOR
  D:0082H         SYMBOL        Xpos
  D:0002H         SYMBOL        Ypos
  C:56A6H         LINE#         86
  C:56AEH         LINE#         87
  C:56AEH         LINE#         99
  C:56B8H         LINE#         100
  C:56C2H         LINE#         101
  C:56CBH         LINE#         102
  -------         ENDPROC       _LCD_SETCURSOR
  C:5768H         SYMBOL        L?0110
  -------         PROC          L?0109
BL51 BANKED LINKER/LOCATER V6.22                                                      06/18/2015  18:41:56  PAGE 19


  -------         ENDPROC       L?0109
  C:5768H         SYMBOL        L?0110
  -------         PROC          _DELAY_MS
  D:0006H         SYMBOL        ms
  -------         DO            
  D:0004H         SYMBOL        i
  D:0002H         SYMBOL        j
  -------         ENDDO         
  C:5773H         LINE#         114
  C:5773H         LINE#         115
  C:5773H         LINE#         117
  C:577DH         LINE#         118
  C:577DH         LINE#         119
  C:578BH         LINE#         120
  C:5792H         LINE#         121
  -------         ENDPROC       _DELAY_MS
  -------         PROC          LCD_INITIALIZTION
  -------         DO            
  D:0082H         SYMBOL        DeviceCode
  -------         ENDDO         
  C:384DH         LINE#         131
  C:384DH         LINE#         132
  C:384DH         LINE#         133
  C:384DH         LINE#         136
  C:3854H         LINE#         137
  C:385DH         LINE#         138
  C:3863H         LINE#         141
  C:3866H         LINE#         142
  C:386BH         LINE#         144
  C:3876H         LINE#         145
  C:3876H         LINE#         149
  C:387DH         LINE#         150
  C:3884H         LINE#         151
  C:388BH         LINE#         152
  C:3892H         LINE#         153
  C:3899H         LINE#         155
  C:38A0H         LINE#         156
  C:38A7H         LINE#         157
  C:38AEH         LINE#         158
  C:38B5H         LINE#         160
  C:38BBH         LINE#         161
  C:38C0H         LINE#         162
  C:38C6H         LINE#         163
  C:38CDH         LINE#         164
  C:38D4H         LINE#         165
  C:38DBH         LINE#         166
  C:38E2H         LINE#         167
  C:38E9H         LINE#         168
  C:38F0H         LINE#         169
  C:38F7H         LINE#         170
  C:38FEH         LINE#         171
  C:3903H         LINE#         172
  C:390AH         LINE#         174
  C:3911H         LINE#         175
  C:3918H         LINE#         176
  C:391FH         LINE#         177
  C:3926H         LINE#         178
BL51 BANKED LINKER/LOCATER V6.22                                                      06/18/2015  18:41:56  PAGE 20


  C:392CH         LINE#         179
  C:3931H         LINE#         180
  C:3938H         LINE#         181
  C:393FH         LINE#         182
  C:3946H         LINE#         183
  C:394DH         LINE#         184
  C:3952H         LINE#         185
  C:3959H         LINE#         186
  C:3960H         LINE#         187
  C:3967H         LINE#         190
  C:396EH         LINE#         191
  C:3975H         LINE#         192
  C:397CH         LINE#         193
  C:3983H         LINE#         194
  C:398AH         LINE#         197
  C:398EH         LINE#         198
  C:3991H         LINE#         199
  C:3998H         LINE#         200
  C:399EH         LINE#         201
  C:39A0H         LINE#         202
  C:39A3H         LINE#         203
  C:39A5H         LINE#         204
  C:39A8H         LINE#         205
  C:39AAH         LINE#         206
  C:39ADH         LINE#         208
  C:39B6H         LINE#         210
  C:39BDH         LINE#         211
  C:39C4H         LINE#         212
  C:39CAH         LINE#         213
  C:39D1H         LINE#         218
  C:39D8H         LINE#         219
  C:39DDH         LINE#         220
  C:39E2H         LINE#         221
  C:39E9H         LINE#         222
  C:39EFH         LINE#         223
  C:39F4H         LINE#         224
  C:39FAH         LINE#         225
  C:39FEH         LINE#         228
  C:3A01H         LINE#         230
  C:3A01H         LINE#         232
  -------         ENDPROC       LCD_INITIALIZTION
  -------         PROC          _LCD_CLEAR
  X:0021H         SYMBOL        Color
  -------         DO            
  X:0023H         SYMBOL        index
  X:0027H         SYMBOL        i
  -------         ENDDO         
  C:4EEBH         LINE#         245
  C:4EF3H         LINE#         246
  C:4EF3H         LINE#         247
  C:4EFBH         LINE#         248
  C:4F03H         LINE#         249
  C:4F06H         LINE#         251
  C:4F2BH         LINE#         252
  C:4F2BH         LINE#         253
  C:4F4FH         LINE#         254
  C:4F4FH         LINE#         255
BL51 BANKED LINKER/LOCATER V6.22                                                      06/18/2015  18:41:56  PAGE 21


  C:4F52H         LINE#         256
  C:4F55H         LINE#         257
  C:4F76H         LINE#         258
  C:4F98H         LINE#         259
  -------         ENDPROC       _LCD_CLEAR
  C:54A8H         SYMBOL        L?0104
  C:54B0H         SYMBOL        L?0105
  C:54B6H         SYMBOL        L?0106
  -------         PROC          L?0103
  -------         ENDPROC       L?0103
  C:54A8H         SYMBOL        L?0104
  C:54B0H         SYMBOL        L?0105
  C:54B6H         SYMBOL        L?0106
  -------         PROC          _LCD_SETPOINT
  X:0168H         SYMBOL        Xpos
  D:0004H         SYMBOL        Ypos
  X:016AH         SYMBOL        point
  C:54BEH         LINE#         293
  C:54CEH         LINE#         294
  C:54CEH         LINE#         295
  C:54DFH         LINE#         296
  C:54DFH         LINE#         298
  C:54DFH         LINE#         299
  C:54E2H         LINE#         300
  C:54E5H         LINE#         301
  C:54EFH         LINE#         302
  C:54F7H         LINE#         303
  -------         ENDPROC       _LCD_SETPOINT
  -------         PROC          _LCD_DRAWLINE
  X:0027H         SYMBOL        x0
  X:0029H         SYMBOL        y0
  X:002BH         SYMBOL        x1
  X:002DH         SYMBOL        y1
  X:002FH         SYMBOL        color
  -------         DO            
  X:0031H         SYMBOL        dx
  X:0033H         SYMBOL        dy
  X:0035H         SYMBOL        temp
  -------         ENDDO         
  C:31B1H         LINE#         317
  C:31C9H         LINE#         318
  C:31C9H         LINE#         322
  C:31D0H         LINE#         323
  C:31D0H         LINE#         324
  C:31E0H         LINE#         325
  C:31EFH         LINE#         326
  C:31F7H         LINE#         327
  C:31F7H         LINE#         328
  C:320DH         LINE#         329
  C:320DH         LINE#         330
  C:3215H         LINE#         331
  C:321DH         LINE#         332
  C:3225H         LINE#         333
  C:3225H         LINE#         335
  C:3242H         LINE#         336
  C:325DH         LINE#         338
  C:3261H         LINE#         339
BL51 BANKED LINKER/LOCATER V6.22                                                      06/18/2015  18:41:56  PAGE 22


  C:3261H         LINE#         341
  C:3261H         LINE#         342
  C:3264H         LINE#         343
  C:3272H         LINE#         344
  C:3272H         LINE#         345
  C:3288H         LINE#         347
  C:3288H         LINE#         348
  C:3292H         LINE#         349
  C:3292H         LINE#         351
  C:3292H         LINE#         352
  C:3295H         LINE#         353
  C:32A3H         LINE#         354
  C:32A3H         LINE#         355
  C:32B9H         LINE#         357
  C:32B9H         LINE#         359
  C:32D8H         LINE#         360
  C:32D8H         LINE#         361
  C:32ECH         LINE#         362
  C:3306H         LINE#         363
  C:3306H         LINE#         364
  C:3309H         LINE#         365
  C:3317H         LINE#         366
  C:3328H         LINE#         367
  C:3328H         LINE#         368
  C:3336H         LINE#         369
  C:3356H         LINE#         370
  C:3358H         LINE#         372
  C:3358H         LINE#         373
  C:3371H         LINE#         374
  C:3371H         LINE#         375
  C:3374H         LINE#         379
  C:3374H         LINE#         380
  C:3394H         LINE#         381
  C:33ABH         LINE#         382
  C:33ABH         LINE#         383
  C:33B6H         LINE#         384
  C:33C4H         LINE#         385
  C:33D5H         LINE#         386
  C:33D5H         LINE#         387
  C:33E3H         LINE#         388
  C:3403H         LINE#         389
  C:3405H         LINE#         391
  C:3405H         LINE#         392
  C:341EH         LINE#         393
  C:341EH         LINE#         394
  C:3421H         LINE#         395
  C:3424H         LINE#         396
  C:3424H         LINE#         397
  -------         ENDPROC       _LCD_DRAWLINE
  -------         PROC          _PUTCHAR
  X:015BH         SYMBOL        x
  X:015DH         SYMBOL        y
  X:015FH         SYMBOL        num
  X:0160H         SYMBOL        p_color
  X:0162H         SYMBOL        b_color
  -------         DO            
  X:0164H         SYMBOL        temp
BL51 BANKED LINKER/LOCATER V6.22                                                      06/18/2015  18:41:56  PAGE 23


  X:0165H         SYMBOL        t1
  D:0001H         SYMBOL        t
  X:0166H         SYMBOL        y0
  -------         ENDDO         
  C:48C5H         LINE#         412
  C:48DAH         LINE#         413
  C:48DAH         LINE#         416
  C:48E2H         LINE#         417
  C:48E9H         LINE#         420
  C:48EBH         LINE#         421
  C:48EBH         LINE#         422
  C:490DH         LINE#         423
  C:4910H         LINE#         424
  C:4910H         LINE#         425
  C:4917H         LINE#         426
  C:492FH         LINE#         428
  C:4951H         LINE#         430
  C:4958H         LINE#         431
  C:4966H         LINE#         432
  C:4975H         LINE#         434
  C:4990H         LINE#         435
  C:4990H         LINE#         436
  C:4995H         LINE#         437
  C:49A3H         LINE#         438
  C:49B3H         LINE#         440
  C:49B3H         LINE#         441
  C:49C2H         LINE#         442
  C:49CBH         LINE#         443
  -------         ENDPROC       _PUTCHAR
  -------         PROC          _GUI_TEXT
  X:0150H         SYMBOL        Xpos
  X:0152H         SYMBOL        Ypos
  X:0154H         SYMBOL        str
  X:0157H         SYMBOL        Color
  X:0159H         SYMBOL        bkColor
  -------         DO            
  D:0003H         SYMBOL        TempChar
  -------         ENDDO         
  C:4E35H         LINE#         457
  C:4E4CH         LINE#         458
  C:4E4CH         LINE#         461
  C:4E4CH         LINE#         462
  C:4E60H         LINE#         463
  C:4E91H         LINE#         464
  C:4EA0H         LINE#         465
  C:4EA0H         LINE#         466
  C:4EA8H         LINE#         467
  C:4EAAH         LINE#         468
  C:4EBDH         LINE#         469
  C:4EBDH         LINE#         470
  C:4EC0H         LINE#         471
  C:4ECEH         LINE#         472
  C:4ED0H         LINE#         474
  C:4ED0H         LINE#         475
  C:4ED3H         LINE#         476
  C:4ED7H         LINE#         477
  C:4ED7H         LINE#         478
BL51 BANKED LINKER/LOCATER V6.22                                                      06/18/2015  18:41:56  PAGE 24


  C:4ED7H         LINE#         479
  C:4EEAH         LINE#         480
  -------         ENDPROC       _GUI_TEXT
  -------         PROC          _SHOW_PICTURE
  X:0002H         SYMBOL        x
  X:0004H         SYMBOL        y
  X:0006H         SYMBOL        width
  X:0008H         SYMBOL        high
  X:000AH         SYMBOL        ReadAddr
  -------         DO            
  X:000EH         SYMBOL        temp1
  X:000FH         SYMBOL        temp2
  X:0010H         SYMBOL        i
  X:0014H         SYMBOL        j
  -------         ENDDO         
  C:4562H         LINE#         486
  C:4576H         LINE#         487
  C:4576H         LINE#         488
  C:457DH         LINE#         489
  C:4587H         LINE#         490
  C:458DH         LINE#         491
  C:4590H         LINE#         492
  C:4592H         LINE#         493
  C:4597H         LINE#         494
  C:45ADH         LINE#         495
  C:45C3H         LINE#         496
  C:45CEH         LINE#         497
  C:45FAH         LINE#         498
  C:45FAH         LINE#         499
  C:4623H         LINE#         500
  C:4623H         LINE#         501
  C:462BH         LINE#         502
  C:4633H         LINE#         503
  C:4638H         LINE#         504
  C:463EH         LINE#         505
  C:465FH         LINE#         506
  C:4676H         LINE#         507
  C:4679H         LINE#         508
  C:469BH         LINE#         509
  C:469DH         LINE#         510
  -------         ENDPROC       _SHOW_PICTURE
  -------         PROC          _LCD_DRAWBOX
  X:0011H         SYMBOL        x
  X:0013H         SYMBOL        y
  X:0015H         SYMBOL        width
  X:0017H         SYMBOL        high
  X:0019H         SYMBOL        color
  -------         DO            
  X:001BH         SYMBOL        i
  X:001FH         SYMBOL        j
  -------         ENDDO         
  C:4BC8H         LINE#         517
  C:4BDCH         LINE#         518
  C:4BDCH         LINE#         519
  C:4BE6H         LINE#         520
  C:4BECH         LINE#         521
  C:4BEFH         LINE#         522
BL51 BANKED LINKER/LOCATER V6.22                                                      06/18/2015  18:41:56  PAGE 25


  C:4C1BH         LINE#         523
  C:4C1BH         LINE#         524
  C:4C44H         LINE#         525
  C:4C44H         LINE#         526
  C:4C47H         LINE#         527
  C:4C4AH         LINE#         528
  C:4C6BH         LINE#         529
  C:4C82H         LINE#         530
  C:4C85H         LINE#         531
  C:4CA7H         LINE#         533
  -------         ENDPROC       _LCD_DRAWBOX
  -------         PROC          _LCD_DRAWEBOX
  X:000CH         SYMBOL        x
  X:000EH         SYMBOL        y
  X:0010H         SYMBOL        width
  X:0012H         SYMBOL        high
  X:0014H         SYMBOL        color
  C:2963H         LINE#         540
  C:2979H         LINE#         541
  C:2979H         LINE#         542
  C:29B2H         LINE#         543
  C:2A14H         LINE#         544
  C:2A59H         LINE#         545
  C:2AB2H         LINE#         546
  C:2B0EH         LINE#         547
  C:2B8CH         LINE#         548
  C:2BDFH         LINE#         549
  -------         ENDPROC       _LCD_DRAWEBOX
  -------         ENDMOD        HX8347D

  -------         MODULE        TOUCH
  C:0000H         SYMBOL        _ICE_DUMMY_
  D:0080H         PUBLIC        P0
  D:0090H         PUBLIC        P1
  D:00A0H         PUBLIC        P2
  X:016CH         PUBLIC        tp_dev
  C:58D9H         PUBLIC        _TP_Write_Byte
  C:4AD1H         PUBLIC        _TP_Scan
  D:00A8H         PUBLIC        IE
  C:54F8H         PUBLIC        _TP_Read_XY
  D:00B8H         PUBLIC        IP
  C:5884H         PUBLIC        TP_Init
  X:018BH         PUBLIC        CMD_RDX
  D:00D8H         PUBLIC        CCON
  X:018CH         PUBLIC        CMD_RDY
  B:0080H.1       PUBLIC        TCLK
  B:0080H.2       PUBLIC        TDIN
  D:0098H         PUBLIC        SCON
  D:0088H         PUBLIC        TCON
  B:0080H.3       PUBLIC        DOUT
  C:000EH         PUBLIC        TP_Default_Adj
  C:42F0H         PUBLIC        _TP_Read_XY2
  C:5867H         SYMBOL        _delay_us
  B:00A0H.5       PUBLIC        PEN
  C:3A08H         PUBLIC        _TP_Read_XOY
  C:5547H         PUBLIC        _TP_Read_AD
  B:00A0H.6       PUBLIC        TCS
BL51 BANKED LINKER/LOCATER V6.22                                                      06/18/2015  18:41:56  PAGE 26


  C:1214H         PUBLIC        TP_Adjust
  C:5206H         PUBLIC        _TP_Draw_Big_Point
  C:4432H         PUBLIC        _TP_Drow_Touch_Point
  D:00D0H         PUBLIC        PSW
  -------         PROC          _DELAY_US
  D:0006H         SYMBOL        us
  -------         DO            
  D:0004H         SYMBOL        i
  -------         ENDDO         
  C:5867H         LINE#         31
  C:5867H         LINE#         32
  C:5867H         LINE#         34
  C:5872H         LINE#         35
  C:5883H         LINE#         36
  -------         ENDPROC       _DELAY_US
  -------         PROC          _TP_WRITE_BYTE
  D:0007H         SYMBOL        num
  -------         DO            
  D:0006H         SYMBOL        count
  -------         ENDDO         
  C:58D9H         LINE#         42
  C:58D9H         LINE#         43
  C:58D9H         LINE#         44
  C:58DBH         LINE#         45
  C:58DBH         LINE#         46
  C:58DBH         LINE#         47
  C:58E3H         LINE#         48
  C:58E5H         LINE#         49
  C:58E9H         LINE#         50
  C:58EBH         LINE#         51
  C:58EDH         LINE#         52
  C:58F2H         LINE#         53
  -------         ENDPROC       _TP_WRITE_BYTE
  -------         PROC          _TP_READ_AD
  D:0007H         SYMBOL        CMD
  -------         DO            
  D:0005H         SYMBOL        count
  D:0002H         SYMBOL        Num
  -------         ENDDO         
  C:5547H         LINE#         60
  C:5547H         LINE#         61
  C:5547H         LINE#         62
  C:5549H         LINE#         63
  C:554BH         LINE#         64
  C:554DH         LINE#         65
  C:554FH         LINE#         66
  C:5551H         LINE#         67
  C:5554H         LINE#         68
  C:555BH         LINE#         69
  C:555DH         LINE#         70
  C:5564H         LINE#         71
  C:5566H         LINE#         72
  C:5568H         LINE#         73
  C:556AH         LINE#         74
  C:556AH         LINE#         75
  C:5571H         LINE#         76
  C:5573H         LINE#         77
BL51 BANKED LINKER/LOCATER V6.22                                                      06/18/2015  18:41:56  PAGE 27


  C:5575H         LINE#         78
  C:557DH         LINE#         79
  C:5582H         LINE#         80
  C:558FH         LINE#         81
  C:5591H         LINE#         82
  C:5594H         LINE#         83
  -------         ENDPROC       _TP_READ_AD
  -------         PROC          _TP_READ_XOY
  D:0001H         SYMBOL        xy
  -------         DO            
  X:0028H         SYMBOL        i
  D:0004H         SYMBOL        j
  X:002AH         SYMBOL        buf
  X:0034H         SYMBOL        sum
  X:0036H         SYMBOL        temp
  -------         ENDDO         
  C:3A08H         LINE#         93
  C:3A0AH         LINE#         94
  C:3A0AH         LINE#         97
  C:3A11H         LINE#         99
  C:3A59H         LINE#         100
  C:3A73H         LINE#         101
  C:3A73H         LINE#         102
  C:3A88H         LINE#         103
  C:3A88H         LINE#         104
  C:3AC0H         LINE#         105
  C:3AC0H         LINE#         106
  C:3AC8H         LINE#         107
  C:3AFAH         LINE#         108
  C:3B18H         LINE#         109
  C:3B18H         LINE#         110
  C:3B20H         LINE#         111
  C:3B34H         LINE#         112
  C:3B3BH         LINE#         113
  C:3B84H         LINE#         114
  C:3B99H         LINE#         115
  C:3B99H         LINE#         116
  -------         ENDPROC       _TP_READ_XOY
  -------         PROC          _TP_READ_XY
  X:0020H         SYMBOL        x
  X:0023H         SYMBOL        y
  -------         DO            
  X:0026H         SYMBOL        xtemp
  D:0006H         SYMBOL        ytemp
  -------         ENDDO         
  C:54F8H         LINE#         121
  C:5503H         LINE#         122
  C:5503H         LINE#         124
  C:5513H         LINE#         125
  C:551BH         LINE#         127
  C:5533H         LINE#         128
  C:5544H         LINE#         129
  C:5546H         LINE#         130
  -------         ENDPROC       _TP_READ_XY
  -------         PROC          L?0091
  -------         ENDPROC       L?0091
  -------         PROC          _TP_READ_XY2
BL51 BANKED LINKER/LOCATER V6.22                                                      06/18/2015  18:41:56  PAGE 28


  X:0012H         SYMBOL        x
  X:0015H         SYMBOL        y
  -------         DO            
  X:0018H         SYMBOL        x1
  X:001AH         SYMBOL        y1
  X:001CH         SYMBOL        x2
  X:001EH         SYMBOL        y2
  D:0007H         SYMBOL        flag
  -------         ENDDO         
  C:42F0H         LINE#         137
  C:42FBH         LINE#         138
  C:42FBH         LINE#         142
  C:4312H         LINE#         143
  C:4317H         LINE#         144
  C:432EH         LINE#         145
  C:4333H         LINE#         146
  C:43C9H         LINE#         148
  C:43C9H         LINE#         149
  C:43F2H         LINE#         150
  C:441BH         LINE#         151
  C:441EH         LINE#         152
  C:4420H         LINE#         153
  -------         ENDPROC       _TP_READ_XY2
  C:4421H         SYMBOL        L?0089
  C:442AH         SYMBOL        L?0090
  -------         PROC          L?0088
  -------         ENDPROC       L?0088
  C:4421H         SYMBOL        L?0089
  C:442AH         SYMBOL        L?0090
  -------         PROC          _TP_DROW_TOUCH_POINT
  X:0021H         SYMBOL        x
  X:0023H         SYMBOL        y
  X:0025H         SYMBOL        color
  C:4432H         LINE#         161
  C:444AH         LINE#         162
  C:444AH         LINE#         163
  C:4483H         LINE#         164
  C:44C6H         LINE#         165
  C:44EDH         LINE#         166
  C:4514H         LINE#         167
  C:453BH         LINE#         168
  -------         ENDPROC       _TP_DROW_TOUCH_POINT
  -------         PROC          _TP_DRAW_BIG_POINT
  X:0004H         SYMBOL        x
  X:0006H         SYMBOL        y
  X:0008H         SYMBOL        color
  C:5206H         LINE#         173
  C:521AH         LINE#         174
  C:521AH         LINE#         175
  C:521DH         LINE#         176
  C:523CH         LINE#         177
  C:525DH         LINE#         178
  -------         ENDPROC       _TP_DRAW_BIG_POINT
  -------         PROC          _TP_SCAN
  D:0007H         SYMBOL        tp
  C:4AD1H         LINE#         186
  C:4AD1H         LINE#         187
BL51 BANKED LINKER/LOCATER V6.22                                                      06/18/2015  18:41:56  PAGE 29


  C:4AD1H         LINE#         188
  C:4AD7H         LINE#         189
  C:4AD7H         LINE#         190
  C:4AE0H         LINE#         191
  C:4AE9H         LINE#         192
  C:4AE9H         LINE#         193
  C:4B30H         LINE#         194
  C:4B75H         LINE#         195
  C:4B75H         LINE#         196
  C:4B7CH         LINE#         197
  C:4B7CH         LINE#         198
  C:4B7FH         LINE#         199
  C:4B8EH         LINE#         200
  C:4B9DH         LINE#         201
  C:4B9DH         LINE#         202
  C:4B9FH         LINE#         203
  C:4B9FH         LINE#         204
  C:4BA6H         LINE#         205
  C:4BA6H         LINE#         206
  C:4BA9H         LINE#         207
  C:4BABH         LINE#         208
  C:4BABH         LINE#         209
  C:4BB2H         LINE#         210
  C:4BB6H         LINE#         211
  C:4BBCH         LINE#         212
  C:4BC0H         LINE#         213
  C:4BC0H         LINE#         214
  C:4BC0H         LINE#         215
  C:4BC7H         LINE#         216
  -------         ENDPROC       _TP_SCAN
  -------         PROC          TP_ADJUST
  -------         DO            
  X:0000H         SYMBOL        pos_temp
  X:0010H         SYMBOL        cnt
  X:0011H         SYMBOL        d1
  X:0013H         SYMBOL        d2
  X:0015H         SYMBOL        tem1
  X:0019H         SYMBOL        tem2
  X:001DH         SYMBOL        fac
  -------         ENDDO         
  C:1214H         LINE#         221
  C:1214H         LINE#         222
  C:1214H         LINE#         224
  C:1219H         LINE#         228
  C:121AH         LINE#         229
  C:1221H         LINE#         231
  C:1230H         LINE#         232
  C:1235H         LINE#         233
  C:123DH         LINE#         234
  C:123DH         LINE#         235
  C:123DH         LINE#         236
  C:124EH         LINE#         237
  C:1259H         LINE#         238
  C:1259H         LINE#         239
  C:125DH         LINE#         240
  C:127CH         LINE#         241
  C:1297H         LINE#         242
BL51 BANKED LINKER/LOCATER V6.22                                                      06/18/2015  18:41:56  PAGE 30


  C:129DH         LINE#         243
  C:12ACH         LINE#         244
  C:12ACH         LINE#         245
  C:12ACH         LINE#         246
  C:12BBH         LINE#         247
  C:12C3H         LINE#         248
  C:12C5H         LINE#         249
  C:12C5H         LINE#         250
  C:12CCH         LINE#         251
  C:12D4H         LINE#         252
  C:12D7H         LINE#         253
  C:12D7H         LINE#         254
  C:12E6H         LINE#         255
  C:12F2H         LINE#         256
  C:12F5H         LINE#         257
  C:12F5H         LINE#         259
  C:1319H         LINE#         260
  C:133DH         LINE#         261
  C:135BH         LINE#         262
  C:1379H         LINE#         263
  C:13B1H         LINE#         265
  C:13D5H         LINE#         266
  C:13F9H         LINE#         267
  C:1417H         LINE#         268
  C:1435H         LINE#         269
  C:146DH         LINE#         270
  C:14A6H         LINE#         271
  C:14F2H         LINE#         272
  C:14F2H         LINE#         273
  C:14F2H         LINE#         274
  C:14F5H         LINE#         275
  C:1501H         LINE#         276
  C:1504H         LINE#         277
  C:1504H         LINE#         278
  C:1528H         LINE#         279
  C:154CH         LINE#         280
  C:156AH         LINE#         281
  C:1588H         LINE#         282
  C:15C0H         LINE#         284
  C:15E4H         LINE#         285
  C:1608H         LINE#         286
  C:1626H         LINE#         287
  C:1644H         LINE#         288
  C:167CH         LINE#         289
  C:16B5H         LINE#         290
  C:16EDH         LINE#         291
  C:16EDH         LINE#         292
  C:16EDH         LINE#         293
  C:16F0H         LINE#         294
  C:16FCH         LINE#         295
  C:16FFH         LINE#         296
  C:16FFH         LINE#         298
  C:1723H         LINE#         299
  C:1747H         LINE#         300
  C:1765H         LINE#         301
  C:1783H         LINE#         302
  C:17BBH         LINE#         304
BL51 BANKED LINKER/LOCATER V6.22                                                      06/18/2015  18:41:56  PAGE 31


  C:17DFH         LINE#         305
  C:1803H         LINE#         306
  C:1821H         LINE#         307
  C:183FH         LINE#         308
  C:1877H         LINE#         309
  C:18B0H         LINE#         310
  C:18E8H         LINE#         311
  C:18E8H         LINE#         312
  C:18E8H         LINE#         313
  C:18EBH         LINE#         314
  C:18FAH         LINE#         315
  C:18FDH         LINE#         316
  C:18FDH         LINE#         318
  C:192EH         LINE#         319
  C:197DH         LINE#         321
  C:19AEH         LINE#         322
  C:19FDH         LINE#         323
  C:1A3BH         LINE#         324
  C:1A3BH         LINE#         325
  C:1A3BH         LINE#         326
  C:1A3EH         LINE#         327
  C:1A4DH         LINE#         328
  C:1A5EH         LINE#         329
  C:1A60H         LINE#         330
  C:1A60H         LINE#         331
  C:1A64H         LINE#         332
  C:1A68H         LINE#         333
  C:1A6BH         LINE#         334
  C:1A6BH         LINE#         335
  C:1A71H         LINE#         336
  C:1A75H         LINE#         337
  C:1A75H         LINE#         338
  C:1A78H         LINE#         339
  C:1A78H         LINE#         340
  C:1A7FH         LINE#         342
  C:1A86H         LINE#         343
  C:1A8DH         LINE#         345
  C:1A8DH         LINE#         346
  C:1A8DH         LINE#         347
  C:1A8DH         LINE#         348
  -------         ENDPROC       TP_ADJUST
  -------         PROC          TP_DEFAULT_ADJ
  C:000EH         LINE#         351
  C:000EH         LINE#         352
  C:000EH         LINE#         363
  C:0014H         LINE#         364
  C:0018H         LINE#         365
  C:0022H         LINE#         366
  C:002CH         LINE#         367
  C:0036H         LINE#         368
  C:0040H         LINE#         370
  -------         ENDPROC       TP_DEFAULT_ADJ
  -------         PROC          TP_INIT
  C:5884H         LINE#         372
  C:5884H         LINE#         373
  C:5884H         LINE#         375
  C:589BH         LINE#         377
BL51 BANKED LINKER/LOCATER V6.22                                                      06/18/2015  18:41:56  PAGE 32


  C:589EH         LINE#         378
  C:58A0H         LINE#         379
  -------         ENDPROC       TP_INIT
  -------         ENDMOD        TOUCH

  -------         MODULE        DS1302
  C:0000H         SYMBOL        _ICE_DUMMY_
  D:0080H         PUBLIC        P0
  D:00A0H         PUBLIC        P2
  C:591BH         PUBLIC        Delay1ms
  B:00A0H.7       PUBLIC        CE
  D:00A8H         PUBLIC        IE
  D:00B8H         PUBLIC        IP
  D:00D8H         PUBLIC        CCON
  B:0080H.1       PUBLIC        SCLK
  D:0098H         PUBLIC        SCON
  D:0088H         PUBLIC        TCON
  C:5595H         PUBLIC        _Read1302
  C:5045H         PUBLIC        _Ds1302_Read_Time
  C:565FH         PUBLIC        _Write1302
  B:0080H.3       PUBLIC        DIO
  C:4CA8H         PUBLIC        _Ds1302_Write_Time
  C:5948H         PUBLIC        delay40us
  C:469EH         PUBLIC        _gettime
  C:59A3H         PUBLIC        Ds1302_Init
  D:00D0H         PUBLIC        PSW
  C:5916H         SYMBOL        L?0037
  -------         PROC          L?0036
  -------         ENDPROC       L?0036
  C:5916H         SYMBOL        L?0037
  -------         PROC          DELAY1MS
  -------         DO            
  D:0007H         SYMBOL        i
  D:0006H         SYMBOL        j
  -------         ENDDO         
  C:591BH         LINE#         3
  C:591BH         LINE#         4
  C:591BH         LINE#         7
  C:591DH         LINE#         8
  C:591FH         LINE#         10
  C:591FH         LINE#         11
  C:5921H         LINE#         12
  C:5923H         LINE#         13
  -------         ENDPROC       DELAY1MS
  -------         PROC          _GETTIME
  X:000CH         SYMBOL        buf
  -------         DO            
  X:000FH         SYMBOL        temp
  -------         ENDDO         
  C:469EH         LINE#         15
  C:46A9H         LINE#         16
  C:46A9H         LINE#         18
  C:46B2H         LINE#         19
  C:46C2H         LINE#         20
  C:46D5H         LINE#         21
  C:46E5H         LINE#         22
  C:46F0H         LINE#         23
BL51 BANKED LINKER/LOCATER V6.22                                                      06/18/2015  18:41:56  PAGE 33


  C:46F8H         LINE#         24
  C:4708H         LINE#         25
  C:4713H         LINE#         26
  C:471BH         LINE#         27
  C:472BH         LINE#         28
  C:4736H         LINE#         29
  C:473EH         LINE#         30
  C:474EH         LINE#         31
  C:4759H         LINE#         32
  C:4761H         LINE#         33
  C:4771H         LINE#         34
  C:477CH         LINE#         35
  C:4784H         LINE#         36
  C:4794H         LINE#         37
  C:479FH         LINE#         38
  C:47A7H         LINE#         39
  C:47B5H         LINE#         40
  -------         ENDPROC       _GETTIME
  C:593CH         SYMBOL        L?0034
  C:5943H         SYMBOL        L?0035
  -------         PROC          L?0033
  -------         ENDPROC       L?0033
  C:593CH         SYMBOL        L?0034
  C:5943H         SYMBOL        L?0035
  -------         PROC          DELAY40US
  -------         DO            
  D:0007H         SYMBOL        i
  D:0006H         SYMBOL        j
  -------         ENDDO         
  C:5948H         LINE#         42
  C:5948H         LINE#         43
  C:5948H         LINE#         46
  C:594AH         LINE#         47
  C:594CH         LINE#         49
  C:594CH         LINE#         50
  C:594EH         LINE#         51
  C:5950H         LINE#         52
  -------         ENDPROC       DELAY40US
  -------         PROC          _WRITE1302
  D:0003H         SYMBOL        addr
  D:0005H         SYMBOL        dat
  -------         DO            
  D:0002H         SYMBOL        i
  D:0001H         SYMBOL        temp
  -------         ENDDO         
  C:565FH         LINE#         56
  C:5661H         LINE#         57
  C:5661H         LINE#         59
  C:5663H         LINE#         60
  C:5666H         LINE#         61
  C:5668H         LINE#         62
  C:566BH         LINE#         63
  C:566DH         LINE#         64
  C:5670H         LINE#         65
  C:5672H         LINE#         66
  C:5672H         LINE#         67
  C:5674H         LINE#         68
BL51 BANKED LINKER/LOCATER V6.22                                                      06/18/2015  18:41:56  PAGE 34


  C:5677H         LINE#         69
  C:5679H         LINE#         70
  C:567AH         LINE#         71
  C:567AH         LINE#         72
  C:567AH         LINE#         73
  C:567AH         LINE#         74
  C:567AH         LINE#         75
  C:567DH         LINE#         76
  C:567FH         LINE#         78
  C:5681H         LINE#         79
  C:5681H         LINE#         80
  C:5683H         LINE#         81
  C:5686H         LINE#         82
  C:5688H         LINE#         83
  C:568CH         LINE#         84
  C:568FH         LINE#         85
  C:5693H         LINE#         86
  C:5693H         LINE#         87
  C:5693H         LINE#         88
  C:5696H         LINE#         89
  C:5698H         LINE#         90
  C:569AH         LINE#         91
  -------         ENDPROC       _WRITE1302
  -------         PROC          _READ1302
  D:0003H         SYMBOL        addr
  -------         DO            
  D:0002H         SYMBOL        i
  D:0005H         SYMBOL        temp
  -------         ENDDO         
  C:5595H         LINE#         96
  C:5597H         LINE#         97
  C:5597H         LINE#         99
  C:5599H         LINE#         100
  C:559CH         LINE#         101
  C:559EH         LINE#         102
  C:55A1H         LINE#         103
  C:55A3H         LINE#         104
  C:55A6H         LINE#         106
  C:55A8H         LINE#         107
  C:55A8H         LINE#         108
  C:55AAH         LINE#         109
  C:55ADH         LINE#         111
  C:55AEH         LINE#         112
  C:55AEH         LINE#         113
  C:55AEH         LINE#         114
  C:55AEH         LINE#         115
  C:55AEH         LINE#         116
  C:55B1H         LINE#         117
  C:55B3H         LINE#         119
  C:55B5H         LINE#         120
  C:55B5H         LINE#         121
  C:55B7H         LINE#         122
  C:55BAH         LINE#         123
  C:55BEH         LINE#         124
  C:55C1H         LINE#         125
  C:55C3H         LINE#         126
  C:55C6H         LINE#         127
BL51 BANKED LINKER/LOCATER V6.22                                                      06/18/2015  18:41:56  PAGE 35


  C:55D2H         LINE#         128
  C:55D4H         LINE#         129
  C:55D6H         LINE#         130
  C:55D9H         LINE#         131
  C:55DBH         LINE#         132
  -------         ENDPROC       _READ1302
  -------         PROC          _DS1302_WRITE_TIME
  X:000CH         SYMBOL        buf
  C:4CA8H         LINE#         136
  C:4CB3H         LINE#         137
  C:4CB3H         LINE#         138
  C:4CBAH         LINE#         139
  C:4CBDH         LINE#         140
  C:4CD1H         LINE#         141
  C:4CD4H         LINE#         142
  C:4CEBH         LINE#         143
  C:4CEEH         LINE#         144
  C:4D05H         LINE#         145
  C:4D08H         LINE#         146
  C:4D1FH         LINE#         147
  C:4D22H         LINE#         148
  C:4D39H         LINE#         149
  C:4D3CH         LINE#         150
  C:4D53H         LINE#         151
  C:4D56H         LINE#         152
  C:4D6DH         LINE#         153
  C:4D70H         LINE#         154
  -------         ENDPROC       _DS1302_WRITE_TIME
  -------         PROC          _DS1302_READ_TIME
  X:0016H         SYMBOL        buf
  C:5045H         LINE#         161
  C:5050H         LINE#         162
  C:5050H         LINE#         163
  C:5050H         LINE#         164
  C:5053H         LINE#         165
  C:5065H         LINE#         166
  C:5065H         LINE#         167
  C:5065H         LINE#         168
  C:5068H         LINE#         169
  C:507AH         LINE#         170
  C:507AH         LINE#         171
  C:507AH         LINE#         172
  C:507DH         LINE#         173
  C:5094H         LINE#         174
  C:5094H         LINE#         175
  C:5097H         LINE#         176
  C:50AAH         LINE#         177
[...]
  C:0DA5H         LINE#         220
  C:0DDEH         LINE#         221
  C:0E1AH         LINE#         222
  C:0E1AH         LINE#         223
  C:0E2DH         LINE#         224
  C:0E40H         LINE#         225
  C:0E53H         LINE#         226
  C:0E66H         LINE#         227
  C:0E79H         LINE#         228
  C:0E83H         LINE#         229
  C:0E96H         LINE#         230
  C:0E9FH         LINE#         231
  C:0EACH         LINE#         232
  C:0EAFH         LINE#         233
  C:0EAFH         LINE#         234
  C:0EEBH         LINE#         235
  C:0EEBH         LINE#         236
  C:0F1BH         LINE#         237
  C:0F1BH         LINE#         238
  C:0F3FH         LINE#         239
  C:0F71H         LINE#         240
  C:0FA3H         LINE#         241
  C:0FD0H         LINE#         242
  C:0FFDH         LINE#         243
  C:102DH         LINE#         244
  C:103CH         LINE#         245
  C:103CH         LINE#         246
BL51 BANKED LINKER/LOCATER V6.22                                                      06/18/2015  18:41:56  PAGE 42


  C:103FH         LINE#         247
  C:103FH         LINE#         248
  C:107BH         LINE#         249
  C:107BH         LINE#         250
  C:10ABH         LINE#         251
  C:10ABH         LINE#         252
  C:10E0H         LINE#         253
  C:1117H         LINE#         254
  C:114DH         LINE#         255
  C:1183H         LINE#         256
  C:11B9H         LINE#         257
  C:11EFH         LINE#         258
  C:11FFH         LINE#         259
  C:11FFH         LINE#         261
  C:1202H         LINE#         262
  C:1202H         LINE#         263
  C:1211H         LINE#         264
  -------         ENDPROC       SSTMTIME
  -------         PROC          GUIDSHOW
  C:49CCH         LINE#         269
  C:49CCH         LINE#         270
  C:49CCH         LINE#         271
  C:49EAH         LINE#         272
  C:4A0DH         LINE#         273
  C:4A32H         LINE#         274
  C:4A51H         LINE#         275
  C:4A70H         LINE#         276
  C:4A8FH         LINE#         277
  C:4AAEH         LINE#         278
  -------         ENDPROC       GUIDSHOW
  -------         PROC          _GUIDDO
  X:000CH         SYMBOL        pback
  X:000FH         SYMBOL        pmenu
  X:0012H         SYMBOL        x
  C:4190H         LINE#         285
  C:419BH         LINE#         286
  C:419BH         LINE#         287
  C:41E7H         LINE#         288
  C:424EH         LINE#         289
  C:428FH         LINE#         290
  C:42DBH         LINE#         291
  -------         ENDPROC       _GUIDDO
  -------         PROC          TEMPERT
  -------         DO            
  X:0002H         SYMBOL        i
  X:0004H         SYMBOL        temper
  -------         ENDDO         
  C:47BCH         LINE#         295
  C:47BCH         LINE#         296
  C:47BCH         LINE#         297
  C:47C3H         LINE#         299
  C:47CAH         LINE#         300
  C:47E9H         LINE#         301
  C:4805H         LINE#         302
  C:4808H         LINE#         303
  C:4808H         LINE#         304
  C:4808H         LINE#         305
BL51 BANKED LINKER/LOCATER V6.22                                                      06/18/2015  18:41:56  PAGE 43


  C:4818H         LINE#         306
  C:4818H         LINE#         307
  C:4821H         LINE#         308
  C:4845H         LINE#         309
  C:4865H         LINE#         310
  C:486DH         LINE#         311
  C:486DH         LINE#         312
  C:487BH         LINE#         313
  C:487EH         LINE#         314
  C:48C2H         LINE#         315
  -------         ENDPROC       TEMPERT
  -------         PROC          PICBOX
  -------         DO            
  X:0002H         SYMBOL        color
  -------         ENDDO         
  C:2EFBH         LINE#         320
  C:2EFBH         LINE#         321
  C:2EFBH         LINE#         322
  C:2F04H         LINE#         323
  C:2F0BH         LINE#         324
  C:2F27H         LINE#         325
  C:2F46H         LINE#         326
  C:2F63H         LINE#         327
  C:2F7EH         LINE#         328
  C:2F9DH         LINE#         329
  C:2FBCH         LINE#         330
  C:2FD9H         LINE#         331
  C:2FF9H         LINE#         332
  C:3019H         LINE#         333
  C:3039H         LINE#         334
  C:3059H         LINE#         335
  C:3079H         LINE#         336
  C:307CH         LINE#         337
  C:307CH         LINE#         338
  C:307CH         LINE#         339
  C:307FH         LINE#         340
  C:30B0H         LINE#         341
  C:30EEH         LINE#         342
  C:310CH         LINE#         343
  C:3149H         LINE#         344
  C:3149H         LINE#         345
  C:314DH         LINE#         346
  C:3157H         LINE#         347
  C:3164H         LINE#         348
  C:316AH         LINE#         349
  C:3176H         LINE#         350
  C:3183H         LINE#         351
  C:318AH         LINE#         352
  C:3197H         LINE#         353
  C:31A4H         LINE#         354
  -------         ENDPROC       PICBOX
  -------         ENDMOD        GUI

  -------         MODULE        18B20
  C:0000H         SYMBOL        _ICE_DUMMY_
  D:0080H         PUBLIC        P0
  D:00A8H         PUBLIC        IE
BL51 BANKED LINKER/LOCATER V6.22                                                      06/18/2015  18:41:56  PAGE 44


  C:561FH         PUBLIC        _ReadTemperature
  B:0080H.0       PUBLIC        DQ
  D:00B8H         PUBLIC        IP
  C:57E4H         PUBLIC        Init_DS18B20
  C:58A1H         PUBLIC        ReadOneChar
  D:00D8H         PUBLIC        CCON
  C:56D5H         PUBLIC        Read18b20
  C:598FH         PUBLIC        _DelayMs
  C:58BDH         PUBLIC        _WriteOneChar
  D:0098H         PUBLIC        SCON
  D:0088H         PUBLIC        TCON
  C:597BH         PUBLIC        _DelayUs2x
  D:00D0H         PUBLIC        PSW
  -------         PROC          _DELAYUS2X
  D:0007H         SYMBOL        t
  -------         DO            
  D:0006H         SYMBOL        i
  -------         ENDDO         
  C:597BH         LINE#         13
  C:597BH         LINE#         14
  C:597BH         LINE#         16
  C:5987H         LINE#         17
  C:5987H         LINE#         18
  C:5989H         LINE#         19
  C:598BH         LINE#         20
  C:598EH         LINE#         21
  -------         ENDPROC       _DELAYUS2X
  -------         PROC          _DELAYMS
  D:0007H         SYMBOL        t
  -------         DO            
  D:0006H         SYMBOL        i
  D:0005H         SYMBOL        j
  -------         ENDDO         
  C:598FH         LINE#         27
  C:598FH         LINE#         28
  C:598FH         LINE#         30
  C:5995H         LINE#         31
  C:5995H         LINE#         32
  C:5996H         LINE#         33
  C:5997H         LINE#         34
  C:5999H         LINE#         35
  C:599BH         LINE#         37
  C:599BH         LINE#         38
  C:599DH         LINE#         39
  C:599FH         LINE#         40
  C:59A2H         LINE#         41
  -------         ENDPROC       _DELAYMS
  -------         PROC          INIT_DS18B20
  -------         DO            
  B:0020H.0       SYMBOL        dat
  -------         ENDDO         
  C:57E4H         LINE#         46
  C:57E4H         LINE#         47
  C:57E4H         LINE#         48
  C:57E6H         LINE#         49
  C:57E8H         LINE#         50
  C:57EDH         LINE#         51
BL51 BANKED LINKER/LOCATER V6.22                                                      06/18/2015  18:41:56  PAGE 45


  C:57EFH         LINE#         52
  C:57F4H         LINE#         53
  C:57F9H         LINE#         54
  C:57FBH         LINE#         55
  C:5800H         LINE#         56
  C:5804H         LINE#         57
  C:5809H         LINE#         58
  C:580BH         LINE#         59
  -------         ENDPROC       INIT_DS18B20
  -------         PROC          READONECHAR
  -------         DO            
  D:0005H         SYMBOL        i
  D:0004H         SYMBOL        dat
  -------         ENDDO         
  C:58A1H         LINE#         64
  C:58A1H         LINE#         65
  C:58A1H         LINE#         66
  C:58A2H         LINE#         67
  C:58A3H         LINE#         68
  C:58A5H         LINE#         69
  C:58A5H         LINE#         70
  C:58A7H         LINE#         71
  C:58ABH         LINE#         72
  C:58ADH         LINE#         73
  C:58B0H         LINE#         74
  C:58B3H         LINE#         75
  C:58B8H         LINE#         76
  C:58BAH         LINE#         77
  C:58BCH         LINE#         78
  -------         ENDPROC       READONECHAR
  -------         PROC          _WRITEONECHAR
  D:0005H         SYMBOL        dat
  -------         DO            
  D:0003H         SYMBOL        i
  -------         ENDDO         
  C:58BDH         LINE#         82
  C:58BFH         LINE#         83
  C:58BFH         LINE#         84
  C:58BFH         LINE#         85
  C:58C1H         LINE#         86
  C:58C1H         LINE#         87
  C:58C3H         LINE#         88
  C:58C7H         LINE#         89
  C:58CCH         LINE#         90
  C:58CEH         LINE#         91
  C:58D2H         LINE#         92
  C:58D4H         LINE#         93
  -------         ENDPROC       _WRITEONECHAR
  -------         PROC          READ18B20
  -------         DO            
  D:0003H         SYMBOL        a
  D:0006H         SYMBOL        b
  D:0004H         SYMBOL        t
  -------         ENDDO         
  C:56D5H         LINE#         99
  C:56D5H         LINE#         100
  C:56D5H         LINE#         101
BL51 BANKED LINKER/LOCATER V6.22                                                      06/18/2015  18:41:56  PAGE 46


  C:56D7H         LINE#         102
  C:56D9H         LINE#         103
  C:56DBH         LINE#         104
  C:56DEH         LINE#         105
  C:56E3H         LINE#         106
  C:56E8H         LINE#         107
  C:56EDH         LINE#         108
  C:56F0H         LINE#         109
  C:56F5H         LINE#         110
  C:56FAH         LINE#         111
  C:56FFH         LINE#         112
  C:5702H         LINE#         113
  C:5706H         LINE#         114
  C:570BH         LINE#         116
  C:570EH         LINE#         117
  -------         ENDPROC       READ18B20
  -------         PROC          _READTEMPERATURE
  X:000BH         SYMBOL        temper
  -------         DO            
  D:0006H         SYMBOL        temp
  D:0004H         SYMBOL        temperature
  -------         ENDDO         
  C:561FH         LINE#         118
  C:562AH         LINE#         119
  C:562AH         LINE#         122
  C:562DH         LINE#         123
  C:563FH         LINE#         124
  -------         ENDPROC       _READTEMPERATURE
  -------         ENDMOD        18B20

  -------         MODULE        UART
  C:0000H         SYMBOL        _ICE_DUMMY_
  B:00A8H.7       PUBLIC        EA
  D:00A8H         PUBLIC        IE
  D:00B8H         PUBLIC        IP
  B:0021H.1       PUBLIC        flag
  D:00D8H         PUBLIC        CCON
  D:0098H         PUBLIC        SCON
  D:0088H         PUBLIC        TCON
  X:01A7H         PUBLIC        temp
  D:00AFH         PUBLIC        IE2
  D:008EH         PUBLIC        AUXR
  C:582CH         PUBLIC        InitUART
  D:009BH         PUBLIC        S2BUF
  C:59EFH         PUBLIC        _UART_SendOneByte
  D:009AH         PUBLIC        S2CON
  D:009CH         PUBLIC        BRT
  X:01BBH         PUBLIC        p
  C:53EBH         PUBLIC        UART_Interrupt
  D:00D0H         PUBLIC        PSW
  -------         PROC          INITUART
  B:0020H.0       SYMBOL        bite
  C:582CH         LINE#         8
  C:582CH         LINE#         9
  C:582CH         LINE#         10
  C:582FH         LINE#         11
  C:5832H         LINE#         12
BL51 BANKED LINKER/LOCATER V6.22                                                      06/18/2015  18:41:56  PAGE 47


  C:5835H         LINE#         13
  C:583BH         LINE#         14
  C:5841H         LINE#         15
  C:5844H         LINE#         16
  C:5846H         LINE#         17
  C:5849H         LINE#         18
  -------         ENDPROC       INITUART
  -------         PROC          _UART_SENDONEBYTE
  D:0007H         SYMBOL        c
  C:59EFH         LINE#         19
  C:59EFH         LINE#         20
  C:59EFH         LINE#         21
  C:59F1H         LINE#         22
  C:59F6H         LINE#         23
  C:59F9H         LINE#         24
  -------         ENDPROC       _UART_SENDONEBYTE
  -------         PROC          UART_INTERRUPT
  C:53EBH         LINE#         26
  C:5400H         LINE#         28
  C:5411H         LINE#         29
  C:5416H         LINE#         30
  C:5416H         LINE#         31
  C:5418H         LINE#         32
  C:541BH         LINE#         33
  C:542BH         LINE#         35
  C:5435H         LINE#         36
  C:5444H         LINE#         37
  C:5444H         LINE#         38
  -------         ENDPROC       UART_INTERRUPT
  -------         ENDMOD        UART

  -------         MODULE        ?C?FPADD
  C:004DH         PUBLIC        ?C?FPADD
  C:0049H         PUBLIC        ?C?FPSUB
  -------         ENDMOD        ?C?FPADD

  -------         MODULE        ?C?FPMUL
  C:013EH         PUBLIC        ?C?FPMUL
  -------         ENDMOD        ?C?FPMUL

  -------         MODULE        ?C?FPDIV
  C:0247H         PUBLIC        ?C?FPDIV
  -------         ENDMOD        ?C?FPDIV

  -------         MODULE        ?C?FPCMP
  C:02E6H         PUBLIC        ?C?FPCMP
  C:02E4H         PUBLIC        ?C?FPCMP3
  -------         ENDMOD        ?C?FPCMP

  -------         MODULE        ?C?FCAST
  C:035BH         PUBLIC        ?C?FCASTC
  C:0356H         PUBLIC        ?C?FCASTI
  C:0351H         PUBLIC        ?C?FCASTL
  -------         ENDMOD        ?C?FCAST

  -------         MODULE        ?C?CASTF
  C:038FH         PUBLIC        ?C?CASTF
BL51 BANKED LINKER/LOCATER V6.22                                                      06/18/2015  18:41:56  PAGE 48


  -------         ENDMOD        ?C?CASTF

  -------         MODULE        PRINTF
  X:000EH         PUBLIC        ?_PRINTF?BYTE
  X:000EH         PUBLIC        ?_SPRINTF?BYTE
  C:20E9H         PUBLIC        _PRINTF
  C:20E3H         PUBLIC        _SPRINTF
  -------         ENDMOD        PRINTF

  -------         MODULE        SQRT
  C:4F9DH         PUBLIC        _SQRT
  -------         ENDMOD        SQRT

  -------         MODULE        ?C?FPROUND
  C:0410H         PUBLIC        ?C?FPROUND
  -------         ENDMOD        ?C?FPROUND

  -------         MODULE        ?C?FPCONVERT
  C:044DH         PUBLIC        ?C?FPCONVERT
  -------         ENDMOD        ?C?FPCONVERT

  -------         MODULE        ?C?FTNPWR
  C:0582H         PUBLIC        ?C?FTNPWR
  -------         ENDMOD        ?C?FTNPWR

  -------         MODULE        ?C?COPY
  C:0692H         PUBLIC        ?C?COPY
  -------         ENDMOD        ?C?COPY

  -------         MODULE        ?C?CLDPTR
  C:06B8H         PUBLIC        ?C?CLDPTR
  -------         ENDMOD        ?C?CLDPTR

  -------         MODULE        ?C?CLDOPTR
  C:06D1H         PUBLIC        ?C?CLDOPTR
  -------         ENDMOD        ?C?CLDOPTR

  -------         MODULE        ?C?CSTPTR
  C:06FEH         PUBLIC        ?C?CSTPTR
  -------         ENDMOD        ?C?CSTPTR

  -------         MODULE        ?C?CSTOPTR
  C:0710H         PUBLIC        ?C?CSTOPTR
  -------         ENDMOD        ?C?CSTOPTR

  -------         MODULE        ?C?UIDIV
  C:0732H         PUBLIC        ?C?UIDIV
  -------         ENDMOD        ?C?UIDIV

  -------         MODULE        ?C?IILDX
  C:0787H         PUBLIC        ?C?IILDX
  -------         ENDMOD        ?C?IILDX

  -------         MODULE        ?C?ILDIX
  C:079DH         PUBLIC        ?C?ILDIX
  -------         ENDMOD        ?C?ILDIX

BL51 BANKED LINKER/LOCATER V6.22                                                      06/18/2015  18:41:56  PAGE 49


  -------         MODULE        ?C?ILDPTR
  C:07B3H         PUBLIC        ?C?ILDPTR
  -------         ENDMOD        ?C?ILDPTR

  -------         MODULE        ?C?ISTPTR
  C:07DEH         PUBLIC        ?C?ISTPTR
  -------         ENDMOD        ?C?ISTPTR

  -------         MODULE        ?C?LMUL
  C:07FDH         PUBLIC        ?C?LMUL
  -------         ENDMOD        ?C?LMUL

  -------         MODULE        ?C?LNEG
  C:084CH         PUBLIC        ?C?LNEG
  -------         ENDMOD        ?C?LNEG

  -------         MODULE        ?C?ULCMP
  C:085AH         PUBLIC        ?C?ULCMP
  -------         ENDMOD        ?C?ULCMP

  -------         MODULE        ?C?ULSHR
  C:086BH         PUBLIC        ?C?ULSHR
  -------         ENDMOD        ?C?ULSHR

  -------         MODULE        ?C?LLDXDATA
  C:087EH         PUBLIC        ?C?LLDXDATA
  -------         ENDMOD        ?C?LLDXDATA

  -------         MODULE        ?C?LLDCODE
  C:088AH         PUBLIC        ?C?LLDCODE
  -------         ENDMOD        ?C?LLDCODE

  -------         MODULE        ?C?LLDCODE0
  C:089AH         PUBLIC        ?C?LLDCODE0
  -------         ENDMOD        ?C?LLDCODE0

  -------         MODULE        ?C?LSTXDATA
  C:08AAH         PUBLIC        ?C?LSTXDATA
  -------         ENDMOD        ?C?LSTXDATA

  -------         MODULE        ?C?LSTKXDATA
  C:08B6H         PUBLIC        ?C?LSTKXDATA
  -------         ENDMOD        ?C?LSTKXDATA

  -------         MODULE        ?C?PLDIXDATA
  C:08E7H         PUBLIC        ?C?PLDIXDATA
  -------         ENDMOD        ?C?PLDIXDATA

  -------         MODULE        ?C?PSTXDATA
  C:08FEH         PUBLIC        ?C?PSTXDATA
  -------         ENDMOD        ?C?PSTXDATA

  -------         MODULE        ?C?CCASE
  C:0907H         PUBLIC        ?C?CCASE
  -------         ENDMOD        ?C?CCASE

  -------         MODULE        ?C?ICASE
BL51 BANKED LINKER/LOCATER V6.22                                                      06/18/2015  18:41:56  PAGE 50


  C:092DH         PUBLIC        ?C?ICASE
  -------         ENDMOD        ?C?ICASE

  -------         MODULE        ?C?ICALL
  C:095AH         PUBLIC        ?C?ICALL
  C:095EH         PUBLIC        ?C?ICALL2
  -------         ENDMOD        ?C?ICALL

  -------         MODULE        ?C?LIMUL
  C:0960H         PUBLIC        ?C?LIMUL
  -------         ENDMOD        ?C?LIMUL

  -------         MODULE        ABS
  C:59E3H         PUBLIC        _ABS
  -------         ENDMOD        ABS

  -------         MODULE        STRLEN
  C:5966H         PUBLIC        _STRLEN
  -------         ENDMOD        STRLEN

*** WARNING L13: RECURSIVE CALL TO SEGMENT
    SEGMENT: ?PR?DESKTOP?GUI
    CALLER:  ?PR?SSTMTIME?GUI

*** WARNING L13: RECURSIVE CALL TO SEGMENT
    SEGMENT: ?PR?CALENDAR?GUI
    CALLER:  ?PR?SSTMTIME?GUI

*** WARNING L13: RECURSIVE CALL TO SEGMENT
    SEGMENT: ?PR?DESKTOP?GUI
    CALLER:  ?PR?_GUIDDO?GUI

*** WARNING L13: RECURSIVE CALL TO SEGMENT
    SEGMENT: ?PR?DESKTOP?GUI
    CALLER:  ?PR?CALENDAR?GUI

*** WARNING L13: RECURSIVE CALL TO SEGMENT
    SEGMENT: ?PR?DESKTOP?GUI
    CALLER:  ?PR?TEMPERT?GUI

*** WARNING L13: RECURSIVE CALL TO SEGMENT
    SEGMENT: ?PR?DESKTOP?GUI
    CALLER:  ?PR?PICBOX?GUI

*** WARNING L16: UNCALLED SEGMENT, IGNORED FOR OVERLAY PROCESS
    SEGMENT: ?PR?_UART_SENDONEBYTE?UART

*** WARNING L15: MULTIPLE CALL TO SEGMENT
    SEGMENT: ?PR?_GUI_TEXT?HX8347D
    CALLER1: ?C_C51STARTUP
    CALLER2: ?PR?TIMER_ROUTINE?TIMER

*** WARNING L15: MULTIPLE CALL TO SEGMENT
    SEGMENT: ?PR?_PUTCHAR?HX8347D
    CALLER1: ?C_C51STARTUP
    CALLER2: ?PR?TIMER_ROUTINE?TIMER

BL51 BANKED LINKER/LOCATER V6.22                                                      06/18/2015  18:41:56  PAGE 51


*** WARNING L15: MULTIPLE CALL TO SEGMENT
    SEGMENT: ?PR?_LCD_SETPOINT?HX8347D
    CALLER1: ?C_C51STARTUP
    CALLER2: ?PR?TIMER_ROUTINE?TIMER

Program Size: data=15.2 xdata=451 code=23043
LINK/LOCATE RUN COMPLETE.  10 WARNING(S),  0 ERROR(S)
