BL51 BANKED LINKER/LOCATER V6.22                                                        06/19/2015  11:47:39  PAGE 1


BL51 BANKED LINKER/LOCATER V6.22, INVOKED BY:
D:\KEIL\C51\BIN\BL51.EXE .\Object\STARTUP.obj, .\Object\main.obj, .\Object\W25Qxx.obj, .\Object\HX8347D.obj, .\Object\To
>> uch.obj, .\Object\ds1302.obj, .\Object\timer.obj, .\Object\GUI.obj, .\Object\18b20.obj, .\Object\uart.obj, .\Object\A
>> TCmd.obj TO .\Object\×ÏÒ«OS PRINT (.\Lst\×ÏÒ«OS.m51) RAMSIZE (256)




PROGRAM RECURSIONS REMOVED FROM CALL TREE
=========================================
+--> ?PR?DESKTOP?GUI
|  | ?PR?CALENDAR?GUI
<--+ ?PR?SSTMTIME?GUI


+--> ?PR?CALENDAR?GUI
<--+ ?PR?SSTMTIME?GUI


+--> ?PR?DESKTOP?GUI
|  | ?PR?CALENDAR?GUI
|  | ?PR?SSTMTIME?GUI
<--+ ?PR?_GUIDDO?GUI


+--> ?PR?DESKTOP?GUI
<--+ ?PR?CALENDAR?GUI


+--> ?PR?DESKTOP?GUI
<--+ ?PR?TEMPERT?GUI


+--> ?PR?DESKTOP?GUI
<--+ ?PR?PICBOX?GUI



MEMORY MODEL: LARGE WITH FLOATING POINT ARITHMETIC


INPUT MODULES INCLUDED:
  .\Object\STARTUP.obj (?C_STARTUP)
  .\Object\main.obj (MAIN)
  .\Object\W25Qxx.obj (W25QXX)
  .\Object\HX8347D.obj (HX8347D)
  .\Object\Touch.obj (TOUCH)
  .\Object\ds1302.obj (DS1302)
  .\Object\timer.obj (TIMER)
  .\Object\GUI.obj (GUI)
  .\Object\18b20.obj (18B20)
  .\Object\uart.obj (UART)
  .\Object\ATCmd.obj (ATCMD)
  D:\KEIL\C51\LIB\C51FPL.LIB (?C?FPADD)
  D:\KEIL\C51\LIB\C51FPL.LIB (?C?FPMUL)
  D:\KEIL\C51\LIB\C51FPL.LIB (?C?FPDIV)
  D:\KEIL\C51\LIB\C51FPL.LIB (?C?FPCMP)
  D:\KEIL\C51\LIB\C51FPL.LIB (?C?FCAST)
BL51 BANKED LINKER/LOCATER V6.22                                                      06/19/2015  11:47:39  PAGE 2


  D:\KEIL\C51\LIB\C51FPL.LIB (?C?CASTF)
  D:\KEIL\C51\LIB\C51FPL.LIB (PRINTF)
  D:\KEIL\C51\LIB\C51FPL.LIB (SQRT)
  D:\KEIL\C51\LIB\C51FPL.LIB (?C?FPGETOPN)
  D:\KEIL\C51\LIB\C51FPL.LIB (?C?FPROUND)
  D:\KEIL\C51\LIB\C51FPL.LIB (?C?FPCONVERT)
  D:\KEIL\C51\LIB\C51FPL.LIB (?C?FTNPWR)
  D:\KEIL\C51\LIB\C51L.LIB (?C_INIT)
  D:\KEIL\C51\LIB\C51L.LIB (?C?COPY)
  D:\KEIL\C51\LIB\C51L.LIB (?C?CLDPTR)
  D:\KEIL\C51\LIB\C51L.LIB (?C?CLDOPTR)
  D:\KEIL\C51\LIB\C51L.LIB (?C?CSTPTR)
  D:\KEIL\C51\LIB\C51L.LIB (?C?CSTOPTR)
  D:\KEIL\C51\LIB\C51L.LIB (?C?UIDIV)
  D:\KEIL\C51\LIB\C51L.LIB (?C?IILDX)
  D:\KEIL\C51\LIB\C51L.LIB (?C?ILDIX)
  D:\KEIL\C51\LIB\C51L.LIB (?C?ILDPTR)
  D:\KEIL\C51\LIB\C51L.LIB (?C?ISTPTR)
  D:\KEIL\C51\LIB\C51L.LIB (?C?LMUL)
  D:\KEIL\C51\LIB\C51L.LIB (?C?LNEG)
  D:\KEIL\C51\LIB\C51L.LIB (?C?ULCMP)
  D:\KEIL\C51\LIB\C51L.LIB (?C?ULSHR)
  D:\KEIL\C51\LIB\C51L.LIB (?C?LLDXDATA)
  D:\KEIL\C51\LIB\C51L.LIB (?C?LLDCODE)
  D:\KEIL\C51\LIB\C51L.LIB (?C?LLDCODE0)
  D:\KEIL\C51\LIB\C51L.LIB (?C?LSTXDATA)
  D:\KEIL\C51\LIB\C51L.LIB (?C?LSTKXDATA)
  D:\KEIL\C51\LIB\C51L.LIB (?C?PLDIXDATA)
  D:\KEIL\C51\LIB\C51L.LIB (?C?PSTXDATA)
  D:\KEIL\C51\LIB\C51L.LIB (?C?CCASE)
  D:\KEIL\C51\LIB\C51L.LIB (?C?ICASE)
  D:\KEIL\C51\LIB\C51L.LIB (?C?ICALL)
  D:\KEIL\C51\LIB\C51L.LIB (?C?LIMUL)
  D:\KEIL\C51\LIB\C51L.LIB (ABS)
  D:\KEIL\C51\LIB\C51L.LIB (?C?STRCMP)
  D:\KEIL\C51\LIB\C51L.LIB (STRLEN)


LINK MAP OF MODULE:  .\Object\×ÏÒ«OS (?C_STARTUP)


            TYPE    BASE      LENGTH    RELOCATION   SEGMENT NAME
            -----------------------------------------------------

            * * * * * * *   D A T A   M E M O R Y   * * * * * * *
            REG     0000H     0008H     ABSOLUTE     "REG BANK 0"
            DATA    0008H     000AH     UNIT         _DATA_GROUP_
                    0012H     000EH                  *** GAP ***
            BIT     0020H.0   0002H.2   UNIT         _BIT_GROUP_
            BIT     0022H.2   0000H.1   UNIT         ?BI?UART
                    0022H.3   0000H.5                *** GAP ***
            IDATA   0023H     0001H     UNIT         ?STACK

            * * * * * * *  X D A T A   M E M O R Y  * * * * * * *
            XDATA   0000H     02A4H     UNIT         _XDATA_GROUP_
            XDATA   02A4H     0021H     UNIT         ?XD?TOUCH
            XDATA   02C5H     001AH     UNIT         ?XD?GUI
BL51 BANKED LINKER/LOCATER V6.22                                                      06/19/2015  11:47:39  PAGE 3


            XDATA   02DFH     0017H     UNIT         ?XD?UART
            XDATA   02F6H     0002H     UNIT         ?XD?W25QXX
            XDATA   02F8H     0002H     UNIT         ?XD?HX8347D
            XDATA   02FAH     0001H     UNIT         ?XD?TIMER

            * * * * * * *   C O D E   M E M O R Y   * * * * * * *
            CODE    0000H     0003H     ABSOLUTE     
            CODE    0003H     0006H     UNIT         ?CO?18B20
                    0009H     0002H                  *** GAP ***
            CODE    000BH     0003H     ABSOLUTE     
            CODE    000EH     0033H     UNIT         ?PR?TP_DEFAULT_ADJ?TOUCH
                    0041H     0002H                  *** GAP ***
            CODE    0043H     0003H     ABSOLUTE     
            CODE    0046H     0AE2H     UNIT         ?C?LIB_CODE
            CODE    0B28H     0887H     UNIT         ?PR?SSTMTIME?GUI
            CODE    13AFH     087AH     UNIT         ?PR?TP_ADJUST?TOUCH
            CODE    1C29H     05F0H     UNIT         ?CO?HX8347D
            CODE    2219H     0483H     UNIT         ?PR?PRINTF?PRINTF
            CODE    269CH     0462H     UNIT         ?PR?DESKTOP?GUI
            CODE    2AFEH     02E2H     UNIT         ?PR?_LCD_DRAWEBOX?HX8347D
            CODE    2DE0H     02B6H     UNIT         ?PR?_SHOW_ASCII?W25QXX
            CODE    3096H     02B6H     UNIT         ?PR?PICBOX?GUI
            CODE    334CH     0274H     UNIT         ?PR?_LCD_DRAWLINE?HX8347D
            CODE    35C0H     0243H     UNIT         ?PR?_GET_HZMAT?W25QXX
            CODE    3803H     01E5H     UNIT         ?PR?START_CHECK?GUI
            CODE    39E8H     01BBH     UNIT         ?PR?LCD_INITIALIZTION?HX8347D
            CODE    3BA3H     0192H     UNIT         ?PR?_TP_READ_XOY?TOUCH
            CODE    3D35H     0188H     UNIT         ?PR?_SHOW_STR?W25QXX
            CODE    3EBDH     0186H     UNIT         ?PR?CALENDAR?GUI
            CODE    4043H     0179H     UNIT         ?PR?_SHOW_FONT?W25QXX
            CODE    41BCH     016FH     UNIT         ?CO?GUI
            CODE    432BH     014CH     UNIT         ?PR?_GUIDDO?GUI
            CODE    4477H     0145H     UNIT         ?PR?_TP_READ_XY2?TOUCH
            CODE    45BCH     0141H     UNIT         ?PR?_TP_DROW_TOUCH_POINT?TOUCH
            CODE    46FDH     013CH     UNIT         ?PR?_SHOW_PICTURE?HX8347D
            CODE    4839H     011EH     UNIT         ?PR?_GETTIME?DS1302
            CODE    4957H     0109H     UNIT         ?PR?TEMPERT?GUI
            CODE    4A60H     0107H     UNIT         ?PR?_PUTCHAR?HX8347D
            CODE    4B67H     0105H     UNIT         ?PR?GUIDSHOW?GUI
            CODE    4C6CH     00F7H     UNIT         ?PR?_TP_SCAN?TOUCH
            CODE    4D63H     00E0H     UNIT         ?PR?_LCD_DRAWBOX?HX8347D
            CODE    4E43H     00CFH     UNIT         ?PR?_DS1302_WRITE_TIME?DS1302
            CODE    4F12H     00BEH     UNIT         ?PR?_GET_CLICK?GUI
            CODE    4FD0H     00B6H     UNIT         ?PR?_GUI_TEXT?HX8347D
            CODE    5086H     00AEH     UNIT         ?PR?_LCD_CLEAR?HX8347D
            CODE    5134H     00ACH     UNIT         ?PR?SQRT?SQRT
            CODE    51E0H     00A8H     UNIT         ?PR?_DS1302_READ_TIME?DS1302
            CODE    5288H     008DH     UNIT         ?CO?W25QXX
            CODE    5315H     008DH     UNIT         ?PR?TIMER_ROUTINE?TIMER
            CODE    53A2H     008CH     UNIT         ?C_C51STARTUP
            CODE    542EH     007EH     UNIT         ?PR?_TP_DRAW_BIG_POINT?TOUCH
            CODE    54ACH     007DH     UNIT         ?PR?_ALERT?GUI
            CODE    5529H     0079H     UNIT         ?PR?_W25QXX_READ?W25QXX
            CODE    55A2H     0075H     UNIT         ?PR?_AT_DO?ATCMD
            CODE    5617H     006CH     UNIT         ?PR?UART_INTERRUPT?UART
            CODE    5683H     0051H     UNIT         ?C_INITSEG
            CODE    56D4H     0050H     UNIT         ?PR?_LCD_SETPOINT?HX8347D
BL51 BANKED LINKER/LOCATER V6.22                                                      06/19/2015  11:47:39  PAGE 4


            CODE    5724H     004FH     UNIT         ?PR?_TP_READ_XY?TOUCH
            CODE    5773H     004EH     UNIT         ?PR?_TP_READ_AD?TOUCH
            CODE    57C1H     0047H     UNIT         ?PR?_READ1302?DS1302
            CODE    5808H     0043H     UNIT         ?PR?W25QXX_READID?W25QXX
            CODE    584BH     0041H     UNIT         ?CO?ATCMD
            CODE    588CH     0040H     UNIT         ?PR?_READTEMPERATURE?18B20
            CODE    58CCH     003CH     UNIT         ?PR?_WRITE1302?DS1302
            CODE    5908H     003AH     UNIT         ?PR?_LCD_SETCURSOR?HX8347D
            CODE    5942H     003AH     UNIT         ?PR?READ18B20?18B20
            CODE    597CH     002EH     UNIT         ?PR?START_LOGO?GUI
            CODE    59AAH     002BH     UNIT         ?PR?_W25QXX_WRITE_BYTE?W25QXX
            CODE    59D5H     002BH     UNIT         ?PR?_DELAY_MS?HX8347D
            CODE    5A00H     0029H     UNIT         ?PR?CLOCK?GUI
            CODE    5A29H     0028H     UNIT         ?PR?FONT_INIT?W25QXX
            CODE    5A51H     0028H     UNIT         ?PR?INIT_DS18B20?18B20
            CODE    5A79H     0020H     UNIT         ?PR?_DELAY_MS?GUI
            CODE    5A99H     001EH     UNIT         ?PR?INITUART?UART
            CODE    5AB7H     001DH     UNIT         ?PR?MAIN?MAIN
            CODE    5AD4H     001DH     UNIT         ?PR?_DELAY_US?TOUCH
            CODE    5AF1H     001DH     UNIT         ?PR?TP_INIT?TOUCH
            CODE    5B0EH     001CH     UNIT         ?PR?READONECHAR?18B20
            CODE    5B2AH     001CH     UNIT         ?PR?_WRITEONECHAR?18B20
            CODE    5B46H     001AH     UNIT         ?PR?_TP_WRITE_BYTE?TOUCH
            CODE    5B60H     0019H     UNIT         ?PR?_LCD_WR_DATA?HX8347D
            CODE    5B79H     0018H     UNIT         ?PR?DELAY1MS?DS1302
            CODE    5B91H     0017H     UNIT         ?PR?W25QXX_READ_BYTE?W25QXX
            CODE    5BA8H     0016H     UNIT         ?PR?DELAY40US?DS1302
            CODE    5BBEH     0015H     UNIT         ?PR?LCD_WRITERAM_PREPARE?HX8347D
            CODE    5BD3H     0015H     UNIT         ?PR?_STRLEN?STRLEN
            CODE    5BE8H     0014H     UNIT         ?PR?_DELAYUS2X?18B20
            CODE    5BFCH     0014H     UNIT         ?PR?_DELAYMS?18B20
            CODE    5C10H     0013H     UNIT         ?PR?_UART_SENDSTR?UART
            CODE    5C23H     0013H     UNIT         ?PR?_ISATCMD?ATCMD
            CODE    5C36H     0012H     UNIT         ?PR?DS1302_INIT?DS1302
            CODE    5C48H     0011H     UNIT         ?PR?_LCD_WRITEREG?HX8347D
            CODE    5C59H     0010H     UNIT         ?PR?TIMER0INIT?TIMER
            CODE    5C69H     000DH     UNIT         ?PR?_LCD_WR_REG?HX8347D
            CODE    5C76H     000CH     UNIT         ?PR?_ABS?ABS
            CODE    5C82H     000BH     UNIT         ?PR?_UART_SENDONEBYTE?UART
            CODE    5C8DH     000AH     UNIT         ?PR?W25QXX_WRITE_DISABLE?W25QXX
            CODE    5C97H     0003H     UNIT         ?PR?_LCD_WRITERAM?HX8347D



OVERLAY MAP OF MODULE:   .\Object\×ÏÒ«OS (?C_STARTUP)


SEGMENT                                     BIT_GROUP          DATA_GROUP          XDATA_GROUP
  +--> CALLED SEGMENT                    START    LENGTH     START    LENGTH     START    LENGTH
------------------------------------------------------------------------------------------------
?C_C51STARTUP                            -----    -----      -----    -----      -----    -----
  +--> ?PR?MAIN?MAIN
  +--> ?C_INITSEG

?PR?MAIN?MAIN                            -----    -----      -----    -----      -----    -----
  +--> ?PR?LCD_INITIALIZTION?HX8347D
  +--> ?PR?FONT_INIT?W25QXX
BL51 BANKED LINKER/LOCATER V6.22                                                      06/19/2015  11:47:39  PAGE 5


  +--> ?PR?TP_INIT?TOUCH
  +--> ?PR?DS1302_INIT?DS1302
  +--> ?PR?TIMER0INIT?TIMER
  +--> ?PR?INITUART?UART
  +--> ?PR?START_CHECK?GUI
  +--> ?PR?START_LOGO?GUI
  +--> ?PR?DESKTOP?GUI

?PR?LCD_INITIALIZTION?HX8347D            -----    -----      -----    -----      -----    -----
  +--> ?PR?_DELAY_MS?HX8347D
  +--> ?PR?_LCD_WRITEREG?HX8347D

?PR?_DELAY_MS?HX8347D                    -----    -----      -----    -----      -----    -----
  +--> ?PR?_LCD_WRITEREG?HX8347D

?PR?_LCD_WRITEREG?HX8347D                -----    -----      -----    -----      -----    -----
  +--> ?PR?_LCD_WR_REG?HX8347D
  +--> ?PR?_LCD_WR_DATA?HX8347D

?PR?FONT_INIT?W25QXX                     -----    -----      -----    -----      -----    -----
  +--> ?PR?W25QXX_WRITE_DISABLE?W25QXX
  +--> ?PR?W25QXX_READID?W25QXX
  +--> ?CO?W25QXX

?PR?W25QXX_WRITE_DISABLE?W25QXX          -----    -----      -----    -----      -----    -----
  +--> ?PR?_W25QXX_WRITE_BYTE?W25QXX

?PR?W25QXX_READID?W25QXX                 -----    -----      -----    -----      015DH    0002H
  +--> ?PR?_W25QXX_WRITE_BYTE?W25QXX
  +--> ?PR?W25QXX_READ_BYTE?W25QXX

?PR?TP_INIT?TOUCH                        -----    -----      -----    -----      -----    -----
  +--> ?PR?_TP_READ_XY?TOUCH
  +--> ?PR?TP_DEFAULT_ADJ?TOUCH

?PR?_TP_READ_XY?TOUCH                    -----    -----      -----    -----      0174H    0008H
  +--> ?PR?_TP_READ_XOY?TOUCH

?PR?_TP_READ_XOY?TOUCH                   -----    -----      -----    -----      017CH    0010H
  +--> ?PR?_TP_READ_AD?TOUCH

?PR?_TP_READ_AD?TOUCH                    -----    -----      -----    -----      -----    -----
  +--> ?PR?_TP_WRITE_BYTE?TOUCH
  +--> ?PR?_DELAY_US?TOUCH

?PR?DS1302_INIT?DS1302                   -----    -----      -----    -----      -----    -----
  +--> ?PR?_WRITE1302?DS1302

?PR?_WRITE1302?DS1302                    -----    -----      -----    -----      -----    -----
  +--> ?PR?DELAY1MS?DS1302

?PR?INITUART?UART                        0020H.0  0000H.1    -----    -----      -----    -----

?PR?START_CHECK?GUI                      -----    -----      -----    -----      0156H    0007H
  +--> ?PR?_LCD_CLEAR?HX8347D
  +--> ?CO?GUI
  +--> ?PR?_GUI_TEXT?HX8347D
BL51 BANKED LINKER/LOCATER V6.22                                                      06/19/2015  11:47:39  PAGE 6


  +--> ?PR?W25QXX_READID?W25QXX
  +--> ?PR?_SHOW_STR?W25QXX
  +--> ?PR?_DELAY_MS?GUI
  +--> ?PR?_GETTIME?DS1302
  +--> ?PR?_READTEMPERATURE?18B20

?PR?_LCD_CLEAR?HX8347D                   -----    -----      -----    -----      0160H    000AH
  +--> ?PR?_LCD_SETCURSOR?HX8347D
  +--> ?PR?LCD_WRITERAM_PREPARE?HX8347D
  +--> ?PR?_LCD_WR_DATA?HX8347D

?PR?_LCD_SETCURSOR?HX8347D               -----    -----      -----    -----      -----    -----
  +--> ?PR?_LCD_WRITEREG?HX8347D

?PR?LCD_WRITERAM_PREPARE?HX8347D         -----    -----      -----    -----      -----    -----
  +--> ?PR?_LCD_SETCURSOR?HX8347D
  +--> ?PR?_LCD_WR_REG?HX8347D

?PR?_GUI_TEXT?HX8347D                    -----    -----      -----    -----      0160H    000BH
  +--> ?PR?_PUTCHAR?HX8347D

?PR?_PUTCHAR?HX8347D                     -----    -----      -----    -----      0192H    000DH
  +--> ?CO?HX8347D
  +--> ?PR?_LCD_SETPOINT?HX8347D

?PR?_LCD_SETPOINT?HX8347D                -----    -----      -----    -----      028BH    0004H
  +--> ?PR?LCD_WRITERAM_PREPARE?HX8347D
  +--> ?PR?_LCD_WRITERAM?HX8347D

?PR?_LCD_WRITERAM?HX8347D                -----    -----      -----    -----      -----    -----
  +--> ?PR?_LCD_WR_DATA?HX8347D

?PR?_SHOW_STR?W25QXX                     -----    -----      -----    -----      0168H    000DH
  +--> ?PR?_SHOW_ASCII?W25QXX
  +--> ?PR?_SHOW_FONT?W25QXX

?PR?_SHOW_ASCII?W25QXX                   -----    -----      -----    -----      0175H    0059H
  +--> ?CO?W25QXX
  +--> ?PR?_W25QXX_READ?W25QXX
  +--> ?PR?_LCD_SETPOINT?HX8347D

?PR?_W25QXX_READ?W25QXX                  -----    -----      -----    -----      0299H    000BH
  +--> ?PR?_W25QXX_WRITE_BYTE?W25QXX
  +--> ?PR?W25QXX_READ_BYTE?W25QXX

?PR?_SHOW_FONT?W25QXX                    -----    -----      -----    -----      0175H    0116H
  +--> ?PR?_GET_HZMAT?W25QXX
  +--> ?PR?_LCD_SETPOINT?HX8347D

?PR?_GET_HZMAT?W25QXX                    -----    -----      -----    -----      028BH    000EH
  +--> ?CO?W25QXX
  +--> ?PR?_W25QXX_READ?W25QXX

?PR?_GETTIME?DS1302                      -----    -----      -----    -----      0160H    000AH
  +--> ?PR?_DS1302_READ_TIME?DS1302

?PR?_DS1302_READ_TIME?DS1302             -----    -----      -----    -----      016AH    0003H
BL51 BANKED LINKER/LOCATER V6.22                                                      06/19/2015  11:47:39  PAGE 7


  +--> ?PR?DELAY40US?DS1302
  +--> ?PR?_READ1302?DS1302

?PR?DELAY40US?DS1302                     -----    -----      -----    -----      -----    -----
  +--> ?PR?_READ1302?DS1302

?PR?_READ1302?DS1302                     -----    -----      -----    -----      -----    -----
  +--> ?PR?DELAY1MS?DS1302

?PR?_READTEMPERATURE?18B20               -----    -----      -----    -----      015FH    0003H
  +--> ?PR?READ18B20?18B20
  +--> ?CO?18B20
  +--> ?PR?PRINTF?PRINTF

?PR?READ18B20?18B20                      -----    -----      -----    -----      -----    -----
  +--> ?PR?INIT_DS18B20?18B20
  +--> ?PR?_WRITEONECHAR?18B20
  +--> ?PR?_DELAYMS?18B20
  +--> ?PR?READONECHAR?18B20

?PR?INIT_DS18B20?18B20                   0021H.1  0000H.1    -----    -----      -----    -----
  +--> ?PR?_DELAYUS2X?18B20

?PR?_WRITEONECHAR?18B20                  -----    -----      -----    -----      -----    -----
  +--> ?PR?_DELAYUS2X?18B20

?PR?READONECHAR?18B20                    -----    -----      -----    -----      -----    -----
  +--> ?PR?_DELAYUS2X?18B20

?PR?PRINTF?PRINTF                        0021H.1  0001H.1    000DH    0005H      0162H    0030H
  +--> ?PR?_PUTCHAR?HX8347D

?PR?START_LOGO?GUI                       -----    -----      -----    -----      -----    -----
  +--> ?PR?_LCD_CLEAR?HX8347D
  +--> ?PR?_SHOW_PICTURE?HX8347D
  +--> ?PR?_DELAY_MS?GUI

?PR?_SHOW_PICTURE?HX8347D                -----    -----      -----    -----      0156H    0016H
  +--> ?PR?_LCD_SETCURSOR?HX8347D
  +--> ?PR?LCD_WRITERAM_PREPARE?HX8347D
  +--> ?PR?_W25QXX_WRITE_BYTE?W25QXX
  +--> ?PR?W25QXX_READ_BYTE?W25QXX
  +--> ?PR?_LCD_WR_DATA?HX8347D

?PR?DESKTOP?GUI                          -----    -----      -----    -----      0154H    0002H
  +--> ?PR?_LCD_CLEAR?HX8347D
  +--> ?PR?_SHOW_PICTURE?HX8347D
  +--> ?CO?GUI
  +--> ?PR?_SHOW_STR?W25QXX
  +--> ?PR?CLOCK?GUI
  +--> ?PR?_GET_CLICK?GUI
  +--> ?PR?CALENDAR?GUI
  +--> ?PR?TEMPERT?GUI
  +--> ?PR?START_CHECK?GUI
  +--> ?PR?PICBOX?GUI
  +--> ?PR?_ALERT?GUI

BL51 BANKED LINKER/LOCATER V6.22                                                      06/19/2015  11:47:39  PAGE 8


?PR?CLOCK?GUI                            -----    -----      -----    -----      -----    -----
  +--> ?PR?_GETTIME?DS1302
  +--> ?PR?_GUI_TEXT?HX8347D

?PR?_GET_CLICK?GUI                       -----    -----      -----    -----      0160H    0006H
  +--> ?PR?_TP_READ_XY2?TOUCH

?PR?_TP_READ_XY2?TOUCH                   -----    -----      -----    -----      0166H    000EH
  +--> ?PR?_TP_READ_XY?TOUCH

?PR?CALENDAR?GUI                         -----    -----      -----    -----      0156H    0002H
  +--> ?PR?_GETTIME?DS1302
  +--> ?PR?_LCD_CLEAR?HX8347D
  +--> ?PR?_LCD_DRAWBOX?HX8347D
  +--> ?PR?_GUI_TEXT?HX8347D
  +--> ?CO?GUI
  +--> ?PR?_SHOW_STR?W25QXX
  +--> ?PR?GUIDSHOW?GUI
  +--> ?PR?_GET_CLICK?GUI
  +--> ?PR?SSTMTIME?GUI
  +--> ?PR?_GUIDDO?GUI

?PR?_LCD_DRAWBOX?HX8347D                 -----    -----      -----    -----      0165H    0012H
  +--> ?PR?_LCD_SETCURSOR?HX8347D
  +--> ?PR?LCD_WRITERAM_PREPARE?HX8347D
  +--> ?PR?_LCD_WR_DATA?HX8347D

?PR?GUIDSHOW?GUI                         -----    -----      -----    -----      -----    -----
  +--> ?PR?_LCD_DRAWLINE?HX8347D
  +--> ?CO?GUI
  +--> ?PR?_SHOW_STR?W25QXX

?PR?_LCD_DRAWLINE?HX8347D                -----    -----      -----    -----      016AH    0010H
  +--> ?PR?_LCD_SETPOINT?HX8347D

?PR?SSTMTIME?GUI                         -----    -----      -----    -----      0158H    0008H
  +--> ?CO?GUI
  +--> ?PR?_GETTIME?DS1302
  +--> ?PR?_LCD_CLEAR?HX8347D
  +--> ?PR?_SHOW_STR?W25QXX
  +--> ?PR?_GUI_TEXT?HX8347D
  +--> ?PR?_LCD_DRAWBOX?HX8347D
  +--> ?PR?_LCD_DRAWEBOX?HX8347D
  +--> ?PR?GUIDSHOW?GUI
  +--> ?PR?_GET_CLICK?GUI
  +--> ?PR?_GUIDDO?GUI
  +--> ?PR?_DS1302_WRITE_TIME?DS1302
  +--> ?PR?_ALERT?GUI

?PR?_LCD_DRAWEBOX?HX8347D                -----    -----      -----    -----      0160H    000AH
  +--> ?PR?_LCD_DRAWLINE?HX8347D

?PR?_GUIDDO?GUI                          -----    -----      -----    -----      0160H    0008H
  +--> ?CO?GUI
  +--> ?PR?_SHOW_STR?W25QXX
  +--> ?PR?_LCD_DRAWLINE?HX8347D

BL51 BANKED LINKER/LOCATER V6.22                                                      06/19/2015  11:47:39  PAGE 9


?PR?_DS1302_WRITE_TIME?DS1302            -----    -----      -----    -----      0160H    0003H
  +--> ?PR?_WRITE1302?DS1302
  +--> ?PR?DELAY40US?DS1302

?PR?_ALERT?GUI                           -----    -----      -----    -----      0160H    0005H
  +--> ?PR?_SHOW_STR?W25QXX
  +--> ?PR?_DELAY_MS?GUI
  +--> ?PR?_STRLEN?STRLEN
  +--> ?PR?_LCD_DRAWBOX?HX8347D

?PR?TEMPERT?GUI                          -----    -----      -----    -----      0156H    0009H
  +--> ?PR?_LCD_CLEAR?HX8347D
  +--> ?PR?_LCD_DRAWBOX?HX8347D
  +--> ?PR?_LCD_DRAWEBOX?HX8347D
  +--> ?PR?GUIDSHOW?GUI
  +--> ?PR?_READTEMPERATURE?18B20
  +--> ?CO?GUI
  +--> ?PR?_SHOW_STR?W25QXX
  +--> ?PR?_GUI_TEXT?HX8347D
  +--> ?PR?_GET_CLICK?GUI
  +--> ?PR?_GUIDDO?GUI

?PR?PICBOX?GUI                           -----    -----      -----    -----      0156H    0002H
  +--> ?PR?_LCD_CLEAR?HX8347D
  +--> ?PR?_LCD_DRAWBOX?HX8347D
  +--> ?PR?GUIDSHOW?GUI
  +--> ?PR?_GET_CLICK?GUI
  +--> ?PR?_TP_DRAW_BIG_POINT?TOUCH
  +--> ?PR?_GUIDDO?GUI

?PR?_TP_DRAW_BIG_POINT?TOUCH             -----    -----      -----    -----      0158H    0006H
  +--> ?PR?_LCD_SETPOINT?HX8347D

?C_INITSEG                               -----    -----      -----    -----      -----    -----
  +--> ?PR?TP_INIT?TOUCH
  +--> ?PR?_TP_SCAN?TOUCH
  +--> ?PR?TP_ADJUST?TOUCH

?PR?_TP_SCAN?TOUCH                       -----    -----      -----    -----      -----    -----
  +--> ?PR?_TP_READ_XY2?TOUCH

?PR?TP_ADJUST?TOUCH                      -----    -----      -----    -----      0000H    0021H
  +--> ?PR?_LCD_CLEAR?HX8347D
  +--> ?PR?_TP_DROW_TOUCH_POINT?TOUCH
  +--> ?PR?_ABS?ABS
  +--> ?PR?SQRT?SQRT
  +--> ?PR?_DELAY_MS?GUI

?PR?_TP_DROW_TOUCH_POINT?TOUCH           -----    -----      -----    -----      0021H    0006H
  +--> ?PR?_LCD_DRAWLINE?HX8347D
  +--> ?PR?_LCD_SETPOINT?HX8347D

?PR?SQRT?SQRT                            -----    -----      -----    -----      0021H    0004H

*** NEW ROOT ***************************************************

?PR?TIMER_ROUTINE?TIMER                  -----    -----      -----    -----      -----    -----
BL51 BANKED LINKER/LOCATER V6.22                                                      06/19/2015  11:47:39  PAGE 10


  +--> ?PR?_ISATCMD?ATCMD
  +--> ?PR?_AT_DO?ATCMD
  +--> ?PR?_GUI_TEXT?HX8347D

?PR?_AT_DO?ATCMD                         -----    -----      -----    -----      0150H    0004H
  +--> ?CO?ATCMD

?CO?ATCMD                                -----    -----      -----    -----      -----    -----
  +--> ?PR?DESKTOP?GUI
  +--> ?PR?START_CHECK?GUI
  +--> ?PR?PICBOX?GUI
  +--> ?PR?TEMPERT?GUI
  +--> ?PR?CALENDAR?GUI



SYMBOL TABLE OF MODULE:  .\Object\×ÏÒ«OS (?C_STARTUP)

  VALUE           TYPE          NAME
  ----------------------------------

  -------         MODULE        ?C_STARTUP
  C:53A2H         SEGMENT       ?C_C51STARTUP
  I:0023H         SEGMENT       ?STACK
  C:0000H         PUBLIC        ?C_STARTUP
  D:00E0H         SYMBOL        ACC
  D:00F0H         SYMBOL        B
  D:0083H         SYMBOL        DPH
  D:0082H         SYMBOL        DPL
  N:0000H         SYMBOL        IBPSTACK
  N:0100H         SYMBOL        IBPSTACKTOP
  N:0080H         SYMBOL        IDATALEN
  C:53A5H         SYMBOL        IDATALOOP
  N:0000H         SYMBOL        PBPSTACK
  N:0100H         SYMBOL        PBPSTACKTOP
  N:0000H         SYMBOL        PDATALEN
  N:0000H         SYMBOL        PDATASTART
  N:0000H         SYMBOL        PPAGE
  N:0000H         SYMBOL        PPAGEENABLE
  D:00A0H         SYMBOL        PPAGE_SFR
  D:0081H         SYMBOL        SP
  C:53A2H         SYMBOL        STARTUP1
  N:0000H         SYMBOL        XBPSTACK
  N:0000H         SYMBOL        XBPSTACKTOP
  N:0000H         SYMBOL        XDATALEN
  N:0000H         SYMBOL        XDATASTART
  C:0000H         LINE#         126
  C:53A2H         LINE#         133
  C:53A4H         LINE#         134
  C:53A5H         LINE#         135
  C:53A6H         LINE#         136
  C:53A8H         LINE#         185
  C:53ABH         LINE#         196
  -------         ENDMOD        ?C_STARTUP

  -------         MODULE        MAIN
  C:0000H         SYMBOL        _ICE_DUMMY_
BL51 BANKED LINKER/LOCATER V6.22                                                      06/19/2015  11:47:39  PAGE 11


  D:0080H         PUBLIC        P0
  D:0090H         PUBLIC        P1
  D:00A0H         PUBLIC        P2
  D:00A8H         PUBLIC        IE
  D:00B8H         PUBLIC        IP
  D:00D8H         PUBLIC        CCON
  C:5AB7H         PUBLIC        main
  D:0098H         PUBLIC        SCON
  D:0088H         PUBLIC        TCON
  D:00D0H         PUBLIC        PSW
  -------         PROC          MAIN
  C:5AB7H         LINE#         17
  C:5AB7H         LINE#         18
  C:5AB7H         LINE#         20
  C:5ABAH         LINE#         21
  C:5ABDH         LINE#         22
  C:5AC0H         LINE#         23
  C:5AC3H         LINE#         24
  C:5AC6H         LINE#         25
  C:5ACBH         LINE#         27
  C:5ACEH         LINE#         28
  C:5AD1H         LINE#         34
  -------         ENDPROC       MAIN
  -------         ENDMOD        MAIN

  -------         MODULE        W25QXX
  C:0000H         SYMBOL        _ICE_DUMMY_
  D:0080H         PUBLIC        P0
  D:0090H         PUBLIC        P1
  D:00A0H         PUBLIC        P2
  B:00A0H.7       PUBLIC        CE
  C:5C8DH         PUBLIC        W25Qxx_Write_Disable
  C:5288H         PUBLIC        ftinfo
  D:00A8H         PUBLIC        IE
  D:00B8H         PUBLIC        IP
  C:4043H         PUBLIC        _Show_Font
  D:00D8H         PUBLIC        CCON
  X:02F6H         PUBLIC        W25Qxx_TYPE
  D:0098H         PUBLIC        SCON
  D:0088H         PUBLIC        TCON
  B:0080H.1       PUBLIC        W25Qxx_CLK
  C:3D35H         PUBLIC        _Show_Str
  C:52D4H         SYMBOL        _?ix1000
  C:5A29H         PUBLIC        font_init
  C:5B91H         PUBLIC        W25Qxx_Read_Byte
  C:5529H         PUBLIC        _W25Qxx_Read
  C:59BBH         PUBLIC        _W25Qxx_Write_Byte
  C:35C0H         PUBLIC        _Get_HzMat
  C:2DE0H         PUBLIC        _Show_ASCII
  C:5808H         PUBLIC        W25Qxx_ReadID
  B:0080H.2       PUBLIC        W25Qxx_DI
  B:0080H.3       PUBLIC        W25Qxx_DO
  B:00A0H.4       PUBLIC        W25Qxx_CS
  D:00D0H         PUBLIC        PSW
  -------         PROC          L?0121
  -------         ENDPROC       L?0121
  -------         PROC          _W25QXX_WRITE_BYTE
BL51 BANKED LINKER/LOCATER V6.22                                                      06/19/2015  11:47:39  PAGE 12


  D:0007H         SYMBOL        value
  -------         DO            
  D:0006H         SYMBOL        i
  -------         ENDDO         
  C:59BBH         LINE#         32
  C:59BBH         LINE#         33
  C:59BBH         LINE#         35
  C:59BDH         LINE#         36
  C:59BDH         LINE#         37
  C:59C1H         LINE#         38
  C:59C5H         LINE#         40
  C:59C7H         LINE#         42
  C:59C9H         LINE#         43
  C:59CDH         LINE#         44
  C:59CFH         LINE#         45
  C:59D4H         LINE#         46
  -------         ENDPROC       _W25QXX_WRITE_BYTE
  -------         PROC          W25QXX_READ_BYTE
  -------         DO            
  D:0007H         SYMBOL        temp
  D:0006H         SYMBOL        tt
  D:0005H         SYMBOL        i
  -------         ENDDO         
  C:5B91H         LINE#         53
  C:5B91H         LINE#         54
  C:5B91H         LINE#         55
  C:5B93H         LINE#         56
  C:5B93H         LINE#         59
  C:5B94H         LINE#         60
  C:5B94H         LINE#         61
  C:5B96H         LINE#         62
  C:5B98H         LINE#         63
  C:5B9DH         LINE#         64
  C:5BA2H         LINE#         65
  C:5BA7H         LINE#         66
  C:5BA7H         LINE#         67
  -------         ENDPROC       W25QXX_READ_BYTE
  -------         PROC          W25QXX_READID
  -------         DO            
  X:015DH         SYMBOL        Temp
  -------         ENDDO         
  C:5808H         LINE#         73
  C:5808H         LINE#         74
  C:5808H         LINE#         75
  C:580FH         LINE#         76
  C:5811H         LINE#         77
  C:5816H         LINE#         78
  C:581BH         LINE#         79
  C:5820H         LINE#         80
  C:5825H         LINE#         81
  C:5833H         LINE#         82
  C:5848H         LINE#         83
  C:584AH         LINE#         84
  C:584AH         LINE#         85
  -------         ENDPROC       W25QXX_READID
  -------         PROC          W25QXX_WRITE_DISABLE
  C:5C8DH         LINE#         90
BL51 BANKED LINKER/LOCATER V6.22                                                      06/19/2015  11:47:39  PAGE 13


  C:5C8DH         LINE#         91
  C:5C8DH         LINE#         92
  C:5C8FH         LINE#         93
  C:5C94H         LINE#         94
  C:5C96H         LINE#         95
  -------         ENDPROC       W25QXX_WRITE_DISABLE
  -------         PROC          _W25QXX_READ
  X:0299H         SYMBOL        pBuffer
  X:029CH         SYMBOL        ReadAddr
  X:02A0H         SYMBOL        NumByteToRead
  -------         DO            
  X:02A2H         SYMBOL        i
  -------         ENDDO         
  C:5529H         LINE#         103
  C:5538H         LINE#         104
  C:5538H         LINE#         106
  C:553AH         LINE#         107
  C:553CH         LINE#         108
  C:5541H         LINE#         109
  C:5546H         LINE#         110
  C:554BH         LINE#         111
  C:5556H         LINE#         112
  C:5572H         LINE#         113
  C:5572H         LINE#         114
  C:558FH         LINE#         115
  C:559FH         LINE#         116
  C:55A1H         LINE#         117
  -------         ENDPROC       _W25QXX_READ
  -------         PROC          FONT_INIT
  C:5A29H         LINE#         123
  C:5A29H         LINE#         124
  C:5A29H         LINE#         125
  C:5A2CH         LINE#         126
  C:5A37H         LINE#         127
  C:5A4CH         LINE#         128
  C:5A4EH         LINE#         129
  C:5A50H         LINE#         130
  -------         ENDPROC       FONT_INIT
  -------         PROC          _GET_HZMAT
  X:028BH         SYMBOL        gbcode
  X:028EH         SYMBOL        mat
  X:0291H         SYMBOL        gbsize
  -------         DO            
  X:0292H         SYMBOL        qh
  X:0293H         SYMBOL        ql
  X:0294H         SYMBOL        i
  X:0295H         SYMBOL        foffset
  -------         ENDDO         
  C:35C0H         LINE#         137
  C:35CBH         LINE#         138
  C:35CBH         LINE#         142
  C:35D3H         LINE#         143
  C:35EAH         LINE#         144
  C:3601H         LINE#         145
  C:3601H         LINE#         146
  C:363EH         LINE#         148
  C:363EH         LINE#         149
BL51 BANKED LINKER/LOCATER V6.22                                                      06/19/2015  11:47:39  PAGE 14


  C:364DH         LINE#         150
  C:3654H         LINE#         151
  C:365BH         LINE#         153
  C:3663H         LINE#         154
  C:3663H         LINE#         155
  C:3699H         LINE#         156
  C:36BFH         LINE#         157
  C:36C2H         LINE#         158
  C:36CAH         LINE#         159
  C:36CAH         LINE#         160
  C:3700H         LINE#         161
  C:3726H         LINE#         162
  C:3729H         LINE#         163
  C:3731H         LINE#         164
  C:3731H         LINE#         165
  C:3767H         LINE#         166
  C:378DH         LINE#         167
  C:378FH         LINE#         168
  C:3797H         LINE#         169
  C:3797H         LINE#         170
  C:37CDH         LINE#         171
  C:3802H         LINE#         172
  C:3802H         LINE#         173
  -------         ENDPROC       _GET_HZMAT
  -------         PROC          _SHOW_ASCII
  X:0175H         SYMBOL        x
  X:0177H         SYMBOL        y
  X:0179H         SYMBOL        num
  X:017AH         SYMBOL        gbsize
  X:017BH         SYMBOL        p_color
  X:017DH         SYMBOL        b_color
  -------         DO            
  X:017FH         SYMBOL        temp
  X:0180H         SYMBOL        t1
  X:0181H         SYMBOL        t
  X:0182H         SYMBOL        max_t
  X:0183H         SYMBOL        mat
  X:01C4H         SYMBOL        y0
  X:01C6H         SYMBOL        temp_addr
  X:01CAH         SYMBOL        offset
  -------         ENDDO         
  C:2DE0H         LINE#         180
  C:2DF1H         LINE#         181
  C:2DF1H         LINE#         183
  C:2E04H         LINE#         184
  C:2E13H         LINE#         186
  C:2E27H         LINE#         188
  C:2E2EH         LINE#         189
  C:2E2EH         LINE#         190
  C:2E4BH         LINE#         191
  C:2E51H         LINE#         192
  C:2E54H         LINE#         193
  C:2E57H         LINE#         194
  C:2E5EH         LINE#         195
  C:2E5EH         LINE#         196
  C:2E7BH         LINE#         197
  C:2E81H         LINE#         198
BL51 BANKED LINKER/LOCATER V6.22                                                      06/19/2015  11:47:39  PAGE 15


  C:2E84H         LINE#         199
  C:2E87H         LINE#         200
  C:2E8EH         LINE#         201
  C:2E8EH         LINE#         202
  C:2EABH         LINE#         203
  C:2EB1H         LINE#         204
  C:2EB4H         LINE#         205
  C:2EB6H         LINE#         206
  C:2EBDH         LINE#         207
  C:2EBDH         LINE#         208
  C:2EDAH         LINE#         209
  C:2EE0H         LINE#         210
  C:2EE3H         LINE#         211
  C:2EE5H         LINE#         213
  C:2EECH         LINE#         214
  C:2EECH         LINE#         215
  C:2F09H         LINE#         216
  C:2F0FH         LINE#         217
  C:2F1BH         LINE#         218
  C:2F1BH         LINE#         220
  C:2F55H         LINE#         222
  C:2F6BH         LINE#         223
  C:2F6BH         LINE#         224
  C:2F7AH         LINE#         225
  C:2F8AH         LINE#         226
  C:2F8AH         LINE#         227
  C:2F92H         LINE#         228
  C:2F92H         LINE#         229
  C:2FA3H         LINE#         230
  C:2FA5H         LINE#         232
  C:2FD1H         LINE#         233
  C:2FD3H         LINE#         235
  C:2FD3H         LINE#         236
  C:2FE9H         LINE#         237
  C:3001H         LINE#         239
  C:3023H         LINE#         240
  C:3023H         LINE#         242
  C:3031H         LINE#         243
  C:3041H         LINE#         245
  C:305DH         LINE#         246
  C:305DH         LINE#         247
  C:3065H         LINE#         248
  C:3073H         LINE#         249
  C:3083H         LINE#         251
  C:3083H         LINE#         252
  C:308CH         LINE#         253
  C:3095H         LINE#         254
  -------         ENDPROC       _SHOW_ASCII
  -------         PROC          _SHOW_FONT
  X:0175H         SYMBOL        x
  X:0177H         SYMBOL        y
  D:0001H         SYMBOL        font
  X:017CH         SYMBOL        gbsize
  X:017DH         SYMBOL        p_color
  X:017FH         SYMBOL        b_color
  -------         DO            
  X:0181H         SYMBOL        temp
BL51 BANKED LINKER/LOCATER V6.22                                                      06/19/2015  11:47:39  PAGE 16


  X:0183H         SYMBOL        t
  X:0185H         SYMBOL        t1
  X:0187H         SYMBOL        max_t
  X:0189H         SYMBOL        y0
  X:018BH         SYMBOL        dzk
  -------         ENDDO         
  C:4043H         LINE#         262
  C:4051H         LINE#         263
  C:4051H         LINE#         265
  C:4059H         LINE#         267
  C:4074H         LINE#         270
  C:4088H         LINE#         272
  C:409BH         LINE#         273
  C:40AAH         LINE#         274
  C:40B9H         LINE#         277
  C:40D9H         LINE#         278
  C:40D9H         LINE#         279
  C:40EDH         LINE#         280
  C:40F4H         LINE#         281
  C:40F4H         LINE#         282
  C:40FBH         LINE#         283
  C:40FBH         LINE#         284
  C:4111H         LINE#         285
  C:4113H         LINE#         287
  C:4113H         LINE#         288
  C:4135H         LINE#         289
  C:4135H         LINE#         291
  C:4142H         LINE#         292
  C:4150H         LINE#         293
  C:4172H         LINE#         294
  C:4172H         LINE#         295
  C:417AH         LINE#         296
  C:4188H         LINE#         297
  C:418AH         LINE#         298
  C:418AH         LINE#         299
  C:41AAH         LINE#         300
  C:41BBH         LINE#         301
  -------         ENDPROC       _SHOW_FONT
  -------         PROC          _SHOW_STR
  X:0168H         SYMBOL        x
  X:016AH         SYMBOL        y
  X:016CH         SYMBOL        str
  X:016FH         SYMBOL        gbsize
  X:0170H         SYMBOL        p_color
  X:0172H         SYMBOL        b_color
  -------         DO            
  X:0174H         SYMBOL        bHz
  -------         ENDDO         
  C:3D35H         LINE#         309
  C:3D4CH         LINE#         310
  C:3D4CH         LINE#         311
  C:3D51H         LINE#         312
  C:3D65H         LINE#         313
  C:3D65H         LINE#         314
  C:3D6EH         LINE#         315
  C:3D6EH         LINE#         316
  C:3D74H         LINE#         317
BL51 BANKED LINKER/LOCATER V6.22                                                      06/19/2015  11:47:39  PAGE 17


  C:3D79H         LINE#         319
  C:3D79H         LINE#         320
  C:3D8CH         LINE#         321
  C:3DC1H         LINE#         322
  C:3DCBH         LINE#         324
  C:3DD3H         LINE#         325
  C:3DDBH         LINE#         327
  C:3DECH         LINE#         329
  C:3DFEH         LINE#         330
  C:3DFEH         LINE#         331
  C:3E08H         LINE#         332
  C:3E19H         LINE#         333
  C:3E19H         LINE#         334
  C:3E19H         LINE#         335
  C:3E19H         LINE#         336
  C:3E1CH         LINE#         338
  C:3E1CH         LINE#         339
  C:3E21H         LINE#         341
  C:3E34H         LINE#         343
  C:3E6EH         LINE#         344
  C:3E78H         LINE#         345
  C:3E8BH         LINE#         347
  C:3E9BH         LINE#         348
  C:3E9BH         LINE#         349
  C:3EA6H         LINE#         350
  C:3EB2H         LINE#         351
  C:3EB9H         LINE#         352
  C:3EB9H         LINE#         353
  C:3EB9H         LINE#         354
  C:3EBCH         LINE#         355
  -------         ENDPROC       _SHOW_STR
  -------         ENDMOD        W25QXX

  -------         MODULE        HX8347D
  C:0000H         SYMBOL        _ICE_DUMMY_
  D:0080H         PUBLIC        P0
  D:0090H         PUBLIC        P1
  X:02F8H         PUBLIC        LCD_id
  D:00A0H         PUBLIC        P2
  D:00B0H         PUBLIC        P3
  D:00A8H         PUBLIC        IE
  D:00B8H         PUBLIC        IP
  C:1C29H         PUBLIC        asc2_1608
  C:5C69H         PUBLIC        _LCD_WR_REG
  C:5086H         PUBLIC        _LCD_Clear
  C:5C97H         SYMBOL        _LCD_WriteRAM
  D:00D8H         PUBLIC        CCON
  C:46FDH         PUBLIC        _show_picture
  C:39E8H         PUBLIC        LCD_Initializtion
  D:0098H         PUBLIC        SCON
  C:2AFEH         PUBLIC        _LCD_DrawEBox
  D:0088H         PUBLIC        TCON
  C:4A60H         PUBLIC        _PutChar
  B:0090H.4       PUBLIC        LCD_CS
  C:334CH         PUBLIC        _LCD_DrawLine
  C:59E0H         SYMBOL        _delay_ms
  C:5BCEH         SYMBOL        LCD_WriteRAM_Prepare
BL51 BANKED LINKER/LOCATER V6.22                                                      06/19/2015  11:47:39  PAGE 18


  C:5B6CH         PUBLIC        _LCD_WR_DATA
  B:0090H.5       PUBLIC        LCD_RS
  B:0090H.6       PUBLIC        LCD_WR
  C:5C4FH         SYMBOL        _LCD_WriteReg
  C:5913H         SYMBOL        _LCD_SetCursor
  C:4FD0H         PUBLIC        _GUI_Text
  C:4D63H         PUBLIC        _LCD_DrawBox
  C:56EAH         PUBLIC        _LCD_SetPoint
  B:00A0H.4       PUBLIC        W25Qxx_CS
  D:00D0H         PUBLIC        PSW
  -------         PROC          _LCD_WR_REG
  D:0007H         SYMBOL        dat
  C:5C69H         LINE#         13
  C:5C69H         LINE#         14
  C:5C69H         LINE#         15
  C:5C6BH         LINE#         16
  C:5C6DH         LINE#         17
  C:5C6FH         LINE#         18
  C:5C71H         LINE#         19
  C:5C73H         LINE#         20
  C:5C75H         LINE#         21
  -------         ENDPROC       _LCD_WR_REG
  -------         PROC          L?0111
  -------         ENDPROC       L?0111
  -------         PROC          _LCD_WR_DATA
  D:0006H         SYMBOL        dat
  C:5B6CH         LINE#         23
  C:5B6CH         LINE#         24
  C:5B6CH         LINE#         25
  C:5B6EH         LINE#         26
  C:5B70H         LINE#         27
  C:5B72H         LINE#         28
  C:5B74H         LINE#         29
  C:5B76H         LINE#         30
  C:5B78H         LINE#         31
  -------         ENDPROC       _LCD_WR_DATA
  -------         PROC          L?0113
  -------         ENDPROC       L?0113
  -------         PROC          _LCD_WRITEREG
  D:0007H         SYMBOL        LCD_Reg
  D:0004H         SYMBOL        LCD_RegValue
  C:5C4FH         LINE#         42
  C:5C4FH         LINE#         43
  C:5C4FH         LINE#         44
  C:5C52H         LINE#         45
  -------         ENDPROC       _LCD_WRITEREG
  C:5BC6H         SYMBOL        L?0108
  -------         PROC          L?0107
  -------         ENDPROC       L?0107
  C:5BC6H         SYMBOL        L?0108
  -------         PROC          LCD_WRITERAM_PREPARE
  C:5BCEH         LINE#         57
  C:5BCEH         LINE#         58
  C:5BCEH         LINE#         59
  -------         ENDPROC       LCD_WRITERAM_PREPARE
  -------         PROC          _LCD_WRITERAM
  D:0006H         SYMBOL        RGB_Code
BL51 BANKED LINKER/LOCATER V6.22                                                      06/19/2015  11:47:39  PAGE 19


  C:5C97H         LINE#         70
  C:5C97H         LINE#         71
  C:5C97H         LINE#         73
  -------         ENDPROC       _LCD_WRITERAM
  -------         PROC          L?0112
  -------         ENDPROC       L?0112
  -------         PROC          _LCD_SETCURSOR
  D:0082H         SYMBOL        Xpos
  D:0002H         SYMBOL        Ypos
  C:5913H         LINE#         86
  C:591BH         LINE#         87
  C:591BH         LINE#         99
  C:5925H         LINE#         100
  C:592FH         LINE#         101
  C:5938H         LINE#         102
  -------         ENDPROC       _LCD_SETCURSOR
  C:59D5H         SYMBOL        L?0110
  -------         PROC          L?0109
  -------         ENDPROC       L?0109
  C:59D5H         SYMBOL        L?0110
  -------         PROC          _DELAY_MS
  D:0006H         SYMBOL        ms
  -------         DO            
  D:0004H         SYMBOL        i
  D:0002H         SYMBOL        j
  -------         ENDDO         
  C:59E0H         LINE#         114
  C:59E0H         LINE#         115
  C:59E0H         LINE#         117
  C:59EAH         LINE#         118
  C:59EAH         LINE#         119
  C:59F8H         LINE#         120
  C:59FFH         LINE#         121
  -------         ENDPROC       _DELAY_MS
  -------         PROC          LCD_INITIALIZTION
  -------         DO            
  D:0082H         SYMBOL        DeviceCode
  -------         ENDDO         
  C:39E8H         LINE#         131
  C:39E8H         LINE#         132
  C:39E8H         LINE#         133
  C:39E8H         LINE#         136
  C:39EFH         LINE#         137
  C:39F8H         LINE#         138
  C:39FEH         LINE#         141
  C:3A01H         LINE#         142
  C:3A06H         LINE#         144
  C:3A11H         LINE#         145
  C:3A11H         LINE#         149
  C:3A18H         LINE#         150
  C:3A1FH         LINE#         151
  C:3A26H         LINE#         152
  C:3A2DH         LINE#         153
  C:3A34H         LINE#         155
  C:3A3BH         LINE#         156
  C:3A42H         LINE#         157
  C:3A49H         LINE#         158
BL51 BANKED LINKER/LOCATER V6.22                                                      06/19/2015  11:47:39  PAGE 20


  C:3A50H         LINE#         160
  C:3A56H         LINE#         161
  C:3A5BH         LINE#         162
  C:3A61H         LINE#         163
  C:3A68H         LINE#         164
  C:3A6FH         LINE#         165
  C:3A76H         LINE#         166
  C:3A7DH         LINE#         167
  C:3A84H         LINE#         168
  C:3A8BH         LINE#         169
  C:3A92H         LINE#         170
  C:3A99H         LINE#         171
  C:3A9EH         LINE#         172
  C:3AA5H         LINE#         174
  C:3AACH         LINE#         175
  C:3AB3H         LINE#         176
  C:3ABAH         LINE#         177
  C:3AC1H         LINE#         178
  C:3AC7H         LINE#         179
  C:3ACCH         LINE#         180
  C:3AD3H         LINE#         181
  C:3ADAH         LINE#         182
  C:3AE1H         LINE#         183
  C:3AE8H         LINE#         184
  C:3AEDH         LINE#         185
  C:3AF4H         LINE#         186
  C:3AFBH         LINE#         187
  C:3B02H         LINE#         190
  C:3B09H         LINE#         191
  C:3B10H         LINE#         192
  C:3B17H         LINE#         193
  C:3B1EH         LINE#         194
  C:3B25H         LINE#         197
  C:3B29H         LINE#         198
  C:3B2CH         LINE#         199
  C:3B33H         LINE#         200
  C:3B39H         LINE#         201
  C:3B3BH         LINE#         202
  C:3B3EH         LINE#         203
  C:3B40H         LINE#         204
  C:3B43H         LINE#         205
  C:3B45H         LINE#         206
  C:3B48H         LINE#         208
  C:3B51H         LINE#         210
  C:3B58H         LINE#         211
  C:3B5FH         LINE#         212
  C:3B65H         LINE#         213
  C:3B6CH         LINE#         218
  C:3B73H         LINE#         219
  C:3B78H         LINE#         220
  C:3B7DH         LINE#         221
  C:3B84H         LINE#         222
  C:3B8AH         LINE#         223
  C:3B8FH         LINE#         224
  C:3B95H         LINE#         225
  C:3B99H         LINE#         228
  C:3B9CH         LINE#         230
BL51 BANKED LINKER/LOCATER V6.22                                                      06/19/2015  11:47:39  PAGE 21


  C:3B9CH         LINE#         232
  -------         ENDPROC       LCD_INITIALIZTION
  -------         PROC          _LCD_CLEAR
  X:0160H         SYMBOL        Color
  -------         DO            
  X:0162H         SYMBOL        index
  X:0166H         SYMBOL        i
  -------         ENDDO         
  C:5086H         LINE#         245
  C:508EH         LINE#         246
  C:508EH         LINE#         247
  C:5096H         LINE#         248
  C:509EH         LINE#         249
  C:50A1H         LINE#         251
  C:50C6H         LINE#         252
  C:50C6H         LINE#         253
  C:50EAH         LINE#         254
  C:50EAH         LINE#         255
  C:50EDH         LINE#         256
  C:50F0H         LINE#         257
  C:5111H         LINE#         258
  C:5133H         LINE#         259
  -------         ENDPROC       _LCD_CLEAR
  C:56D4H         SYMBOL        L?0104
  C:56DCH         SYMBOL        L?0105
  C:56E2H         SYMBOL        L?0106
  -------         PROC          L?0103
  -------         ENDPROC       L?0103
  C:56D4H         SYMBOL        L?0104
  C:56DCH         SYMBOL        L?0105
  C:56E2H         SYMBOL        L?0106
  -------         PROC          _LCD_SETPOINT
  X:028BH         SYMBOL        Xpos
  D:0004H         SYMBOL        Ypos
  X:028DH         SYMBOL        point
  C:56EAH         LINE#         293
  C:56FAH         LINE#         294
  C:56FAH         LINE#         295
  C:570BH         LINE#         296
  C:570BH         LINE#         298
  C:570BH         LINE#         299
  C:570EH         LINE#         300
  C:5711H         LINE#         301
  C:571BH         LINE#         302
  C:5723H         LINE#         303
  -------         ENDPROC       _LCD_SETPOINT
  -------         PROC          _LCD_DRAWLINE
  X:016AH         SYMBOL        x0
  X:016CH         SYMBOL        y0
  X:016EH         SYMBOL        x1
  X:0170H         SYMBOL        y1
  X:0172H         SYMBOL        color
  -------         DO            
  X:0174H         SYMBOL        dx
  X:0176H         SYMBOL        dy
  X:0178H         SYMBOL        temp
  -------         ENDDO         
BL51 BANKED LINKER/LOCATER V6.22                                                      06/19/2015  11:47:39  PAGE 22


  C:334CH         LINE#         317
  C:3364H         LINE#         318
  C:3364H         LINE#         322
  C:336BH         LINE#         323
  C:336BH         LINE#         324
  C:337BH         LINE#         325
  C:338AH         LINE#         326
  C:3392H         LINE#         327
  C:3392H         LINE#         328
  C:33A8H         LINE#         329
  C:33A8H         LINE#         330
  C:33B0H         LINE#         331
  C:33B8H         LINE#         332
  C:33C0H         LINE#         333
  C:33C0H         LINE#         335
  C:33DDH         LINE#         336
  C:33F8H         LINE#         338
  C:33FCH         LINE#         339
  C:33FCH         LINE#         341
  C:33FCH         LINE#         342
  C:33FFH         LINE#         343
  C:340DH         LINE#         344
  C:340DH         LINE#         345
  C:3423H         LINE#         347
  C:3423H         LINE#         348
  C:342DH         LINE#         349
  C:342DH         LINE#         351
  C:342DH         LINE#         352
  C:3430H         LINE#         353
  C:343EH         LINE#         354
  C:343EH         LINE#         355
  C:3454H         LINE#         357
  C:3454H         LINE#         359
  C:3473H         LINE#         360
  C:3473H         LINE#         361
  C:3487H         LINE#         362
  C:34A1H         LINE#         363
  C:34A1H         LINE#         364
  C:34A4H         LINE#         365
  C:34B2H         LINE#         366
  C:34C3H         LINE#         367
  C:34C3H         LINE#         368
  C:34D1H         LINE#         369
  C:34F1H         LINE#         370
  C:34F3H         LINE#         372
  C:34F3H         LINE#         373
  C:350CH         LINE#         374
  C:350CH         LINE#         375
  C:350FH         LINE#         379
  C:350FH         LINE#         380
  C:352FH         LINE#         381
  C:3546H         LINE#         382
  C:3546H         LINE#         383
  C:3551H         LINE#         384
  C:355FH         LINE#         385
  C:3570H         LINE#         386
  C:3570H         LINE#         387
BL51 BANKED LINKER/LOCATER V6.22                                                      06/19/2015  11:47:39  PAGE 23


  C:357EH         LINE#         388
  C:359EH         LINE#         389
  C:35A0H         LINE#         391
  C:35A0H         LINE#         392
  C:35B9H         LINE#         393
  C:35B9H         LINE#         394
  C:35BCH         LINE#         395
  C:35BFH         LINE#         396
  C:35BFH         LINE#         397
  -------         ENDPROC       _LCD_DRAWLINE
  -------         PROC          _PUTCHAR
  X:0192H         SYMBOL        x
  X:0194H         SYMBOL        y
  X:0196H         SYMBOL        num
  X:0197H         SYMBOL        p_color
  X:0199H         SYMBOL        b_color
  -------         DO            
  X:019BH         SYMBOL        temp
  X:019CH         SYMBOL        t1
  D:0001H         SYMBOL        t
  X:019DH         SYMBOL        y0
  -------         ENDDO         
  C:4A60H         LINE#         412
  C:4A75H         LINE#         413
  C:4A75H         LINE#         416
  C:4A7DH         LINE#         417
  C:4A84H         LINE#         420
  C:4A86H         LINE#         421
  C:4A86H         LINE#         422
  C:4AA8H         LINE#         423
  C:4AABH         LINE#         424
  C:4AABH         LINE#         425
  C:4AB2H         LINE#         426
  C:4ACAH         LINE#         428
  C:4AECH         LINE#         430
  C:4AF3H         LINE#         431
  C:4B01H         LINE#         432
  C:4B10H         LINE#         434
  C:4B2BH         LINE#         435
  C:4B2BH         LINE#         436
  C:4B30H         LINE#         437
  C:4B3EH         LINE#         438
  C:4B4EH         LINE#         440
  C:4B4EH         LINE#         441
  C:4B5DH         LINE#         442
  C:4B66H         LINE#         443
  -------         ENDPROC       _PUTCHAR
  -------         PROC          _GUI_TEXT
  X:0160H         SYMBOL        Xpos
  X:0162H         SYMBOL        Ypos
  X:0164H         SYMBOL        str
  X:0167H         SYMBOL        Color
  X:0169H         SYMBOL        bkColor
  -------         DO            
  D:0003H         SYMBOL        TempChar
  -------         ENDDO         
  C:4FD0H         LINE#         457
BL51 BANKED LINKER/LOCATER V6.22                                                      06/19/2015  11:47:39  PAGE 24


  C:4FE7H         LINE#         458
  C:4FE7H         LINE#         461
  C:4FE7H         LINE#         462
  C:4FFBH         LINE#         463
  C:502CH         LINE#         464
  C:503BH         LINE#         465
  C:503BH         LINE#         466
  C:5043H         LINE#         467
  C:5045H         LINE#         468
  C:5058H         LINE#         469
  C:5058H         LINE#         470
  C:505BH         LINE#         471
  C:5069H         LINE#         472
  C:506BH         LINE#         474
  C:506BH         LINE#         475
  C:506EH         LINE#         476
  C:5072H         LINE#         477
  C:5072H         LINE#         478
  C:5072H         LINE#         479
  C:5085H         LINE#         480
  -------         ENDPROC       _GUI_TEXT
  -------         PROC          _SHOW_PICTURE
  X:0156H         SYMBOL        x
  X:0158H         SYMBOL        y
  X:015AH         SYMBOL        width
  X:015CH         SYMBOL        high
  X:015EH         SYMBOL        ReadAddr
  -------         DO            
  X:0162H         SYMBOL        temp1
  X:0163H         SYMBOL        temp2
  X:0164H         SYMBOL        i
  X:0168H         SYMBOL        j
  -------         ENDDO         
  C:46FDH         LINE#         486
  C:4711H         LINE#         487
  C:4711H         LINE#         488
  C:4718H         LINE#         489
  C:4722H         LINE#         490
  C:4728H         LINE#         491
  C:472BH         LINE#         492
  C:472DH         LINE#         493
  C:4732H         LINE#         494
  C:4748H         LINE#         495
  C:475EH         LINE#         496
  C:4769H         LINE#         497
  C:4795H         LINE#         498
  C:4795H         LINE#         499
  C:47BEH         LINE#         500
  C:47BEH         LINE#         501
  C:47C6H         LINE#         502
  C:47CEH         LINE#         503
  C:47D3H         LINE#         504
  C:47D9H         LINE#         505
  C:47FAH         LINE#         506
  C:4811H         LINE#         507
  C:4814H         LINE#         508
  C:4836H         LINE#         509
BL51 BANKED LINKER/LOCATER V6.22                                                      06/19/2015  11:47:39  PAGE 25


  C:4838H         LINE#         510
  -------         ENDPROC       _SHOW_PICTURE
  -------         PROC          _LCD_DRAWBOX
  X:0165H         SYMBOL        x
  X:0167H         SYMBOL        y
  X:0169H         SYMBOL        width
  X:016BH         SYMBOL        high
  X:016DH         SYMBOL        color
  -------         DO            
  X:016FH         SYMBOL        i
  X:0173H         SYMBOL        j
  -------         ENDDO         
  C:4D63H         LINE#         517
  C:4D77H         LINE#         518
  C:4D77H         LINE#         519
  C:4D81H         LINE#         520
  C:4D87H         LINE#         521
  C:4D8AH         LINE#         522
  C:4DB6H         LINE#         523
  C:4DB6H         LINE#         524
  C:4DDFH         LINE#         525
  C:4DDFH         LINE#         526
  C:4DE2H         LINE#         527
  C:4DE5H         LINE#         528
  C:4E06H         LINE#         529
  C:4E1DH         LINE#         530
  C:4E20H         LINE#         531
  C:4E42H         LINE#         533
  -------         ENDPROC       _LCD_DRAWBOX
  -------         PROC          _LCD_DRAWEBOX
  X:0160H         SYMBOL        x
  X:0162H         SYMBOL        y
  X:0164H         SYMBOL        width
  X:0166H         SYMBOL        high
  X:0168H         SYMBOL        color
  C:2AFEH         LINE#         540
  C:2B14H         LINE#         541
  C:2B14H         LINE#         542
  C:2B4DH         LINE#         543
  C:2BAFH         LINE#         544
  C:2BF4H         LINE#         545
  C:2C4DH         LINE#         546
  C:2CA9H         LINE#         547
  C:2D27H         LINE#         548
  C:2D7AH         LINE#         549
  -------         ENDPROC       _LCD_DRAWEBOX
  -------         ENDMOD        HX8347D

  -------         MODULE        TOUCH
  C:0000H         SYMBOL        _ICE_DUMMY_
  D:0080H         PUBLIC        P0
  D:0090H         PUBLIC        P1
  D:00A0H         PUBLIC        P2
  X:02A4H         PUBLIC        tp_dev
  C:5B46H         PUBLIC        _TP_Write_Byte
  C:4C6CH         PUBLIC        _TP_Scan
  D:00A8H         PUBLIC        IE
BL51 BANKED LINKER/LOCATER V6.22                                                      06/19/2015  11:47:39  PAGE 26


  C:5724H         PUBLIC        _TP_Read_XY
  D:00B8H         PUBLIC        IP
  C:5AF1H         PUBLIC        TP_Init
  X:02C3H         PUBLIC        CMD_RDX
  D:00D8H         PUBLIC        CCON
  X:02C4H         PUBLIC        CMD_RDY
  B:0080H.1       PUBLIC        TCLK
  B:0080H.2       PUBLIC        TDIN
  D:0098H         PUBLIC        SCON
  D:0088H         PUBLIC        TCON
  B:0080H.3       PUBLIC        DOUT
  C:000EH         PUBLIC        TP_Default_Adj
  C:448BH         PUBLIC        _TP_Read_XY2
  C:5AD4H         SYMBOL        _delay_us
  B:00A0H.5       PUBLIC        PEN
  C:3BA3H         PUBLIC        _TP_Read_XOY
  C:5773H         PUBLIC        _TP_Read_AD
  B:00A0H.6       PUBLIC        TCS
  C:13AFH         PUBLIC        TP_Adjust
  C:542EH         PUBLIC        _TP_Draw_Big_Point
  C:45CDH         PUBLIC        _TP_Drow_Touch_Point
  D:00D0H         PUBLIC        PSW
  -------         PROC          _DELAY_US
  D:0006H         SYMBOL        us
  -------         DO            
  D:0004H         SYMBOL        i
  -------         ENDDO         
  C:5AD4H         LINE#         31
  C:5AD4H         LINE#         32
  C:5AD4H         LINE#         34
  C:5ADFH         LINE#         35
  C:5AF0H         LINE#         36
  -------         ENDPROC       _DELAY_US
  -------         PROC          _TP_WRITE_BYTE
  D:0007H         SYMBOL        num
  -------         DO            
  D:0006H         SYMBOL        count
  -------         ENDDO         
  C:5B46H         LINE#         42
  C:5B46H         LINE#         43
  C:5B46H         LINE#         44
  C:5B48H         LINE#         45
  C:5B48H         LINE#         46
  C:5B48H         LINE#         47
  C:5B50H         LINE#         48
  C:5B52H         LINE#         49
  C:5B56H         LINE#         50
  C:5B58H         LINE#         51
  C:5B5AH         LINE#         52
  C:5B5FH         LINE#         53
  -------         ENDPROC       _TP_WRITE_BYTE
  -------         PROC          _TP_READ_AD
  D:0007H         SYMBOL        CMD
  -------         DO            
  D:0005H         SYMBOL        count
  D:0002H         SYMBOL        Num
  -------         ENDDO         
BL51 BANKED LINKER/LOCATER V6.22                                                      06/19/2015  11:47:39  PAGE 27


  C:5773H         LINE#         60
  C:5773H         LINE#         61
  C:5773H         LINE#         62
  C:5775H         LINE#         63
  C:5777H         LINE#         64
  C:5779H         LINE#         65
  C:577BH         LINE#         66
  C:577DH         LINE#         67
  C:5780H         LINE#         68
  C:5787H         LINE#         69
  C:5789H         LINE#         70
  C:5790H         LINE#         71
  C:5792H         LINE#         72
  C:5794H         LINE#         73
  C:5796H         LINE#         74
  C:5796H         LINE#         75
  C:579DH         LINE#         76
  C:579FH         LINE#         77
  C:57A1H         LINE#         78
  C:57A9H         LINE#         79
  C:57AEH         LINE#         80
  C:57BBH         LINE#         81
  C:57BDH         LINE#         82
  C:57C0H         LINE#         83
  -------         ENDPROC       _TP_READ_AD
  -------         PROC          _TP_READ_XOY
  D:0001H         SYMBOL        xy
  -------         DO            
  X:017CH         SYMBOL        i
  D:0004H         SYMBOL        j
  X:017EH         SYMBOL        buf
  X:0188H         SYMBOL        sum
  X:018AH         SYMBOL        temp
  -------         ENDDO         
  C:3BA3H         LINE#         93
  C:3BA5H         LINE#         94
  C:3BA5H         LINE#         97
  C:3BACH         LINE#         99
  C:3BF4H         LINE#         100
  C:3C0EH         LINE#         101
  C:3C0EH         LINE#         102
  C:3C23H         LINE#         103
  C:3C23H         LINE#         104
  C:3C5BH         LINE#         105
  C:3C5BH         LINE#         106
  C:3C63H         LINE#         107
  C:3C95H         LINE#         108
  C:3CB3H         LINE#         109
  C:3CB3H         LINE#         110
  C:3CBBH         LINE#         111
  C:3CCFH         LINE#         112
  C:3CD6H         LINE#         113
  C:3D1FH         LINE#         114
  C:3D34H         LINE#         115
  C:3D34H         LINE#         116
  -------         ENDPROC       _TP_READ_XOY
  -------         PROC          _TP_READ_XY
BL51 BANKED LINKER/LOCATER V6.22                                                      06/19/2015  11:47:39  PAGE 28


  X:0174H         SYMBOL        x
  X:0177H         SYMBOL        y
  -------         DO            
  X:017AH         SYMBOL        xtemp
  D:0006H         SYMBOL        ytemp
  -------         ENDDO         
  C:5724H         LINE#         121
  C:572FH         LINE#         122
  C:572FH         LINE#         124
  C:573FH         LINE#         125
  C:5747H         LINE#         127
  C:575FH         LINE#         128
  C:5770H         LINE#         129
  C:5772H         LINE#         130
  -------         ENDPROC       _TP_READ_XY
  -------         PROC          L?0091
  -------         ENDPROC       L?0091
  -------         PROC          _TP_READ_XY2
  X:0166H         SYMBOL        x
  X:0169H         SYMBOL        y
  -------         DO            
  X:016CH         SYMBOL        x1
  X:016EH         SYMBOL        y1
  X:0170H         SYMBOL        x2
  X:0172H         SYMBOL        y2
  D:0007H         SYMBOL        flag
  -------         ENDDO         
  C:448BH         LINE#         137
  C:4496H         LINE#         138
  C:4496H         LINE#         142
  C:44ADH         LINE#         143
  C:44B2H         LINE#         144
  C:44C9H         LINE#         145
  C:44CEH         LINE#         146
  C:4564H         LINE#         148
  C:4564H         LINE#         149
  C:458DH         LINE#         150
  C:45B6H         LINE#         151
  C:45B9H         LINE#         152
  C:45BBH         LINE#         153
  -------         ENDPROC       _TP_READ_XY2
  C:45BCH         SYMBOL        L?0089
  C:45C5H         SYMBOL        L?0090
  -------         PROC          L?0088
  -------         ENDPROC       L?0088
  C:45BCH         SYMBOL        L?0089
  C:45C5H         SYMBOL        L?0090
  -------         PROC          _TP_DROW_TOUCH_POINT
  X:0021H         SYMBOL        x
  X:0023H         SYMBOL        y
  X:0025H         SYMBOL        color
  C:45CDH         LINE#         161
  C:45E5H         LINE#         162
  C:45E5H         LINE#         163
  C:461EH         LINE#         164
  C:4661H         LINE#         165
  C:4688H         LINE#         166
BL51 BANKED LINKER/LOCATER V6.22                                                      06/19/2015  11:47:39  PAGE 29


  C:46AFH         LINE#         167
  C:46D6H         LINE#         168
  -------         ENDPROC       _TP_DROW_TOUCH_POINT
  -------         PROC          _TP_DRAW_BIG_POINT
  X:0158H         SYMBOL        x
  X:015AH         SYMBOL        y
  X:015CH         SYMBOL        color
  C:542EH         LINE#         173
  C:5442H         LINE#         174
  C:5442H         LINE#         175
  C:5445H         LINE#         176
  C:5464H         LINE#         177
  C:5485H         LINE#         178
  -------         ENDPROC       _TP_DRAW_BIG_POINT
  -------         PROC          _TP_SCAN
  D:0007H         SYMBOL        tp
  C:4C6CH         LINE#         186
  C:4C6CH         LINE#         187
  C:4C6CH         LINE#         188
  C:4C72H         LINE#         189
  C:4C72H         LINE#         190
  C:4C7BH         LINE#         191
  C:4C84H         LINE#         192
  C:4C84H         LINE#         193
  C:4CCBH         LINE#         194
  C:4D10H         LINE#         195
  C:4D10H         LINE#         196
  C:4D17H         LINE#         197
  C:4D17H         LINE#         198
  C:4D1AH         LINE#         199
  C:4D29H         LINE#         200
  C:4D38H         LINE#         201
  C:4D38H         LINE#         202
  C:4D3AH         LINE#         203
  C:4D3AH         LINE#         204
  C:4D41H         LINE#         205
  C:4D41H         LINE#         206
  C:4D44H         LINE#         207
  C:4D46H         LINE#         208
  C:4D46H         LINE#         209
  C:4D4DH         LINE#         210
  C:4D51H         LINE#         211
  C:4D57H         LINE#         212
  C:4D5BH         LINE#         213
  C:4D5BH         LINE#         214
  C:4D5BH         LINE#         215
  C:4D62H         LINE#         216
  -------         ENDPROC       _TP_SCAN
  -------         PROC          TP_ADJUST
  -------         DO            
  X:0000H         SYMBOL        pos_temp
  X:0010H         SYMBOL        cnt
  X:0011H         SYMBOL        d1
  X:0013H         SYMBOL        d2
  X:0015H         SYMBOL        tem1
  X:0019H         SYMBOL        tem2
  X:001DH         SYMBOL        fac
BL51 BANKED LINKER/LOCATER V6.22                                                      06/19/2015  11:47:39  PAGE 30


  -------         ENDDO         
  C:13AFH         LINE#         221
  C:13AFH         LINE#         222
  C:13AFH         LINE#         224
  C:13B4H         LINE#         228
  C:13B5H         LINE#         229
  C:13BCH         LINE#         231
  C:13CBH         LINE#         232
  C:13D0H         LINE#         233
  C:13D8H         LINE#         234
  C:13D8H         LINE#         235
  C:13D8H         LINE#         236
  C:13E9H         LINE#         237
  C:13F4H         LINE#         238
  C:13F4H         LINE#         239
  C:13F8H         LINE#         240
  C:1417H         LINE#         241
  C:1432H         LINE#         242
  C:1438H         LINE#         243
  C:1447H         LINE#         244
  C:1447H         LINE#         245
  C:1447H         LINE#         246
  C:1456H         LINE#         247
  C:145EH         LINE#         248
  C:1460H         LINE#         249
  C:1460H         LINE#         250
  C:1467H         LINE#         251
  C:146FH         LINE#         252
  C:1472H         LINE#         253
  C:1472H         LINE#         254
  C:1481H         LINE#         255
  C:148DH         LINE#         256
  C:1490H         LINE#         257
  C:1490H         LINE#         259
  C:14B4H         LINE#         260
  C:14D8H         LINE#         261
  C:14F6H         LINE#         262
  C:1514H         LINE#         263
  C:154CH         LINE#         265
  C:1570H         LINE#         266
  C:1594H         LINE#         267
  C:15B2H         LINE#         268
  C:15D0H         LINE#         269
  C:1608H         LINE#         270
  C:1641H         LINE#         271
  C:168DH         LINE#         272
  C:168DH         LINE#         273
  C:168DH         LINE#         274
  C:1690H         LINE#         275
  C:169CH         LINE#         276
  C:169FH         LINE#         277
  C:169FH         LINE#         278
  C:16C3H         LINE#         279
  C:16E7H         LINE#         280
  C:1705H         LINE#         281
  C:1723H         LINE#         282
  C:175BH         LINE#         284
BL51 BANKED LINKER/LOCATER V6.22                                                      06/19/2015  11:47:39  PAGE 31


  C:177FH         LINE#         285
  C:17A3H         LINE#         286
  C:17C1H         LINE#         287
  C:17DFH         LINE#         288
  C:1817H         LINE#         289
  C:1850H         LINE#         290
  C:1888H         LINE#         291
  C:1888H         LINE#         292
  C:1888H         LINE#         293
  C:188BH         LINE#         294
  C:1897H         LINE#         295
  C:189AH         LINE#         296
  C:189AH         LINE#         298
  C:18BEH         LINE#         299
  C:18E2H         LINE#         300
  C:1900H         LINE#         301
  C:191EH         LINE#         302
  C:1956H         LINE#         304
  C:197AH         LINE#         305
  C:199EH         LINE#         306
  C:19BCH         LINE#         307
  C:19DAH         LINE#         308
  C:1A12H         LINE#         309
  C:1A4BH         LINE#         310
  C:1A83H         LINE#         311
  C:1A83H         LINE#         312
  C:1A83H         LINE#         313
  C:1A86H         LINE#         314
  C:1A95H         LINE#         315
  C:1A98H         LINE#         316
  C:1A98H         LINE#         318
  C:1AC9H         LINE#         319
  C:1B18H         LINE#         321
  C:1B49H         LINE#         322
  C:1B98H         LINE#         323
  C:1BD6H         LINE#         324
  C:1BD6H         LINE#         325
  C:1BD6H         LINE#         326
  C:1BD9H         LINE#         327
  C:1BE8H         LINE#         328
  C:1BF9H         LINE#         329
  C:1BFBH         LINE#         330
  C:1BFBH         LINE#         331
  C:1BFFH         LINE#         332
  C:1C03H         LINE#         333
  C:1C06H         LINE#         334
  C:1C06H         LINE#         335
  C:1C0CH         LINE#         336
  C:1C10H         LINE#         337
  C:1C10H         LINE#         338
  C:1C13H         LINE#         339
  C:1C13H         LINE#         340
  C:1C1AH         LINE#         342
  C:1C21H         LINE#         343
  C:1C28H         LINE#         345
  C:1C28H         LINE#         346
  C:1C28H         LINE#         347
BL51 BANKED LINKER/LOCATER V6.22                                                      06/19/2015  11:47:39  PAGE 32


  C:1C28H         LINE#         348
  -------         ENDPROC       TP_ADJUST
  -------         PROC          TP_DEFAULT_ADJ
  C:000EH         LINE#         351
  C:000EH         LINE#         352
  C:000EH         LINE#         363
  C:0014H         LINE#         364
  C:0018H         LINE#         365
  C:0022H         LINE#         366
  C:002CH         LINE#         367
  C:0036H         LINE#         368
  C:0040H         LINE#         370
  -------         ENDPROC       TP_DEFAULT_ADJ
  -------         PROC          TP_INIT
  C:5AF1H         LINE#         372
  C:5AF1H         LINE#         373
  C:5AF1H         LINE#         375
  C:5B08H         LINE#         377
  C:5B0BH         LINE#         378
  C:5B0DH         LINE#         379
  -------         ENDPROC       TP_INIT
  -------         ENDMOD        TOUCH

  -------         MODULE        DS1302
  C:0000H         SYMBOL        _ICE_DUMMY_
  D:0080H         PUBLIC        P0
  D:00A0H         PUBLIC        P2
  C:5B88H         PUBLIC        Delay1ms
  B:00A0H.7       PUBLIC        CE
  D:00A8H         PUBLIC        IE
  D:00B8H         PUBLIC        IP
  D:00D8H         PUBLIC        CCON
  B:0080H.1       PUBLIC        SCLK
  D:0098H         PUBLIC        SCON
  D:0088H         PUBLIC        TCON
  C:57C1H         PUBLIC        _Read1302
  C:51E0H         PUBLIC        _Ds1302_Read_Time
  C:58CCH         PUBLIC        _Write1302
  B:0080H.3       PUBLIC        DIO
  C:4E43H         PUBLIC        _Ds1302_Write_Time
  C:5BB5H         PUBLIC        delay40us
  C:4839H         PUBLIC        _gettime
  C:5C36H         PUBLIC        Ds1302_Init
  D:00D0H         PUBLIC        PSW
  C:5B83H         SYMBOL        L?0037
  -------         PROC          L?0036
  -------         ENDPROC       L?0036
  C:5B83H         SYMBOL        L?0037
  -------         PROC          DELAY1MS
  -------         DO            
  D:0007H         SYMBOL        i
  D:0006H         SYMBOL        j
  -------         ENDDO         
  C:5B88H         LINE#         3
  C:5B88H         LINE#         4
  C:5B88H         LINE#         7
  C:5B8AH         LINE#         8
BL51 BANKED LINKER/LOCATER V6.22                                                      06/19/2015  11:47:39  PAGE 33


  C:5B8CH         LINE#         10
  C:5B8CH         LINE#         11
  C:5B8EH         LINE#         12
  C:5B90H         LINE#         13
  -------         ENDPROC       DELAY1MS
  -------         PROC          _GETTIME
  X:0160H         SYMBOL        buf
  -------         DO            
  X:0163H         SYMBOL        temp
  -------         ENDDO         
  C:4839H         LINE#         15
  C:4844H         LINE#         16
  C:4844H         LINE#         18
  C:484DH         LINE#         19
  C:485DH         LINE#         20
  C:4870H         LINE#         21
  C:4880H         LINE#         22
  C:488BH         LINE#         23
  C:4893H         LINE#         24
  C:48A3H         LINE#         25
  C:48AEH         LINE#         26
  C:48B6H         LINE#         27
  C:48C6H         LINE#         28
  C:48D1H         LINE#         29
  C:48D9H         LINE#         30
  C:48E9H         LINE#         31
  C:48F4H         LINE#         32
  C:48FCH         LINE#         33
  C:490CH         LINE#         34
  C:4917H         LINE#         35
  C:491FH         LINE#         36
  C:492FH         LINE#         37
  C:493AH         LINE#         38
  C:4942H         LINE#         39
  C:4950H         LINE#         40
  -------         ENDPROC       _GETTIME
  C:5BA9H         SYMBOL        L?0034
  C:5BB0H         SYMBOL        L?0035
  -------         PROC          L?0033
  -------         ENDPROC       L?0033
  C:5BA9H         SYMBOL        L?0034
  C:5BB0H         SYMBOL        L?0035
  -------         PROC          DELAY40US
  -------         DO            
  D:0007H         SYMBOL        i
  D:0006H         SYMBOL        j
  -------         ENDDO         
  C:5BB5H         LINE#         42
  C:5BB5H         LINE#         43
  C:5BB5H         LINE#         46
  C:5BB7H         LINE#         47
  C:5BB9H         LINE#         49
  C:5BB9H         LINE#         50
  C:5BBBH         LINE#         51
  C:5BBDH         LINE#         52
  -------         ENDPROC       DELAY40US
  -------         PROC          _WRITE1302
BL51 BANKED LINKER/LOCATER V6.22                                                      06/19/2015  11:47:39  PAGE 34


  D:0003H         SYMBOL        addr
  D:0005H         SYMBOL        dat
  -------         DO            
  D:0002H         SYMBOL        i
  D:0001H         SYMBOL        temp
  -------         ENDDO         
  C:58CCH         LINE#         56
  C:58CEH         LINE#         57
  C:58CEH         LINE#         59
  C:58D0H         LINE#         60
  C:58D3H         LINE#         61
  C:58D5H         LINE#         62
  C:58D8H         LINE#         63
  C:58DAH         LINE#         64
  C:58DDH         LINE#         65
  C:58DFH         LINE#         66
  C:58DFH         LINE#         67
  C:58E1H         LINE#         68
  C:58E4H         LINE#         69
  C:58E6H         LINE#         70
  C:58E7H         LINE#         71
  C:58E7H         LINE#         72
  C:58E7H         LINE#         73
  C:58E7H         LINE#         74
  C:58E7H         LINE#         75
  C:58EAH         LINE#         76
  C:58ECH         LINE#         78
  C:58EEH         LINE#         79
  C:58EEH         LINE#         80
  C:58F0H         LINE#         81
  C:58F3H         LINE#         82
  C:58F5H         LINE#         83
  C:58F9H         LINE#         84
  C:58FCH         LINE#         85
  C:5900H         LINE#         86
  C:5900H         LINE#         87
  C:5900H         LINE#         88
  C:5903H         LINE#         89
  C:5905H         LINE#         90
  C:5907H         LINE#         91
  -------         ENDPROC       _WRITE1302
  -------         PROC          _READ1302
  D:0003H         SYMBOL        addr
  -------         DO            
  D:0002H         SYMBOL        i
  D:0005H         SYMBOL        temp
  -------         ENDDO         
  C:57C1H         LINE#         96
  C:57C3H         LINE#         97
  C:57C3H         LINE#         99
  C:57C5H         LINE#         100
  C:57C8H         LINE#         101
  C:57CAH         LINE#         102
  C:57CDH         LINE#         103
  C:57CFH         LINE#         104
  C:57D2H         LINE#         106
  C:57D4H         LINE#         107
BL51 BANKED LINKER/LOCATER V6.22                                                      06/19/2015  11:47:39  PAGE 35


  C:57D4H         LINE#         108
  C:57D6H         LINE#         109
  C:57D9H         LINE#         111
  C:57DAH         LINE#         112
  C:57DAH         LINE#         113
  C:57DAH         LINE#         114
  C:57DAH         LINE#         115
  C:57DAH         LINE#         116
  C:57DDH         LINE#         117
  C:57DFH         LINE#         119
  C:57E1H         LINE#         120
  C:57E1H         LINE#         121
  C:57E3H         LINE#         122
  C:57E6H         LINE#         123
  C:57EAH         LINE#         124
  C:57EDH         LINE#         125
  C:57EFH         LINE#         126
  C:57F2H         LINE#         127
  C:57FEH         LINE#         128
  C:5800H         LINE#         129
  C:5802H         LINE#         130
  C:5805H         LINE#         131
  C:5807H         LINE#         132
  -------         ENDPROC       _READ1302
  -------         PROC          _DS1302_WRITE_TIME
  X:0160H         SYMBOL        buf
  C:4E43H         LINE#         136
  C:4E4EH         LINE#         137
  C:4E4EH         LINE#         138
  C:4E55H         LINE#         139
  C:4E58H         LINE#         140
  C:4E6CH         LINE#         141
  C:4E6FH         LINE#         142
  C:4E86H         LINE#         143
  C:4E89H         LINE#         144
  C:4EA0H         LINE#         145
  C:4EA3H         LINE#         146
  C:4EBAH         LINE#         147
  C:4EBDH         LINE#         148
  C:4ED4H         LINE#         149
  C:4ED7H         LINE#         150
  C:4EEEH         LINE#         151
  C:4EF1H         LINE#         152
  C:4F08H         LINE#         153
  C:4F0BH         LINE#         154
[...]
  -------         DO            
BL51 BANKED LINKER/LOCATER V6.22                                                      06/19/2015  11:47:39  PAGE 45


  D:0006H         SYMBOL        i
  D:0005H         SYMBOL        j
  -------         ENDDO         
  C:5BFCH         LINE#         24
  C:5BFCH         LINE#         25
  C:5BFCH         LINE#         27
  C:5C02H         LINE#         28
  C:5C02H         LINE#         29
  C:5C03H         LINE#         30
  C:5C04H         LINE#         31
  C:5C06H         LINE#         32
  C:5C08H         LINE#         34
  C:5C08H         LINE#         35
  C:5C0AH         LINE#         36
  C:5C0CH         LINE#         37
  C:5C0FH         LINE#         38
  -------         ENDPROC       _DELAYMS
  -------         PROC          INIT_DS18B20
  -------         DO            
  B:0021H.1       SYMBOL        dat
  -------         ENDDO         
  C:5A51H         LINE#         43
  C:5A51H         LINE#         44
  C:5A51H         LINE#         45
  C:5A53H         LINE#         46
  C:5A55H         LINE#         47
  C:5A5AH         LINE#         48
  C:5A5CH         LINE#         49
  C:5A61H         LINE#         50
  C:5A66H         LINE#         51
  C:5A68H         LINE#         52
  C:5A6DH         LINE#         53
  C:5A71H         LINE#         54
  C:5A76H         LINE#         55
  C:5A78H         LINE#         56
  -------         ENDPROC       INIT_DS18B20
  -------         PROC          READONECHAR
  -------         DO            
  D:0005H         SYMBOL        i
  D:0004H         SYMBOL        dat
  -------         ENDDO         
  C:5B0EH         LINE#         61
  C:5B0EH         LINE#         62
  C:5B0EH         LINE#         63
  C:5B0FH         LINE#         64
  C:5B10H         LINE#         65
  C:5B12H         LINE#         66
  C:5B12H         LINE#         67
  C:5B14H         LINE#         68
  C:5B18H         LINE#         69
  C:5B1AH         LINE#         70
  C:5B1DH         LINE#         71
  C:5B20H         LINE#         72
  C:5B25H         LINE#         73
  C:5B27H         LINE#         74
  C:5B29H         LINE#         75
  -------         ENDPROC       READONECHAR
BL51 BANKED LINKER/LOCATER V6.22                                                      06/19/2015  11:47:39  PAGE 46


  -------         PROC          _WRITEONECHAR
  D:0005H         SYMBOL        dat
  -------         DO            
  D:0003H         SYMBOL        i
  -------         ENDDO         
  C:5B2AH         LINE#         79
  C:5B2CH         LINE#         80
  C:5B2CH         LINE#         81
  C:5B2CH         LINE#         82
  C:5B2EH         LINE#         83
  C:5B2EH         LINE#         84
  C:5B30H         LINE#         85
  C:5B34H         LINE#         86
  C:5B39H         LINE#         87
  C:5B3BH         LINE#         88
  C:5B3FH         LINE#         89
  C:5B41H         LINE#         90
  -------         ENDPROC       _WRITEONECHAR
  -------         PROC          READ18B20
  -------         DO            
  D:0003H         SYMBOL        a
  D:0006H         SYMBOL        b
  D:0004H         SYMBOL        t
  -------         ENDDO         
  C:5942H         LINE#         96
  C:5942H         LINE#         97
  C:5942H         LINE#         98
  C:5944H         LINE#         99
  C:5946H         LINE#         100
  C:5948H         LINE#         101
  C:594BH         LINE#         102
  C:5950H         LINE#         103
  C:5955H         LINE#         104
  C:595AH         LINE#         105
  C:595DH         LINE#         106
  C:5962H         LINE#         107
  C:5967H         LINE#         108
  C:596CH         LINE#         109
  C:596FH         LINE#         110
  C:5973H         LINE#         111
  C:5978H         LINE#         113
  C:597BH         LINE#         114
  -------         ENDPROC       READ18B20
  -------         PROC          _READTEMPERATURE
  X:015FH         SYMBOL        temper
  -------         DO            
  D:0006H         SYMBOL        temp
  D:0004H         SYMBOL        temperature
  -------         ENDDO         
  C:588CH         LINE#         115
  C:5897H         LINE#         116
  C:5897H         LINE#         119
  C:589AH         LINE#         120
  C:58ACH         LINE#         121
  -------         ENDPROC       _READTEMPERATURE
  -------         ENDMOD        18B20

BL51 BANKED LINKER/LOCATER V6.22                                                      06/19/2015  11:47:39  PAGE 47


  -------         MODULE        UART
  C:0000H         SYMBOL        _ICE_DUMMY_
  B:00A8H.7       PUBLIC        EA
  D:00A8H         PUBLIC        IE
  D:00B8H         PUBLIC        IP
  B:0022H.2       PUBLIC        flag
  D:00D8H         PUBLIC        CCON
  D:0098H         PUBLIC        SCON
  D:0088H         PUBLIC        TCON
  X:02DFH         PUBLIC        temp
  D:00AFH         PUBLIC        IE2
  D:008EH         PUBLIC        AUXR
  C:5A99H         PUBLIC        InitUART
  D:009BH         PUBLIC        S2BUF
  C:5C82H         PUBLIC        _UART_SendOneByte
  C:5C10H         PUBLIC        _UART_SendStr
  D:009AH         PUBLIC        S2CON
  D:009CH         PUBLIC        BRT
  X:02F3H         PUBLIC        p
  C:5617H         PUBLIC        UART_Interrupt
  D:00D0H         PUBLIC        PSW
  -------         PROC          INITUART
  B:0020H.0       SYMBOL        bite
  C:5A99H         LINE#         8
  C:5A99H         LINE#         9
  C:5A99H         LINE#         10
  C:5A9CH         LINE#         11
  C:5A9FH         LINE#         12
  C:5AA2H         LINE#         13
  C:5AA8H         LINE#         14
  C:5AAEH         LINE#         15
  C:5AB1H         LINE#         16
  C:5AB3H         LINE#         17
  C:5AB6H         LINE#         18
  -------         ENDPROC       INITUART
  -------         PROC          _UART_SENDONEBYTE
  D:0007H         SYMBOL        c
  C:5C82H         LINE#         19
  C:5C82H         LINE#         20
  C:5C82H         LINE#         21
  C:5C84H         LINE#         22
  C:5C89H         LINE#         23
  C:5C8CH         LINE#         24
  -------         ENDPROC       _UART_SENDONEBYTE
  -------         PROC          _UART_SENDSTR
  D:0001H         SYMBOL        str
  C:5C10H         LINE#         25
  C:5C10H         LINE#         26
  C:5C10H         LINE#         27
  C:5C14H         LINE#         28
  C:5C14H         LINE#         29
  C:5C19H         LINE#         30
  C:5C20H         LINE#         31
  C:5C22H         LINE#         32
  -------         ENDPROC       _UART_SENDSTR
  -------         PROC          UART_INTERRUPT
  C:5617H         LINE#         34
BL51 BANKED LINKER/LOCATER V6.22                                                      06/19/2015  11:47:39  PAGE 48


  C:562CH         LINE#         36
  C:563DH         LINE#         37
  C:5642H         LINE#         38
  C:5642H         LINE#         39
  C:5644H         LINE#         40
  C:5647H         LINE#         41
  C:5657H         LINE#         43
  C:5661H         LINE#         44
  C:5670H         LINE#         45
  C:5670H         LINE#         46
  -------         ENDPROC       UART_INTERRUPT
  -------         ENDMOD        UART

  -------         MODULE        ATCMD
  C:0000H         SYMBOL        _ICE_DUMMY_
  C:55A2H         PUBLIC        _AT_DO
  D:00A8H         PUBLIC        IE
  D:00B8H         PUBLIC        IP
  D:00D8H         PUBLIC        CCON
  D:0098H         PUBLIC        SCON
  D:0088H         PUBLIC        TCON
  C:584BH         PUBLIC        at
  C:5C23H         PUBLIC        _IsATCmd
  D:00D0H         PUBLIC        PSW
  -------         PROC          _AT_DO
  X:0150H         SYMBOL        at_str
  -------         DO            
  X:0153H         SYMBOL        i
  -------         ENDDO         
  C:55A2H         LINE#         28
  C:55ADH         LINE#         29
  C:55ADH         LINE#         31
  C:55B7H         LINE#         32
  C:55C6H         LINE#         33
  C:55C6H         LINE#         34
  C:560EH         LINE#         35
  C:5616H         LINE#         36
  -------         ENDPROC       _AT_DO
  -------         PROC          _ISATCMD
  D:0001H         SYMBOL        str
  C:5C23H         LINE#         42
  C:5C23H         LINE#         43
  C:5C23H         LINE#         44
  C:5C34H         LINE#         45
  C:5C35H         LINE#         46
  -------         ENDPROC       _ISATCMD
  -------         ENDMOD        ATCMD

  -------         MODULE        ?C?FPADD
  C:004DH         PUBLIC        ?C?FPADD
  C:0049H         PUBLIC        ?C?FPSUB
  -------         ENDMOD        ?C?FPADD

  -------         MODULE        ?C?FPMUL
  C:013EH         PUBLIC        ?C?FPMUL
  -------         ENDMOD        ?C?FPMUL

BL51 BANKED LINKER/LOCATER V6.22                                                      06/19/2015  11:47:39  PAGE 49


  -------         MODULE        ?C?FPDIV
  C:0247H         PUBLIC        ?C?FPDIV
  -------         ENDMOD        ?C?FPDIV

  -------         MODULE        ?C?FPCMP
  C:02E6H         PUBLIC        ?C?FPCMP
  C:02E4H         PUBLIC        ?C?FPCMP3
  -------         ENDMOD        ?C?FPCMP

  -------         MODULE        ?C?FCAST
  C:035BH         PUBLIC        ?C?FCASTC
  C:0356H         PUBLIC        ?C?FCASTI
  C:0351H         PUBLIC        ?C?FCASTL
  -------         ENDMOD        ?C?FCAST

  -------         MODULE        ?C?CASTF
  C:038FH         PUBLIC        ?C?CASTF
  -------         ENDMOD        ?C?CASTF

  -------         MODULE        PRINTF
  X:0162H         PUBLIC        ?_PRINTF?BYTE
  X:0162H         PUBLIC        ?_SPRINTF?BYTE
  C:2284H         PUBLIC        _PRINTF
  C:227EH         PUBLIC        _SPRINTF
  -------         ENDMOD        PRINTF

  -------         MODULE        SQRT
  C:5138H         PUBLIC        _SQRT
  -------         ENDMOD        SQRT

  -------         MODULE        ?C?FPROUND
  C:0410H         PUBLIC        ?C?FPROUND
  -------         ENDMOD        ?C?FPROUND

  -------         MODULE        ?C?FPCONVERT
  C:044DH         PUBLIC        ?C?FPCONVERT
  -------         ENDMOD        ?C?FPCONVERT

  -------         MODULE        ?C?FTNPWR
  C:0582H         PUBLIC        ?C?FTNPWR
  -------         ENDMOD        ?C?FTNPWR

  -------         MODULE        ?C?COPY
  C:0692H         PUBLIC        ?C?COPY
  -------         ENDMOD        ?C?COPY

  -------         MODULE        ?C?CLDPTR
  C:06B8H         PUBLIC        ?C?CLDPTR
  -------         ENDMOD        ?C?CLDPTR

  -------         MODULE        ?C?CLDOPTR
  C:06D1H         PUBLIC        ?C?CLDOPTR
  -------         ENDMOD        ?C?CLDOPTR

  -------         MODULE        ?C?CSTPTR
  C:06FEH         PUBLIC        ?C?CSTPTR
  -------         ENDMOD        ?C?CSTPTR
BL51 BANKED LINKER/LOCATER V6.22                                                      06/19/2015  11:47:39  PAGE 50



  -------         MODULE        ?C?CSTOPTR
  C:0710H         PUBLIC        ?C?CSTOPTR
  -------         ENDMOD        ?C?CSTOPTR

  -------         MODULE        ?C?UIDIV
  C:0732H         PUBLIC        ?C?UIDIV
  -------         ENDMOD        ?C?UIDIV

  -------         MODULE        ?C?IILDX
  C:0787H         PUBLIC        ?C?IILDX
  -------         ENDMOD        ?C?IILDX

  -------         MODULE        ?C?ILDIX
  C:079DH         PUBLIC        ?C?ILDIX
  -------         ENDMOD        ?C?ILDIX

  -------         MODULE        ?C?ILDPTR
  C:07B3H         PUBLIC        ?C?ILDPTR
  -------         ENDMOD        ?C?ILDPTR

  -------         MODULE        ?C?ISTPTR
  C:07DEH         PUBLIC        ?C?ISTPTR
  -------         ENDMOD        ?C?ISTPTR

  -------         MODULE        ?C?LMUL
  C:07FDH         PUBLIC        ?C?LMUL
  -------         ENDMOD        ?C?LMUL

  -------         MODULE        ?C?LNEG
  C:084CH         PUBLIC        ?C?LNEG
  -------         ENDMOD        ?C?LNEG

  -------         MODULE        ?C?ULCMP
  C:085AH         PUBLIC        ?C?ULCMP
  -------         ENDMOD        ?C?ULCMP

  -------         MODULE        ?C?ULSHR
  C:086BH         PUBLIC        ?C?ULSHR
  -------         ENDMOD        ?C?ULSHR

  -------         MODULE        ?C?LLDXDATA
  C:087EH         PUBLIC        ?C?LLDXDATA
  -------         ENDMOD        ?C?LLDXDATA

  -------         MODULE        ?C?LLDCODE
  C:088AH         PUBLIC        ?C?LLDCODE
  -------         ENDMOD        ?C?LLDCODE

  -------         MODULE        ?C?LLDCODE0
  C:089AH         PUBLIC        ?C?LLDCODE0
  -------         ENDMOD        ?C?LLDCODE0

  -------         MODULE        ?C?LSTXDATA
  C:08AAH         PUBLIC        ?C?LSTXDATA
  -------         ENDMOD        ?C?LSTXDATA

BL51 BANKED LINKER/LOCATER V6.22                                                      06/19/2015  11:47:39  PAGE 51


  -------         MODULE        ?C?LSTKXDATA
  C:08B6H         PUBLIC        ?C?LSTKXDATA
  -------         ENDMOD        ?C?LSTKXDATA

  -------         MODULE        ?C?PLDIXDATA
  C:08E7H         PUBLIC        ?C?PLDIXDATA
  -------         ENDMOD        ?C?PLDIXDATA

  -------         MODULE        ?C?PSTXDATA
  C:08FEH         PUBLIC        ?C?PSTXDATA
  -------         ENDMOD        ?C?PSTXDATA

  -------         MODULE        ?C?CCASE
  C:0907H         PUBLIC        ?C?CCASE
  -------         ENDMOD        ?C?CCASE

  -------         MODULE        ?C?ICASE
  C:092DH         PUBLIC        ?C?ICASE
  -------         ENDMOD        ?C?ICASE

  -------         MODULE        ?C?ICALL
  C:095AH         PUBLIC        ?C?ICALL
  C:095EH         PUBLIC        ?C?ICALL2
  -------         ENDMOD        ?C?ICALL

  -------         MODULE        ?C?LIMUL
  C:0960H         PUBLIC        ?C?LIMUL
  -------         ENDMOD        ?C?LIMUL

  -------         MODULE        ABS
  C:5C76H         PUBLIC        _ABS
  -------         ENDMOD        ABS

  -------         MODULE        ?C?STRCMP
  C:0B0BH         PUBLIC        ?C?STRCMP
  -------         ENDMOD        ?C?STRCMP

  -------         MODULE        STRLEN
  C:5BD3H         PUBLIC        _STRLEN
  -------         ENDMOD        STRLEN

*** WARNING L13: RECURSIVE CALL TO SEGMENT
    SEGMENT: ?PR?DESKTOP?GUI
    CALLER:  ?PR?SSTMTIME?GUI

*** WARNING L13: RECURSIVE CALL TO SEGMENT
    SEGMENT: ?PR?CALENDAR?GUI
    CALLER:  ?PR?SSTMTIME?GUI

*** WARNING L13: RECURSIVE CALL TO SEGMENT
    SEGMENT: ?PR?DESKTOP?GUI
    CALLER:  ?PR?_GUIDDO?GUI

*** WARNING L13: RECURSIVE CALL TO SEGMENT
    SEGMENT: ?PR?DESKTOP?GUI
    CALLER:  ?PR?CALENDAR?GUI

BL51 BANKED LINKER/LOCATER V6.22                                                      06/19/2015  11:47:39  PAGE 52


*** WARNING L13: RECURSIVE CALL TO SEGMENT
    SEGMENT: ?PR?DESKTOP?GUI
    CALLER:  ?PR?TEMPERT?GUI

*** WARNING L13: RECURSIVE CALL TO SEGMENT
    SEGMENT: ?PR?DESKTOP?GUI
    CALLER:  ?PR?PICBOX?GUI

*** WARNING L16: UNCALLED SEGMENT, IGNORED FOR OVERLAY PROCESS
    SEGMENT: ?PR?_UART_SENDSTR?UART

*** WARNING L15: MULTIPLE CALL TO SEGMENT
    SEGMENT: ?PR?DESKTOP?GUI
    CALLER1: ?C_C51STARTUP
    CALLER2: ?PR?TIMER_ROUTINE?TIMER

*** WARNING L15: MULTIPLE CALL TO SEGMENT
    SEGMENT: ?PR?_LCD_CLEAR?HX8347D
    CALLER1: ?C_C51STARTUP
    CALLER2: ?PR?TIMER_ROUTINE?TIMER

*** WARNING L15: MULTIPLE CALL TO SEGMENT
    SEGMENT: ?PR?_SHOW_PICTURE?HX8347D
    CALLER1: ?C_C51STARTUP
    CALLER2: ?PR?TIMER_ROUTINE?TIMER

*** WARNING L15: MULTIPLE CALL TO SEGMENT
    SEGMENT: ?PR?_SHOW_STR?W25QXX
    CALLER1: ?C_C51STARTUP
    CALLER2: ?PR?TIMER_ROUTINE?TIMER

*** WARNING L15: MULTIPLE CALL TO SEGMENT
    SEGMENT: ?PR?_SHOW_ASCII?W25QXX
    CALLER1: ?C_C51STARTUP
    CALLER2: ?PR?TIMER_ROUTINE?TIMER

*** WARNING L15: MULTIPLE CALL TO SEGMENT
    SEGMENT: ?PR?_W25QXX_READ?W25QXX
    CALLER1: ?C_C51STARTUP
    CALLER2: ?PR?TIMER_ROUTINE?TIMER

*** WARNING L15: MULTIPLE CALL TO SEGMENT
    SEGMENT: ?PR?_LCD_SETPOINT?HX8347D
    CALLER1: ?C_C51STARTUP
    CALLER2: ?PR?TIMER_ROUTINE?TIMER

*** WARNING L15: MULTIPLE CALL TO SEGMENT
    SEGMENT: ?PR?_SHOW_FONT?W25QXX
    CALLER1: ?C_C51STARTUP
    CALLER2: ?PR?TIMER_ROUTINE?TIMER

*** WARNING L15: MULTIPLE CALL TO SEGMENT
    SEGMENT: ?PR?_GET_HZMAT?W25QXX
    CALLER1: ?C_C51STARTUP
    CALLER2: ?PR?TIMER_ROUTINE?TIMER

*** WARNING L15: MULTIPLE CALL TO SEGMENT
BL51 BANKED LINKER/LOCATER V6.22                                                      06/19/2015  11:47:39  PAGE 53


    SEGMENT: ?PR?_GETTIME?DS1302
    CALLER1: ?C_C51STARTUP
    CALLER2: ?PR?TIMER_ROUTINE?TIMER

*** WARNING L15: MULTIPLE CALL TO SEGMENT
    SEGMENT: ?PR?_DS1302_READ_TIME?DS1302
    CALLER1: ?C_C51STARTUP
    CALLER2: ?PR?TIMER_ROUTINE?TIMER

*** WARNING L15: MULTIPLE CALL TO SEGMENT
    SEGMENT: ?PR?_GUI_TEXT?HX8347D
    CALLER1: ?C_C51STARTUP
    CALLER2: ?PR?TIMER_ROUTINE?TIMER

*** WARNING L15: MULTIPLE CALL TO SEGMENT
    SEGMENT: ?PR?_PUTCHAR?HX8347D
    CALLER1: ?C_C51STARTUP
    CALLER2: ?PR?TIMER_ROUTINE?TIMER

*** WARNING L15: MULTIPLE CALL TO SEGMENT
    SEGMENT: ?PR?_GET_CLICK?GUI
    CALLER1: ?C_C51STARTUP
    CALLER2: ?PR?TIMER_ROUTINE?TIMER

*** WARNING L15: MULTIPLE CALL TO SEGMENT
    SEGMENT: ?PR?_TP_READ_XY2?TOUCH
    CALLER1: ?C_C51STARTUP
    CALLER2: ?PR?TIMER_ROUTINE?TIMER

*** WARNING L15: MULTIPLE CALL TO SEGMENT
    SEGMENT: ?PR?_TP_READ_XY?TOUCH
    CALLER1: ?C_C51STARTUP
    CALLER2: ?PR?TIMER_ROUTINE?TIMER

*** WARNING L15: MULTIPLE CALL TO SEGMENT
    SEGMENT: ?PR?_TP_READ_XOY?TOUCH
    CALLER1: ?C_C51STARTUP
    CALLER2: ?PR?TIMER_ROUTINE?TIMER

*** WARNING L15: MULTIPLE CALL TO SEGMENT
    SEGMENT: ?PR?CALENDAR?GUI
    CALLER1: ?C_C51STARTUP
    CALLER2: ?PR?TIMER_ROUTINE?TIMER

*** WARNING L15: MULTIPLE CALL TO SEGMENT
    SEGMENT: ?PR?_LCD_DRAWBOX?HX8347D
    CALLER1: ?C_C51STARTUP
    CALLER2: ?PR?TIMER_ROUTINE?TIMER

*** WARNING L15: MULTIPLE CALL TO SEGMENT
    SEGMENT: ?PR?_LCD_DRAWLINE?HX8347D
    CALLER1: ?C_C51STARTUP
    CALLER2: ?PR?TIMER_ROUTINE?TIMER

*** WARNING L15: MULTIPLE CALL TO SEGMENT
    SEGMENT: ?PR?SSTMTIME?GUI
    CALLER1: ?C_C51STARTUP
BL51 BANKED LINKER/LOCATER V6.22                                                      06/19/2015  11:47:39  PAGE 54


    CALLER2: ?PR?TIMER_ROUTINE?TIMER

*** WARNING L15: MULTIPLE CALL TO SEGMENT
    SEGMENT: ?PR?_LCD_DRAWEBOX?HX8347D
    CALLER1: ?C_C51STARTUP
    CALLER2: ?PR?TIMER_ROUTINE?TIMER

*** WARNING L15: MULTIPLE CALL TO SEGMENT
    SEGMENT: ?PR?_GUIDDO?GUI
    CALLER1: ?C_C51STARTUP
    CALLER2: ?PR?TIMER_ROUTINE?TIMER

*** WARNING L15: MULTIPLE CALL TO SEGMENT
    SEGMENT: ?PR?_DS1302_WRITE_TIME?DS1302
    CALLER1: ?C_C51STARTUP
    CALLER2: ?PR?TIMER_ROUTINE?TIMER

*** WARNING L15: MULTIPLE CALL TO SEGMENT
    SEGMENT: ?PR?_ALERT?GUI
    CALLER1: ?C_C51STARTUP
    CALLER2: ?PR?TIMER_ROUTINE?TIMER

*** WARNING L15: MULTIPLE CALL TO SEGMENT
    SEGMENT: ?PR?TEMPERT?GUI
    CALLER1: ?C_C51STARTUP
    CALLER2: ?PR?TIMER_ROUTINE?TIMER

*** WARNING L15: MULTIPLE CALL TO SEGMENT
    SEGMENT: ?PR?_READTEMPERATURE?18B20
    CALLER1: ?C_C51STARTUP
    CALLER2: ?PR?TIMER_ROUTINE?TIMER

*** WARNING L15: MULTIPLE CALL TO SEGMENT
    SEGMENT: ?PR?INIT_DS18B20?18B20
    CALLER1: ?C_C51STARTUP
    CALLER2: ?PR?TIMER_ROUTINE?TIMER

*** WARNING L15: MULTIPLE CALL TO SEGMENT
    SEGMENT: ?PR?PRINTF?PRINTF
    CALLER1: ?C_C51STARTUP
    CALLER2: ?PR?TIMER_ROUTINE?TIMER

*** WARNING L15: MULTIPLE CALL TO SEGMENT
    SEGMENT: ?PR?START_CHECK?GUI
    CALLER1: ?C_C51STARTUP
    CALLER2: ?PR?TIMER_ROUTINE?TIMER

*** WARNING L15: MULTIPLE CALL TO SEGMENT
    SEGMENT: ?PR?W25QXX_READID?W25QXX
    CALLER1: ?C_C51STARTUP
    CALLER2: ?PR?TIMER_ROUTINE?TIMER

*** WARNING L15: MULTIPLE CALL TO SEGMENT
    SEGMENT: ?PR?PICBOX?GUI
    CALLER1: ?C_C51STARTUP
    CALLER2: ?PR?TIMER_ROUTINE?TIMER

BL51 BANKED LINKER/LOCATER V6.22                                                      06/19/2015  11:47:39  PAGE 55


*** WARNING L15: MULTIPLE CALL TO SEGMENT
    SEGMENT: ?PR?_TP_DRAW_BIG_POINT?TOUCH
    CALLER1: ?C_C51STARTUP
    CALLER2: ?PR?TIMER_ROUTINE?TIMER

Program Size: data=21.3 xdata=763 code=23702
LINK/LOCATE RUN COMPLETE.  40 WARNING(S),  0 ERROR(S)
