BL51 BANKED LINKER/LOCATER V6.22                                                        07/20/2015  13:12:16  PAGE 1


BL51 BANKED LINKER/LOCATER V6.22, INVOKED BY:
D:\KEIL\C51\BIN\BL51.EXE .\Object\STARTUP.obj, .\Object\calendar.obj, .\Object\startch.obj, .\Object\picbox.obj, .\Objec
>> t\ledctrl.obj, .\Object\tempert.obj, .\Object\sys_app.obj, .\Object\18b20.obj, .\Object\ATCmd.obj, .\Object\audio.obj
>> , .\Object\ds1302.obj, .\Object\HX8347D.obj, .\Object\led.obj, .\Object\timer.obj, .\Object\Touch.obj, .\Object\uart.
>> obj, .\Object\W25Qxx.obj, .\Object\main.obj TO .\Object\×ÏÒ«OS PRINT (.\Lst\×ÏÒ«OS.m51) RAMSIZE (256) DISABLEWARNING 
>> (13, 15) RECURSIONS (100)




PROGRAM RECURSIONS REMOVED FROM CALL TREE
=========================================
+--> ?PR?DESKTOP?SYS_APP
|  | ?PR?_GET_CLICK?SYS_APP
|  | ?PR?_AT_DO?ATCMD
|  | ?PR?ATERR?ATCMD
<--+ ?CO?ATCMD


+--> ?PR?_GET_CLICK?SYS_APP
|  | ?PR?_AT_DO?ATCMD
|  | ?PR?ATERR?ATCMD
|  | ?CO?ATCMD
<--+ ?PR?PICBOX?PICBOX


+--> ?PR?DESKTOP?SYS_APP
|  | ?PR?_GET_CLICK?SYS_APP
|  | ?PR?_AT_DO?ATCMD
|  | ?PR?ATERR?ATCMD
|  | ?CO?ATCMD
<--+ ?PR?PICBOX?PICBOX


+--> ?PR?DESKTOP?SYS_APP
|  | ?PR?_GET_CLICK?SYS_APP
|  | ?PR?_AT_DO?ATCMD
|  | ?PR?ATERR?ATCMD
|  | ?CO?ATCMD
|  | ?PR?PICBOX?PICBOX
<--+ ?PR?_GUIDDO?SYS_APP


+--> ?PR?_GET_CLICK?SYS_APP
|  | ?PR?_AT_DO?ATCMD
|  | ?PR?ATERR?ATCMD
|  | ?CO?ATCMD
<--+ ?PR?TEMPERT?TEMPERT


+--> ?PR?DESKTOP?SYS_APP
|  | ?PR?_GET_CLICK?SYS_APP
|  | ?PR?_AT_DO?ATCMD
|  | ?PR?ATERR?ATCMD
|  | ?CO?ATCMD
<--+ ?PR?TEMPERT?TEMPERT


BL51 BANKED LINKER/LOCATER V6.22                                                      07/20/2015  13:12:16  PAGE 2


+--> ?PR?_GET_CLICK?SYS_APP
|  | ?PR?_AT_DO?ATCMD
|  | ?PR?ATERR?ATCMD
|  | ?CO?ATCMD
<--+ ?PR?CALENDAR?CALENDAR


+--> ?PR?_GET_CLICK?SYS_APP
|  | ?PR?_AT_DO?ATCMD
|  | ?PR?ATERR?ATCMD
|  | ?CO?ATCMD
|  | ?PR?CALENDAR?CALENDAR
<--+ ?PR?T_MENU?CALENDAR


+--> ?PR?CALENDAR?CALENDAR
<--+ ?PR?T_MENU?CALENDAR


+--> ?PR?DESKTOP?SYS_APP
|  | ?PR?_GET_CLICK?SYS_APP
|  | ?PR?_AT_DO?ATCMD
|  | ?PR?ATERR?ATCMD
|  | ?CO?ATCMD
|  | ?PR?CALENDAR?CALENDAR
|  | ?PR?T_MENU?CALENDAR
<--+ ?PR?SSTMTIME?CALENDAR


+--> ?PR?T_MENU?CALENDAR
<--+ ?PR?SSTMTIME?CALENDAR


+--> ?PR?_GET_CLICK?SYS_APP
|  | ?PR?_AT_DO?ATCMD
|  | ?PR?ATERR?ATCMD
|  | ?CO?ATCMD
|  | ?PR?CALENDAR?CALENDAR
|  | ?PR?T_MENU?CALENDAR
<--+ ?PR?T_ALERT?CALENDAR


+--> ?PR?DESKTOP?SYS_APP
|  | ?PR?_GET_CLICK?SYS_APP
|  | ?PR?_AT_DO?ATCMD
|  | ?PR?ATERR?ATCMD
|  | ?CO?ATCMD
<--+ ?PR?CALENDAR?CALENDAR


+--> ?CO?ATCMD
<--+ ?PR?STEMPERT?ATCMD


+--> ?PR?DESKTOP?SYS_APP
<--+ ?PR?LED?LEDCTRL

BL51 BANKED LINKER/LOCATER V6.22                                                      07/20/2015  13:12:16  PAGE 3




MEMORY MODEL: LARGE WITH FLOATING POINT ARITHMETIC


INPUT MODULES INCLUDED:
  .\Object\STARTUP.obj (?C_STARTUP)
  .\Object\calendar.obj (CALENDAR)
  .\Object\startch.obj (STARTCH)
  .\Object\picbox.obj (PICBOX)
  .\Object\ledctrl.obj (LEDCTRL)
  .\Object\tempert.obj (TEMPERT)
  .\Object\sys_app.obj (SYS_APP)
  .\Object\18b20.obj (18B20)
  .\Object\ATCmd.obj (ATCMD)
  .\Object\audio.obj (AUDIO)
  .\Object\ds1302.obj (DS1302)
  .\Object\HX8347D.obj (HX8347D)
  .\Object\led.obj (LED)
  .\Object\timer.obj (TIMER)
  .\Object\Touch.obj (TOUCH)
  .\Object\uart.obj (UART)
  .\Object\W25Qxx.obj (W25QXX)
  .\Object\main.obj (MAIN)
  D:\KEIL\C51\LIB\C51FPL.LIB (?C?FPADD)
  D:\KEIL\C51\LIB\C51FPL.LIB (?C?FPMUL)
  D:\KEIL\C51\LIB\C51FPL.LIB (?C?FPDIV)
  D:\KEIL\C51\LIB\C51FPL.LIB (?C?FPCMP)
  D:\KEIL\C51\LIB\C51FPL.LIB (?C?FCAST)
  D:\KEIL\C51\LIB\C51FPL.LIB (?C?CASTF)
  D:\KEIL\C51\LIB\C51FPL.LIB (PRINTF)
  D:\KEIL\C51\LIB\C51FPL.LIB (SQRT)
  D:\KEIL\C51\LIB\C51FPL.LIB (?C?FPGETOPN)
  D:\KEIL\C51\LIB\C51FPL.LIB (?C?FPROUND)
  D:\KEIL\C51\LIB\C51FPL.LIB (?C?FPCONVERT)
  D:\KEIL\C51\LIB\C51FPL.LIB (?C?FTNPWR)
  D:\KEIL\C51\LIB\C51L.LIB (?C_INIT)
  D:\KEIL\C51\LIB\C51L.LIB (?C?COPY)
  D:\KEIL\C51\LIB\C51L.LIB (?C?CLDPTR)
  D:\KEIL\C51\LIB\C51L.LIB (?C?CLDOPTR)
  D:\KEIL\C51\LIB\C51L.LIB (?C?CSTPTR)
  D:\KEIL\C51\LIB\C51L.LIB (?C?CSTOPTR)
  D:\KEIL\C51\LIB\C51L.LIB (?C?UIDIV)
  D:\KEIL\C51\LIB\C51L.LIB (?C?IILDX)
  D:\KEIL\C51\LIB\C51L.LIB (?C?ILDIX)
  D:\KEIL\C51\LIB\C51L.LIB (?C?ILDPTR)
  D:\KEIL\C51\LIB\C51L.LIB (?C?ISTPTR)
  D:\KEIL\C51\LIB\C51L.LIB (?C?LMUL)
  D:\KEIL\C51\LIB\C51L.LIB (?C?LNEG)
  D:\KEIL\C51\LIB\C51L.LIB (?C?ULCMP)
  D:\KEIL\C51\LIB\C51L.LIB (?C?ULSHR)
  D:\KEIL\C51\LIB\C51L.LIB (?C?LLDXDATA)
  D:\KEIL\C51\LIB\C51L.LIB (?C?LLDCODE)
  D:\KEIL\C51\LIB\C51L.LIB (?C?LLDCODE0)
  D:\KEIL\C51\LIB\C51L.LIB (?C?LSTXDATA)
  D:\KEIL\C51\LIB\C51L.LIB (?C?LSTKXDATA)
  D:\KEIL\C51\LIB\C51L.LIB (?C?PLDIXDATA)
BL51 BANKED LINKER/LOCATER V6.22                                                      07/20/2015  13:12:16  PAGE 4


  D:\KEIL\C51\LIB\C51L.LIB (?C?PSTXDATA)
  D:\KEIL\C51\LIB\C51L.LIB (?C?CCASE)
  D:\KEIL\C51\LIB\C51L.LIB (?C?ICASE)
  D:\KEIL\C51\LIB\C51L.LIB (?C?ICALL)
  D:\KEIL\C51\LIB\C51L.LIB (?C?LIMUL)
  D:\KEIL\C51\LIB\C51L.LIB (ABS)
  D:\KEIL\C51\LIB\C51L.LIB (?C?STRCMP)
  D:\KEIL\C51\LIB\C51L.LIB (STRLEN)


LINK MAP OF MODULE:  .\Object\×ÏÒ«OS (?C_STARTUP)


            TYPE    BASE      LENGTH    RELOCATION   SEGMENT NAME
            -----------------------------------------------------

            * * * * * * *   D A T A   M E M O R Y   * * * * * * *
            REG     0000H     0008H     ABSOLUTE     "REG BANK 0"
            DATA    0008H     0005H     UNIT         _DATA_GROUP_
                    000DH     0013H                  *** GAP ***
            BIT     0020H.0   0001H.1   UNIT         _BIT_GROUP_
            BIT     0021H.1   0000H.1   UNIT         ?BI?SYS_APP
            BIT     0021H.2   0000H.1   UNIT         ?BI?UART
                    0021H.3   0000H.5                *** GAP ***
            IDATA   0022H     0001H     UNIT         ?STACK

            * * * * * * *  X D A T A   M E M O R Y  * * * * * * *
            XDATA   0000H     029CH     UNIT         _XDATA_GROUP_
            XDATA   029CH     0021H     UNIT         ?XD?TOUCH
            XDATA   02BDH     001AH     UNIT         ?XD?SYS_APP
            XDATA   02D7H     0017H     UNIT         ?XD?UART
            XDATA   02EEH     0002H     UNIT         ?XD?HX8347D
            XDATA   02F0H     0002H     UNIT         ?XD?W25QXX
            XDATA   02F2H     0001H     UNIT         ?XD?TIMER

            * * * * * * *   C O D E   M E M O R Y   * * * * * * *
            CODE    0000H     0003H     ABSOLUTE     
            CODE    0003H     0007H     UNIT         ?PR?INITLED?LED
                    000AH     0001H                  *** GAP ***
            CODE    000BH     0003H     ABSOLUTE     
            CODE    000EH     0033H     UNIT         ?PR?TP_DEFAULT_ADJ?TOUCH
                    0041H     0002H                  *** GAP ***
            CODE    0043H     0003H     ABSOLUTE     
            CODE    0046H     0AEEH     UNIT         ?C?LIB_CODE
            CODE    0B34H     08A3H     UNIT         ?PR?SSTMTIME?CALENDAR
            CODE    13D7H     087AH     UNIT         ?PR?TP_ADJUST?TOUCH
            CODE    1C51H     05F0H     UNIT         ?CO?HX8347D
            CODE    2241H     0483H     UNIT         ?PR?PRINTF?PRINTF
            CODE    26C4H     0473H     UNIT         ?PR?DESKTOP?SYS_APP
            CODE    2B37H     031AH     UNIT         ?PR?LED?LEDCTRL
            CODE    2E51H     0302H     UNIT         ?PR?START_CHECK?STARTCH
            CODE    3153H     02E2H     UNIT         ?PR?_LCD_DRAWEBOX?HX8347D
            CODE    3435H     02CCH     UNIT         ?PR?PICBOX?PICBOX
            CODE    3701H     02B6H     UNIT         ?PR?_SHOW_ASCII?W25QXX
            CODE    39B7H     0274H     UNIT         ?PR?_LCD_DRAWLINE?HX8347D
            CODE    3C2BH     0243H     UNIT         ?PR?_GET_HZMAT?W25QXX
            CODE    3E6EH     01BBH     UNIT         ?PR?LCD_INITIALIZTION?HX8347D
BL51 BANKED LINKER/LOCATER V6.22                                                      07/20/2015  13:12:16  PAGE 5


            CODE    4029H     019DH     UNIT         ?PR?CALENDAR?CALENDAR
            CODE    41C6H     0192H     UNIT         ?PR?_TP_READ_XOY?TOUCH
            CODE    4358H     0188H     UNIT         ?PR?_SHOW_STR?W25QXX
            CODE    44E0H     0179H     UNIT         ?PR?_SHOW_FONT?W25QXX
            CODE    4659H     0166H     UNIT         ?PR?T_MENU?CALENDAR
            CODE    47BFH     014CH     UNIT         ?PR?_GUIDDO?SYS_APP
            CODE    490BH     0145H     UNIT         ?PR?_TP_READ_XY2?TOUCH
            CODE    4A50H     0141H     UNIT         ?PR?_TP_DROW_TOUCH_POINT?TOUCH
            CODE    4B91H     013CH     UNIT         ?PR?_SHOW_PICTURE?HX8347D
            CODE    4CCDH     0130H     UNIT         ?PR?TEMPERT?TEMPERT
            CODE    4DFDH     011EH     UNIT         ?PR?_GETTIME?DS1302
            CODE    4F1BH     0107H     UNIT         ?PR?_PUTCHAR?HX8347D
            CODE    5022H     0105H     UNIT         ?PR?GUIDSHOW?SYS_APP
            CODE    5127H     00F7H     UNIT         ?PR?_TP_SCAN?TOUCH
            CODE    521EH     00ECH     UNIT         ?CO?STARTCH
            CODE    530AH     00E0H     UNIT         ?PR?_LCD_DRAWBOX?HX8347D
            CODE    53EAH     00CFH     UNIT         ?PR?_DS1302_WRITE_TIME?DS1302
            CODE    54B9H     00B9H     UNIT         ?PR?_GET_CLICK?SYS_APP
            CODE    5572H     00B6H     UNIT         ?PR?_GUI_TEXT?HX8347D
            CODE    5628H     00AEH     UNIT         ?CO?ATCMD
            CODE    56D6H     00AEH     UNIT         ?PR?_LCD_CLEAR?HX8347D
            CODE    5784H     00ACH     UNIT         ?PR?SQRT?SQRT
            CODE    5830H     00AAH     UNIT         ?PR?_GET_CLICK1?SYS_APP
            CODE    58DAH     00A8H     UNIT         ?PR?_DS1302_READ_TIME?DS1302
            CODE    5982H     008DH     UNIT         ?CO?W25QXX
            CODE    5A0FH     008CH     UNIT         ?C_C51STARTUP
            CODE    5A9BH     007FH     UNIT         ?PR?_AT_DO?ATCMD
            CODE    5B1AH     007EH     UNIT         ?PR?_TP_DRAW_BIG_POINT?TOUCH
            CODE    5B98H     007DH     UNIT         ?PR?_ALERT?SYS_APP
            CODE    5C15H     0079H     UNIT         ?PR?TIMER_ROUTINE?TIMER
            CODE    5C8EH     0079H     UNIT         ?PR?_W25QXX_READ?W25QXX
            CODE    5D07H     006CH     UNIT         ?PR?UART_INTERRUPT?UART
            CODE    5D73H     0061H     UNIT         ?PR?T_ALERT?CALENDAR
            CODE    5DD4H     0054H     UNIT         ?CO?CALENDAR
            CODE    5E28H     0053H     UNIT         ?C_INITSEG
            CODE    5E7BH     0050H     UNIT         ?PR?_LCD_SETPOINT?HX8347D
            CODE    5ECBH     004FH     UNIT         ?PR?_TP_READ_XY?TOUCH
            CODE    5F1AH     004EH     UNIT         ?PR?_TP_READ_AD?TOUCH
            CODE    5F68H     0048H     UNIT         ?CO?SYS_APP
            CODE    5FB0H     0047H     UNIT         ?PR?_READ1302?DS1302
            CODE    5FF7H     0043H     UNIT         ?PR?W25QXX_READID?W25QXX
            CODE    603AH     0040H     UNIT         ?PR?_READTEMPERATURE?18B20
            CODE    607AH     003CH     UNIT         ?PR?_WRITE1302?DS1302
            CODE    60B6H     003AH     UNIT         ?PR?READ18B20?18B20
            CODE    60F0H     003AH     UNIT         ?PR?_LCD_SETCURSOR?HX8347D
            CODE    612AH     002EH     UNIT         ?PR?START_LOGO?SYS_APP
            CODE    6158H     002BH     UNIT         ?PR?_DELAY_MS?HX8347D
            CODE    6183H     002BH     UNIT         ?PR?_W25QXX_WRITE_BYTE?W25QXX
            CODE    61AEH     0029H     UNIT         ?PR?CLOCK?SYS_APP
            CODE    61D7H     0028H     UNIT         ?PR?INIT_DS18B20?18B20
            CODE    61FFH     0028H     UNIT         ?PR?FONT_INIT?W25QXX
            CODE    6227H     0025H     UNIT         ?PR?_BEEP?AUDIO
            CODE    624CH     0020H     UNIT         ?PR?_DELAY_MS?SYS_APP
            CODE    626CH     0020H     UNIT         ?PR?MAIN?MAIN
            CODE    628CH     001EH     UNIT         ?PR?INITUART?UART
            CODE    62AAH     001DH     UNIT         ?CO?LEDCTRL
            CODE    62C7H     001DH     UNIT         ?PR?_DELAY_US?TOUCH
BL51 BANKED LINKER/LOCATER V6.22                                                      07/20/2015  13:12:16  PAGE 6


            CODE    62E4H     001DH     UNIT         ?PR?TP_INIT?TOUCH
            CODE    6301H     001CH     UNIT         ?PR?READONECHAR?18B20
            CODE    631DH     001CH     UNIT         ?PR?_WRITEONECHAR?18B20
            CODE    6339H     001BH     UNIT         ?PR?STIME?ATCMD
            CODE    6354H     001BH     UNIT         ?PR?STEMPERT?ATCMD
            CODE    636FH     001BH     UNIT         ?PR?_SETLED?LED
            CODE    638AH     001AH     UNIT         ?PR?_TP_WRITE_BYTE?TOUCH
            CODE    63A4H     0019H     UNIT         ?PR?_LCD_WR_DATA?HX8347D
            CODE    63BDH     0018H     UNIT         ?PR?DELAY1MS?DS1302
            CODE    63D5H     0017H     UNIT         ?PR?W25QXX_READ_BYTE?W25QXX
            CODE    63ECH     0016H     UNIT         ?PR?DELAY40US?DS1302
            CODE    6402H     0015H     UNIT         ?PR?OFFLED?ATCMD
            CODE    6417H     0015H     UNIT         ?PR?LCD_WRITERAM_PREPARE?HX8347D
            CODE    642CH     0015H     UNIT         ?PR?_REDLED?LED
            CODE    6441H     0015H     UNIT         ?PR?_STRLEN?STRLEN
            CODE    6456H     0014H     UNIT         ?PR?_DELAYUS2X?18B20
            CODE    646AH     0014H     UNIT         ?PR?_DELAYMS?18B20
            CODE    647EH     0013H     UNIT         ?PR?_ISATCMD?ATCMD
            CODE    6491H     0013H     UNIT         ?PR?_UART_SENDSTR?UART
            CODE    64A4H     0012H     UNIT         ?PR?DS1302_INIT?DS1302
            CODE    64B6H     0011H     UNIT         ?PR?_LCD_WRITEREG?HX8347D
            CODE    64C7H     0010H     UNIT         ?PR?TIMER0INIT?TIMER
            CODE    64D7H     000DH     UNIT         ?PR?SWLED1?ATCMD
            CODE    64E4H     000DH     UNIT         ?PR?SWLED2?ATCMD
            CODE    64F1H     000DH     UNIT         ?PR?SWLED3?ATCMD
            CODE    64FEH     000DH     UNIT         ?PR?_LCD_WR_REG?HX8347D
            CODE    650BH     000CH     UNIT         ?PR?_ABS?ABS
            CODE    6517H     000BH     UNIT         ?PR?_UART_SENDONEBYTE?UART
            CODE    6522H     000AH     UNIT         ?CO?TEMPERT
            CODE    652CH     000AH     UNIT         ?PR?W25QXX_WRITE_DISABLE?W25QXX
            CODE    6536H     0009H     UNIT         ?PR?LINK?ATCMD
            CODE    653FH     0009H     UNIT         ?PR?ATERR?ATCMD
            CODE    6548H     0009H     UNIT         ?PR?DELAY500US?AUDIO
            CODE    6551H     0006H     UNIT         ?CO?18B20
            CODE    6557H     0003H     UNIT         ?PR?_LCD_WRITERAM?HX8347D



OVERLAY MAP OF MODULE:   .\Object\×ÏÒ«OS (?C_STARTUP)


SEGMENT                                     BIT_GROUP          DATA_GROUP          XDATA_GROUP
  +--> CALLED SEGMENT                    START    LENGTH     START    LENGTH     START    LENGTH
------------------------------------------------------------------------------------------------
?C_C51STARTUP                            -----    -----      -----    -----      -----    -----
  +--> ?PR?MAIN?MAIN
  +--> ?C_INITSEG

?PR?MAIN?MAIN                            -----    -----      -----    -----      -----    -----
  +--> ?PR?LCD_INITIALIZTION?HX8347D
  +--> ?PR?FONT_INIT?W25QXX
  +--> ?PR?TP_INIT?TOUCH
  +--> ?PR?DS1302_INIT?DS1302
  +--> ?PR?TIMER0INIT?TIMER
  +--> ?PR?INITUART?UART
  +--> ?PR?INITLED?LED
  +--> ?PR?START_CHECK?STARTCH
BL51 BANKED LINKER/LOCATER V6.22                                                      07/20/2015  13:12:16  PAGE 7


  +--> ?PR?START_LOGO?SYS_APP
  +--> ?PR?DESKTOP?SYS_APP

?PR?LCD_INITIALIZTION?HX8347D            -----    -----      -----    -----      -----    -----
  +--> ?PR?_DELAY_MS?HX8347D
  +--> ?PR?_LCD_WRITEREG?HX8347D

?PR?_DELAY_MS?HX8347D                    -----    -----      -----    -----      -----    -----
  +--> ?PR?_LCD_WRITEREG?HX8347D

?PR?_LCD_WRITEREG?HX8347D                -----    -----      -----    -----      -----    -----
  +--> ?PR?_LCD_WR_REG?HX8347D
  +--> ?PR?_LCD_WR_DATA?HX8347D

?PR?FONT_INIT?W25QXX                     -----    -----      -----    -----      -----    -----
  +--> ?PR?W25QXX_WRITE_DISABLE?W25QXX
  +--> ?PR?W25QXX_READID?W25QXX
  +--> ?CO?W25QXX

?PR?W25QXX_WRITE_DISABLE?W25QXX          -----    -----      -----    -----      -----    -----
  +--> ?PR?_W25QXX_WRITE_BYTE?W25QXX

?PR?W25QXX_READID?W25QXX                 -----    -----      -----    -----      0014H    0002H
  +--> ?PR?_W25QXX_WRITE_BYTE?W25QXX
  +--> ?PR?W25QXX_READ_BYTE?W25QXX

?PR?TP_INIT?TOUCH                        -----    -----      -----    -----      -----    -----
  +--> ?PR?_TP_READ_XY?TOUCH
  +--> ?PR?TP_DEFAULT_ADJ?TOUCH

?PR?_TP_READ_XY?TOUCH                    -----    -----      -----    -----      002BH    0008H
  +--> ?PR?_TP_READ_XOY?TOUCH

?PR?_TP_READ_XOY?TOUCH                   -----    -----      -----    -----      0033H    0010H
  +--> ?PR?_TP_READ_AD?TOUCH

?PR?_TP_READ_AD?TOUCH                    -----    -----      -----    -----      -----    -----
  +--> ?PR?_TP_WRITE_BYTE?TOUCH
  +--> ?PR?_DELAY_US?TOUCH

?PR?DS1302_INIT?DS1302                   -----    -----      -----    -----      -----    -----
  +--> ?PR?_WRITE1302?DS1302

?PR?_WRITE1302?DS1302                    -----    -----      -----    -----      -----    -----
  +--> ?PR?DELAY1MS?DS1302

?PR?INITUART?UART                        0020H.0  0000H.1    -----    -----      -----    -----

?PR?START_CHECK?STARTCH                  -----    -----      -----    -----      000DH    0007H
  +--> ?PR?_LCD_CLEAR?HX8347D
  +--> ?CO?STARTCH
  +--> ?PR?_GUI_TEXT?HX8347D
  +--> ?PR?W25QXX_READID?W25QXX
  +--> ?PR?_SHOW_STR?W25QXX
  +--> ?PR?_DELAY_MS?SYS_APP
  +--> ?PR?_GETTIME?DS1302
  +--> ?PR?_READTEMPERATURE?18B20
BL51 BANKED LINKER/LOCATER V6.22                                                      07/20/2015  13:12:16  PAGE 8


  +--> ?PR?INITLED?LED
  +--> ?PR?_BEEP?AUDIO

?PR?_LCD_CLEAR?HX8347D                   -----    -----      -----    -----      0021H    000AH
  +--> ?PR?_LCD_SETCURSOR?HX8347D
  +--> ?PR?LCD_WRITERAM_PREPARE?HX8347D
  +--> ?PR?_LCD_WR_DATA?HX8347D

?PR?_LCD_SETCURSOR?HX8347D               -----    -----      -----    -----      -----    -----
  +--> ?PR?_LCD_WRITEREG?HX8347D

?PR?LCD_WRITERAM_PREPARE?HX8347D         -----    -----      -----    -----      -----    -----
  +--> ?PR?_LCD_SETCURSOR?HX8347D
  +--> ?PR?_LCD_WR_REG?HX8347D

?PR?_GUI_TEXT?HX8347D                    -----    -----      -----    -----      0017H    000BH
  +--> ?PR?_PUTCHAR?HX8347D

?PR?_PUTCHAR?HX8347D                     -----    -----      -----    -----      0049H    000DH
  +--> ?CO?HX8347D
  +--> ?PR?_LCD_SETPOINT?HX8347D

?PR?_LCD_SETPOINT?HX8347D                -----    -----      -----    -----      0283H    0004H
  +--> ?PR?LCD_WRITERAM_PREPARE?HX8347D
  +--> ?PR?_LCD_WRITERAM?HX8347D

?PR?_LCD_WRITERAM?HX8347D                -----    -----      -----    -----      -----    -----
  +--> ?PR?_LCD_WR_DATA?HX8347D

?PR?_SHOW_STR?W25QXX                     -----    -----      -----    -----      0160H    000DH
  +--> ?PR?_SHOW_ASCII?W25QXX
  +--> ?PR?_SHOW_FONT?W25QXX

?PR?_SHOW_ASCII?W25QXX                   -----    -----      -----    -----      016DH    0059H
  +--> ?CO?W25QXX
  +--> ?PR?_W25QXX_READ?W25QXX
  +--> ?PR?_LCD_SETPOINT?HX8347D

?PR?_W25QXX_READ?W25QXX                  -----    -----      -----    -----      0291H    000BH
  +--> ?PR?_W25QXX_WRITE_BYTE?W25QXX
  +--> ?PR?W25QXX_READ_BYTE?W25QXX

?PR?_SHOW_FONT?W25QXX                    -----    -----      -----    -----      016DH    0116H
  +--> ?PR?_GET_HZMAT?W25QXX
  +--> ?PR?_LCD_SETPOINT?HX8347D

?PR?_GET_HZMAT?W25QXX                    -----    -----      -----    -----      0283H    000EH
  +--> ?CO?W25QXX
  +--> ?PR?_W25QXX_READ?W25QXX

?PR?_GETTIME?DS1302                      -----    -----      -----    -----      0017H    000AH
  +--> ?PR?_DS1302_READ_TIME?DS1302

?PR?_DS1302_READ_TIME?DS1302             -----    -----      -----    -----      0021H    0003H
  +--> ?PR?DELAY40US?DS1302
  +--> ?PR?_READ1302?DS1302

BL51 BANKED LINKER/LOCATER V6.22                                                      07/20/2015  13:12:16  PAGE 9


?PR?DELAY40US?DS1302                     -----    -----      -----    -----      -----    -----
  +--> ?PR?_READ1302?DS1302

?PR?_READ1302?DS1302                     -----    -----      -----    -----      -----    -----
  +--> ?PR?DELAY1MS?DS1302

?PR?_READTEMPERATURE?18B20               -----    -----      -----    -----      0016H    0003H
  +--> ?PR?READ18B20?18B20
  +--> ?CO?18B20
  +--> ?PR?PRINTF?PRINTF

?PR?READ18B20?18B20                      -----    -----      -----    -----      -----    -----
  +--> ?PR?INIT_DS18B20?18B20
  +--> ?PR?_WRITEONECHAR?18B20
  +--> ?PR?_DELAYMS?18B20
  +--> ?PR?READONECHAR?18B20

?PR?INIT_DS18B20?18B20                   0020H.0  0000H.1    -----    -----      -----    -----
  +--> ?PR?_DELAYUS2X?18B20

?PR?_WRITEONECHAR?18B20                  -----    -----      -----    -----      -----    -----
  +--> ?PR?_DELAYUS2X?18B20

?PR?READONECHAR?18B20                    -----    -----      -----    -----      -----    -----
  +--> ?PR?_DELAYUS2X?18B20

?PR?PRINTF?PRINTF                        0020H.0  0001H.1    0008H    0005H      0019H    0030H
  +--> ?PR?_PUTCHAR?HX8347D

?PR?_BEEP?AUDIO                          -----    -----      -----    -----      -----    -----
  +--> ?PR?DELAY500US?AUDIO

?PR?START_LOGO?SYS_APP                   -----    -----      -----    -----      -----    -----
  +--> ?PR?_LCD_CLEAR?HX8347D
  +--> ?PR?_SHOW_PICTURE?HX8347D
  +--> ?PR?_DELAY_MS?SYS_APP

?PR?_SHOW_PICTURE?HX8347D                -----    -----      -----    -----      0002H    0016H
  +--> ?PR?_LCD_SETCURSOR?HX8347D
  +--> ?PR?LCD_WRITERAM_PREPARE?HX8347D
  +--> ?PR?_W25QXX_WRITE_BYTE?W25QXX
  +--> ?PR?W25QXX_READ_BYTE?W25QXX
  +--> ?PR?_LCD_WR_DATA?HX8347D

?PR?DESKTOP?SYS_APP                      -----    -----      -----    -----      0000H    0002H
  +--> ?PR?_LCD_CLEAR?HX8347D
  +--> ?PR?_SHOW_PICTURE?HX8347D
  +--> ?CO?SYS_APP
  +--> ?PR?_SHOW_STR?W25QXX
  +--> ?PR?CLOCK?SYS_APP
  +--> ?PR?_GET_CLICK?SYS_APP
  +--> ?PR?CALENDAR?CALENDAR
  +--> ?PR?TEMPERT?TEMPERT
  +--> ?PR?START_CHECK?STARTCH
  +--> ?PR?PICBOX?PICBOX
  +--> ?PR?_ALERT?SYS_APP
  +--> ?PR?LED?LEDCTRL
BL51 BANKED LINKER/LOCATER V6.22                                                      07/20/2015  13:12:16  PAGE 10



?PR?CLOCK?SYS_APP                        -----    -----      -----    -----      -----    -----
  +--> ?PR?_GETTIME?DS1302
  +--> ?PR?_GUI_TEXT?HX8347D

?PR?_GET_CLICK?SYS_APP                   -----    -----      -----    -----      0003H    0006H
  +--> ?PR?_TP_READ_XY2?TOUCH
  +--> ?PR?_AT_DO?ATCMD

?PR?_TP_READ_XY2?TOUCH                   -----    -----      -----    -----      001DH    000EH
  +--> ?PR?_TP_READ_XY?TOUCH

?PR?_AT_DO?ATCMD                         -----    -----      -----    -----      0009H    0004H
  +--> ?PR?ATERR?ATCMD
  +--> ?CO?ATCMD

?PR?ATERR?ATCMD                          -----    -----      -----    -----      -----    -----
  +--> ?CO?ATCMD
  +--> ?PR?_UART_SENDSTR?UART

?CO?ATCMD                                -----    -----      -----    -----      -----    -----
  +--> ?PR?LINK?ATCMD
  +--> ?PR?START_CHECK?STARTCH
  +--> ?PR?PICBOX?PICBOX
  +--> ?PR?TEMPERT?TEMPERT
  +--> ?PR?CALENDAR?CALENDAR
  +--> ?PR?STIME?ATCMD
  +--> ?PR?STEMPERT?ATCMD
  +--> ?PR?SWLED1?ATCMD
  +--> ?PR?SWLED2?ATCMD
  +--> ?PR?SWLED3?ATCMD
  +--> ?PR?OFFLED?ATCMD

?PR?LINK?ATCMD                           -----    -----      -----    -----      -----    -----
  +--> ?PR?_UART_SENDSTR?UART

?PR?_UART_SENDSTR?UART                   -----    -----      -----    -----      -----    -----
  +--> ?PR?_UART_SENDONEBYTE?UART

?PR?PICBOX?PICBOX                        -----    -----      -----    -----      000DH    0002H
  +--> ?PR?_LCD_CLEAR?HX8347D
  +--> ?PR?_LCD_DRAWBOX?HX8347D
  +--> ?PR?GUIDSHOW?SYS_APP
  +--> ?PR?_TP_DRAW_BIG_POINT?TOUCH
  +--> ?PR?_GUIDDO?SYS_APP

?PR?_LCD_DRAWBOX?HX8347D                 -----    -----      -----    -----      0160H    0012H
  +--> ?PR?_LCD_SETCURSOR?HX8347D
  +--> ?PR?LCD_WRITERAM_PREPARE?HX8347D
  +--> ?PR?_LCD_WR_DATA?HX8347D

?PR?GUIDSHOW?SYS_APP                     -----    -----      -----    -----      -----    -----
  +--> ?PR?_LCD_DRAWLINE?HX8347D
  +--> ?CO?SYS_APP
  +--> ?PR?_SHOW_STR?W25QXX

?PR?_LCD_DRAWLINE?HX8347D                -----    -----      -----    -----      0027H    0010H
BL51 BANKED LINKER/LOCATER V6.22                                                      07/20/2015  13:12:16  PAGE 11


  +--> ?PR?_LCD_SETPOINT?HX8347D

?PR?_TP_DRAW_BIG_POINT?TOUCH             -----    -----      -----    -----      000FH    0006H
  +--> ?PR?_LCD_SETPOINT?HX8347D

?PR?_GUIDDO?SYS_APP                      -----    -----      -----    -----      0017H    0008H
  +--> ?CO?SYS_APP
  +--> ?PR?_SHOW_STR?W25QXX
  +--> ?PR?_LCD_DRAWLINE?HX8347D

?PR?TEMPERT?TEMPERT                      -----    -----      -----    -----      000DH    0009H
  +--> ?PR?_LCD_CLEAR?HX8347D
  +--> ?PR?_LCD_DRAWBOX?HX8347D
  +--> ?PR?_LCD_DRAWEBOX?HX8347D
  +--> ?PR?GUIDSHOW?SYS_APP
  +--> ?PR?_READTEMPERATURE?18B20
  +--> ?CO?TEMPERT
  +--> ?PR?_SHOW_STR?W25QXX
  +--> ?PR?_GUI_TEXT?HX8347D
  +--> ?PR?_GUIDDO?SYS_APP

?PR?_LCD_DRAWEBOX?HX8347D                -----    -----      -----    -----      0017H    000AH
  +--> ?PR?_LCD_DRAWLINE?HX8347D

?PR?CALENDAR?CALENDAR                    -----    -----      -----    -----      000DH    0002H
  +--> ?PR?_GETTIME?DS1302
  +--> ?PR?_LCD_CLEAR?HX8347D
  +--> ?PR?_LCD_DRAWBOX?HX8347D
  +--> ?PR?_GUI_TEXT?HX8347D
  +--> ?CO?CALENDAR
  +--> ?PR?_SHOW_STR?W25QXX
  +--> ?PR?GUIDSHOW?SYS_APP
  +--> ?PR?T_MENU?CALENDAR
  +--> ?PR?_GUIDDO?SYS_APP

?PR?T_MENU?CALENDAR                      -----    -----      -----    -----      -----    -----
  +--> ?PR?_LCD_CLEAR?HX8347D
  +--> ?CO?CALENDAR
  +--> ?PR?_SHOW_STR?W25QXX
  +--> ?PR?_LCD_DRAWLINE?HX8347D
  +--> ?PR?GUIDSHOW?SYS_APP
  +--> ?PR?_GUIDDO?SYS_APP
  +--> ?PR?SSTMTIME?CALENDAR
  +--> ?PR?T_ALERT?CALENDAR

?PR?SSTMTIME?CALENDAR                    -----    -----      -----    -----      000FH    0008H
  +--> ?CO?CALENDAR
  +--> ?PR?_GETTIME?DS1302
  +--> ?PR?_LCD_CLEAR?HX8347D
  +--> ?PR?_SHOW_STR?W25QXX
  +--> ?PR?_GUI_TEXT?HX8347D
  +--> ?PR?_LCD_DRAWBOX?HX8347D
  +--> ?PR?_LCD_DRAWEBOX?HX8347D
  +--> ?PR?GUIDSHOW?SYS_APP
  +--> ?PR?_GET_CLICK1?SYS_APP
  +--> ?PR?_GUIDDO?SYS_APP
  +--> ?PR?_DS1302_WRITE_TIME?DS1302
BL51 BANKED LINKER/LOCATER V6.22                                                      07/20/2015  13:12:16  PAGE 12


  +--> ?PR?_ALERT?SYS_APP

?PR?_GET_CLICK1?SYS_APP                  -----    -----      -----    -----      0017H    0006H
  +--> ?PR?_TP_READ_XY2?TOUCH

?PR?_DS1302_WRITE_TIME?DS1302            -----    -----      -----    -----      0017H    0003H
  +--> ?PR?_WRITE1302?DS1302
  +--> ?PR?DELAY40US?DS1302

?PR?_ALERT?SYS_APP                       -----    -----      -----    -----      015BH    0005H
  +--> ?PR?_SHOW_STR?W25QXX
  +--> ?PR?_DELAY_MS?SYS_APP
  +--> ?PR?_STRLEN?STRLEN
  +--> ?PR?_LCD_DRAWBOX?HX8347D

?PR?T_ALERT?CALENDAR                     -----    -----      -----    -----      -----    -----
  +--> ?PR?_LCD_CLEAR?HX8347D
  +--> ?PR?GUIDSHOW?SYS_APP
  +--> ?PR?_GUIDDO?SYS_APP

?PR?STIME?ATCMD                          -----    -----      -----    -----      -----    -----
  +--> ?PR?_GETTIME?DS1302
  +--> ?PR?_UART_SENDSTR?UART

?PR?STEMPERT?ATCMD                       -----    -----      -----    -----      000DH    0007H
  +--> ?PR?_READTEMPERATURE?18B20
  +--> ?PR?_UART_SENDSTR?UART

?PR?SWLED1?ATCMD                         -----    -----      -----    -----      -----    -----
  +--> ?PR?_REDLED?LED
  +--> ?PR?_SETLED?LED

?PR?_SETLED?LED                          0020H.0  0000H.1    -----    -----      -----    -----

?PR?SWLED2?ATCMD                         -----    -----      -----    -----      -----    -----
  +--> ?PR?_REDLED?LED
  +--> ?PR?_SETLED?LED

?PR?SWLED3?ATCMD                         -----    -----      -----    -----      -----    -----
  +--> ?PR?_REDLED?LED
  +--> ?PR?_SETLED?LED

?PR?OFFLED?ATCMD                         -----    -----      -----    -----      -----    -----
  +--> ?PR?_SETLED?LED

?PR?LED?LEDCTRL                          -----    -----      -----    -----      0002H    0001H
  +--> ?PR?_LCD_CLEAR?HX8347D
  +--> ?CO?LEDCTRL
  +--> ?PR?_SHOW_STR?W25QXX
  +--> ?PR?GUIDSHOW?SYS_APP
  +--> ?PR?_GUI_TEXT?HX8347D
  +--> ?PR?_REDLED?LED
  +--> ?PR?_LCD_DRAWBOX?HX8347D
  +--> ?PR?_GET_CLICK?SYS_APP
  +--> ?PR?_GUIDDO?SYS_APP
  +--> ?PR?_SETLED?LED

BL51 BANKED LINKER/LOCATER V6.22                                                      07/20/2015  13:12:16  PAGE 13


?C_INITSEG                               -----    -----      -----    -----      -----    -----
  +--> ?PR?TP_INIT?TOUCH
  +--> ?PR?_TP_SCAN?TOUCH
  +--> ?PR?TP_ADJUST?TOUCH

?PR?_TP_SCAN?TOUCH                       -----    -----      -----    -----      -----    -----
  +--> ?PR?_TP_READ_XY2?TOUCH

?PR?TP_ADJUST?TOUCH                      -----    -----      -----    -----      0000H    0021H
  +--> ?PR?_LCD_CLEAR?HX8347D
  +--> ?PR?_TP_DROW_TOUCH_POINT?TOUCH
  +--> ?PR?_ABS?ABS
  +--> ?PR?SQRT?SQRT
  +--> ?PR?_DELAY_MS?SYS_APP

?PR?_TP_DROW_TOUCH_POINT?TOUCH           -----    -----      -----    -----      0021H    0006H
  +--> ?PR?_LCD_DRAWLINE?HX8347D
  +--> ?PR?_LCD_SETPOINT?HX8347D

?PR?SQRT?SQRT                            -----    -----      -----    -----      0021H    0004H

*** NEW ROOT ***************************************************

?PR?TIMER_ROUTINE?TIMER                  -----    -----      -----    -----      -----    -----
  +--> ?PR?_ISATCMD?ATCMD
  +--> ?PR?_ALERT?SYS_APP



SYMBOL TABLE OF MODULE:  .\Object\×ÏÒ«OS (?C_STARTUP)

  VALUE           TYPE          NAME
  ----------------------------------

  -------         MODULE        ?C_STARTUP
  C:5A0FH         SEGMENT       ?C_C51STARTUP
  I:0022H         SEGMENT       ?STACK
  C:0000H         PUBLIC        ?C_STARTUP
  D:00E0H         SYMBOL        ACC
  D:00F0H         SYMBOL        B
  D:0083H         SYMBOL        DPH
  D:0082H         SYMBOL        DPL
  N:0000H         SYMBOL        IBPSTACK
  N:0100H         SYMBOL        IBPSTACKTOP
  N:0080H         SYMBOL        IDATALEN
  C:5A12H         SYMBOL        IDATALOOP
  N:0000H         SYMBOL        PBPSTACK
  N:0100H         SYMBOL        PBPSTACKTOP
  N:0000H         SYMBOL        PDATALEN
  N:0000H         SYMBOL        PDATASTART
  N:0000H         SYMBOL        PPAGE
  N:0000H         SYMBOL        PPAGEENABLE
  D:00A0H         SYMBOL        PPAGE_SFR
  D:0081H         SYMBOL        SP
  C:5A0FH         SYMBOL        STARTUP1
  N:0000H         SYMBOL        XBPSTACK
  N:0000H         SYMBOL        XBPSTACKTOP
BL51 BANKED LINKER/LOCATER V6.22                                                      07/20/2015  13:12:16  PAGE 14


  N:0000H         SYMBOL        XDATALEN
  N:0000H         SYMBOL        XDATASTART
  C:0000H         LINE#         126
  C:5A0FH         LINE#         133
  C:5A11H         LINE#         134
  C:5A12H         LINE#         135
  C:5A13H         LINE#         136
  C:5A15H         LINE#         185
  C:5A18H         LINE#         196
  -------         ENDMOD        ?C_STARTUP

  -------         MODULE        CALENDAR
  C:0000H         SYMBOL        _ICE_DUMMY_
  D:0080H         PUBLIC        P0
  D:0090H         PUBLIC        P1
  D:00A0H         PUBLIC        P2
  C:4659H         PUBLIC        t_menu
  D:00A8H         PUBLIC        IE
  D:00B8H         PUBLIC        IP
  D:00D8H         PUBLIC        CCON
  D:0098H         PUBLIC        SCON
  D:0088H         PUBLIC        TCON
  C:4029H         PUBLIC        calendar
  C:5E21H         SYMBOL        _?ix1000
  B:00A0H.5       PUBLIC        PEN
  C:5D73H         PUBLIC        t_alert
  D:00D0H         PUBLIC        PSW
  C:0B34H         PUBLIC        sstmtime
  -------         PROC          CALENDAR
  -------         DO            
  X:000DH         SYMBOL        i
  -------         ENDDO         
  C:4029H         LINE#         17
  C:4029H         LINE#         18
  C:4029H         LINE#         19
  C:4030H         LINE#         20
  C:4039H         LINE#         21
  C:403EH         LINE#         22
  C:4045H         LINE#         23
  C:4065H         LINE#         24
  C:4083H         LINE#         25
  C:40A3H         LINE#         26
  C:40C7H         LINE#         27
  C:40E7H         LINE#         28
  C:40ECH         LINE#         29
  C:4110H         LINE#         30
  C:4113H         LINE#         31
  C:4113H         LINE#         32
  C:4113H         LINE#         33
  C:4127H         LINE#         34
  C:4127H         LINE#         35
  C:4130H         LINE#         36
  C:4135H         LINE#         37
  C:4155H         LINE#         38
  C:415DH         LINE#         39
  C:415DH         LINE#         40
  C:416BH         LINE#         41
BL51 BANKED LINKER/LOCATER V6.22                                                      07/20/2015  13:12:16  PAGE 15


  C:4182H         LINE#         42
  C:41C3H         LINE#         43
  -------         ENDPROC       CALENDAR
  -------         PROC          T_MENU
  C:4659H         LINE#         45
  C:4659H         LINE#         46
  C:4659H         LINE#         47
  C:4660H         LINE#         48
  C:4681H         LINE#         49
  C:469EH         LINE#         50
  C:46C0H         LINE#         51
  C:46E2H         LINE#         52
  C:46E5H         LINE#         53
  C:46E5H         LINE#         54
  C:46E5H         LINE#         55
  C:46FCH         LINE#         56
  C:473AH         LINE#         57
  C:4778H         LINE#         58
  C:47BCH         LINE#         59
  -------         ENDPROC       T_MENU
  -------         PROC          SSTMTIME
  -------         DO            
  X:000FH         SYMBOL        setime
  X:0016H         SYMBOL        i
  -------         ENDDO         
  C:0B34H         LINE#         64
  C:0B34H         LINE#         65
  C:0B34H         LINE#         66
  C:0B4DH         LINE#         67
  C:0B55H         LINE#         68
  C:0B5CH         LINE#         69
  C:0B7FH         LINE#         70
  C:0B9FH         LINE#         71
  C:0BBFH         LINE#         72
  C:0BE1H         LINE#         73
  C:0C00H         LINE#         74
  C:0C20H         LINE#         75
  C:0C42H         LINE#         76
  C:0C61H         LINE#         77
  C:0C81H         LINE#         78
  C:0C9FH         LINE#         79
  C:0CBEH         LINE#         80
  C:0CDEH         LINE#         81
  C:0CFCH         LINE#         82
  C:0D1BH         LINE#         83
  C:0D1EH         LINE#         84
  C:0D37H         LINE#         85
  C:0D37H         LINE#         86
  C:0D37H         LINE#         87
  C:0D67H         LINE#         88
  C:0D67H         LINE#         89
  C:0DA3H         LINE#         90
  C:0DDFH         LINE#         91
  C:0E1BH         LINE#         92
  C:0E57H         LINE#         93
  C:0E92H         LINE#         94
  C:0ECDH         LINE#         95
BL51 BANKED LINKER/LOCATER V6.22                                                      07/20/2015  13:12:16  PAGE 16


  C:0F0BH         LINE#         96
  C:0F0BH         LINE#         97
  C:0F22H         LINE#         98
  C:0F60H         LINE#         99
  C:0F9BH         LINE#         100
  C:0FD9H         LINE#         101
  C:0FD9H         LINE#         102
  C:0FECH         LINE#         103
  C:0FFFH         LINE#         104
  C:1012H         LINE#         105
  C:1025H         LINE#         106
  C:1038H         LINE#         107
  C:1042H         LINE#         108
  C:1055H         LINE#         109
  C:105EH         LINE#         110
  C:106BH         LINE#         111
  C:106EH         LINE#         112
  C:106EH         LINE#         113
  C:10ACH         LINE#         114
  C:10ACH         LINE#         115
  C:10DCH         LINE#         116
  C:10DCH         LINE#         117
  C:1100H         LINE#         118
  C:1132H         LINE#         119
  C:1164H         LINE#         120
  C:1191H         LINE#         121
  C:11BEH         LINE#         122
  C:11EEH         LINE#         123
  C:11FDH         LINE#         124
  C:11FDH         LINE#         125
  C:1200H         LINE#         126
  C:1200H         LINE#         127
  C:123EH         LINE#         128
  C:123EH         LINE#         129
  C:126EH         LINE#         130
  C:126EH         LINE#         131
  C:12A3H         LINE#         132
  C:12DAH         LINE#         133
  C:1310H         LINE#         134
  C:1346H         LINE#         135
  C:137CH         LINE#         136
  C:13B2H         LINE#         137
  C:13C2H         LINE#         138
  C:13C2H         LINE#         140
  C:13C5H         LINE#         141
  C:13C5H         LINE#         142
  C:13D4H         LINE#         143
  -------         ENDPROC       SSTMTIME
  -------         PROC          T_ALERT
  C:5D73H         LINE#         148
  C:5D73H         LINE#         149
  C:5D73H         LINE#         150
  C:5D7AH         LINE#         151
  C:5D7DH         LINE#         152
  C:5D7DH         LINE#         153
  C:5D7DH         LINE#         154
  C:5D94H         LINE#         155
BL51 BANKED LINKER/LOCATER V6.22                                                      07/20/2015  13:12:16  PAGE 17


  C:5DD2H         LINE#         156
  -------         ENDPROC       T_ALERT
  -------         ENDMOD        CALENDAR

  -------         MODULE        STARTCH
  C:0000H         SYMBOL        _ICE_DUMMY_
  D:0080H         PUBLIC        P0
  D:0090H         PUBLIC        P1
  D:00A0H         PUBLIC        P2
  B:0080H.5       PUBLIC        LED1
  B:0080H.6       PUBLIC        LED2
  B:0080H.7       PUBLIC        LED3
  D:00A8H         PUBLIC        IE
  C:2E51H         PUBLIC        start_check
  D:00B8H         PUBLIC        IP
  D:00D8H         PUBLIC        CCON
  D:0098H         PUBLIC        SCON
  D:0088H         PUBLIC        TCON
  D:00D0H         PUBLIC        PSW
  -------         PROC          START_CHECK
  -------         DO            
  X:000DH         SYMBOL        temper
  -------         ENDDO         
  C:2E51H         LINE#         9
  C:2E51H         LINE#         10
  C:2E51H         LINE#         12
  C:2E57H         LINE#         13
  C:2E73H         LINE#         14
  C:2E90H         LINE#         15
  C:2EADH         LINE#         16
  C:2EADH         LINE#         17
  C:2EB5H         LINE#         18
  C:2EBDH         LINE#         19
  C:2EC5H         LINE#         20
  C:2EEAH         LINE#         21
  C:2F10H         LINE#         22
  C:2F10H         LINE#         23
  C:2F17H         LINE#         24
  C:2F38H         LINE#         25
  C:2F5BH         LINE#         26
  C:2F64H         LINE#         27
  C:2F87H         LINE#         28
  C:2F8EH         LINE#         29
  C:2FAFH         LINE#         30
  C:2FD2H         LINE#         31
  C:2FDBH         LINE#         32
  C:2FE2H         LINE#         33
  C:2FEBH         LINE#         34
  C:300FH         LINE#         35
  C:302FH         LINE#         36
  C:3050H         LINE#         37
  C:3052H         LINE#         38
  C:3075H         LINE#         39
  C:307CH         LINE#         40
  C:307EH         LINE#         41
  C:30A1H         LINE#         42
  C:30A8H         LINE#         43
BL51 BANKED LINKER/LOCATER V6.22                                                      07/20/2015  13:12:16  PAGE 18


  C:30AAH         LINE#         44
  C:30CDH         LINE#         45
  C:30D4H         LINE#         46
  C:30D7H         LINE#         47
  C:30FAH         LINE#         48
  C:3101H         LINE#         49
  C:3122H         LINE#         50
  C:3145H         LINE#         51
  C:314CH         LINE#         52
  -------         ENDPROC       START_CHECK
  -------         ENDMOD        STARTCH

  -------         MODULE        PICBOX
  C:0000H         SYMBOL        _ICE_DUMMY_
  D:0080H         PUBLIC        P0
  D:0090H         PUBLIC        P1
  D:00A0H         PUBLIC        P2
  C:3435H         PUBLIC        picbox
  D:00A8H         PUBLIC        IE
  D:00B8H         PUBLIC        IP
  D:00D8H         PUBLIC        CCON
  D:0098H         PUBLIC        SCON
  D:0088H         PUBLIC        TCON
  D:00D0H         PUBLIC        PSW
  -------         PROC          PICBOX
  -------         DO            
  X:000DH         SYMBOL        color
  -------         ENDDO         
  C:3435H         LINE#         8
  C:3435H         LINE#         9
  C:3435H         LINE#         10
  C:343EH         LINE#         11
  C:3445H         LINE#         12
  C:3461H         LINE#         13
  C:3480H         LINE#         14
  C:349DH         LINE#         15
  C:34B8H         LINE#         16
  C:34D7H         LINE#         17
  C:34F6H         LINE#         18
  C:3513H         LINE#         19
  C:3533H         LINE#         20
  C:3553H         LINE#         21
  C:3573H         LINE#         22
  C:3593H         LINE#         23
  C:35B3H         LINE#         24
  C:35B6H         LINE#         25
  C:35B6H         LINE#         26
  C:35B6H         LINE#         27
  C:35CDH         LINE#         28
  C:3600H         LINE#         29
  C:363EH         LINE#         30
  C:365CH         LINE#         31
  C:3699H         LINE#         32
  C:3699H         LINE#         33
  C:369DH         LINE#         34
  C:36A7H         LINE#         35
  C:36B4H         LINE#         36
BL51 BANKED LINKER/LOCATER V6.22                                                      07/20/2015  13:12:16  PAGE 19


  C:36BAH         LINE#         37
  C:36C6H         LINE#         38
  C:36D3H         LINE#         39
  C:36DAH         LINE#         40
  C:36E7H         LINE#         41
  C:36F4H         LINE#         42
  -------         ENDPROC       PICBOX
  -------         ENDMOD        PICBOX

  -------         MODULE        LEDCTRL
  C:0000H         SYMBOL        _ICE_DUMMY_
  D:0080H         PUBLIC        P0
  D:0090H         PUBLIC        P1
  D:00A0H         PUBLIC        P2
  D:00A8H         PUBLIC        IE
  D:00B8H         PUBLIC        IP
  D:00D8H         PUBLIC        CCON
  D:0098H         PUBLIC        SCON
  D:0088H         PUBLIC        TCON
  C:2B37H         PUBLIC        led
  B:00A0H.5       PUBLIC        PEN
  D:00D0H         PUBLIC        PSW
  -------         PROC          LED
  -------         DO            
  X:0002H         SYMBOL        ctr
  -------         ENDDO         
  C:2B37H         LINE#         8
  C:2B37H         LINE#         9
  C:2B37H         LINE#         10
  C:2B3CH         LINE#         11
  C:2B43H         LINE#         12
  C:2B66H         LINE#         13
  C:2B69H         LINE#         14
  C:2B88H         LINE#         15
  C:2BA7H         LINE#         16
  C:2BC6H         LINE#         17
  C:2BC6H         LINE#         18
  C:2BC6H         LINE#         19
  C:2BD1H         LINE#         20
  C:2BECH         LINE#         21
  C:2BFEH         LINE#         22
  C:2C00H         LINE#         23
  C:2C1CH         LINE#         24
  C:2C42H         LINE#         25
  C:2C42H         LINE#         26
  C:2C4DH         LINE#         27
  C:2C68H         LINE#         28
  C:2C7AH         LINE#         29
  C:2C7CH         LINE#         30
  C:2C94H         LINE#         31
  C:2CBAH         LINE#         32
  C:2CBAH         LINE#         33
  C:2CC5H         LINE#         34
  C:2CE0H         LINE#         35
  C:2CF2H         LINE#         36
  C:2CF4H         LINE#         37
  C:2D10H         LINE#         38
BL51 BANKED LINKER/LOCATER V6.22                                                      07/20/2015  13:12:16  PAGE 20


  C:2D36H         LINE#         39
  C:2D36H         LINE#         40
  C:2D4DH         LINE#         41
  C:2D50H         LINE#         42
  C:2D8EH         LINE#         43
  C:2DCAH         LINE#         44
  C:2E06H         LINE#         45
  C:2E4EH         LINE#         46
  -------         ENDPROC       LED
  -------         ENDMOD        LEDCTRL

  -------         MODULE        TEMPERT
  C:0000H         SYMBOL        _ICE_DUMMY_
  D:0080H         PUBLIC        P0
  D:0090H         PUBLIC        P1
  D:00A0H         PUBLIC        P2
  C:4CCDH         PUBLIC        tempert
  D:00A8H         PUBLIC        IE
  D:00B8H         PUBLIC        IP
  D:00D8H         PUBLIC        CCON
  D:0098H         PUBLIC        SCON
  D:0088H         PUBLIC        TCON
  D:00D0H         PUBLIC        PSW
  -------         PROC          TEMPERT
  -------         DO            
  X:000DH         SYMBOL        i
  X:000FH         SYMBOL        temper
  -------         ENDDO         
  C:4CCDH         LINE#         8
  C:4CCDH         LINE#         9
  C:4CCDH         LINE#         10
  C:4CD4H         LINE#         12
  C:4CDBH         LINE#         13
  C:4CFAH         LINE#         14
  C:4D16H         LINE#         15
  C:4D19H         LINE#         16
  C:4D19H         LINE#         17
  C:4D19H         LINE#         18
  C:4D29H         LINE#         19
  C:4D29H         LINE#         20
  C:4D32H         LINE#         21
  C:4D56H         LINE#         22
  C:4D76H         LINE#         23
  C:4D7EH         LINE#         24
  C:4D7EH         LINE#         25
  C:4D8CH         LINE#         26
  C:4D9FH         LINE#         27
  C:4DB6H         LINE#         28
  C:4DFAH         LINE#         29
  -------         ENDPROC       TEMPERT
  -------         ENDMOD        TEMPERT

  -------         MODULE        SYS_APP
  C:0000H         SYMBOL        _ICE_DUMMY_
  C:26C4H         PUBLIC        desktop
  C:47BFH         PUBLIC        _guiddo
  D:0080H         PUBLIC        P0
BL51 BANKED LINKER/LOCATER V6.22                                                      07/20/2015  13:12:16  PAGE 21


  D:0090H         PUBLIC        P1
  D:00A0H         PUBLIC        P2
  D:00A8H         PUBLIC        IE
  C:61AEH         PUBLIC        clock
  D:00B8H         PUBLIC        IP
  C:5B98H         PUBLIC        _alert
  C:5830H         PUBLIC        _Get_Click1
  D:00D8H         PUBLIC        CCON
  X:02BDH         PUBLIC        time
  D:0098H         PUBLIC        SCON
  D:0088H         PUBLIC        TCON
  C:612AH         PUBLIC        start_logo
  C:624CH         PUBLIC        _delay_ms
  B:0088H.4       PUBLIC        TR0
  B:0021H.1       PUBLIC        ATC
  C:54B9H         PUBLIC        _Get_Click
  C:5022H         PUBLIC        guidshow
  X:02D3H         PUBLIC        x
  X:02D5H         PUBLIC        y
  D:00D0H         PUBLIC        PSW
  -------         PROC          DESKTOP
  -------         DO            
  X:0000H         SYMBOL        i
  C:26CBH         SYMBOL        desktop
  -------         ENDDO         
  C:26C4H         LINE#         18
  C:26C4H         LINE#         19
  C:26C4H         LINE#         20
  C:26CBH         LINE#         21
  C:26CBH         LINE#         22
  C:26CDH         LINE#         23
  C:26D4H         LINE#         24
  C:26F4H         LINE#         26
  C:2717H         LINE#         27
  C:2737H         LINE#         29
  C:275AH         LINE#         30
  C:277AH         LINE#         32
  C:279DH         LINE#         33
  C:27BDH         LINE#         35
  C:27E0H         LINE#         36
  C:2800H         LINE#         38
  C:2823H         LINE#         39
  C:2843H         LINE#         41
  C:2866H         LINE#         42
  C:2886H         LINE#         43
  C:28A9H         LINE#         45
  C:28C9H         LINE#         46
  C:28ECH         LINE#         48
  C:290CH         LINE#         49
  C:292FH         LINE#         51
  C:2932H         LINE#         52
  C:2934H         LINE#         53
  C:2934H         LINE#         54
  C:2934H         LINE#         55
  C:293FH         LINE#         56
  C:2955H         LINE#         57
  C:2963H         LINE#         58
BL51 BANKED LINKER/LOCATER V6.22                                                      07/20/2015  13:12:16  PAGE 22


  C:297AH         LINE#         59
  C:29DFH         LINE#         60
  C:2A22H         LINE#         61
  C:2A66H         LINE#         62
  C:2A89H         LINE#         63
  C:2A89H         LINE#         64
  C:2AA6H         LINE#         65
  C:2AA6H         LINE#         66
  C:2AA8H         LINE#         67
  C:2AAEH         LINE#         68
  C:2AB4H         LINE#         69
  C:2AB4H         LINE#         70
  C:2AB4H         LINE#         71
  C:2AD1H         LINE#         72
  C:2AD1H         LINE#         73
  C:2AD3H         LINE#         74
  C:2AD5H         LINE#         75
  C:2ADBH         LINE#         76
  C:2ADBH         LINE#         77
  C:2ADBH         LINE#         78
  C:2AF8H         LINE#         79
  C:2AF8H         LINE#         80
  C:2AFEH         LINE#         81
  C:2B00H         LINE#         82
  C:2B02H         LINE#         83
  C:2B02H         LINE#         84
  C:2B02H         LINE#         85
  C:2B1FH         LINE#         86
  C:2B1FH         LINE#         87
  C:2B21H         LINE#         88
  C:2B31H         LINE#         89
  -------         ENDPROC       DESKTOP
  -------         PROC          START_LOGO
  C:612AH         LINE#         95
  C:612AH         LINE#         96
  C:612AH         LINE#         97
  C:6131H         LINE#         98
  C:6151H         LINE#         99
  -------         ENDPROC       START_LOGO
  -------         PROC          _ALERT
  X:015BH         SYMBOL        s
  X:015EH         SYMBOL        bcolor
  -------         DO            
  D:0007H         SYMBOL        len
  -------         ENDDO         
  C:5B98H         LINE#         101
  C:5BA9H         LINE#         102
  C:5BA9H         LINE#         104
  C:5BD8H         LINE#         105
  C:5BDFH         LINE#         106
  C:5BF2H         LINE#         107
  -------         ENDPROC       _ALERT
  -------         PROC          _GET_CLICK
  X:0003H         SYMBOL        x
  X:0006H         SYMBOL        y
  C:54B9H         LINE#         109
  C:54C4H         LINE#         110
BL51 BANKED LINKER/LOCATER V6.22                                                      07/20/2015  13:12:16  PAGE 23


  C:54C4H         LINE#         111
  C:54E5H         LINE#         113
  C:5563H         LINE#         114
  C:5571H         LINE#         115
  -------         ENDPROC       _GET_CLICK
  -------         PROC          _GET_CLICK1
  X:0017H         SYMBOL        x
  X:001AH         SYMBOL        y
  C:5830H         LINE#         116
  C:583BH         LINE#         117
  C:583BH         LINE#         118
  C:585CH         LINE#         120
  -------         ENDPROC       _GET_CLICK1
  -------         PROC          _DELAY_MS
  D:0006H         SYMBOL        ms
  -------         DO            
  D:0004H         SYMBOL        i
  D:0002H         SYMBOL        j
  -------         ENDDO         
  C:624CH         LINE#         122
  C:624CH         LINE#         123
  C:624CH         LINE#         125
  C:6256H         LINE#         126
  C:6256H         LINE#         127
  C:6264H         LINE#         128
  C:626BH         LINE#         129
  -------         ENDPROC       _DELAY_MS
  -------         PROC          CLOCK
  C:61AEH         LINE#         130
  C:61AEH         LINE#         131
  C:61AEH         LINE#         132
  C:61B7H         LINE#         133
  C:61BCH         LINE#         134
  -------         ENDPROC       CLOCK
  -------         PROC          GUIDSHOW
  C:5022H         LINE#         139
  C:5022H         LINE#         140
  C:5022H         LINE#         141
  C:5040H         LINE#         142
  C:5063H         LINE#         143
  C:5088H         LINE#         144
  C:50A7H         LINE#         145
  C:50C6H         LINE#         146
  C:50E5H         LINE#         147
  C:5104H         LINE#         148
  -------         ENDPROC       GUIDSHOW
  -------         PROC          _GUIDDO
  X:0017H         SYMBOL        pback
  X:001AH         SYMBOL        pmenu
  X:001DH         SYMBOL        x
  C:47BFH         LINE#         155
  C:47CAH         LINE#         156
  C:47CAH         LINE#         157
  C:4816H         LINE#         158
  C:487DH         LINE#         159
  C:48BEH         LINE#         160
  C:490AH         LINE#         161
BL51 BANKED LINKER/LOCATER V6.22                                                      07/20/2015  13:12:16  PAGE 24


  -------         ENDPROC       _GUIDDO
  -------         ENDMOD        SYS_APP

  -------         MODULE        18B20
  C:0000H         SYMBOL        _ICE_DUMMY_
  D:0080H         PUBLIC        P0
  D:00A8H         PUBLIC        IE
  C:603AH         PUBLIC        _ReadTemperature
  B:0080H.0       PUBLIC        DQ
  D:00B8H         PUBLIC        IP
  C:61D7H         PUBLIC        Init_DS18B20
  C:6301H         PUBLIC        ReadOneChar
  D:00D8H         PUBLIC        CCON
  C:60B6H         PUBLIC        Read18b20
  C:646AH         PUBLIC        _DelayMs
  C:631DH         PUBLIC        _WriteOneChar
  D:0098H         PUBLIC        SCON
  D:0088H         PUBLIC        TCON
  C:6456H         PUBLIC        _DelayUs2x
  D:00D0H         PUBLIC        PSW
  -------         PROC          _DELAYUS2X
  D:0007H         SYMBOL        t
  -------         DO            
  D:0006H         SYMBOL        i
  -------         ENDDO         
  C:6456H         LINE#         10
  C:6456H         LINE#         11
  C:6456H         LINE#         13
  C:6462H         LINE#         14
  C:6462H         LINE#         15
  C:6464H         LINE#         16
  C:6466H         LINE#         17
  C:6469H         LINE#         18
  -------         ENDPROC       _DELAYUS2X
  -------         PROC          _DELAYMS
  D:0007H         SYMBOL        t
  -------         DO            
  D:0006H         SYMBOL        i
  D:0005H         SYMBOL        j
  -------         ENDDO         
  C:646AH         LINE#         24
  C:646AH         LINE#         25
  C:646AH         LINE#         27
  C:6470H         LINE#         28
  C:6470H         LINE#         29
  C:6471H         LINE#         30
  C:6472H         LINE#         31
  C:6474H         LINE#         32
  C:6476H         LINE#         34
  C:6476H         LINE#         35
  C:6478H         LINE#         36
  C:647AH         LINE#         37
  C:647DH         LINE#         38
  -------         ENDPROC       _DELAYMS
  -------         PROC          INIT_DS18B20
  -------         DO            
  B:0020H.0       SYMBOL        dat
BL51 BANKED LINKER/LOCATER V6.22                                                      07/20/2015  13:12:16  PAGE 25


  -------         ENDDO         
  C:61D7H         LINE#         43
  C:61D7H         LINE#         44
  C:61D7H         LINE#         45
  C:61D9H         LINE#         46
  C:61DBH         LINE#         47
  C:61E0H         LINE#         48
  C:61E2H         LINE#         49
  C:61E7H         LINE#         50
  C:61ECH         LINE#         51
  C:61EEH         LINE#         52
  C:61F3H         LINE#         53
  C:61F7H         LINE#         54
  C:61FCH         LINE#         55
  C:61FEH         LINE#         56
  -------         ENDPROC       INIT_DS18B20
  -------         PROC          READONECHAR
  -------         DO            
  D:0005H         SYMBOL        i
  D:0004H         SYMBOL        dat
  -------         ENDDO         
  C:6301H         LINE#         61
  C:6301H         LINE#         62
  C:6301H         LINE#         63
  C:6302H         LINE#         64
  C:6303H         LINE#         65
  C:6305H         LINE#         66
  C:6305H         LINE#         67
  C:6307H         LINE#         68
  C:630BH         LINE#         69
  C:630DH         LINE#         70
  C:6310H         LINE#         71
  C:6313H         LINE#         72
  C:6318H         LINE#         73
  C:631AH         LINE#         74
  C:631CH         LINE#         75
  -------         ENDPROC       READONECHAR
  -------         PROC          _WRITEONECHAR
  D:0005H         SYMBOL        dat
  -------         DO            
  D:0003H         SYMBOL        i
  -------         ENDDO         
  C:631DH         LINE#         79
  C:631FH         LINE#         80
  C:631FH         LINE#         81
  C:631FH         LINE#         82
  C:6321H         LINE#         83
  C:6321H         LINE#         84
  C:6323H         LINE#         85
  C:6327H         LINE#         86
  C:632CH         LINE#         87
  C:632EH         LINE#         88
  C:6332H         LINE#         89
  C:6334H         LINE#         90
  -------         ENDPROC       _WRITEONECHAR
  -------         PROC          READ18B20
  -------         DO            
BL51 BANKED LINKER/LOCATER V6.22                                                      07/20/2015  13:12:16  PAGE 26


  D:0003H         SYMBOL        a
  D:0006H         SYMBOL        b
  D:0004H         SYMBOL        t
  -------         ENDDO         
  C:60B6H         LINE#         96
  C:60B6H         LINE#         97
  C:60B6H         LINE#         98
  C:60B8H         LINE#         99
  C:60BAH         LINE#         100
  C:60BCH         LINE#         101
  C:60BFH         LINE#         102
  C:60C4H         LINE#         103
  C:60C9H         LINE#         104
  C:60CEH         LINE#         105
  C:60D1H         LINE#         106
  C:60D6H         LINE#         107
  C:60DBH         LINE#         108
  C:60E0H         LINE#         109
  C:60E3H         LINE#         110
  C:60E7H         LINE#         111
  C:60ECH         LINE#         113
  C:60EFH         LINE#         114
  -------         ENDPROC       READ18B20
  -------         PROC          _READTEMPERATURE
  X:0016H         SYMBOL        temper
  -------         DO            
  D:0006H         SYMBOL        temp
  D:0004H         SYMBOL        temperature
  -------         ENDDO         
  C:603AH         LINE#         115
  C:6045H         LINE#         116
  C:6045H         LINE#         119
  C:6048H         LINE#         120
  C:605AH         LINE#         121
  -------         ENDPROC       _READTEMPERATURE
  -------         ENDMOD        18B20

  -------         MODULE        ATCMD
  C:0000H         SYMBOL        _ICE_DUMMY_
  D:0080H         PUBLIC        P0
  D:00A0H         PUBLIC        P2
  C:5A9BH         PUBLIC        _AT_DO
  D:00A8H         PUBLIC        IE
  D:00B8H         PUBLIC        IP
  D:00D8H         PUBLIC        CCON
  C:6339H         PUBLIC        stime
  C:6536H         PUBLIC        link
  C:64D7H         PUBLIC        SWLED1
  C:64E4H         PUBLIC        SWLED2
  C:64F1H         PUBLIC        SWLED3
  D:0098H         PUBLIC        SCON
  D:0088H         PUBLIC        TCON
  C:653FH         PUBLIC        ATErr
  C:563AH         PUBLIC        at
  C:647EH         PUBLIC        _IsATCmd
  C:6402H         PUBLIC        OFFLed
  C:6354H         PUBLIC        stempert
BL51 BANKED LINKER/LOCATER V6.22                                                      07/20/2015  13:12:16  PAGE 27


  D:00D0H         PUBLIC        PSW
  -------         PROC          _AT_DO
  X:0009H         SYMBOL        at_str
  -------         DO            
  X:000CH         SYMBOL        i
  -------         ENDDO         
  C:5A9BH         LINE#         49
  C:5AA6H         LINE#         50
  C:5AA6H         LINE#         52
  C:5AB0H         LINE#         53
  C:5ABFH         LINE#         54
  C:5ABFH         LINE#         55
  C:5AC6H         LINE#         56
  C:5B11H         LINE#         57
  C:5B19H         LINE#         58
  -------         ENDPROC       _AT_DO
  -------         PROC          _ISATCMD
  D:0001H         SYMBOL        str
  C:647EH         LINE#         64
  C:647EH         LINE#         65
  C:647EH         LINE#         66
  C:648FH         LINE#         67
  C:6490H         LINE#         68
  -------         ENDPROC       _ISATCMD
  -------         PROC          STIME
  C:6339H         LINE#         74
  C:6339H         LINE#         75
  C:6339H         LINE#         77
  C:6342H         LINE#         78
  C:634BH         LINE#         79
  -------         ENDPROC       STIME
  -------         PROC          STEMPERT
  -------         DO            
  X:000DH         SYMBOL        temper
  -------         ENDDO         
  C:6354H         LINE#         86
  C:6354H         LINE#         87
  C:6354H         LINE#         89
  C:635DH         LINE#         90
  C:6366H         LINE#         91
  -------         ENDPROC       STEMPERT
  -------         PROC          LINK
  C:6536H         LINE#         98
  C:6536H         LINE#         99
  C:6536H         LINE#         100
  -------         ENDPROC       LINK
  -------         PROC          ATERR
  C:653FH         LINE#         107
  C:653FH         LINE#         108
  C:653FH         LINE#         109
  -------         ENDPROC       ATERR
  -------         PROC          SWLED1
  C:64D7H         LINE#         115
  C:64D7H         LINE#         116
  C:64D7H         LINE#         117
  -------         ENDPROC       SWLED1
  -------         PROC          SWLED2
BL51 BANKED LINKER/LOCATER V6.22                                                      07/20/2015  13:12:16  PAGE 28


  C:64E4H         LINE#         119
  C:64E4H         LINE#         120
  C:64E4H         LINE#         121
  -------         ENDPROC       SWLED2
  -------         PROC          SWLED3
  C:64F1H         LINE#         123
  C:64F1H         LINE#         124
  C:64F1H         LINE#         125
  -------         ENDPROC       SWLED3
  -------         PROC          OFFLED
  C:6402H         LINE#         127
  C:6402H         LINE#         128
  C:6402H         LINE#         129
  C:6409H         LINE#         130
  C:6410H         LINE#         131
  -------         ENDPROC       OFFLED
  -------         ENDMOD        ATCMD

  -------         MODULE        AUDIO
  C:0000H         SYMBOL        _ICE_DUMMY_
  D:00A0H         PUBLIC        P2
  D:00A8H         PUBLIC        IE
  C:6548H         PUBLIC        delay500us
  D:00B8H         PUBLIC        IP
  B:00A0H.1       PUBLIC        BEEP
  C:6227H         PUBLIC        _beep
  D:00D8H         PUBLIC        CCON
  D:0098H         PUBLIC        SCON
  D:0088H         PUBLIC        TCON
  D:00D0H         PUBLIC        PSW
  -------         PROC          DELAY500US
  -------         DO            
  D:0007H         SYMBOL        i
  D:0006H         SYMBOL        j
  -------         ENDDO         
  C:6548H         LINE#         6
  C:6548H         LINE#         7
  C:6548H         LINE#         10
  C:654AH         LINE#         11
  C:654CH         LINE#         13
  C:654CH         LINE#         14
  C:654EH         LINE#         15
  C:6550H         LINE#         16
  -------         ENDPROC       DELAY500US
  -------         PROC          _BEEP
  D:0004H         SYMBOL        t
  -------         DO            
  D:0003H         SYMBOL        j
  -------         ENDDO         
  C:6227H         LINE#         18
  C:622BH         LINE#         19
  C:622BH         LINE#         21
  C:622FH         LINE#         22
  C:622FH         LINE#         23
  C:6231H         LINE#         24
  C:6231H         LINE#         25
  C:6233H         LINE#         26
BL51 BANKED LINKER/LOCATER V6.22                                                      07/20/2015  13:12:16  PAGE 29


  C:6236H         LINE#         27
  C:6238H         LINE#         29
  C:623AH         LINE#         30
  C:623AH         LINE#         31
  C:623CH         LINE#         32
  C:623FH         LINE#         33
  C:6242H         LINE#         34
  C:6244H         LINE#         35
  C:6249H         LINE#         36
  C:624BH         LINE#         37
  -------         ENDPROC       _BEEP
  -------         ENDMOD        AUDIO

  -------         MODULE        DS1302
  C:0000H         SYMBOL        _ICE_DUMMY_
  D:0080H         PUBLIC        P0
  D:00A0H         PUBLIC        P2
  C:63CCH         PUBLIC        Delay1ms
  B:00A0H.7       PUBLIC        CE
  D:00A8H         PUBLIC        IE
  D:00B8H         PUBLIC        IP
  D:00D8H         PUBLIC        CCON
  B:0080H.1       PUBLIC        SCLK
  D:0098H         PUBLIC        SCON
  D:0088H         PUBLIC        TCON
  C:5FB0H         PUBLIC        _Read1302
  C:58DAH         PUBLIC        _Ds1302_Read_Time
  C:607AH         PUBLIC        _Write1302
  B:0080H.3       PUBLIC        DIO
  C:53EAH         PUBLIC        _Ds1302_Write_Time
  C:63F9H         PUBLIC        delay40us
  C:4DFDH         PUBLIC        _gettime
  C:64A4H         PUBLIC        Ds1302_Init
  D:00D0H         PUBLIC        PSW
  C:63C7H         SYMBOL        L?0037
  -------         PROC          L?0036
  -------         ENDPROC       L?0036
  C:63C7H         SYMBOL        L?0037
  -------         PROC          DELAY1MS
  -------         DO            
  D:0007H         SYMBOL        i
  D:0006H         SYMBOL        j
  -------         ENDDO         
  C:63CCH         LINE#         3
  C:63CCH         LINE#         4
  C:63CCH         LINE#         7
  C:63CEH         LINE#         8
  C:63D0H         LINE#         10
  C:63D0H         LINE#         11
  C:63D2H         LINE#         12
  C:63D4H         LINE#         13
  -------         ENDPROC       DELAY1MS
  -------         PROC          _GETTIME
  X:0017H         SYMBOL        buf
  -------         DO            
  X:001AH         SYMBOL        temp
  -------         ENDDO         
BL51 BANKED LINKER/LOCATER V6.22                                                      07/20/2015  13:12:16  PAGE 30


  C:4DFDH         LINE#         15
  C:4E08H         LINE#         16
  C:4E08H         LINE#         18
  C:4E11H         LINE#         19
  C:4E21H         LINE#         20
  C:4E34H         LINE#         21
  C:4E44H         LINE#         22
  C:4E4FH         LINE#         23
  C:4E57H         LINE#         24
  C:4E67H         LINE#         25
  C:4E72H         LINE#         26
  C:4E7AH         LINE#         27
  C:4E8AH         LINE#         28
  C:4E95H         LINE#         29
  C:4E9DH         LINE#         30
  C:4EADH         LINE#         31
  C:4EB8H         LINE#         32
  C:4EC0H         LINE#         33
  C:4ED0H         LINE#         34
  C:4EDBH         LINE#         35
  C:4EE3H         LINE#         36
  C:4EF3H         LINE#         37
  C:4EFEH         LINE#         38
  C:4F06H         LINE#         39
  C:4F14H         LINE#         40
  -------         ENDPROC       _GETTIME
  C:63EDH         SYMBOL        L?0034
  C:63F4H         SYMBOL        L?0035
  -------         PROC          L?0033
  -------         ENDPROC       L?0033
  C:63EDH         SYMBOL        L?0034
  C:63F4H         SYMBOL        L?0035
  -------         PROC          DELAY40US
  -------         DO            
  D:0007H         SYMBOL        i
  D:0006H         SYMBOL        j
  -------         ENDDO         
  C:63F9H         LINE#         42
  C:63F9H         LINE#         43
  C:63F9H         LINE#         46
  C:63FBH         LINE#         47
  C:63FDH         LINE#         49
  C:63FDH         LINE#         50
  C:63FFH         LINE#         51
  C:6401H         LINE#         52
  -------         ENDPROC       DELAY40US
  -------         PROC          _WRITE1302
  D:0003H         SYMBOL        addr
  D:0005H         SYMBOL        dat
  -------         DO            
  D:0002H         SYMBOL        i
  D:0001H         SYMBOL        temp
  -------         ENDDO         
  C:607AH         LINE#         56
  C:607CH         LINE#         57
  C:607CH         LINE#         59
  C:607EH         LINE#         60
BL51 BANKED LINKER/LOCATER V6.22                                                      07/20/2015  13:12:16  PAGE 31


  C:6081H         LINE#         61
  C:6083H         LINE#         62
  C:6086H         LINE#         63
  C:6088H         LINE#         64
  C:608BH         LINE#         65
  C:608DH         LINE#         66
  C:608DH         LINE#         67
  C:608FH         LINE#         68
  C:6092H         LINE#         69
  C:6094H         LINE#         70
  C:6095H         LINE#         71
  C:6095H         LINE#         72
  C:6095H         LINE#         73
  C:6095H         LINE#         74
  C:6095H         LINE#         75
  C:6098H         LINE#         76
  C:609AH         LINE#         78
  C:609CH         LINE#         79
  C:609CH         LINE#         80
  C:609EH         LINE#         81
  C:60A1H         LINE#         82
  C:60A3H         LINE#         83
  C:60A7H         LINE#         84
  C:60AAH         LINE#         85
  C:60AEH         LINE#         86
  C:60AEH         LINE#         87
  C:60AEH         LINE#         88
  C:60B1H         LINE#         89
  C:60B3H         LINE#         90
  C:60B5H         LINE#         91
  -------         ENDPROC       _WRITE1302
  -------         PROC          _READ1302
  D:0003H         SYMBOL        addr
  -------         DO            
  D:0002H         SYMBOL        i
  D:0005H         SYMBOL        temp
  -------         ENDDO         
  C:5FB0H         LINE#         96
  C:5FB2H         LINE#         97
  C:5FB2H         LINE#         99
  C:5FB4H         LINE#         100
  C:5FB7H         LINE#         101
  C:5FB9H         LINE#         102
  C:5FBCH         LINE#         103
  C:5FBEH         LINE#         104
  C:5FC1H         LINE#         106
  C:5FC3H         LINE#         107
  C:5FC3H         LINE#         108
  C:5FC5H         LINE#         109
  C:5FC8H         LINE#         111
  C:5FC9H         LINE#         112
  C:5FC9H         LINE#         113
  C:5FC9H         LINE#         114
  C:5FC9H         LINE#         115
  C:5FC9H         LINE#         116
  C:5FCCH         LINE#         117
  C:5FCEH         LINE#         119
BL51 BANKED LINKER/LOCATER V6.22                                                      07/20/2015  13:12:16  PAGE 32


  C:5FD0H         LINE#         120
  C:5FD0H         LINE#         121
  C:5FD2H         LINE#         122
  C:5FD5H         LINE#         123
  C:5FD9H         LINE#         124
  C:5FDCH         LINE#         125
  C:5FDEH         LINE#         126
  C:5FE1H         LINE#         127
  C:5FEDH         LINE#         128
  C:5FEFH         LINE#         129
  C:5FF1H         LINE#         130
  C:5FF4H         LINE#         131
  C:5FF6H         LINE#         132
  -------         ENDPROC       _READ1302
  -------         PROC          _DS1302_WRITE_TIME
  X:0017H         SYMBOL        buf
  C:53EAH         LINE#         136
  C:53F5H         LINE#         137
  C:53F5H         LINE#         138
  C:53FCH         LINE#         139
  C:53FFH         LINE#         140
  C:5413H         LINE#         141
  C:5416H         LINE#         142
  C:542DH         LINE#         143
  C:5430H         LINE#         144
  C:5447H         LINE#         145
  C:544AH         LINE#         146
  C:5461H         LINE#         147
  C:5464H         LINE#         148
  C:547BH         LINE#         149
  C:547EH         LINE#         150
  C:5495H         LINE#         151
  C:5498H         LINE#         152
  C:54AFH         LINE#         153
  C:54B2H         LINE#         154
  -------         ENDPROC       _DS1302_WRITE_TIME
  -------         PROC          _DS1302_READ_TIME
  X:0021H         SYMBOL        buf
  C:58DAH         LINE#         161
  C:58E5H         LINE#         162
  C:58E5H         LINE#         163
  C:58E5H         LINE#         164
  C:58E8H         LINE#         165
  C:58FAH         LINE#         166
  C:58FAH         LINE#         167
  C:58FAH         LINE#         168
  C:58FDH         LINE#         169
  C:590FH         LINE#         170
  C:590FH         LINE#         171
  C:590FH         LINE#         172
  C:5912H         LINE#         173
  C:5929H         LINE#         174
  C:5929H         LINE#         175
  C:592CH         LINE#         176
  C:593FH         LINE#         177
  C:593FH         LINE#         178
  C:593FH         LINE#         179
BL51 BANKED LINKER/LOCATER V6.22                                                      07/20/2015  13:12:16  PAGE 33


  C:5942H         LINE#         180
  C:5955H         LINE#         181
  C:5955H         LINE#         182
  C:5955H         LINE#         183
  C:5958H         LINE#         184
  C:596BH         LINE#         185
  C:596BH         LINE#         186
  C:596BH         LINE#         187
  C:596EH         LINE#         188
  -------         ENDPROC       _DS1302_READ_TIME
  -------         PROC          DS1302_INIT
  C:64A4H         LINE#         194
  C:64A4H         LINE#         195
  C:64A4H         LINE#         196
  C:64A6H         LINE#         197
  C:64A8H         LINE#         198
  C:64AFH         LINE#         200
  -------         ENDPROC       DS1302_INIT
  -------         ENDMOD        DS1302

  -------         MODULE        HX8347D
  C:0000H         SYMBOL        _ICE_DUMMY_
  D:0080H         PUBLIC        P0
  D:0090H         PUBLIC        P1
  X:02EEH         PUBLIC        LCD_id
  D:00A0H         PUBLIC        P2
  D:00B0H         PUBLIC        P3
  D:00A8H         PUBLIC        IE
  D:00B8H         PUBLIC        IP
  C:1C51H         PUBLIC        asc2_1608
  C:64FEH         PUBLIC        _LCD_WR_REG
  C:56D6H         PUBLIC        _LCD_Clear
  C:6557H         SYMBOL        _LCD_WriteRAM
  D:00D8H         PUBLIC        CCON
  C:4B91H         PUBLIC        _show_picture
  C:3E6EH         PUBLIC        LCD_Initializtion
  D:0098H         PUBLIC        SCON
  C:3153H         PUBLIC        _LCD_DrawEBox
  D:0088H         PUBLIC        TCON
  C:4F1BH         PUBLIC        _PutChar
  B:0090H.4       PUBLIC        LCD_CS
  C:39B7H         PUBLIC        _LCD_DrawLine
  C:6163H         SYMBOL        _delay_ms
  C:6427H         SYMBOL        LCD_WriteRAM_Prepare
  C:63B0H         PUBLIC        _LCD_WR_DATA
  B:0090H.5       PUBLIC        LCD_RS
  B:0090H.6       PUBLIC        LCD_WR
  C:64BDH         SYMBOL        _LCD_WriteReg
  C:60FBH         SYMBOL        _LCD_SetCursor
  C:5572H         PUBLIC        _GUI_Text
  C:530AH         PUBLIC        _LCD_DrawBox
  C:5E91H         PUBLIC        _LCD_SetPoint
  B:00A0H.4       PUBLIC        W25Qxx_CS
  D:00D0H         PUBLIC        PSW
  -------         PROC          _LCD_WR_REG
  D:0007H         SYMBOL        dat
  C:64FEH         LINE#         13
BL51 BANKED LINKER/LOCATER V6.22                                                      07/20/2015  13:12:16  PAGE 34


  C:64FEH         LINE#         14
  C:64FEH         LINE#         15
  C:6500H         LINE#         16
  C:6502H         LINE#         17
  C:6504H         LINE#         18
  C:6506H         LINE#         19
  C:6508H         LINE#         20
  C:650AH         LINE#         21
  -------         ENDPROC       _LCD_WR_REG
  -------         PROC          L?0111
  -------         ENDPROC       L?0111
  -------         PROC          _LCD_WR_DATA
  D:0006H         SYMBOL        dat
  C:63B0H         LINE#         23
  C:63B0H         LINE#         24
  C:63B0H         LINE#         25
  C:63B2H         LINE#         26
  C:63B4H         LINE#         27
  C:63B6H         LINE#         28
  C:63B8H         LINE#         29
  C:63BAH         LINE#         30
  C:63BCH         LINE#         31
  -------         ENDPROC       _LCD_WR_DATA
  -------         PROC          L?0113
  -------         ENDPROC       L?0113
  -------         PROC          _LCD_WRITEREG
  D:0007H         SYMBOL        LCD_Reg
  D:0004H         SYMBOL        LCD_RegValue
  C:64BDH         LINE#         42
  C:64BDH         LINE#         43
  C:64BDH         LINE#         44
  C:64C0H         LINE#         45
  -------         ENDPROC       _LCD_WRITEREG
  C:641FH         SYMBOL        L?0108
  -------         PROC          L?0107
  -------         ENDPROC       L?0107
  C:641FH         SYMBOL        L?0108
  -------         PROC          LCD_WRITERAM_PREPARE
  C:6427H         LINE#         57
  C:6427H         LINE#         58
  C:6427H         LINE#         59
  -------         ENDPROC       LCD_WRITERAM_PREPARE
  -------         PROC          _LCD_WRITERAM
  D:0006H         SYMBOL        RGB_Code
  C:6557H         LINE#         70
  C:6557H         LINE#         71
  C:6557H         LINE#         73
  -------         ENDPROC       _LCD_WRITERAM
  -------         PROC          L?0112
  -------         ENDPROC       L?0112
  -------         PROC          _LCD_SETCURSOR
  D:0082H         SYMBOL        Xpos
  D:0002H         SYMBOL        Ypos
  C:60FBH         LINE#         86
  C:6103H         LINE#         87
  C:6103H         LINE#         99
  C:610DH         LINE#         100
BL51 BANKED LINKER/LOCATER V6.22                                                      07/20/2015  13:12:16  PAGE 35


  C:6117H         LINE#         101
  C:6120H         LINE#         102
  -------         ENDPROC       _LCD_SETCURSOR
  C:6158H         SYMBOL        L?0110
  -------         PROC          L?0109
  -------         ENDPROC       L?0109
  C:6158H         SYMBOL        L?0110
  -------         PROC          _DELAY_MS
  D:0006H         SYMBOL        ms
  -------         DO            
  D:0004H         SYMBOL        i
  D:0002H         SYMBOL        j
  -------         ENDDO         
  C:6163H         LINE#         114
  C:6163H         LINE#         115
  C:6163H         LINE#         117
  C:616DH         LINE#         118
  C:616DH         LINE#         119
  C:617BH         LINE#         120
  C:6182H         LINE#         121
  -------         ENDPROC       _DELAY_MS
  -------         PROC          LCD_INITIALIZTION
  -------         DO            
  D:0082H         SYMBOL        DeviceCode
  -------         ENDDO         
  C:3E6EH         LINE#         131
  C:3E6EH         LINE#         132
  C:3E6EH         LINE#         133
  C:3E6EH         LINE#         136
  C:3E75H         LINE#         137
  C:3E7EH         LINE#         138
  C:3E84H         LINE#         141
  C:3E87H         LINE#         142
  C:3E8CH         LINE#         144
  C:3E97H         LINE#         145
  C:3E97H         LINE#         149
  C:3E9EH         LINE#         150
  C:3EA5H         LINE#         151
  C:3EACH         LINE#         152
  C:3EB3H         LINE#         153
  C:3EBAH         LINE#         155
  C:3EC1H         LINE#         156
  C:3EC8H         LINE#         157
  C:3ECFH         LINE#         158
  C:3ED6H         LINE#         160
  C:3EDCH         LINE#         161
  C:3EE1H         LINE#         162
  C:3EE7H         LINE#         163
  C:3EEEH         LINE#         164
  C:3EF5H         LINE#         165
  C:3EFCH         LINE#         166
  C:3F03H         LINE#         167
  C:3F0AH         LINE#         168
  C:3F11H         LINE#         169
  C:3F18H         LINE#         170
  C:3F1FH         LINE#         171
  C:3F24H         LINE#         172
BL51 BANKED LINKER/LOCATER V6.22                                                      07/20/2015  13:12:16  PAGE 36


  C:3F2BH         LINE#         174
  C:3F32H         LINE#         175
  C:3F39H         LINE#         176
  C:3F40H         LINE#         177
  C:3F47H         LINE#         178
  C:3F4DH         LINE#         179
  C:3F52H         LINE#         180
  C:3F59H         LINE#         181
  C:3F60H         LINE#         182
  C:3F67H         LINE#         183
  C:3F6EH         LINE#         184
  C:3F73H         LINE#         185
  C:3F7AH         LINE#         186
  C:3F81H         LINE#         187
  C:3F88H         LINE#         190
  C:3F8FH         LINE#         191
  C:3F96H         LINE#         192
  C:3F9DH         LINE#         193
[...]
  C:5982H         PUBLIC        ftinfo
  D:00A8H         PUBLIC        IE
  D:00B8H         PUBLIC        IP
  C:44E0H         PUBLIC        _Show_Font
  D:00D8H         PUBLIC        CCON
  X:02F0H         PUBLIC        W25Qxx_TYPE
  D:0098H         PUBLIC        SCON
  D:0088H         PUBLIC        TCON
  B:0080H.1       PUBLIC        W25Qxx_CLK
  C:4358H         PUBLIC        _Show_Str
  C:59CEH         SYMBOL        _?ix1000
  C:61FFH         PUBLIC        font_init
  C:63D5H         PUBLIC        W25Qxx_Read_Byte
  C:5C8EH         PUBLIC        _W25Qxx_Read
  C:6194H         PUBLIC        _W25Qxx_Write_Byte
  C:3C2BH         PUBLIC        _Get_HzMat
  C:3701H         PUBLIC        _Show_ASCII
  C:5FF7H         PUBLIC        W25Qxx_ReadID
  B:0080H.2       PUBLIC        W25Qxx_DI
  B:0080H.3       PUBLIC        W25Qxx_DO
  B:00A0H.4       PUBLIC        W25Qxx_CS
  D:00D0H         PUBLIC        PSW
  -------         PROC          L?0121
  -------         ENDPROC       L?0121
  -------         PROC          _W25QXX_WRITE_BYTE
  D:0007H         SYMBOL        value
  -------         DO            
  D:0006H         SYMBOL        i
  -------         ENDDO         
  C:6194H         LINE#         32
  C:6194H         LINE#         33
  C:6194H         LINE#         35
  C:6196H         LINE#         36
  C:6196H         LINE#         37
  C:619AH         LINE#         38
  C:619EH         LINE#         40
  C:61A0H         LINE#         42
  C:61A2H         LINE#         43
BL51 BANKED LINKER/LOCATER V6.22                                                      07/20/2015  13:12:16  PAGE 52


  C:61A6H         LINE#         44
  C:61A8H         LINE#         45
  C:61ADH         LINE#         46
  -------         ENDPROC       _W25QXX_WRITE_BYTE
  -------         PROC          W25QXX_READ_BYTE
  -------         DO            
  D:0007H         SYMBOL        temp
  D:0006H         SYMBOL        tt
  D:0005H         SYMBOL        i
  -------         ENDDO         
  C:63D5H         LINE#         53
  C:63D5H         LINE#         54
  C:63D5H         LINE#         55
  C:63D7H         LINE#         56
  C:63D7H         LINE#         59
  C:63D8H         LINE#         60
  C:63D8H         LINE#         61
  C:63DAH         LINE#         62
  C:63DCH         LINE#         63
  C:63E1H         LINE#         64
  C:63E6H         LINE#         65
  C:63EBH         LINE#         66
  C:63EBH         LINE#         67
  -------         ENDPROC       W25QXX_READ_BYTE
  -------         PROC          W25QXX_READID
  -------         DO            
  X:0014H         SYMBOL        Temp
  -------         ENDDO         
  C:5FF7H         LINE#         73
  C:5FF7H         LINE#         74
  C:5FF7H         LINE#         75
  C:5FFEH         LINE#         76
  C:6000H         LINE#         77
  C:6005H         LINE#         78
  C:600AH         LINE#         79
  C:600FH         LINE#         80
  C:6014H         LINE#         81
  C:6022H         LINE#         82
  C:6037H         LINE#         83
  C:6039H         LINE#         84
  C:6039H         LINE#         85
  -------         ENDPROC       W25QXX_READID
  -------         PROC          W25QXX_WRITE_DISABLE
  C:652CH         LINE#         90
  C:652CH         LINE#         91
  C:652CH         LINE#         92
  C:652EH         LINE#         93
  C:6533H         LINE#         94
  C:6535H         LINE#         95
  -------         ENDPROC       W25QXX_WRITE_DISABLE
  -------         PROC          _W25QXX_READ
  X:0291H         SYMBOL        pBuffer
  X:0294H         SYMBOL        ReadAddr
  X:0298H         SYMBOL        NumByteToRead
  -------         DO            
  X:029AH         SYMBOL        i
  -------         ENDDO         
BL51 BANKED LINKER/LOCATER V6.22                                                      07/20/2015  13:12:16  PAGE 53


  C:5C8EH         LINE#         103
  C:5C9DH         LINE#         104
  C:5C9DH         LINE#         106
  C:5C9FH         LINE#         107
  C:5CA1H         LINE#         108
  C:5CA6H         LINE#         109
  C:5CABH         LINE#         110
  C:5CB0H         LINE#         111
  C:5CBBH         LINE#         112
  C:5CD7H         LINE#         113
  C:5CD7H         LINE#         114
  C:5CF4H         LINE#         115
  C:5D04H         LINE#         116
  C:5D06H         LINE#         117
  -------         ENDPROC       _W25QXX_READ
  -------         PROC          FONT_INIT
  C:61FFH         LINE#         123
  C:61FFH         LINE#         124
  C:61FFH         LINE#         125
  C:6202H         LINE#         126
  C:620DH         LINE#         127
  C:6222H         LINE#         128
  C:6224H         LINE#         129
  C:6226H         LINE#         130
  -------         ENDPROC       FONT_INIT
  -------         PROC          _GET_HZMAT
  X:0283H         SYMBOL        gbcode
  X:0286H         SYMBOL        mat
  X:0289H         SYMBOL        gbsize
  -------         DO            
  X:028AH         SYMBOL        qh
  X:028BH         SYMBOL        ql
  X:028CH         SYMBOL        i
  X:028DH         SYMBOL        foffset
  -------         ENDDO         
  C:3C2BH         LINE#         137
  C:3C36H         LINE#         138
  C:3C36H         LINE#         142
  C:3C3EH         LINE#         143
  C:3C55H         LINE#         144
  C:3C6CH         LINE#         145
  C:3C6CH         LINE#         146
  C:3CA9H         LINE#         148
  C:3CA9H         LINE#         149
  C:3CB8H         LINE#         150
  C:3CBFH         LINE#         151
  C:3CC6H         LINE#         153
  C:3CCEH         LINE#         154
  C:3CCEH         LINE#         155
  C:3D04H         LINE#         156
  C:3D2AH         LINE#         157
  C:3D2DH         LINE#         158
  C:3D35H         LINE#         159
  C:3D35H         LINE#         160
  C:3D6BH         LINE#         161
  C:3D91H         LINE#         162
  C:3D94H         LINE#         163
BL51 BANKED LINKER/LOCATER V6.22                                                      07/20/2015  13:12:16  PAGE 54


  C:3D9CH         LINE#         164
  C:3D9CH         LINE#         165
  C:3DD2H         LINE#         166
  C:3DF8H         LINE#         167
  C:3DFAH         LINE#         168
  C:3E02H         LINE#         169
  C:3E02H         LINE#         170
  C:3E38H         LINE#         171
  C:3E6DH         LINE#         172
  C:3E6DH         LINE#         173
  -------         ENDPROC       _GET_HZMAT
  -------         PROC          _SHOW_ASCII
  X:016DH         SYMBOL        x
  X:016FH         SYMBOL        y
  X:0171H         SYMBOL        num
  X:0172H         SYMBOL        gbsize
  X:0173H         SYMBOL        p_color
  X:0175H         SYMBOL        b_color
  -------         DO            
  X:0177H         SYMBOL        temp
  X:0178H         SYMBOL        t1
  X:0179H         SYMBOL        t
  X:017AH         SYMBOL        max_t
  X:017BH         SYMBOL        mat
  X:01BCH         SYMBOL        y0
  X:01BEH         SYMBOL        temp_addr
  X:01C2H         SYMBOL        offset
  -------         ENDDO         
  C:3701H         LINE#         180
  C:3712H         LINE#         181
  C:3712H         LINE#         183
  C:3725H         LINE#         184
  C:3734H         LINE#         186
  C:3748H         LINE#         188
  C:374FH         LINE#         189
  C:374FH         LINE#         190
  C:376CH         LINE#         191
  C:3772H         LINE#         192
  C:3775H         LINE#         193
  C:3778H         LINE#         194
  C:377FH         LINE#         195
  C:377FH         LINE#         196
  C:379CH         LINE#         197
  C:37A2H         LINE#         198
  C:37A5H         LINE#         199
  C:37A8H         LINE#         200
  C:37AFH         LINE#         201
  C:37AFH         LINE#         202
  C:37CCH         LINE#         203
  C:37D2H         LINE#         204
  C:37D5H         LINE#         205
  C:37D7H         LINE#         206
  C:37DEH         LINE#         207
  C:37DEH         LINE#         208
  C:37FBH         LINE#         209
  C:3801H         LINE#         210
  C:3804H         LINE#         211
BL51 BANKED LINKER/LOCATER V6.22                                                      07/20/2015  13:12:16  PAGE 55


  C:3806H         LINE#         213
  C:380DH         LINE#         214
  C:380DH         LINE#         215
  C:382AH         LINE#         216
  C:3830H         LINE#         217
  C:383CH         LINE#         218
  C:383CH         LINE#         220
  C:3876H         LINE#         222
  C:388CH         LINE#         223
  C:388CH         LINE#         224
  C:389BH         LINE#         225
  C:38ABH         LINE#         226
  C:38ABH         LINE#         227
  C:38B3H         LINE#         228
  C:38B3H         LINE#         229
  C:38C4H         LINE#         230
  C:38C6H         LINE#         232
  C:38F2H         LINE#         233
  C:38F4H         LINE#         235
  C:38F4H         LINE#         236
  C:390AH         LINE#         237
  C:3922H         LINE#         239
  C:3944H         LINE#         240
  C:3944H         LINE#         242
  C:3952H         LINE#         243
  C:3962H         LINE#         245
  C:397EH         LINE#         246
  C:397EH         LINE#         247
  C:3986H         LINE#         248
  C:3994H         LINE#         249
  C:39A4H         LINE#         251
  C:39A4H         LINE#         252
  C:39ADH         LINE#         253
  C:39B6H         LINE#         254
  -------         ENDPROC       _SHOW_ASCII
  -------         PROC          _SHOW_FONT
  X:016DH         SYMBOL        x
  X:016FH         SYMBOL        y
  D:0001H         SYMBOL        font
  X:0174H         SYMBOL        gbsize
  X:0175H         SYMBOL        p_color
  X:0177H         SYMBOL        b_color
  -------         DO            
  X:0179H         SYMBOL        temp
  X:017BH         SYMBOL        t
  X:017DH         SYMBOL        t1
  X:017FH         SYMBOL        max_t
  X:0181H         SYMBOL        y0
  X:0183H         SYMBOL        dzk
  -------         ENDDO         
  C:44E0H         LINE#         262
  C:44EEH         LINE#         263
  C:44EEH         LINE#         265
  C:44F6H         LINE#         267
  C:4511H         LINE#         270
  C:4525H         LINE#         272
  C:4538H         LINE#         273
BL51 BANKED LINKER/LOCATER V6.22                                                      07/20/2015  13:12:16  PAGE 56


  C:4547H         LINE#         274
  C:4556H         LINE#         277
  C:4576H         LINE#         278
  C:4576H         LINE#         279
  C:458AH         LINE#         280
  C:4591H         LINE#         281
  C:4591H         LINE#         282
  C:4598H         LINE#         283
  C:4598H         LINE#         284
  C:45AEH         LINE#         285
  C:45B0H         LINE#         287
  C:45B0H         LINE#         288
  C:45D2H         LINE#         289
  C:45D2H         LINE#         291
  C:45DFH         LINE#         292
  C:45EDH         LINE#         293
  C:460FH         LINE#         294
  C:460FH         LINE#         295
  C:4617H         LINE#         296
  C:4625H         LINE#         297
  C:4627H         LINE#         298
  C:4627H         LINE#         299
  C:4647H         LINE#         300
  C:4658H         LINE#         301
  -------         ENDPROC       _SHOW_FONT
  -------         PROC          _SHOW_STR
  X:0160H         SYMBOL        x
  X:0162H         SYMBOL        y
  X:0164H         SYMBOL        str
  X:0167H         SYMBOL        gbsize
  X:0168H         SYMBOL        p_color
  X:016AH         SYMBOL        b_color
  -------         DO            
  X:016CH         SYMBOL        bHz
  -------         ENDDO         
  C:4358H         LINE#         309
  C:436FH         LINE#         310
  C:436FH         LINE#         311
  C:4374H         LINE#         312
  C:4388H         LINE#         313
  C:4388H         LINE#         314
  C:4391H         LINE#         315
  C:4391H         LINE#         316
  C:4397H         LINE#         317
  C:439CH         LINE#         319
  C:439CH         LINE#         320
  C:43AFH         LINE#         321
  C:43E4H         LINE#         322
  C:43EEH         LINE#         324
  C:43F6H         LINE#         325
  C:43FEH         LINE#         327
  C:440FH         LINE#         329
  C:4421H         LINE#         330
  C:4421H         LINE#         331
  C:442BH         LINE#         332
  C:443CH         LINE#         333
  C:443CH         LINE#         334
BL51 BANKED LINKER/LOCATER V6.22                                                      07/20/2015  13:12:16  PAGE 57


  C:443CH         LINE#         335
  C:443CH         LINE#         336
  C:443FH         LINE#         338
  C:443FH         LINE#         339
  C:4444H         LINE#         341
  C:4457H         LINE#         343
  C:4491H         LINE#         344
  C:449BH         LINE#         345
  C:44AEH         LINE#         347
  C:44BEH         LINE#         348
  C:44BEH         LINE#         349
  C:44C9H         LINE#         350
  C:44D5H         LINE#         351
  C:44DCH         LINE#         352
  C:44DCH         LINE#         353
  C:44DCH         LINE#         354
  C:44DFH         LINE#         355
  -------         ENDPROC       _SHOW_STR
  -------         ENDMOD        W25QXX

  -------         MODULE        MAIN
  C:0000H         SYMBOL        _ICE_DUMMY_
  D:0080H         PUBLIC        P0
  D:0090H         PUBLIC        P1
  D:00A0H         PUBLIC        P2
  D:00A8H         PUBLIC        IE
  D:00B8H         PUBLIC        IP
  D:00D8H         PUBLIC        CCON
  C:626CH         PUBLIC        main
  D:0098H         PUBLIC        SCON
  D:0088H         PUBLIC        TCON
  D:00D0H         PUBLIC        PSW
  -------         PROC          MAIN
  C:626CH         LINE#         18
  C:626CH         LINE#         19
  C:626CH         LINE#         21
  C:626FH         LINE#         22
  C:6272H         LINE#         23
  C:6275H         LINE#         24
  C:6278H         LINE#         25
  C:627BH         LINE#         26
  C:6280H         LINE#         27
  C:6283H         LINE#         29
  C:6286H         LINE#         30
  C:6289H         LINE#         36
  -------         ENDPROC       MAIN
  -------         ENDMOD        MAIN

  -------         MODULE        ?C?FPADD
  C:004DH         PUBLIC        ?C?FPADD
  C:0049H         PUBLIC        ?C?FPSUB
  -------         ENDMOD        ?C?FPADD

  -------         MODULE        ?C?FPMUL
  C:013EH         PUBLIC        ?C?FPMUL
  -------         ENDMOD        ?C?FPMUL

BL51 BANKED LINKER/LOCATER V6.22                                                      07/20/2015  13:12:16  PAGE 58


  -------         MODULE        ?C?FPDIV
  C:0247H         PUBLIC        ?C?FPDIV
  -------         ENDMOD        ?C?FPDIV

  -------         MODULE        ?C?FPCMP
  C:02E6H         PUBLIC        ?C?FPCMP
  C:02E4H         PUBLIC        ?C?FPCMP3
  -------         ENDMOD        ?C?FPCMP

  -------         MODULE        ?C?FCAST
  C:0367H         PUBLIC        ?C?FCASTC
  C:0362H         PUBLIC        ?C?FCASTI
  C:035DH         PUBLIC        ?C?FCASTL
  -------         ENDMOD        ?C?FCAST

  -------         MODULE        ?C?CASTF
  C:039BH         PUBLIC        ?C?CASTF
  -------         ENDMOD        ?C?CASTF

  -------         MODULE        PRINTF
  X:0019H         PUBLIC        ?_PRINTF?BYTE
  X:0019H         PUBLIC        ?_SPRINTF?BYTE
  C:22ACH         PUBLIC        _PRINTF
  C:22A6H         PUBLIC        _SPRINTF
  -------         ENDMOD        PRINTF

  -------         MODULE        SQRT
  C:5788H         PUBLIC        _SQRT
  -------         ENDMOD        SQRT

  -------         MODULE        ?C?FPROUND
  C:041CH         PUBLIC        ?C?FPROUND
  -------         ENDMOD        ?C?FPROUND

  -------         MODULE        ?C?FPCONVERT
  C:0459H         PUBLIC        ?C?FPCONVERT
  -------         ENDMOD        ?C?FPCONVERT

  -------         MODULE        ?C?FTNPWR
  C:058EH         PUBLIC        ?C?FTNPWR
  -------         ENDMOD        ?C?FTNPWR

  -------         MODULE        ?C?COPY
  C:069EH         PUBLIC        ?C?COPY
  -------         ENDMOD        ?C?COPY

  -------         MODULE        ?C?CLDPTR
  C:06C4H         PUBLIC        ?C?CLDPTR
  -------         ENDMOD        ?C?CLDPTR

  -------         MODULE        ?C?CLDOPTR
  C:06DDH         PUBLIC        ?C?CLDOPTR
  -------         ENDMOD        ?C?CLDOPTR

  -------         MODULE        ?C?CSTPTR
  C:070AH         PUBLIC        ?C?CSTPTR
  -------         ENDMOD        ?C?CSTPTR
BL51 BANKED LINKER/LOCATER V6.22                                                      07/20/2015  13:12:16  PAGE 59



  -------         MODULE        ?C?CSTOPTR
  C:071CH         PUBLIC        ?C?CSTOPTR
  -------         ENDMOD        ?C?CSTOPTR

  -------         MODULE        ?C?UIDIV
  C:073EH         PUBLIC        ?C?UIDIV
  -------         ENDMOD        ?C?UIDIV

  -------         MODULE        ?C?IILDX
  C:0793H         PUBLIC        ?C?IILDX
  -------         ENDMOD        ?C?IILDX

  -------         MODULE        ?C?ILDIX
  C:07A9H         PUBLIC        ?C?ILDIX
  -------         ENDMOD        ?C?ILDIX

  -------         MODULE        ?C?ILDPTR
  C:07BFH         PUBLIC        ?C?ILDPTR
  -------         ENDMOD        ?C?ILDPTR

  -------         MODULE        ?C?ISTPTR
  C:07EAH         PUBLIC        ?C?ISTPTR
  -------         ENDMOD        ?C?ISTPTR

  -------         MODULE        ?C?LMUL
  C:0809H         PUBLIC        ?C?LMUL
  -------         ENDMOD        ?C?LMUL

  -------         MODULE        ?C?LNEG
  C:0858H         PUBLIC        ?C?LNEG
  -------         ENDMOD        ?C?LNEG

  -------         MODULE        ?C?ULCMP
  C:0866H         PUBLIC        ?C?ULCMP
  -------         ENDMOD        ?C?ULCMP

  -------         MODULE        ?C?ULSHR
  C:0877H         PUBLIC        ?C?ULSHR
  -------         ENDMOD        ?C?ULSHR

  -------         MODULE        ?C?LLDXDATA
  C:088AH         PUBLIC        ?C?LLDXDATA
  -------         ENDMOD        ?C?LLDXDATA

  -------         MODULE        ?C?LLDCODE
  C:0896H         PUBLIC        ?C?LLDCODE
  -------         ENDMOD        ?C?LLDCODE

  -------         MODULE        ?C?LLDCODE0
  C:08A6H         PUBLIC        ?C?LLDCODE0
  -------         ENDMOD        ?C?LLDCODE0

  -------         MODULE        ?C?LSTXDATA
  C:08B6H         PUBLIC        ?C?LSTXDATA
  -------         ENDMOD        ?C?LSTXDATA

BL51 BANKED LINKER/LOCATER V6.22                                                      07/20/2015  13:12:16  PAGE 60


  -------         MODULE        ?C?LSTKXDATA
  C:08C2H         PUBLIC        ?C?LSTKXDATA
  -------         ENDMOD        ?C?LSTKXDATA

  -------         MODULE        ?C?PLDIXDATA
  C:08F3H         PUBLIC        ?C?PLDIXDATA
  -------         ENDMOD        ?C?PLDIXDATA

  -------         MODULE        ?C?PSTXDATA
  C:090AH         PUBLIC        ?C?PSTXDATA
  -------         ENDMOD        ?C?PSTXDATA

  -------         MODULE        ?C?CCASE
  C:0913H         PUBLIC        ?C?CCASE
  -------         ENDMOD        ?C?CCASE

  -------         MODULE        ?C?ICASE
  C:0939H         PUBLIC        ?C?ICASE
  -------         ENDMOD        ?C?ICASE

  -------         MODULE        ?C?ICALL
  C:0966H         PUBLIC        ?C?ICALL
  C:096AH         PUBLIC        ?C?ICALL2
  -------         ENDMOD        ?C?ICALL

  -------         MODULE        ?C?LIMUL
  C:096CH         PUBLIC        ?C?LIMUL
  -------         ENDMOD        ?C?LIMUL

  -------         MODULE        ABS
  C:650BH         PUBLIC        _ABS
  -------         ENDMOD        ABS

  -------         MODULE        ?C?STRCMP
  C:0B17H         PUBLIC        ?C?STRCMP
  -------         ENDMOD        ?C?STRCMP

  -------         MODULE        STRLEN
  C:6441H         PUBLIC        _STRLEN
  -------         ENDMOD        STRLEN

Program Size: data=15.3 xdata=755 code=25943
LINK/LOCATE RUN COMPLETE.  0 WARNING(S),  0 ERROR(S)
