BL51 BANKED LINKER/LOCATER V6.22                                                        07/13/2015  16:10:16  PAGE 1


BL51 BANKED LINKER/LOCATER V6.22, INVOKED BY:
D:\KEIL\C51\BIN\BL51.EXE .\Object\STARTUP.obj, .\Object\main.obj, .\Object\W25Qxx.obj, .\Object\HX8347D.obj, .\Object\To
>> uch.obj, .\Object\ds1302.obj, .\Object\timer.obj, .\Object\GUI.obj, .\Object\18b20.obj, .\Object\uart.obj, .\Object\A
>> TCmd.obj, .\Object\led.obj, .\Object\audio.obj TO .\Object\×ÏÒ«OS PRINT (.\Lst\×ÏÒ«OS.m51) RAMSIZE (256) DISABLEWARNI
>> NG (13, 15) RECURSIONS (100)




PROGRAM RECURSIONS REMOVED FROM CALL TREE
=========================================
+--> ?PR?DESKTOP?GUI
|  | ?PR?_GET_CLICK?GUI
|  | ?PR?_AT_DO?ATCMD
|  | ?PR?ATERR?ATCMD
<--+ ?CO?ATCMD


+--> ?PR?_GET_CLICK?GUI
|  | ?PR?_AT_DO?ATCMD
|  | ?PR?ATERR?ATCMD
|  | ?CO?ATCMD
<--+ ?PR?PICBOX?GUI


+--> ?PR?DESKTOP?GUI
|  | ?PR?_GET_CLICK?GUI
|  | ?PR?_AT_DO?ATCMD
|  | ?PR?ATERR?ATCMD
|  | ?CO?ATCMD
<--+ ?PR?PICBOX?GUI


+--> ?PR?DESKTOP?GUI
|  | ?PR?_GET_CLICK?GUI
|  | ?PR?_AT_DO?ATCMD
|  | ?PR?ATERR?ATCMD
|  | ?CO?ATCMD
|  | ?PR?PICBOX?GUI
<--+ ?PR?_GUIDDO?GUI


+--> ?PR?_GET_CLICK?GUI
|  | ?PR?_AT_DO?ATCMD
|  | ?PR?ATERR?ATCMD
|  | ?CO?ATCMD
<--+ ?PR?TEMPERT?GUI


+--> ?PR?DESKTOP?GUI
|  | ?PR?_GET_CLICK?GUI
|  | ?PR?_AT_DO?ATCMD
|  | ?PR?ATERR?ATCMD
|  | ?CO?ATCMD
<--+ ?PR?TEMPERT?GUI


+--> ?PR?_GET_CLICK?GUI
BL51 BANKED LINKER/LOCATER V6.22                                                      07/13/2015  16:10:16  PAGE 2


|  | ?PR?_AT_DO?ATCMD
|  | ?PR?ATERR?ATCMD
|  | ?CO?ATCMD
<--+ ?PR?CALENDAR?GUI


+--> ?PR?DESKTOP?GUI
|  | ?PR?_GET_CLICK?GUI
|  | ?PR?_AT_DO?ATCMD
|  | ?PR?ATERR?ATCMD
|  | ?CO?ATCMD
|  | ?PR?CALENDAR?GUI
<--+ ?PR?SSTMTIME?GUI


+--> ?PR?CALENDAR?GUI
<--+ ?PR?SSTMTIME?GUI


+--> ?PR?DESKTOP?GUI
|  | ?PR?_GET_CLICK?GUI
|  | ?PR?_AT_DO?ATCMD
|  | ?PR?ATERR?ATCMD
|  | ?CO?ATCMD
<--+ ?PR?CALENDAR?GUI


+--> ?CO?ATCMD
<--+ ?PR?STEMPERT?ATCMD


+--> ?PR?DESKTOP?GUI
<--+ ?PR?LED?GUI



MEMORY MODEL: LARGE WITH FLOATING POINT ARITHMETIC


INPUT MODULES INCLUDED:
  .\Object\STARTUP.obj (?C_STARTUP)
  .\Object\main.obj (MAIN)
  .\Object\W25Qxx.obj (W25QXX)
  .\Object\HX8347D.obj (HX8347D)
  .\Object\Touch.obj (TOUCH)
  .\Object\ds1302.obj (DS1302)
  .\Object\timer.obj (TIMER)
  .\Object\GUI.obj (GUI)
  .\Object\18b20.obj (18B20)
  .\Object\uart.obj (UART)
  .\Object\ATCmd.obj (ATCMD)
  .\Object\led.obj (LED)
  .\Object\audio.obj (AUDIO)
  D:\KEIL\C51\LIB\C51FPL.LIB (?C?FPADD)
  D:\KEIL\C51\LIB\C51FPL.LIB (?C?FPMUL)
  D:\KEIL\C51\LIB\C51FPL.LIB (?C?FPDIV)
  D:\KEIL\C51\LIB\C51FPL.LIB (?C?FPCMP)
BL51 BANKED LINKER/LOCATER V6.22                                                      07/13/2015  16:10:16  PAGE 3


  D:\KEIL\C51\LIB\C51FPL.LIB (?C?FCAST)
  D:\KEIL\C51\LIB\C51FPL.LIB (?C?CASTF)
  D:\KEIL\C51\LIB\C51FPL.LIB (PRINTF)
  D:\KEIL\C51\LIB\C51FPL.LIB (SQRT)
  D:\KEIL\C51\LIB\C51FPL.LIB (?C?FPGETOPN)
  D:\KEIL\C51\LIB\C51FPL.LIB (?C?FPROUND)
  D:\KEIL\C51\LIB\C51FPL.LIB (?C?FPCONVERT)
  D:\KEIL\C51\LIB\C51FPL.LIB (?C?FTNPWR)
  D:\KEIL\C51\LIB\C51L.LIB (?C_INIT)
  D:\KEIL\C51\LIB\C51L.LIB (?C?COPY)
  D:\KEIL\C51\LIB\C51L.LIB (?C?CLDPTR)
  D:\KEIL\C51\LIB\C51L.LIB (?C?CLDOPTR)
  D:\KEIL\C51\LIB\C51L.LIB (?C?CSTPTR)
  D:\KEIL\C51\LIB\C51L.LIB (?C?CSTOPTR)
  D:\KEIL\C51\LIB\C51L.LIB (?C?UIDIV)
  D:\KEIL\C51\LIB\C51L.LIB (?C?IILDX)
  D:\KEIL\C51\LIB\C51L.LIB (?C?ILDIX)
  D:\KEIL\C51\LIB\C51L.LIB (?C?ILDPTR)
  D:\KEIL\C51\LIB\C51L.LIB (?C?ISTPTR)
  D:\KEIL\C51\LIB\C51L.LIB (?C?LMUL)
  D:\KEIL\C51\LIB\C51L.LIB (?C?LNEG)
  D:\KEIL\C51\LIB\C51L.LIB (?C?ULCMP)
  D:\KEIL\C51\LIB\C51L.LIB (?C?ULSHR)
  D:\KEIL\C51\LIB\C51L.LIB (?C?LLDXDATA)
  D:\KEIL\C51\LIB\C51L.LIB (?C?LLDCODE)
  D:\KEIL\C51\LIB\C51L.LIB (?C?LLDCODE0)
  D:\KEIL\C51\LIB\C51L.LIB (?C?LSTXDATA)
  D:\KEIL\C51\LIB\C51L.LIB (?C?LSTKXDATA)
  D:\KEIL\C51\LIB\C51L.LIB (?C?PLDIXDATA)
  D:\KEIL\C51\LIB\C51L.LIB (?C?PSTXDATA)
  D:\KEIL\C51\LIB\C51L.LIB (?C?CCASE)
  D:\KEIL\C51\LIB\C51L.LIB (?C?ICASE)
  D:\KEIL\C51\LIB\C51L.LIB (?C?ICALL)
  D:\KEIL\C51\LIB\C51L.LIB (?C?LIMUL)
  D:\KEIL\C51\LIB\C51L.LIB (ABS)
  D:\KEIL\C51\LIB\C51L.LIB (?C?STRCMP)
  D:\KEIL\C51\LIB\C51L.LIB (STRLEN)


LINK MAP OF MODULE:  .\Object\×ÏÒ«OS (?C_STARTUP)


            TYPE    BASE      LENGTH    RELOCATION   SEGMENT NAME
            -----------------------------------------------------

            * * * * * * *   D A T A   M E M O R Y   * * * * * * *
            REG     0000H     0008H     ABSOLUTE     "REG BANK 0"
            DATA    0008H     0005H     UNIT         _DATA_GROUP_
                    000DH     0013H                  *** GAP ***
            BIT     0020H.0   0001H.1   UNIT         _BIT_GROUP_
            BIT     0021H.1   0000H.1   UNIT         ?BI?GUI
            BIT     0021H.2   0000H.1   UNIT         ?BI?UART
                    0021H.3   0000H.5                *** GAP ***
            IDATA   0022H     0001H     UNIT         ?STACK

            * * * * * * *  X D A T A   M E M O R Y  * * * * * * *
            XDATA   0000H     029CH     UNIT         _XDATA_GROUP_
BL51 BANKED LINKER/LOCATER V6.22                                                      07/13/2015  16:10:16  PAGE 4


            XDATA   029CH     0021H     UNIT         ?XD?TOUCH
            XDATA   02BDH     001AH     UNIT         ?XD?GUI
            XDATA   02D7H     0017H     UNIT         ?XD?UART
            XDATA   02EEH     0002H     UNIT         ?XD?W25QXX
            XDATA   02F0H     0002H     UNIT         ?XD?HX8347D
            XDATA   02F2H     0001H     UNIT         ?XD?TIMER

            * * * * * * *   C O D E   M E M O R Y   * * * * * * *
            CODE    0000H     0003H     ABSOLUTE     
            CODE    0003H     0007H     UNIT         ?PR?INITLED?LED
                    000AH     0001H                  *** GAP ***
            CODE    000BH     0003H     ABSOLUTE     
            CODE    000EH     0033H     UNIT         ?PR?TP_DEFAULT_ADJ?TOUCH
                    0041H     0002H                  *** GAP ***
            CODE    0043H     0003H     ABSOLUTE     
            CODE    0046H     0AE2H     UNIT         ?C?LIB_CODE
            CODE    0B28H     089BH     UNIT         ?PR?SSTMTIME?GUI
            CODE    13C3H     087AH     UNIT         ?PR?TP_ADJUST?TOUCH
            CODE    1C3DH     05F0H     UNIT         ?CO?HX8347D
            CODE    222DH     0483H     UNIT         ?PR?PRINTF?PRINTF
            CODE    26B0H     047DH     UNIT         ?PR?DESKTOP?GUI
            CODE    2B2DH     0300H     UNIT         ?PR?LED?GUI
            CODE    2E2DH     02F2H     UNIT         ?PR?START_CHECK?GUI
            CODE    311FH     02E2H     UNIT         ?PR?_LCD_DRAWEBOX?HX8347D
            CODE    3401H     02B6H     UNIT         ?PR?_SHOW_ASCII?W25QXX
            CODE    36B7H     02B6H     UNIT         ?PR?PICBOX?GUI
            CODE    396DH     0274H     UNIT         ?PR?_LCD_DRAWLINE?HX8347D
            CODE    3BE1H     0243H     UNIT         ?PR?_GET_HZMAT?W25QXX
            CODE    3E24H     01C1H     UNIT         ?CO?GUI
            CODE    3FE5H     01BBH     UNIT         ?PR?LCD_INITIALIZTION?HX8347D
            CODE    41A0H     0192H     UNIT         ?PR?_TP_READ_XOY?TOUCH
            CODE    4332H     0188H     UNIT         ?PR?_SHOW_STR?W25QXX
            CODE    44BAH     0186H     UNIT         ?PR?CALENDAR?GUI
            CODE    4640H     0179H     UNIT         ?PR?_SHOW_FONT?W25QXX
            CODE    47B9H     014CH     UNIT         ?PR?_GUIDDO?GUI
            CODE    4905H     0145H     UNIT         ?PR?_TP_READ_XY2?TOUCH
            CODE    4A4AH     0141H     UNIT         ?PR?_TP_DROW_TOUCH_POINT?TOUCH
            CODE    4B8BH     013CH     UNIT         ?PR?_SHOW_PICTURE?HX8347D
            CODE    4CC7H     011EH     UNIT         ?PR?_GETTIME?DS1302
            CODE    4DE5H     011CH     UNIT         ?PR?TEMPERT?GUI
            CODE    4F01H     0107H     UNIT         ?PR?_PUTCHAR?HX8347D
            CODE    5008H     0105H     UNIT         ?PR?GUIDSHOW?GUI
            CODE    510DH     00F7H     UNIT         ?PR?_TP_SCAN?TOUCH
            CODE    5204H     00E0H     UNIT         ?PR?_LCD_DRAWBOX?HX8347D
            CODE    52E4H     00CFH     UNIT         ?PR?_DS1302_WRITE_TIME?DS1302
            CODE    53B3H     00CDH     UNIT         ?PR?_GET_CLICK?GUI
            CODE    5480H     00B6H     UNIT         ?PR?_GUI_TEXT?HX8347D
            CODE    5536H     00AEH     UNIT         ?PR?_LCD_CLEAR?HX8347D
            CODE    55E4H     00AEH     UNIT         ?CO?ATCMD
            CODE    5692H     00ACH     UNIT         ?PR?SQRT?SQRT
            CODE    573EH     00AAH     UNIT         ?PR?_GET_CLICK1?GUI
            CODE    57E8H     00A8H     UNIT         ?PR?_DS1302_READ_TIME?DS1302
            CODE    5890H     008DH     UNIT         ?CO?W25QXX
            CODE    591DH     008CH     UNIT         ?C_C51STARTUP
            CODE    59A9H     007FH     UNIT         ?PR?_AT_DO?ATCMD
            CODE    5A28H     007EH     UNIT         ?PR?_TP_DRAW_BIG_POINT?TOUCH
            CODE    5AA6H     007DH     UNIT         ?PR?_ALERT?GUI
BL51 BANKED LINKER/LOCATER V6.22                                                      07/13/2015  16:10:16  PAGE 5


            CODE    5B23H     0079H     UNIT         ?PR?_W25QXX_READ?W25QXX
            CODE    5B9CH     0079H     UNIT         ?PR?TIMER_ROUTINE?TIMER
            CODE    5C15H     006CH     UNIT         ?PR?UART_INTERRUPT?UART
            CODE    5C81H     0053H     UNIT         ?C_INITSEG
            CODE    5CD4H     0050H     UNIT         ?PR?_LCD_SETPOINT?HX8347D
            CODE    5D24H     004FH     UNIT         ?PR?_TP_READ_XY?TOUCH
            CODE    5D73H     004EH     UNIT         ?PR?_TP_READ_AD?TOUCH
            CODE    5DC1H     0047H     UNIT         ?PR?_READ1302?DS1302
            CODE    5E08H     0043H     UNIT         ?PR?W25QXX_READID?W25QXX
            CODE    5E4BH     0040H     UNIT         ?PR?_READTEMPERATURE?18B20
            CODE    5E8BH     003CH     UNIT         ?PR?_WRITE1302?DS1302
            CODE    5EC7H     003AH     UNIT         ?PR?_LCD_SETCURSOR?HX8347D
            CODE    5F01H     003AH     UNIT         ?PR?READ18B20?18B20
            CODE    5F3BH     002EH     UNIT         ?PR?START_LOGO?GUI
            CODE    5F69H     002BH     UNIT         ?PR?_W25QXX_WRITE_BYTE?W25QXX
            CODE    5F94H     002BH     UNIT         ?PR?_DELAY_MS?HX8347D
            CODE    5FBFH     0029H     UNIT         ?PR?CLOCK?GUI
            CODE    5FE8H     0028H     UNIT         ?PR?FONT_INIT?W25QXX
            CODE    6010H     0028H     UNIT         ?PR?INIT_DS18B20?18B20
            CODE    6038H     0025H     UNIT         ?PR?_BEEP?AUDIO
            CODE    605DH     0024H     UNIT         ?PR?_DELAY_MS?GUI
            CODE    6081H     0020H     UNIT         ?PR?MAIN?MAIN
            CODE    60A1H     001EH     UNIT         ?PR?INITUART?UART
            CODE    60BFH     001DH     UNIT         ?PR?_DELAY_US?TOUCH
            CODE    60DCH     001DH     UNIT         ?PR?TP_INIT?TOUCH
            CODE    60F9H     001CH     UNIT         ?PR?READONECHAR?18B20
            CODE    6115H     001CH     UNIT         ?PR?_WRITEONECHAR?18B20
            CODE    6131H     001BH     UNIT         ?PR?STIME?ATCMD
            CODE    614CH     001BH     UNIT         ?PR?STEMPERT?ATCMD
            CODE    6167H     001BH     UNIT         ?PR?_SETLED?LED
            CODE    6182H     001AH     UNIT         ?PR?_TP_WRITE_BYTE?TOUCH
            CODE    619CH     0019H     UNIT         ?PR?_LCD_WR_DATA?HX8347D
            CODE    61B5H     0018H     UNIT         ?PR?DELAY1MS?DS1302
            CODE    61CDH     0017H     UNIT         ?PR?W25QXX_READ_BYTE?W25QXX
            CODE    61E4H     0016H     UNIT         ?PR?DELAY40US?DS1302
            CODE    61FAH     0015H     UNIT         ?PR?LCD_WRITERAM_PREPARE?HX8347D
            CODE    620FH     0015H     UNIT         ?PR?OFFLED?ATCMD
            CODE    6224H     0015H     UNIT         ?PR?_REDLED?LED
            CODE    6239H     0015H     UNIT         ?PR?_STRLEN?STRLEN
            CODE    624EH     0014H     UNIT         ?PR?_DELAYUS2X?18B20
            CODE    6262H     0014H     UNIT         ?PR?_DELAYMS?18B20
            CODE    6276H     0013H     UNIT         ?PR?_UART_SENDSTR?UART
            CODE    6289H     0013H     UNIT         ?PR?_ISATCMD?ATCMD
            CODE    629CH     0012H     UNIT         ?PR?DS1302_INIT?DS1302
            CODE    62AEH     0011H     UNIT         ?PR?_LCD_WRITEREG?HX8347D
            CODE    62BFH     0010H     UNIT         ?PR?TIMER0INIT?TIMER
            CODE    62CFH     000DH     UNIT         ?PR?_LCD_WR_REG?HX8347D
            CODE    62DCH     000DH     UNIT         ?PR?SWLED1?ATCMD
            CODE    62E9H     000DH     UNIT         ?PR?SWLED2?ATCMD
            CODE    62F6H     000DH     UNIT         ?PR?SWLED3?ATCMD
            CODE    6303H     000CH     UNIT         ?PR?_ABS?ABS
            CODE    630FH     000BH     UNIT         ?PR?_UART_SENDONEBYTE?UART
            CODE    631AH     000AH     UNIT         ?PR?W25QXX_WRITE_DISABLE?W25QXX
            CODE    6324H     0009H     UNIT         ?PR?LINK?ATCMD
            CODE    632DH     0009H     UNIT         ?PR?ATERR?ATCMD
            CODE    6336H     0009H     UNIT         ?PR?DELAY500US?AUDIO
            CODE    633FH     0006H     UNIT         ?CO?18B20
BL51 BANKED LINKER/LOCATER V6.22                                                      07/13/2015  16:10:16  PAGE 6


            CODE    6345H     0003H     UNIT         ?PR?_LCD_WRITERAM?HX8347D



OVERLAY MAP OF MODULE:   .\Object\×ÏÒ«OS (?C_STARTUP)


SEGMENT                                     BIT_GROUP          DATA_GROUP          XDATA_GROUP
  +--> CALLED SEGMENT                    START    LENGTH     START    LENGTH     START    LENGTH
------------------------------------------------------------------------------------------------
?C_C51STARTUP                            -----    -----      -----    -----      -----    -----
  +--> ?PR?MAIN?MAIN
  +--> ?C_INITSEG

?PR?MAIN?MAIN                            -----    -----      -----    -----      -----    -----
  +--> ?PR?LCD_INITIALIZTION?HX8347D
  +--> ?PR?FONT_INIT?W25QXX
  +--> ?PR?TP_INIT?TOUCH
  +--> ?PR?DS1302_INIT?DS1302
  +--> ?PR?TIMER0INIT?TIMER
  +--> ?PR?INITUART?UART
  +--> ?PR?INITLED?LED
  +--> ?PR?START_CHECK?GUI
  +--> ?PR?START_LOGO?GUI
  +--> ?PR?DESKTOP?GUI

?PR?LCD_INITIALIZTION?HX8347D            -----    -----      -----    -----      -----    -----
  +--> ?PR?_DELAY_MS?HX8347D
  +--> ?PR?_LCD_WRITEREG?HX8347D

?PR?_DELAY_MS?HX8347D                    -----    -----      -----    -----      -----    -----
  +--> ?PR?_LCD_WRITEREG?HX8347D

?PR?_LCD_WRITEREG?HX8347D                -----    -----      -----    -----      -----    -----
  +--> ?PR?_LCD_WR_REG?HX8347D
  +--> ?PR?_LCD_WR_DATA?HX8347D

?PR?FONT_INIT?W25QXX                     -----    -----      -----    -----      -----    -----
  +--> ?PR?W25QXX_WRITE_DISABLE?W25QXX
  +--> ?PR?W25QXX_READID?W25QXX
  +--> ?CO?W25QXX

?PR?W25QXX_WRITE_DISABLE?W25QXX          -----    -----      -----    -----      -----    -----
  +--> ?PR?_W25QXX_WRITE_BYTE?W25QXX

?PR?W25QXX_READID?W25QXX                 -----    -----      -----    -----      0014H    0002H
  +--> ?PR?_W25QXX_WRITE_BYTE?W25QXX
  +--> ?PR?W25QXX_READ_BYTE?W25QXX

?PR?TP_INIT?TOUCH                        -----    -----      -----    -----      -----    -----
  +--> ?PR?_TP_READ_XY?TOUCH
  +--> ?PR?TP_DEFAULT_ADJ?TOUCH

?PR?_TP_READ_XY?TOUCH                    -----    -----      -----    -----      002BH    0008H
  +--> ?PR?_TP_READ_XOY?TOUCH

?PR?_TP_READ_XOY?TOUCH                   -----    -----      -----    -----      0033H    0010H
BL51 BANKED LINKER/LOCATER V6.22                                                      07/13/2015  16:10:16  PAGE 7


  +--> ?PR?_TP_READ_AD?TOUCH

?PR?_TP_READ_AD?TOUCH                    -----    -----      -----    -----      -----    -----
  +--> ?PR?_TP_WRITE_BYTE?TOUCH
  +--> ?PR?_DELAY_US?TOUCH

?PR?DS1302_INIT?DS1302                   -----    -----      -----    -----      -----    -----
  +--> ?PR?_WRITE1302?DS1302

?PR?_WRITE1302?DS1302                    -----    -----      -----    -----      -----    -----
  +--> ?PR?DELAY1MS?DS1302

?PR?INITUART?UART                        0020H.0  0000H.1    -----    -----      -----    -----

?PR?START_CHECK?GUI                      -----    -----      -----    -----      000DH    0007H
  +--> ?PR?_LCD_CLEAR?HX8347D
  +--> ?CO?GUI
  +--> ?PR?_GUI_TEXT?HX8347D
  +--> ?PR?W25QXX_READID?W25QXX
  +--> ?PR?_SHOW_STR?W25QXX
  +--> ?PR?_DELAY_MS?GUI
  +--> ?PR?_GETTIME?DS1302
  +--> ?PR?_READTEMPERATURE?18B20
  +--> ?PR?INITLED?LED
  +--> ?PR?_BEEP?AUDIO

?PR?_LCD_CLEAR?HX8347D                   -----    -----      -----    -----      0021H    000AH
  +--> ?PR?_LCD_SETCURSOR?HX8347D
  +--> ?PR?LCD_WRITERAM_PREPARE?HX8347D
  +--> ?PR?_LCD_WR_DATA?HX8347D

?PR?_LCD_SETCURSOR?HX8347D               -----    -----      -----    -----      -----    -----
  +--> ?PR?_LCD_WRITEREG?HX8347D

?PR?LCD_WRITERAM_PREPARE?HX8347D         -----    -----      -----    -----      -----    -----
  +--> ?PR?_LCD_SETCURSOR?HX8347D
  +--> ?PR?_LCD_WR_REG?HX8347D

?PR?_GUI_TEXT?HX8347D                    -----    -----      -----    -----      0017H    000BH
  +--> ?PR?_PUTCHAR?HX8347D

?PR?_PUTCHAR?HX8347D                     -----    -----      -----    -----      0049H    000DH
  +--> ?CO?HX8347D
  +--> ?PR?_LCD_SETPOINT?HX8347D

?PR?_LCD_SETPOINT?HX8347D                -----    -----      -----    -----      0283H    0004H
  +--> ?PR?LCD_WRITERAM_PREPARE?HX8347D
  +--> ?PR?_LCD_WRITERAM?HX8347D

?PR?_LCD_WRITERAM?HX8347D                -----    -----      -----    -----      -----    -----
  +--> ?PR?_LCD_WR_DATA?HX8347D

?PR?_SHOW_STR?W25QXX                     -----    -----      -----    -----      0160H    000DH
  +--> ?PR?_SHOW_ASCII?W25QXX
  +--> ?PR?_SHOW_FONT?W25QXX

?PR?_SHOW_ASCII?W25QXX                   -----    -----      -----    -----      016DH    0059H
BL51 BANKED LINKER/LOCATER V6.22                                                      07/13/2015  16:10:16  PAGE 8


  +--> ?CO?W25QXX
  +--> ?PR?_W25QXX_READ?W25QXX
  +--> ?PR?_LCD_SETPOINT?HX8347D

?PR?_W25QXX_READ?W25QXX                  -----    -----      -----    -----      0291H    000BH
  +--> ?PR?_W25QXX_WRITE_BYTE?W25QXX
  +--> ?PR?W25QXX_READ_BYTE?W25QXX

?PR?_SHOW_FONT?W25QXX                    -----    -----      -----    -----      016DH    0116H
  +--> ?PR?_GET_HZMAT?W25QXX
  +--> ?PR?_LCD_SETPOINT?HX8347D

?PR?_GET_HZMAT?W25QXX                    -----    -----      -----    -----      0283H    000EH
  +--> ?CO?W25QXX
  +--> ?PR?_W25QXX_READ?W25QXX

?PR?_GETTIME?DS1302                      -----    -----      -----    -----      0017H    000AH
  +--> ?PR?_DS1302_READ_TIME?DS1302

?PR?_DS1302_READ_TIME?DS1302             -----    -----      -----    -----      0021H    0003H
  +--> ?PR?DELAY40US?DS1302
  +--> ?PR?_READ1302?DS1302

?PR?DELAY40US?DS1302                     -----    -----      -----    -----      -----    -----
  +--> ?PR?_READ1302?DS1302

?PR?_READ1302?DS1302                     -----    -----      -----    -----      -----    -----
  +--> ?PR?DELAY1MS?DS1302

?PR?_READTEMPERATURE?18B20               -----    -----      -----    -----      0016H    0003H
  +--> ?PR?READ18B20?18B20
  +--> ?CO?18B20
  +--> ?PR?PRINTF?PRINTF

?PR?READ18B20?18B20                      -----    -----      -----    -----      -----    -----
  +--> ?PR?INIT_DS18B20?18B20
  +--> ?PR?_WRITEONECHAR?18B20
  +--> ?PR?_DELAYMS?18B20
  +--> ?PR?READONECHAR?18B20

?PR?INIT_DS18B20?18B20                   0020H.0  0000H.1    -----    -----      -----    -----
  +--> ?PR?_DELAYUS2X?18B20

?PR?_WRITEONECHAR?18B20                  -----    -----      -----    -----      -----    -----
  +--> ?PR?_DELAYUS2X?18B20

?PR?READONECHAR?18B20                    -----    -----      -----    -----      -----    -----
  +--> ?PR?_DELAYUS2X?18B20

?PR?PRINTF?PRINTF                        0020H.0  0001H.1    0008H    0005H      0019H    0030H
  +--> ?PR?_PUTCHAR?HX8347D

?PR?_BEEP?AUDIO                          -----    -----      -----    -----      -----    -----
  +--> ?PR?DELAY500US?AUDIO

?PR?START_LOGO?GUI                       -----    -----      -----    -----      -----    -----
  +--> ?PR?_LCD_CLEAR?HX8347D
BL51 BANKED LINKER/LOCATER V6.22                                                      07/13/2015  16:10:16  PAGE 9


  +--> ?PR?_SHOW_PICTURE?HX8347D
  +--> ?PR?_DELAY_MS?GUI

?PR?_SHOW_PICTURE?HX8347D                -----    -----      -----    -----      0002H    0016H
  +--> ?PR?_LCD_SETCURSOR?HX8347D
  +--> ?PR?LCD_WRITERAM_PREPARE?HX8347D
  +--> ?PR?_W25QXX_WRITE_BYTE?W25QXX
  +--> ?PR?W25QXX_READ_BYTE?W25QXX
  +--> ?PR?_LCD_WR_DATA?HX8347D

?PR?DESKTOP?GUI                          -----    -----      -----    -----      0000H    0002H
  +--> ?PR?_LCD_CLEAR?HX8347D
  +--> ?PR?_SHOW_PICTURE?HX8347D
  +--> ?CO?GUI
  +--> ?PR?_SHOW_STR?W25QXX
  +--> ?PR?CLOCK?GUI
  +--> ?PR?_GET_CLICK?GUI
  +--> ?PR?CALENDAR?GUI
  +--> ?PR?TEMPERT?GUI
  +--> ?PR?START_CHECK?GUI
  +--> ?PR?PICBOX?GUI
  +--> ?PR?_ALERT?GUI
  +--> ?PR?LED?GUI

?PR?CLOCK?GUI                            -----    -----      -----    -----      -----    -----
  +--> ?PR?_GETTIME?DS1302
  +--> ?PR?_GUI_TEXT?HX8347D

?PR?_GET_CLICK?GUI                       -----    -----      -----    -----      0003H    0006H
  +--> ?PR?_TP_READ_XY2?TOUCH
  +--> ?PR?_AT_DO?ATCMD

?PR?_TP_READ_XY2?TOUCH                   -----    -----      -----    -----      001DH    000EH
  +--> ?PR?_TP_READ_XY?TOUCH

?PR?_AT_DO?ATCMD                         -----    -----      -----    -----      0009H    0004H
  +--> ?PR?ATERR?ATCMD
  +--> ?CO?ATCMD

?PR?ATERR?ATCMD                          -----    -----      -----    -----      -----    -----
  +--> ?CO?ATCMD
  +--> ?PR?_UART_SENDSTR?UART

?CO?ATCMD                                -----    -----      -----    -----      -----    -----
  +--> ?PR?LINK?ATCMD
  +--> ?PR?START_CHECK?GUI
  +--> ?PR?PICBOX?GUI
  +--> ?PR?TEMPERT?GUI
  +--> ?PR?CALENDAR?GUI
  +--> ?PR?STIME?ATCMD
  +--> ?PR?STEMPERT?ATCMD
  +--> ?PR?SWLED1?ATCMD
  +--> ?PR?SWLED2?ATCMD
  +--> ?PR?SWLED3?ATCMD
  +--> ?PR?OFFLED?ATCMD

?PR?LINK?ATCMD                           -----    -----      -----    -----      -----    -----
BL51 BANKED LINKER/LOCATER V6.22                                                      07/13/2015  16:10:16  PAGE 10


  +--> ?PR?_UART_SENDSTR?UART

?PR?_UART_SENDSTR?UART                   -----    -----      -----    -----      -----    -----
  +--> ?PR?_UART_SENDONEBYTE?UART

?PR?PICBOX?GUI                           -----    -----      -----    -----      000DH    0002H
  +--> ?PR?_LCD_CLEAR?HX8347D
  +--> ?PR?_LCD_DRAWBOX?HX8347D
  +--> ?PR?GUIDSHOW?GUI
  +--> ?PR?_TP_DRAW_BIG_POINT?TOUCH
  +--> ?PR?_GUIDDO?GUI

?PR?_LCD_DRAWBOX?HX8347D                 -----    -----      -----    -----      0160H    0012H
  +--> ?PR?_LCD_SETCURSOR?HX8347D
  +--> ?PR?LCD_WRITERAM_PREPARE?HX8347D
  +--> ?PR?_LCD_WR_DATA?HX8347D

?PR?GUIDSHOW?GUI                         -----    -----      -----    -----      -----    -----
  +--> ?PR?_LCD_DRAWLINE?HX8347D
  +--> ?CO?GUI
  +--> ?PR?_SHOW_STR?W25QXX

?PR?_LCD_DRAWLINE?HX8347D                -----    -----      -----    -----      0027H    0010H
  +--> ?PR?_LCD_SETPOINT?HX8347D

?PR?_TP_DRAW_BIG_POINT?TOUCH             -----    -----      -----    -----      000FH    0006H
  +--> ?PR?_LCD_SETPOINT?HX8347D

?PR?_GUIDDO?GUI                          -----    -----      -----    -----      0017H    0008H
  +--> ?CO?GUI
  +--> ?PR?_SHOW_STR?W25QXX
  +--> ?PR?_LCD_DRAWLINE?HX8347D

?PR?TEMPERT?GUI                          -----    -----      -----    -----      000DH    0009H
  +--> ?PR?_LCD_CLEAR?HX8347D
  +--> ?PR?_LCD_DRAWBOX?HX8347D
  +--> ?PR?_LCD_DRAWEBOX?HX8347D
  +--> ?PR?GUIDSHOW?GUI
  +--> ?PR?_READTEMPERATURE?18B20
  +--> ?CO?GUI
  +--> ?PR?_SHOW_STR?W25QXX
  +--> ?PR?_GUI_TEXT?HX8347D
  +--> ?PR?_GUIDDO?GUI

?PR?_LCD_DRAWEBOX?HX8347D                -----    -----      -----    -----      0017H    000AH
  +--> ?PR?_LCD_DRAWLINE?HX8347D

?PR?CALENDAR?GUI                         -----    -----      -----    -----      000DH    0002H
  +--> ?PR?_GETTIME?DS1302
  +--> ?PR?_LCD_CLEAR?HX8347D
  +--> ?PR?_LCD_DRAWBOX?HX8347D
  +--> ?PR?_GUI_TEXT?HX8347D
  +--> ?CO?GUI
  +--> ?PR?_SHOW_STR?W25QXX
  +--> ?PR?GUIDSHOW?GUI
  +--> ?PR?SSTMTIME?GUI
  +--> ?PR?_GUIDDO?GUI
BL51 BANKED LINKER/LOCATER V6.22                                                      07/13/2015  16:10:16  PAGE 11



?PR?SSTMTIME?GUI                         -----    -----      -----    -----      000FH    0008H
  +--> ?CO?GUI
  +--> ?PR?_GETTIME?DS1302
  +--> ?PR?_LCD_CLEAR?HX8347D
  +--> ?PR?_SHOW_STR?W25QXX
  +--> ?PR?_GUI_TEXT?HX8347D
  +--> ?PR?_LCD_DRAWBOX?HX8347D
  +--> ?PR?_LCD_DRAWEBOX?HX8347D
  +--> ?PR?GUIDSHOW?GUI
  +--> ?PR?_GET_CLICK1?GUI
  +--> ?PR?_GUIDDO?GUI
  +--> ?PR?_DS1302_WRITE_TIME?DS1302
  +--> ?PR?_ALERT?GUI

?PR?_GET_CLICK1?GUI                      -----    -----      -----    -----      0017H    0006H
  +--> ?PR?_TP_READ_XY2?TOUCH

?PR?_DS1302_WRITE_TIME?DS1302            -----    -----      -----    -----      0017H    0003H
  +--> ?PR?_WRITE1302?DS1302
  +--> ?PR?DELAY40US?DS1302

?PR?_ALERT?GUI                           -----    -----      -----    -----      015BH    0005H
  +--> ?PR?_SHOW_STR?W25QXX
  +--> ?PR?_DELAY_MS?GUI
  +--> ?PR?_STRLEN?STRLEN
  +--> ?PR?_LCD_DRAWBOX?HX8347D

?PR?STIME?ATCMD                          -----    -----      -----    -----      -----    -----
  +--> ?PR?_GETTIME?DS1302
  +--> ?PR?_UART_SENDSTR?UART

?PR?STEMPERT?ATCMD                       -----    -----      -----    -----      000DH    0007H
  +--> ?PR?_READTEMPERATURE?18B20
  +--> ?PR?_UART_SENDSTR?UART

?PR?SWLED1?ATCMD                         -----    -----      -----    -----      -----    -----
  +--> ?PR?_REDLED?LED
  +--> ?PR?_SETLED?LED

?PR?_SETLED?LED                          0020H.0  0000H.1    -----    -----      -----    -----

?PR?SWLED2?ATCMD                         -----    -----      -----    -----      -----    -----
  +--> ?PR?_REDLED?LED
  +--> ?PR?_SETLED?LED

?PR?SWLED3?ATCMD                         -----    -----      -----    -----      -----    -----
  +--> ?PR?_REDLED?LED
  +--> ?PR?_SETLED?LED

?PR?OFFLED?ATCMD                         -----    -----      -----    -----      -----    -----
  +--> ?PR?_SETLED?LED

?PR?LED?GUI                              -----    -----      -----    -----      0002H    0001H
  +--> ?PR?_LCD_CLEAR?HX8347D
  +--> ?CO?GUI
  +--> ?PR?_SHOW_STR?W25QXX
BL51 BANKED LINKER/LOCATER V6.22                                                      07/13/2015  16:10:16  PAGE 12


  +--> ?PR?GUIDSHOW?GUI
  +--> ?PR?_GUI_TEXT?HX8347D
  +--> ?PR?_REDLED?LED
  +--> ?PR?_LCD_DRAWBOX?HX8347D
  +--> ?PR?_GET_CLICK?GUI
  +--> ?PR?_GUIDDO?GUI
  +--> ?PR?_SETLED?LED

?C_INITSEG                               -----    -----      -----    -----      -----    -----
  +--> ?PR?TP_INIT?TOUCH
  +--> ?PR?_TP_SCAN?TOUCH
  +--> ?PR?TP_ADJUST?TOUCH

?PR?_TP_SCAN?TOUCH                       -----    -----      -----    -----      -----    -----
  +--> ?PR?_TP_READ_XY2?TOUCH

?PR?TP_ADJUST?TOUCH                      -----    -----      -----    -----      0000H    0021H
  +--> ?PR?_LCD_CLEAR?HX8347D
  +--> ?PR?_TP_DROW_TOUCH_POINT?TOUCH
  +--> ?PR?_ABS?ABS
  +--> ?PR?SQRT?SQRT
  +--> ?PR?_DELAY_MS?GUI

?PR?_TP_DROW_TOUCH_POINT?TOUCH           -----    -----      -----    -----      0021H    0006H
  +--> ?PR?_LCD_DRAWLINE?HX8347D
  +--> ?PR?_LCD_SETPOINT?HX8347D

?PR?SQRT?SQRT                            -----    -----      -----    -----      0021H    0004H

*** NEW ROOT ***************************************************

?PR?TIMER_ROUTINE?TIMER                  -----    -----      -----    -----      -----    -----
  +--> ?PR?_ISATCMD?ATCMD
  +--> ?PR?_ALERT?GUI



SYMBOL TABLE OF MODULE:  .\Object\×ÏÒ«OS (?C_STARTUP)

  VALUE           TYPE          NAME
  ----------------------------------

  -------         MODULE        ?C_STARTUP
  C:591DH         SEGMENT       ?C_C51STARTUP
  I:0022H         SEGMENT       ?STACK
  C:0000H         PUBLIC        ?C_STARTUP
  D:00E0H         SYMBOL        ACC
  D:00F0H         SYMBOL        B
  D:0083H         SYMBOL        DPH
  D:0082H         SYMBOL        DPL
  N:0000H         SYMBOL        IBPSTACK
  N:0100H         SYMBOL        IBPSTACKTOP
  N:0080H         SYMBOL        IDATALEN
  C:5920H         SYMBOL        IDATALOOP
  N:0000H         SYMBOL        PBPSTACK
  N:0100H         SYMBOL        PBPSTACKTOP
  N:0000H         SYMBOL        PDATALEN
BL51 BANKED LINKER/LOCATER V6.22                                                      07/13/2015  16:10:16  PAGE 13


  N:0000H         SYMBOL        PDATASTART
  N:0000H         SYMBOL        PPAGE
  N:0000H         SYMBOL        PPAGEENABLE
  D:00A0H         SYMBOL        PPAGE_SFR
  D:0081H         SYMBOL        SP
  C:591DH         SYMBOL        STARTUP1
  N:0000H         SYMBOL        XBPSTACK
  N:0000H         SYMBOL        XBPSTACKTOP
  N:0000H         SYMBOL        XDATALEN
  N:0000H         SYMBOL        XDATASTART
  C:0000H         LINE#         126
  C:591DH         LINE#         133
  C:591FH         LINE#         134
  C:5920H         LINE#         135
  C:5921H         LINE#         136
  C:5923H         LINE#         185
  C:5926H         LINE#         196
  -------         ENDMOD        ?C_STARTUP

  -------         MODULE        MAIN
  C:0000H         SYMBOL        _ICE_DUMMY_
  D:0080H         PUBLIC        P0
  D:0090H         PUBLIC        P1
  D:00A0H         PUBLIC        P2
  D:00A8H         PUBLIC        IE
  D:00B8H         PUBLIC        IP
  D:00D8H         PUBLIC        CCON
  C:6081H         PUBLIC        main
  D:0098H         PUBLIC        SCON
  D:0088H         PUBLIC        TCON
  D:00D0H         PUBLIC        PSW
  -------         PROC          MAIN
  C:6081H         LINE#         18
  C:6081H         LINE#         19
  C:6081H         LINE#         21
  C:6084H         LINE#         22
  C:6087H         LINE#         23
  C:608AH         LINE#         24
  C:608DH         LINE#         25
  C:6090H         LINE#         26
  C:6095H         LINE#         27
  C:6098H         LINE#         29
  C:609BH         LINE#         30
  C:609EH         LINE#         36
  -------         ENDPROC       MAIN
  -------         ENDMOD        MAIN

  -------         MODULE        W25QXX
  C:0000H         SYMBOL        _ICE_DUMMY_
  D:0080H         PUBLIC        P0
  D:0090H         PUBLIC        P1
  D:00A0H         PUBLIC        P2
  B:00A0H.7       PUBLIC        CE
  C:631AH         PUBLIC        W25Qxx_Write_Disable
  C:5890H         PUBLIC        ftinfo
  D:00A8H         PUBLIC        IE
  D:00B8H         PUBLIC        IP
BL51 BANKED LINKER/LOCATER V6.22                                                      07/13/2015  16:10:16  PAGE 14


  C:4640H         PUBLIC        _Show_Font
  D:00D8H         PUBLIC        CCON
  X:02EEH         PUBLIC        W25Qxx_TYPE
  D:0098H         PUBLIC        SCON
  D:0088H         PUBLIC        TCON
  B:0080H.1       PUBLIC        W25Qxx_CLK
  C:4332H         PUBLIC        _Show_Str
  C:58DCH         SYMBOL        _?ix1000
  C:5FE8H         PUBLIC        font_init
  C:61CDH         PUBLIC        W25Qxx_Read_Byte
  C:5B23H         PUBLIC        _W25Qxx_Read
  C:5F7AH         PUBLIC        _W25Qxx_Write_Byte
  C:3BE1H         PUBLIC        _Get_HzMat
  C:3401H         PUBLIC        _Show_ASCII
  C:5E08H         PUBLIC        W25Qxx_ReadID
  B:0080H.2       PUBLIC        W25Qxx_DI
  B:0080H.3       PUBLIC        W25Qxx_DO
  B:00A0H.4       PUBLIC        W25Qxx_CS
  D:00D0H         PUBLIC        PSW
  -------         PROC          L?0121
  -------         ENDPROC       L?0121
  -------         PROC          _W25QXX_WRITE_BYTE
  D:0007H         SYMBOL        value
  -------         DO            
  D:0006H         SYMBOL        i
  -------         ENDDO         
  C:5F7AH         LINE#         32
  C:5F7AH         LINE#         33
  C:5F7AH         LINE#         35
  C:5F7CH         LINE#         36
  C:5F7CH         LINE#         37
  C:5F80H         LINE#         38
  C:5F84H         LINE#         40
  C:5F86H         LINE#         42
  C:5F88H         LINE#         43
  C:5F8CH         LINE#         44
  C:5F8EH         LINE#         45
  C:5F93H         LINE#         46
  -------         ENDPROC       _W25QXX_WRITE_BYTE
  -------         PROC          W25QXX_READ_BYTE
  -------         DO            
  D:0007H         SYMBOL        temp
  D:0006H         SYMBOL        tt
  D:0005H         SYMBOL        i
  -------         ENDDO         
  C:61CDH         LINE#         53
  C:61CDH         LINE#         54
  C:61CDH         LINE#         55
  C:61CFH         LINE#         56
  C:61CFH         LINE#         59
  C:61D0H         LINE#         60
  C:61D0H         LINE#         61
  C:61D2H         LINE#         62
  C:61D4H         LINE#         63
  C:61D9H         LINE#         64
  C:61DEH         LINE#         65
  C:61E3H         LINE#         66
BL51 BANKED LINKER/LOCATER V6.22                                                      07/13/2015  16:10:16  PAGE 15


  C:61E3H         LINE#         67
  -------         ENDPROC       W25QXX_READ_BYTE
  -------         PROC          W25QXX_READID
  -------         DO            
  X:0014H         SYMBOL        Temp
  -------         ENDDO         
  C:5E08H         LINE#         73
  C:5E08H         LINE#         74
  C:5E08H         LINE#         75
  C:5E0FH         LINE#         76
  C:5E11H         LINE#         77
  C:5E16H         LINE#         78
  C:5E1BH         LINE#         79
  C:5E20H         LINE#         80
  C:5E25H         LINE#         81
  C:5E33H         LINE#         82
  C:5E48H         LINE#         83
  C:5E4AH         LINE#         84
  C:5E4AH         LINE#         85
  -------         ENDPROC       W25QXX_READID
  -------         PROC          W25QXX_WRITE_DISABLE
  C:631AH         LINE#         90
  C:631AH         LINE#         91
  C:631AH         LINE#         92
  C:631CH         LINE#         93
  C:6321H         LINE#         94
  C:6323H         LINE#         95
  -------         ENDPROC       W25QXX_WRITE_DISABLE
  -------         PROC          _W25QXX_READ
  X:0291H         SYMBOL        pBuffer
  X:0294H         SYMBOL        ReadAddr
  X:0298H         SYMBOL        NumByteToRead
  -------         DO            
  X:029AH         SYMBOL        i
  -------         ENDDO         
  C:5B23H         LINE#         103
  C:5B32H         LINE#         104
  C:5B32H         LINE#         106
  C:5B34H         LINE#         107
  C:5B36H         LINE#         108
  C:5B3BH         LINE#         109
  C:5B40H         LINE#         110
  C:5B45H         LINE#         111
  C:5B50H         LINE#         112
  C:5B6CH         LINE#         113
  C:5B6CH         LINE#         114
  C:5B89H         LINE#         115
  C:5B99H         LINE#         116
  C:5B9BH         LINE#         117
  -------         ENDPROC       _W25QXX_READ
  -------         PROC          FONT_INIT
  C:5FE8H         LINE#         123
  C:5FE8H         LINE#         124
  C:5FE8H         LINE#         125
  C:5FEBH         LINE#         126
  C:5FF6H         LINE#         127
  C:600BH         LINE#         128
BL51 BANKED LINKER/LOCATER V6.22                                                      07/13/2015  16:10:16  PAGE 16


  C:600DH         LINE#         129
  C:600FH         LINE#         130
  -------         ENDPROC       FONT_INIT
  -------         PROC          _GET_HZMAT
  X:0283H         SYMBOL        gbcode
  X:0286H         SYMBOL        mat
  X:0289H         SYMBOL        gbsize
  -------         DO            
  X:028AH         SYMBOL        qh
  X:028BH         SYMBOL        ql
  X:028CH         SYMBOL        i
  X:028DH         SYMBOL        foffset
  -------         ENDDO         
  C:3BE1H         LINE#         137
  C:3BECH         LINE#         138
  C:3BECH         LINE#         142
  C:3BF4H         LINE#         143
  C:3C0BH         LINE#         144
  C:3C22H         LINE#         145
  C:3C22H         LINE#         146
  C:3C5FH         LINE#         148
  C:3C5FH         LINE#         149
  C:3C6EH         LINE#         150
  C:3C75H         LINE#         151
  C:3C7CH         LINE#         153
  C:3C84H         LINE#         154
  C:3C84H         LINE#         155
  C:3CBAH         LINE#         156
  C:3CE0H         LINE#         157
  C:3CE3H         LINE#         158
  C:3CEBH         LINE#         159
  C:3CEBH         LINE#         160
  C:3D21H         LINE#         161
  C:3D47H         LINE#         162
  C:3D4AH         LINE#         163
  C:3D52H         LINE#         164
  C:3D52H         LINE#         165
  C:3D88H         LINE#         166
  C:3DAEH         LINE#         167
  C:3DB0H         LINE#         168
  C:3DB8H         LINE#         169
  C:3DB8H         LINE#         170
  C:3DEEH         LINE#         171
  C:3E23H         LINE#         172
  C:3E23H         LINE#         173
  -------         ENDPROC       _GET_HZMAT
  -------         PROC          _SHOW_ASCII
  X:016DH         SYMBOL        x
  X:016FH         SYMBOL        y
  X:0171H         SYMBOL        num
  X:0172H         SYMBOL        gbsize
  X:0173H         SYMBOL        p_color
  X:0175H         SYMBOL        b_color
  -------         DO            
  X:0177H         SYMBOL        temp
  X:0178H         SYMBOL        t1
  X:0179H         SYMBOL        t
BL51 BANKED LINKER/LOCATER V6.22                                                      07/13/2015  16:10:16  PAGE 17


  X:017AH         SYMBOL        max_t
  X:017BH         SYMBOL        mat
  X:01BCH         SYMBOL        y0
  X:01BEH         SYMBOL        temp_addr
  X:01C2H         SYMBOL        offset
  -------         ENDDO         
  C:3401H         LINE#         180
  C:3412H         LINE#         181
  C:3412H         LINE#         183
  C:3425H         LINE#         184
  C:3434H         LINE#         186
  C:3448H         LINE#         188
  C:344FH         LINE#         189
  C:344FH         LINE#         190
  C:346CH         LINE#         191
  C:3472H         LINE#         192
  C:3475H         LINE#         193
  C:3478H         LINE#         194
  C:347FH         LINE#         195
  C:347FH         LINE#         196
  C:349CH         LINE#         197
  C:34A2H         LINE#         198
  C:34A5H         LINE#         199
  C:34A8H         LINE#         200
  C:34AFH         LINE#         201
  C:34AFH         LINE#         202
  C:34CCH         LINE#         203
  C:34D2H         LINE#         204
  C:34D5H         LINE#         205
  C:34D7H         LINE#         206
  C:34DEH         LINE#         207
  C:34DEH         LINE#         208
  C:34FBH         LINE#         209
  C:3501H         LINE#         210
  C:3504H         LINE#         211
  C:3506H         LINE#         213
  C:350DH         LINE#         214
  C:350DH         LINE#         215
  C:352AH         LINE#         216
  C:3530H         LINE#         217
  C:353CH         LINE#         218
  C:353CH         LINE#         220
  C:3576H         LINE#         222
  C:358CH         LINE#         223
  C:358CH         LINE#         224
  C:359BH         LINE#         225
  C:35ABH         LINE#         226
  C:35ABH         LINE#         227
  C:35B3H         LINE#         228
  C:35B3H         LINE#         229
  C:35C4H         LINE#         230
  C:35C6H         LINE#         232
  C:35F2H         LINE#         233
  C:35F4H         LINE#         235
  C:35F4H         LINE#         236
  C:360AH         LINE#         237
  C:3622H         LINE#         239
BL51 BANKED LINKER/LOCATER V6.22                                                      07/13/2015  16:10:16  PAGE 18


  C:3644H         LINE#         240
  C:3644H         LINE#         242
  C:3652H         LINE#         243
  C:3662H         LINE#         245
  C:367EH         LINE#         246
  C:367EH         LINE#         247
  C:3686H         LINE#         248
  C:3694H         LINE#         249
  C:36A4H         LINE#         251
  C:36A4H         LINE#         252
  C:36ADH         LINE#         253
  C:36B6H         LINE#         254
  -------         ENDPROC       _SHOW_ASCII
  -------         PROC          _SHOW_FONT
  X:016DH         SYMBOL        x
  X:016FH         SYMBOL        y
  D:0001H         SYMBOL        font
  X:0174H         SYMBOL        gbsize
  X:0175H         SYMBOL        p_color
  X:0177H         SYMBOL        b_color
  -------         DO            
  X:0179H         SYMBOL        temp
  X:017BH         SYMBOL        t
  X:017DH         SYMBOL        t1
  X:017FH         SYMBOL        max_t
  X:0181H         SYMBOL        y0
  X:0183H         SYMBOL        dzk
  -------         ENDDO         
  C:4640H         LINE#         262
  C:464EH         LINE#         263
  C:464EH         LINE#         265
  C:4656H         LINE#         267
  C:4671H         LINE#         270
  C:4685H         LINE#         272
  C:4698H         LINE#         273
  C:46A7H         LINE#         274
  C:46B6H         LINE#         277
  C:46D6H         LINE#         278
  C:46D6H         LINE#         279
  C:46EAH         LINE#         280
  C:46F1H         LINE#         281
  C:46F1H         LINE#         282
  C:46F8H         LINE#         283
  C:46F8H         LINE#         284
  C:470EH         LINE#         285
  C:4710H         LINE#         287
  C:4710H         LINE#         288
  C:4732H         LINE#         289
  C:4732H         LINE#         291
  C:473FH         LINE#         292
  C:474DH         LINE#         293
  C:476FH         LINE#         294
  C:476FH         LINE#         295
  C:4777H         LINE#         296
  C:4785H         LINE#         297
  C:4787H         LINE#         298
  C:4787H         LINE#         299
BL51 BANKED LINKER/LOCATER V6.22                                                      07/13/2015  16:10:16  PAGE 19


  C:47A7H         LINE#         300
  C:47B8H         LINE#         301
  -------         ENDPROC       _SHOW_FONT
  -------         PROC          _SHOW_STR
  X:0160H         SYMBOL        x
  X:0162H         SYMBOL        y
  X:0164H         SYMBOL        str
  X:0167H         SYMBOL        gbsize
  X:0168H         SYMBOL        p_color
  X:016AH         SYMBOL        b_color
  -------         DO            
  X:016CH         SYMBOL        bHz
  -------         ENDDO         
  C:4332H         LINE#         309
  C:4349H         LINE#         310
  C:4349H         LINE#         311
  C:434EH         LINE#         312
  C:4362H         LINE#         313
  C:4362H         LINE#         314
  C:436BH         LINE#         315
  C:436BH         LINE#         316
  C:4371H         LINE#         317
  C:4376H         LINE#         319
  C:4376H         LINE#         320
  C:4389H         LINE#         321
  C:43BEH         LINE#         322
  C:43C8H         LINE#         324
  C:43D0H         LINE#         325
  C:43D8H         LINE#         327
  C:43E9H         LINE#         329
  C:43FBH         LINE#         330
  C:43FBH         LINE#         331
  C:4405H         LINE#         332
  C:4416H         LINE#         333
  C:4416H         LINE#         334
  C:4416H         LINE#         335
  C:4416H         LINE#         336
  C:4419H         LINE#         338
  C:4419H         LINE#         339
  C:441EH         LINE#         341
  C:4431H         LINE#         343
  C:446BH         LINE#         344
  C:4475H         LINE#         345
  C:4488H         LINE#         347
  C:4498H         LINE#         348
  C:4498H         LINE#         349
  C:44A3H         LINE#         350
  C:44AFH         LINE#         351
  C:44B6H         LINE#         352
  C:44B6H         LINE#         353
  C:44B6H         LINE#         354
  C:44B9H         LINE#         355
  -------         ENDPROC       _SHOW_STR
  -------         ENDMOD        W25QXX

  -------         MODULE        HX8347D
  C:0000H         SYMBOL        _ICE_DUMMY_
BL51 BANKED LINKER/LOCATER V6.22                                                      07/13/2015  16:10:16  PAGE 20


  D:0080H         PUBLIC        P0
  D:0090H         PUBLIC        P1
  X:02F0H         PUBLIC        LCD_id
  D:00A0H         PUBLIC        P2
  D:00B0H         PUBLIC        P3
  D:00A8H         PUBLIC        IE
  D:00B8H         PUBLIC        IP
  C:1C3DH         PUBLIC        asc2_1608
  C:62CFH         PUBLIC        _LCD_WR_REG
  C:5536H         PUBLIC        _LCD_Clear
  C:6345H         SYMBOL        _LCD_WriteRAM
  D:00D8H         PUBLIC        CCON
  C:4B8BH         PUBLIC        _show_picture
  C:3FE5H         PUBLIC        LCD_Initializtion
  D:0098H         PUBLIC        SCON
  C:311FH         PUBLIC        _LCD_DrawEBox
  D:0088H         PUBLIC        TCON
  C:4F01H         PUBLIC        _PutChar
  B:0090H.4       PUBLIC        LCD_CS
  C:396DH         PUBLIC        _LCD_DrawLine
  C:5F9FH         SYMBOL        _delay_ms
  C:620AH         SYMBOL        LCD_WriteRAM_Prepare
  C:61A8H         PUBLIC        _LCD_WR_DATA
  B:0090H.5       PUBLIC        LCD_RS
  B:0090H.6       PUBLIC        LCD_WR
  C:62B5H         SYMBOL        _LCD_WriteReg
  C:5ED2H         SYMBOL        _LCD_SetCursor
  C:5480H         PUBLIC        _GUI_Text
  C:5204H         PUBLIC        _LCD_DrawBox
  C:5CEAH         PUBLIC        _LCD_SetPoint
  B:00A0H.4       PUBLIC        W25Qxx_CS
  D:00D0H         PUBLIC        PSW
  -------         PROC          _LCD_WR_REG
  D:0007H         SYMBOL        dat
  C:62CFH         LINE#         13
  C:62CFH         LINE#         14
  C:62CFH         LINE#         15
  C:62D1H         LINE#         16
  C:62D3H         LINE#         17
  C:62D5H         LINE#         18
  C:62D7H         LINE#         19
  C:62D9H         LINE#         20
  C:62DBH         LINE#         21
  -------         ENDPROC       _LCD_WR_REG
  -------         PROC          L?0111
  -------         ENDPROC       L?0111
  -------         PROC          _LCD_WR_DATA
  D:0006H         SYMBOL        dat
  C:61A8H         LINE#         23
  C:61A8H         LINE#         24
  C:61A8H         LINE#         25
  C:61AAH         LINE#         26
  C:61ACH         LINE#         27
  C:61AEH         LINE#         28
  C:61B0H         LINE#         29
  C:61B2H         LINE#         30
  C:61B4H         LINE#         31
BL51 BANKED LINKER/LOCATER V6.22                                                      07/13/2015  16:10:16  PAGE 21


  -------         ENDPROC       _LCD_WR_DATA
  -------         PROC          L?0113
  -------         ENDPROC       L?0113
  -------         PROC          _LCD_WRITEREG
  D:0007H         SYMBOL        LCD_Reg
  D:0004H         SYMBOL        LCD_RegValue
  C:62B5H         LINE#         42
  C:62B5H         LINE#         43
  C:62B5H         LINE#         44
  C:62B8H         LINE#         45
  -------         ENDPROC       _LCD_WRITEREG
  C:6202H         SYMBOL        L?0108
  -------         PROC          L?0107
  -------         ENDPROC       L?0107
  C:6202H         SYMBOL        L?0108
  -------         PROC          LCD_WRITERAM_PREPARE
  C:620AH         LINE#         57
  C:620AH         LINE#         58
  C:620AH         LINE#         59
  -------         ENDPROC       LCD_WRITERAM_PREPARE
  -------         PROC          _LCD_WRITERAM
  D:0006H         SYMBOL        RGB_Code
  C:6345H         LINE#         70
  C:6345H         LINE#         71
  C:6345H         LINE#         73
  -------         ENDPROC       _LCD_WRITERAM
  -------         PROC          L?0112
  -------         ENDPROC       L?0112
  -------         PROC          _LCD_SETCURSOR
  D:0082H         SYMBOL        Xpos
  D:0002H         SYMBOL        Ypos
  C:5ED2H         LINE#         86
  C:5EDAH         LINE#         87
  C:5EDAH         LINE#         99
  C:5EE4H         LINE#         100
  C:5EEEH         LINE#         101
  C:5EF7H         LINE#         102
  -------         ENDPROC       _LCD_SETCURSOR
  C:5F94H         SYMBOL        L?0110
  -------         PROC          L?0109
  -------         ENDPROC       L?0109
  C:5F94H         SYMBOL        L?0110
  -------         PROC          _DELAY_MS
  D:0006H         SYMBOL        ms
  -------         DO            
  D:0004H         SYMBOL        i
  D:0002H         SYMBOL        j
  -------         ENDDO         
  C:5F9FH         LINE#         114
  C:5F9FH         LINE#         115
  C:5F9FH         LINE#         117
  C:5FA9H         LINE#         118
  C:5FA9H         LINE#         119
  C:5FB7H         LINE#         120
  C:5FBEH         LINE#         121
  -------         ENDPROC       _DELAY_MS
  -------         PROC          LCD_INITIALIZTION
BL51 BANKED LINKER/LOCATER V6.22                                                      07/13/2015  16:10:16  PAGE 22


  -------         DO            
  D:0082H         SYMBOL        DeviceCode
  -------         ENDDO         
  C:3FE5H         LINE#         131
  C:3FE5H         LINE#         132
  C:3FE5H         LINE#         133
  C:3FE5H         LINE#         136
  C:3FECH         LINE#         137
  C:3FF5H         LINE#         138
  C:3FFBH         LINE#         141
  C:3FFEH         LINE#         142
  C:4003H         LINE#         144
  C:400EH         LINE#         145
  C:400EH         LINE#         149
  C:4015H         LINE#         150
  C:401CH         LINE#         151
  C:4023H         LINE#         152
  C:402AH         LINE#         153
  C:4031H         LINE#         155
  C:4038H         LINE#         156
  C:403FH         LINE#         157
  C:4046H         LINE#         158
  C:404DH         LINE#         160
  C:4053H         LINE#         161
  C:4058H         LINE#         162
  C:405EH         LINE#         163
  C:4065H         LINE#         164
  C:406CH         LINE#         165
  C:4073H         LINE#         166
  C:407AH         LINE#         167
  C:4081H         LINE#         168
  C:4088H         LINE#         169
  C:408FH         LINE#         170
  C:4096H         LINE#         171
  C:409BH         LINE#         172
  C:40A2H         LINE#         174
  C:40A9H         LINE#         175
  C:40B0H         LINE#         176
  C:40B7H         LINE#         177
  C:40BEH         LINE#         178
  C:40C4H         LINE#         179
  C:40C9H         LINE#         180
  C:40D0H         LINE#         181
  C:40D7H         LINE#         182
  C:40DEH         LINE#         183
  C:40E5H         LINE#         184
  C:40EAH         LINE#         185
  C:40F1H         LINE#         186
  C:40F8H         LINE#         187
  C:40FFH         LINE#         190
  C:4106H         LINE#         191
  C:410DH         LINE#         192
  C:4114H         LINE#         193
  C:411BH         LINE#         194
  C:4122H         LINE#         197
  C:4126H         LINE#         198
  C:4129H         LINE#         199
BL51 BANKED LINKER/LOCATER V6.22                                                      07/13/2015  16:10:16  PAGE 23


  C:4130H         LINE#         200
  C:4136H         LINE#         201
  C:4138H         LINE#         202
  C:413BH         LINE#         203
  C:413DH         LINE#         204
  C:4140H         LINE#         205
  C:4142H         LINE#         206
  C:4145H         LINE#         208
  C:414EH         LINE#         210
  C:4155H         LINE#         211
  C:415CH         LINE#         212
  C:4162H         LINE#         213
  C:4169H         LINE#         218
  C:4170H         LINE#         219
  C:4175H         LINE#         220
  C:417AH         LINE#         221
  C:4181H         LINE#         222
  C:4187H         LINE#         223
  C:418CH         LINE#         224
  C:4192H         LINE#         225
  C:4196H         LINE#         228
  C:4199H         LINE#         230
  C:4199H         LINE#         232
  -------         ENDPROC       LCD_INITIALIZTION
  -------         PROC          _LCD_CLEAR
  X:0021H         SYMBOL        Color
  -------         DO            
  X:0023H         SYMBOL        index
  X:0027H         SYMBOL        i
  -------         ENDDO         
  C:5536H         LINE#         245
  C:553EH         LINE#         246
  C:553EH         LINE#         247
  C:5546H         LINE#         248
  C:554EH         LINE#         249
  C:5551H         LINE#         251
  C:5576H         LINE#         252
  C:5576H         LINE#         253
  C:559AH         LINE#         254
  C:559AH         LINE#         255
  C:559DH         LINE#         256
  C:55A0H         LINE#         257
  C:55C1H         LINE#         258
  C:55E3H         LINE#         259
  -------         ENDPROC       _LCD_CLEAR
  C:5CD4H         SYMBOL        L?0104
  C:5CDCH         SYMBOL        L?0105
  C:5CE2H         SYMBOL        L?0106
  -------         PROC          L?0103
  -------         ENDPROC       L?0103
  C:5CD4H         SYMBOL        L?0104
  C:5CDCH         SYMBOL        L?0105
  C:5CE2H         SYMBOL        L?0106
  -------         PROC          _LCD_SETPOINT
  X:0283H         SYMBOL        Xpos
  D:0004H         SYMBOL        Ypos
  X:0285H         SYMBOL        point
BL51 BANKED LINKER/LOCATER V6.22                                                      07/13/2015  16:10:16  PAGE 24


  C:5CEAH         LINE#         293
  C:5CFAH         LINE#         294
  C:5CFAH         LINE#         295
  C:5D0BH         LINE#         296
  C:5D0BH         LINE#         298
  C:5D0BH         LINE#         299
  C:5D0EH         LINE#         300
  C:5D11H         LINE#         301
  C:5D1BH         LINE#         302
  C:5D23H         LINE#         303
  -------         ENDPROC       _LCD_SETPOINT
  -------         PROC          _LCD_DRAWLINE
  X:0027H         SYMBOL        x0
  X:0029H         SYMBOL        y0
  X:002BH         SYMBOL        x1
  X:002DH         SYMBOL        y1
  X:002FH         SYMBOL        color
  -------         DO            
  X:0031H         SYMBOL        dx
  X:0033H         SYMBOL        dy
  X:0035H         SYMBOL        temp
  -------         ENDDO         
  C:396DH         LINE#         317
  C:3985H         LINE#         318
  C:3985H         LINE#         322
  C:398CH         LINE#         323
  C:398CH         LINE#         324
  C:399CH         LINE#         325
  C:39ABH         LINE#         326
  C:39B3H         LINE#         327
  C:39B3H         LINE#         328
  C:39C9H         LINE#         329
  C:39C9H         LINE#         330
  C:39D1H         LINE#         331
  C:39D9H         LINE#         332
  C:39E1H         LINE#         333
  C:39E1H         LINE#         335
  C:39FEH         LINE#         336
  C:3A19H         LINE#         338
  C:3A1DH         LINE#         339
  C:3A1DH         LINE#         341
  C:3A1DH         LINE#         342
  C:3A20H         LINE#         343
  C:3A2EH         LINE#         344
  C:3A2EH         LINE#         345
  C:3A44H         LINE#         347
  C:3A44H         LINE#         348
  C:3A4EH         LINE#         349
  C:3A4EH         LINE#         351
  C:3A4EH         LINE#         352
  C:3A51H         LINE#         353
  C:3A5FH         LINE#         354
  C:3A5FH         LINE#         355
  C:3A75H         LINE#         357
  C:3A75H         LINE#         359
  C:3A94H         LINE#         360
  C:3A94H         LINE#         361
BL51 BANKED LINKER/LOCATER V6.22                                                      07/13/2015  16:10:16  PAGE 25


  C:3AA8H         LINE#         362
  C:3AC2H         LINE#         363
  C:3AC2H         LINE#         364
  C:3AC5H         LINE#         365
  C:3AD3H         LINE#         366
  C:3AE4H         LINE#         367
  C:3AE4H         LINE#         368
  C:3AF2H         LINE#         369
  C:3B12H         LINE#         370
  C:3B14H         LINE#         372
  C:3B14H         LINE#         373
  C:3B2DH         LINE#         374
  C:3B2DH         LINE#         375
  C:3B30H         LINE#         379
  C:3B30H         LINE#         380
  C:3B50H         LINE#         381
  C:3B67H         LINE#         382
  C:3B67H         LINE#         383
  C:3B72H         LINE#         384
  C:3B80H         LINE#         385
  C:3B91H         LINE#         386
  C:3B91H         LINE#         387
  C:3B9FH         LINE#         388
  C:3BBFH         LINE#         389
  C:3BC1H         LINE#         391
  C:3BC1H         LINE#         392
  C:3BDAH         LINE#         393
  C:3BDAH         LINE#         394
  C:3BDDH         LINE#         395
  C:3BE0H         LINE#         396
  C:3BE0H         LINE#         397
  -------         ENDPROC       _LCD_DRAWLINE
  -------         PROC          _PUTCHAR
  X:0049H         SYMBOL        x
  X:004BH         SYMBOL        y
  X:004DH         SYMBOL        num
  X:004EH         SYMBOL        p_color
  X:0050H         SYMBOL        b_color
  -------         DO            
  X:0052H         SYMBOL        temp
  X:0053H         SYMBOL        t1
  D:0001H         SYMBOL        t
  X:0054H         SYMBOL        y0
  -------         ENDDO         
  C:4F01H         LINE#         412
  C:4F16H         LINE#         413
  C:4F16H         LINE#         416
  C:4F1EH         LINE#         417
  C:4F25H         LINE#         420
  C:4F27H         LINE#         421
  C:4F27H         LINE#         422
  C:4F49H         LINE#         423
  C:4F4CH         LINE#         424
  C:4F4CH         LINE#         425
  C:4F53H         LINE#         426
  C:4F6BH         LINE#         428
  C:4F8DH         LINE#         430
BL51 BANKED LINKER/LOCATER V6.22                                                      07/13/2015  16:10:16  PAGE 26


  C:4F94H         LINE#         431
  C:4FA2H         LINE#         432
  C:4FB1H         LINE#         434
  C:4FCCH         LINE#         435
  C:4FCCH         LINE#         436
  C:4FD1H         LINE#         437
  C:4FDFH         LINE#         438
  C:4FEFH         LINE#         440
  C:4FEFH         LINE#         441
  C:4FFEH         LINE#         442
  C:5007H         LINE#         443
  -------         ENDPROC       _PUTCHAR
  -------         PROC          _GUI_TEXT
  X:0017H         SYMBOL        Xpos
  X:0019H         SYMBOL        Ypos
  X:001BH         SYMBOL        str
  X:001EH         SYMBOL        Color
  X:0020H         SYMBOL        bkColor
  -------         DO            
  D:0003H         SYMBOL        TempChar
  -------         ENDDO         
  C:5480H         LINE#         457
  C:5497H         LINE#         458
  C:5497H         LINE#         461
  C:5497H         LINE#         462
  C:54ABH         LINE#         463
  C:54DCH         LINE#         464
  C:54EBH         LINE#         465
  C:54EBH         LINE#         466
  C:54F3H         LINE#         467
  C:54F5H         LINE#         468
  C:5508H         LINE#         469
  C:5508H         LINE#         470
  C:550BH         LINE#         471
  C:5519H         LINE#         472
  C:551BH         LINE#         474
  C:551BH         LINE#         475
  C:551EH         LINE#         476
  C:5522H         LINE#         477
  C:5522H         LINE#         478
  C:5522H         LINE#         479
  C:5535H         LINE#         480
  -------         ENDPROC       _GUI_TEXT
  -------         PROC          _SHOW_PICTURE
  X:0002H         SYMBOL        x
  X:0004H         SYMBOL        y
  X:0006H         SYMBOL        width
  X:0008H         SYMBOL        high
  X:000AH         SYMBOL        ReadAddr
  -------         DO            
  X:000EH         SYMBOL        temp1
  X:000FH         SYMBOL        temp2
  X:0010H         SYMBOL        i
  X:0014H         SYMBOL        j
  -------         ENDDO         
  C:4B8BH         LINE#         486
  C:4B9FH         LINE#         487
BL51 BANKED LINKER/LOCATER V6.22                                                      07/13/2015  16:10:16  PAGE 27


  C:4B9FH         LINE#         488
  C:4BA6H         LINE#         489
  C:4BB0H         LINE#         490
  C:4BB6H         LINE#         491
  C:4BB9H         LINE#         492
  C:4BBBH         LINE#         493
  C:4BC0H         LINE#         494
  C:4BD6H         LINE#         495
  C:4BECH         LINE#         496
  C:4BF7H         LINE#         497
  C:4C23H         LINE#         498
  C:4C23H         LINE#         499
  C:4C4CH         LINE#         500
  C:4C4CH         LINE#         501
  C:4C54H         LINE#         502
  C:4C5CH         LINE#         503
  C:4C61H         LINE#         504
  C:4C67H         LINE#         505
  C:4C88H         LINE#         506
  C:4C9FH         LINE#         507
  C:4CA2H         LINE#         508
  C:4CC4H         LINE#         509
  C:4CC6H         LINE#         510
  -------         ENDPROC       _SHOW_PICTURE
  -------         PROC          _LCD_DRAWBOX
  X:0160H         SYMBOL        x
  X:0162H         SYMBOL        y
  X:0164H         SYMBOL        width
  X:0166H         SYMBOL        high
  X:0168H         SYMBOL        color
  -------         DO            
  X:016AH         SYMBOL        i
  X:016EH         SYMBOL        j
  -------         ENDDO         
  C:5204H         LINE#         517
  C:5218H         LINE#         518
  C:5218H         LINE#         519
  C:5222H         LINE#         520
  C:5228H         LINE#         521
  C:522BH         LINE#         522
  C:5257H         LINE#         523
  C:5257H         LINE#         524
  C:5280H         LINE#         525
  C:5280H         LINE#         526
  C:5283H         LINE#         527
  C:5286H         LINE#         528
  C:52A7H         LINE#         529
  C:52BEH         LINE#         530
  C:52C1H         LINE#         531
  C:52E3H         LINE#         533
  -------         ENDPROC       _LCD_DRAWBOX
  -------         PROC          _LCD_DRAWEBOX
  X:0017H         SYMBOL        x
  X:0019H         SYMBOL        y
  X:001BH         SYMBOL        width
  X:001DH         SYMBOL        high
  X:001FH         SYMBOL        color
BL51 BANKED LINKER/LOCATER V6.22                                                      07/13/2015  16:10:16  PAGE 28


  C:311FH         LINE#         540
  C:3135H         LINE#         541
  C:3135H         LINE#         542
  C:316EH         LINE#         543
  C:31D0H         LINE#         544
  C:3215H         LINE#         545
  C:326EH         LINE#         546
  C:32CAH         LINE#         547
  C:3348H         LINE#         548
  C:339BH         LINE#         549
  -------         ENDPROC       _LCD_DRAWEBOX
  -------         ENDMOD        HX8347D

  -------         MODULE        TOUCH
  C:0000H         SYMBOL        _ICE_DUMMY_
  D:0080H         PUBLIC        P0
  D:0090H         PUBLIC        P1
  D:00A0H         PUBLIC        P2
  X:029CH         PUBLIC        tp_dev
  C:6182H         PUBLIC        _TP_Write_Byte
  C:510DH         PUBLIC        _TP_Scan
  D:00A8H         PUBLIC        IE
  C:5D24H         PUBLIC        _TP_Read_XY
  D:00B8H         PUBLIC        IP
  C:60DCH         PUBLIC        TP_Init
  X:02BBH         PUBLIC        CMD_RDX
  D:00D8H         PUBLIC        CCON
  X:02BCH         PUBLIC        CMD_RDY
  B:0080H.1       PUBLIC        TCLK
  B:0080H.2       PUBLIC        TDIN
  D:0098H         PUBLIC        SCON
  D:0088H         PUBLIC        TCON
  B:0080H.3       PUBLIC        DOUT
  C:000EH         PUBLIC        TP_Default_Adj
  C:4919H         PUBLIC        _TP_Read_XY2
  C:60BFH         SYMBOL        _delay_us
  B:00A0H.5       PUBLIC        PEN
  C:41A0H         PUBLIC        _TP_Read_XOY
  C:5D73H         PUBLIC        _TP_Read_AD
  B:00A0H.6       PUBLIC        TCS
  C:13C3H         PUBLIC        TP_Adjust
  C:5A28H         PUBLIC        _TP_Draw_Big_Point
  C:4A5BH         PUBLIC        _TP_Drow_Touch_Point
  D:00D0H         PUBLIC        PSW
  -------         PROC          _DELAY_US
  D:0006H         SYMBOL        us
  -------         DO            
  D:0004H         SYMBOL        i
  -------         ENDDO         
  C:60BFH         LINE#         31
  C:60BFH         LINE#         32
  C:60BFH         LINE#         34
  C:60CAH         LINE#         35
  C:60DBH         LINE#         36
  -------         ENDPROC       _DELAY_US
  -------         PROC          _TP_WRITE_BYTE
  D:0007H         SYMBOL        num
BL51 BANKED LINKER/LOCATER V6.22                                                      07/13/2015  16:10:16  PAGE 29


  -------         DO            
  D:0006H         SYMBOL        count
  -------         ENDDO         
  C:6182H         LINE#         42
  C:6182H         LINE#         43
  C:6182H         LINE#         44
  C:6184H         LINE#         45
  C:6184H         LINE#         46
  C:6184H         LINE#         47
  C:618CH         LINE#         48
  C:618EH         LINE#         49
  C:6192H         LINE#         50
  C:6194H         LINE#         51
  C:6196H         LINE#         52
  C:619BH         LINE#         53
  -------         ENDPROC       _TP_WRITE_BYTE
  -------         PROC          _TP_READ_AD
  D:0007H         SYMBOL        CMD
  -------         DO            
  D:0005H         SYMBOL        count
  D:0002H         SYMBOL        Num
  -------         ENDDO         
  C:5D73H         LINE#         60
  C:5D73H         LINE#         61
  C:5D73H         LINE#         62
  C:5D75H         LINE#         63
  C:5D77H         LINE#         64
  C:5D79H         LINE#         65
  C:5D7BH         LINE#         66
  C:5D7DH         LINE#         67
  C:5D80H         LINE#         68
  C:5D87H         LINE#         69
  C:5D89H         LINE#         70
  C:5D90H         LINE#         71
  C:5D92H         LINE#         72
  C:5D94H         LINE#         73
  C:5D96H         LINE#         74
  C:5D96H         LINE#         75
  C:5D9DH         LINE#         76
  C:5D9FH         LINE#         77
  C:5DA1H         LINE#         78
  C:5DA9H         LINE#         79
  C:5DAEH         LINE#         80
  C:5DBBH         LINE#         81
  C:5DBDH         LINE#         82
  C:5DC0H         LINE#         83
  -------         ENDPROC       _TP_READ_AD
  -------         PROC          _TP_READ_XOY
  D:0001H         SYMBOL        xy
  -------         DO            
  X:0033H         SYMBOL        i
  D:0004H         SYMBOL        j
  X:0035H         SYMBOL        buf
  X:003FH         SYMBOL        sum
  X:0041H         SYMBOL        temp
  -------         ENDDO         
  C:41A0H         LINE#         93
BL51 BANKED LINKER/LOCATER V6.22                                                      07/13/2015  16:10:16  PAGE 30


  C:41A2H         LINE#         94
  C:41A2H         LINE#         97
  C:41A9H         LINE#         99
  C:41F1H         LINE#         100
  C:420BH         LINE#         101
  C:420BH         LINE#         102
  C:4220H         LINE#         103
  C:4220H         LINE#         104
  C:4258H         LINE#         105
  C:4258H         LINE#         106
  C:4260H         LINE#         107
  C:4292H         LINE#         108
  C:42B0H         LINE#         109
  C:42B0H         LINE#         110
  C:42B8H         LINE#         111
  C:42CCH         LINE#         112
  C:42D3H         LINE#         113
  C:431CH         LINE#         114
  C:4331H         LINE#         115
  C:4331H         LINE#         116
  -------         ENDPROC       _TP_READ_XOY
  -------         PROC          _TP_READ_XY
  X:002BH         SYMBOL        x
  X:002EH         SYMBOL        y
  -------         DO            
  X:0031H         SYMBOL        xtemp
  D:0006H         SYMBOL        ytemp
  -------         ENDDO         
  C:5D24H         LINE#         121
  C:5D2FH         LINE#         122
  C:5D2FH         LINE#         124
  C:5D3FH         LINE#         125
  C:5D47H         LINE#         127
  C:5D5FH         LINE#         128
  C:5D70H         LINE#         129
  C:5D72H         LINE#         130
  -------         ENDPROC       _TP_READ_XY
  -------         PROC          L?0091
  -------         ENDPROC       L?0091
  -------         PROC          _TP_READ_XY2
  X:001DH         SYMBOL        x
  X:0020H         SYMBOL        y
  -------         DO            
  X:0023H         SYMBOL        x1
  X:0025H         SYMBOL        y1
  X:0027H         SYMBOL        x2
  X:0029H         SYMBOL        y2
  D:0007H         SYMBOL        flag
  -------         ENDDO         
  C:4919H         LINE#         137
  C:4924H         LINE#         138
  C:4924H         LINE#         142
  C:493BH         LINE#         143
  C:4940H         LINE#         144
  C:4957H         LINE#         145
  C:495CH         LINE#         146
  C:49F2H         LINE#         148
BL51 BANKED LINKER/LOCATER V6.22                                                      07/13/2015  16:10:16  PAGE 31


  C:49F2H         LINE#         149
  C:4A1BH         LINE#         150
  C:4A44H         LINE#         151
  C:4A47H         LINE#         152
  C:4A49H         LINE#         153
  -------         ENDPROC       _TP_READ_XY2
  C:4A4AH         SYMBOL        L?0089
  C:4A53H         SYMBOL        L?0090
  -------         PROC          L?0088
  -------         ENDPROC       L?0088
  C:4A4AH         SYMBOL        L?0089
  C:4A53H         SYMBOL        L?0090
  -------         PROC          _TP_DROW_TOUCH_POINT
  X:0021H         SYMBOL        x
  X:0023H         SYMBOL        y
  X:0025H         SYMBOL        color
  C:4A5BH         LINE#         161
  C:4A73H         LINE#         162
  C:4A73H         LINE#         163
  C:4AACH         LINE#         164
  C:4AEFH         LINE#         165
  C:4B16H         LINE#         166
  C:4B3DH         LINE#         167
  C:4B64H         LINE#         168
  -------         ENDPROC       _TP_DROW_TOUCH_POINT
  -------         PROC          _TP_DRAW_BIG_POINT
  X:000FH         SYMBOL        x
  X:0011H         SYMBOL        y
  X:0013H         SYMBOL        color
  C:5A28H         LINE#         173
  C:5A3CH         LINE#         174
  C:5A3CH         LINE#         175
  C:5A3FH         LINE#         176
  C:5A5EH         LINE#         177
  C:5A7FH         LINE#         178
  -------         ENDPROC       _TP_DRAW_BIG_POINT
  -------         PROC          _TP_SCAN
  D:0007H         SYMBOL        tp
  C:510DH         LINE#         186
  C:510DH         LINE#         187
  C:510DH         LINE#         188
  C:5113H         LINE#         189
  C:5113H         LINE#         190
  C:511CH         LINE#         191
  C:5125H         LINE#         192
  C:5125H         LINE#         193
  C:516CH         LINE#         194
  C:51B1H         LINE#         195
  C:51B1H         LINE#         196
  C:51B8H         LINE#         197
  C:51B8H         LINE#         198
  C:51BBH         LINE#         199
  C:51CAH         LINE#         200
  C:51D9H         LINE#         201
  C:51D9H         LINE#         202
  C:51DBH         LINE#         203
  C:51DBH         LINE#         204
BL51 BANKED LINKER/LOCATER V6.22                                                      07/13/2015  16:10:16  PAGE 32


  C:51E2H         LINE#         205
  C:51E2H         LINE#         206
  C:51E5H         LINE#         207
  C:51E7H         LINE#         208
  C:51E7H         LINE#         209
  C:51EEH         LINE#         210
  C:51F2H         LINE#         211
  C:51F8H         LINE#         212
  C:51FCH         LINE#         213
  C:51FCH         LINE#         214
  C:51FCH         LINE#         215
  C:5203H         LINE#         216
  -------         ENDPROC       _TP_SCAN
  -------         PROC          TP_ADJUST
  -------         DO            
  X:0000H         SYMBOL        pos_temp
  X:0010H         SYMBOL        cnt
  X:0011H         SYMBOL        d1
  X:0013H         SYMBOL        d2
  X:0015H         SYMBOL        tem1
  X:0019H         SYMBOL        tem2
  X:001DH         SYMBOL        fac
  -------         ENDDO         
  C:13C3H         LINE#         221
  C:13C3H         LINE#         222
  C:13C3H         LINE#         224
  C:13C8H         LINE#         228
  C:13C9H         LINE#         229
  C:13D0H         LINE#         231
  C:13DFH         LINE#         232
  C:13E4H         LINE#         233
  C:13ECH         LINE#         234
  C:13ECH         LINE#         235
  C:13ECH         LINE#         236
  C:13FDH         LINE#         237
  C:1408H         LINE#         238
  C:1408H         LINE#         239
  C:140CH         LINE#         240
  C:142BH         LINE#         241
  C:1446H         LINE#         242
  C:144CH         LINE#         243
  C:145BH         LINE#         244
  C:145BH         LINE#         245
  C:145BH         LINE#         246
  C:146AH         LINE#         247
  C:1472H         LINE#         248
  C:1474H         LINE#         249
  C:1474H         LINE#         250
  C:147BH         LINE#         251
  C:1483H         LINE#         252
  C:1486H         LINE#         253
  C:1486H         LINE#         254
  C:1495H         LINE#         255
  C:14A1H         LINE#         256
  C:14A4H         LINE#         257
  C:14A4H         LINE#         259
  C:14C8H         LINE#         260
BL51 BANKED LINKER/LOCATER V6.22                                                      07/13/2015  16:10:16  PAGE 33


  C:14ECH         LINE#         261
  C:150AH         LINE#         262
  C:1528H         LINE#         263
  C:1560H         LINE#         265
  C:1584H         LINE#         266
  C:15A8H         LINE#         267
  C:15C6H         LINE#         268
  C:15E4H         LINE#         269
  C:161CH         LINE#         270
  C:1655H         LINE#         271
  C:16A1H         LINE#         272
  C:16A1H         LINE#         273
  C:16A1H         LINE#         274
  C:16A4H         LINE#         275
  C:16B0H         LINE#         276
  C:16B3H         LINE#         277
  C:16B3H         LINE#         278
  C:16D7H         LINE#         279
  C:16FBH         LINE#         280
  C:1719H         LINE#         281
  C:1737H         LINE#         282
  C:176FH         LINE#         284
  C:1793H         LINE#         285
  C:17B7H         LINE#         286
  C:17D5H         LINE#         287
  C:17F3H         LINE#         288
  C:182BH         LINE#         289
  C:1864H         LINE#         290
  C:189CH         LINE#         291
  C:189CH         LINE#         292
  C:189CH         LINE#         293
  C:189FH         LINE#         294
  C:18ABH         LINE#         295
  C:18AEH         LINE#         296
  C:18AEH         LINE#         298
  C:18D2H         LINE#         299
  C:18F6H         LINE#         300
  C:1914H         LINE#         301
  C:1932H         LINE#         302
  C:196AH         LINE#         304
  C:198EH         LINE#         305
  C:19B2H         LINE#         306
  C:19D0H         LINE#         307
  C:19EEH         LINE#         308
  C:1A26H         LINE#         309
  C:1A5FH         LINE#         310
  C:1A97H         LINE#         311
  C:1A97H         LINE#         312
  C:1A97H         LINE#         313
  C:1A9AH         LINE#         314
  C:1AA9H         LINE#         315
  C:1AACH         LINE#         316
  C:1AACH         LINE#         318
  C:1ADDH         LINE#         319
  C:1B2CH         LINE#         321
  C:1B5DH         LINE#         322
  C:1BACH         LINE#         323
BL51 BANKED LINKER/LOCATER V6.22                                                      07/13/2015  16:10:16  PAGE 34


  C:1BEAH         LINE#         324
  C:1BEAH         LINE#         325
  C:1BEAH         LINE#         326
  C:1BEDH         LINE#         327
  C:1BFCH         LINE#         328
  C:1C0DH         LINE#         329
  C:1C0FH         LINE#         330
  C:1C0FH         LINE#         331
  C:1C13H         LINE#         332
  C:1C17H         LINE#         333
  C:1C1AH         LINE#         334
  C:1C1AH         LINE#         335
  C:1C20H         LINE#         336
  C:1C24H         LINE#         337
  C:1C24H         LINE#         338
  C:1C27H         LINE#         339
  C:1C27H         LINE#         340
  C:1C2EH         LINE#         342
  C:1C35H         LINE#         343
  C:1C3CH         LINE#         345
  C:1C3CH         LINE#         346
  C:1C3CH         LINE#         347
  C:1C3CH         LINE#         348
  -------         ENDPROC       TP_ADJUST
  -------         PROC          TP_DEFAULT_ADJ
  C:000EH         LINE#         351
  C:000EH         LINE#         352
  C:000EH         LINE#         363
  C:0014H         LINE#         364
  C:0018H         LINE#         365
  C:0022H         LINE#         366
  C:002CH         LINE#         367
  C:0036H         LINE#         368
  C:0040H         LINE#         370
  -------         ENDPROC       TP_DEFAULT_ADJ
  -------         PROC          TP_INIT
  C:60DCH         LINE#         372
  C:60DCH         LINE#         373
  C:60DCH         LINE#         375
  C:60F3H         LINE#         377
  C:60F6H         LINE#         378
  C:60F8H         LINE#         379
  -------         ENDPROC       TP_INIT
  -------         ENDMOD        TOUCH

  -------         MODULE        DS1302
  C:0000H         SYMBOL        _ICE_DUMMY_
  D:0080H         PUBLIC        P0
  D:00A0H         PUBLIC        P2
  C:61C4H         PUBLIC        Delay1ms
  B:00A0H.7       PUBLIC        CE
  D:00A8H         PUBLIC        IE
  D:00B8H         PUBLIC        IP
  D:00D8H         PUBLIC        CCON
  B:0080H.1       PUBLIC        SCLK
  D:0098H         PUBLIC        SCON
  D:0088H         PUBLIC        TCON
BL51 BANKED LINKER/LOCATER V6.22                                                      07/13/2015  16:10:16  PAGE 35


  C:5DC1H         PUBLIC        _Read1302
  C:57E8H         PUBLIC        _Ds1302_Read_Time
  C:5E8BH         PUBLIC        _Write1302
  B:0080H.3       PUBLIC        DIO
  C:52E4H         PUBLIC        _Ds1302_Write_Time
  C:61F1H         PUBLIC        delay40us
  C:4CC7H         PUBLIC        _gettime
  C:629CH         PUBLIC        Ds1302_Init
  D:00D0H         PUBLIC        PSW
  C:61BFH         SYMBOL        L?0037
  -------         PROC          L?0036
  -------         ENDPROC       L?0036
  C:61BFH         SYMBOL        L?0037
  -------         PROC          DELAY1MS
  -------         DO            
  D:0007H         SYMBOL        i
  D:0006H         SYMBOL        j
  -------         ENDDO         
  C:61C4H         LINE#         3
  C:61C4H         LINE#         4
  C:61C4H         LINE#         7
  C:61C6H         LINE#         8
  C:61C8H         LINE#         10
  C:61C8H         LINE#         11
  C:61CAH         LINE#         12
  C:61CCH         LINE#         13
  -------         ENDPROC       DELAY1MS
  -------         PROC          _GETTIME
  X:0017H         SYMBOL        buf
  -------         DO            
  X:001AH         SYMBOL        temp
  -------         ENDDO         
  C:4CC7H         LINE#         15
  C:4CD2H         LINE#         16
  C:4CD2H         LINE#         18
  C:4CDBH         LINE#         19
  C:4CEBH         LINE#         20
  C:4CFEH         LINE#         21
  C:4D0EH         LINE#         22
  C:4D19H         LINE#         23
  C:4D21H         LINE#         24
  C:4D31H         LINE#         25
  C:4D3CH         LINE#         26
  C:4D44H         LINE#         27
  C:4D54H         LINE#         28
  C:4D5FH         LINE#         29
  C:4D67H         LINE#         30
  C:4D77H         LINE#         31
  C:4D82H         LINE#         32
  C:4D8AH         LINE#         33
  C:4D9AH         LINE#         34
  C:4DA5H         LINE#         35
  C:4DADH         LINE#         36
  C:4DBDH         LINE#         37
  C:4DC8H         LINE#         38
  C:4DD0H         LINE#         39
  C:4DDEH         LINE#         40
BL51 BANKED LINKER/LOCATER V6.22                                                      07/13/2015  16:10:16  PAGE 36


  -------         ENDPROC       _GETTIME
[...]
  C:6269H         LINE#         30
  C:626AH         LINE#         31
  C:626CH         LINE#         32
  C:626EH         LINE#         34
  C:626EH         LINE#         35
  C:6270H         LINE#         36
BL51 BANKED LINKER/LOCATER V6.22                                                      07/13/2015  16:10:16  PAGE 49


  C:6272H         LINE#         37
  C:6275H         LINE#         38
  -------         ENDPROC       _DELAYMS
  -------         PROC          INIT_DS18B20
  -------         DO            
  B:0020H.0       SYMBOL        dat
  -------         ENDDO         
  C:6010H         LINE#         43
  C:6010H         LINE#         44
  C:6010H         LINE#         45
  C:6012H         LINE#         46
  C:6014H         LINE#         47
  C:6019H         LINE#         48
  C:601BH         LINE#         49
  C:6020H         LINE#         50
  C:6025H         LINE#         51
  C:6027H         LINE#         52
  C:602CH         LINE#         53
  C:6030H         LINE#         54
  C:6035H         LINE#         55
  C:6037H         LINE#         56
  -------         ENDPROC       INIT_DS18B20
  -------         PROC          READONECHAR
  -------         DO            
  D:0005H         SYMBOL        i
  D:0004H         SYMBOL        dat
  -------         ENDDO         
  C:60F9H         LINE#         61
  C:60F9H         LINE#         62
  C:60F9H         LINE#         63
  C:60FAH         LINE#         64
  C:60FBH         LINE#         65
  C:60FDH         LINE#         66
  C:60FDH         LINE#         67
  C:60FFH         LINE#         68
  C:6103H         LINE#         69
  C:6105H         LINE#         70
  C:6108H         LINE#         71
  C:610BH         LINE#         72
  C:6110H         LINE#         73
  C:6112H         LINE#         74
  C:6114H         LINE#         75
  -------         ENDPROC       READONECHAR
  -------         PROC          _WRITEONECHAR
  D:0005H         SYMBOL        dat
  -------         DO            
  D:0003H         SYMBOL        i
  -------         ENDDO         
  C:6115H         LINE#         79
  C:6117H         LINE#         80
  C:6117H         LINE#         81
  C:6117H         LINE#         82
  C:6119H         LINE#         83
  C:6119H         LINE#         84
  C:611BH         LINE#         85
  C:611FH         LINE#         86
  C:6124H         LINE#         87
BL51 BANKED LINKER/LOCATER V6.22                                                      07/13/2015  16:10:16  PAGE 50


  C:6126H         LINE#         88
  C:612AH         LINE#         89
  C:612CH         LINE#         90
  -------         ENDPROC       _WRITEONECHAR
  -------         PROC          READ18B20
  -------         DO            
  D:0003H         SYMBOL        a
  D:0006H         SYMBOL        b
  D:0004H         SYMBOL        t
  -------         ENDDO         
  C:5F01H         LINE#         96
  C:5F01H         LINE#         97
  C:5F01H         LINE#         98
  C:5F03H         LINE#         99
  C:5F05H         LINE#         100
  C:5F07H         LINE#         101
  C:5F0AH         LINE#         102
  C:5F0FH         LINE#         103
  C:5F14H         LINE#         104
  C:5F19H         LINE#         105
  C:5F1CH         LINE#         106
  C:5F21H         LINE#         107
  C:5F26H         LINE#         108
  C:5F2BH         LINE#         109
  C:5F2EH         LINE#         110
  C:5F32H         LINE#         111
  C:5F37H         LINE#         113
  C:5F3AH         LINE#         114
  -------         ENDPROC       READ18B20
  -------         PROC          _READTEMPERATURE
  X:0016H         SYMBOL        temper
  -------         DO            
  D:0006H         SYMBOL        temp
  D:0004H         SYMBOL        temperature
  -------         ENDDO         
  C:5E4BH         LINE#         115
  C:5E56H         LINE#         116
  C:5E56H         LINE#         119
  C:5E59H         LINE#         120
  C:5E6BH         LINE#         121
  -------         ENDPROC       _READTEMPERATURE
  -------         ENDMOD        18B20

  -------         MODULE        UART
  C:0000H         SYMBOL        _ICE_DUMMY_
  B:00A8H.7       PUBLIC        EA
  D:00A8H         PUBLIC        IE
  D:00B8H         PUBLIC        IP
  B:0021H.2       PUBLIC        flag
  D:00D8H         PUBLIC        CCON
  D:0098H         PUBLIC        SCON
  D:0088H         PUBLIC        TCON
  X:02D7H         PUBLIC        temp
  D:00AFH         PUBLIC        IE2
  D:008EH         PUBLIC        AUXR
  C:60A1H         PUBLIC        InitUART
  D:009BH         PUBLIC        S2BUF
BL51 BANKED LINKER/LOCATER V6.22                                                      07/13/2015  16:10:16  PAGE 51


  C:6276H         PUBLIC        _UART_SendStr
  C:630FH         PUBLIC        _UART_SendOneByte
  D:009AH         PUBLIC        S2CON
  D:009CH         PUBLIC        BRT
  X:02EBH         PUBLIC        p
  C:5C15H         PUBLIC        UART_Interrupt
  D:00D0H         PUBLIC        PSW
  -------         PROC          INITUART
  B:0020H.0       SYMBOL        bite
  C:60A1H         LINE#         8
  C:60A1H         LINE#         9
  C:60A1H         LINE#         10
  C:60A4H         LINE#         11
  C:60A7H         LINE#         12
  C:60AAH         LINE#         13
  C:60B0H         LINE#         14
  C:60B6H         LINE#         15
  C:60B9H         LINE#         16
  C:60BBH         LINE#         17
  C:60BEH         LINE#         18
  -------         ENDPROC       INITUART
  -------         PROC          _UART_SENDONEBYTE
  D:0007H         SYMBOL        c
  C:630FH         LINE#         19
  C:630FH         LINE#         20
  C:630FH         LINE#         21
  C:6311H         LINE#         22
  C:6316H         LINE#         23
  C:6319H         LINE#         24
  -------         ENDPROC       _UART_SENDONEBYTE
  -------         PROC          _UART_SENDSTR
  D:0001H         SYMBOL        str
  C:6276H         LINE#         25
  C:6276H         LINE#         26
  C:6276H         LINE#         27
  C:627CH         LINE#         28
  C:627CH         LINE#         29
  C:627FH         LINE#         30
  C:6286H         LINE#         31
  C:6288H         LINE#         32
  -------         ENDPROC       _UART_SENDSTR
  -------         PROC          UART_INTERRUPT
  C:5C15H         LINE#         34
  C:5C2AH         LINE#         36
  C:5C3BH         LINE#         37
  C:5C40H         LINE#         38
  C:5C40H         LINE#         39
  C:5C42H         LINE#         40
  C:5C45H         LINE#         41
  C:5C55H         LINE#         43
  C:5C5FH         LINE#         44
  C:5C6EH         LINE#         45
  C:5C6EH         LINE#         46
  -------         ENDPROC       UART_INTERRUPT
  -------         ENDMOD        UART

  -------         MODULE        ATCMD
BL51 BANKED LINKER/LOCATER V6.22                                                      07/13/2015  16:10:16  PAGE 52


  C:0000H         SYMBOL        _ICE_DUMMY_
  D:0080H         PUBLIC        P0
  D:00A0H         PUBLIC        P2
  C:59A9H         PUBLIC        _AT_DO
  D:00A8H         PUBLIC        IE
  D:00B8H         PUBLIC        IP
  D:00D8H         PUBLIC        CCON
  C:6131H         PUBLIC        stime
  C:6324H         PUBLIC        link
  C:62DCH         PUBLIC        SWLED1
  C:62E9H         PUBLIC        SWLED2
  C:62F6H         PUBLIC        SWLED3
  D:0098H         PUBLIC        SCON
  D:0088H         PUBLIC        TCON
  C:632DH         PUBLIC        ATErr
  C:55F6H         PUBLIC        at
  C:6289H         PUBLIC        _IsATCmd
  C:620FH         PUBLIC        OFFLed
  C:614CH         PUBLIC        stempert
  D:00D0H         PUBLIC        PSW
  -------         PROC          _AT_DO
  X:0009H         SYMBOL        at_str
  -------         DO            
  X:000CH         SYMBOL        i
  -------         ENDDO         
  C:59A9H         LINE#         49
  C:59B4H         LINE#         50
  C:59B4H         LINE#         52
  C:59BEH         LINE#         53
  C:59CDH         LINE#         54
  C:59CDH         LINE#         55
  C:59D4H         LINE#         56
  C:5A1FH         LINE#         57
  C:5A27H         LINE#         58
  -------         ENDPROC       _AT_DO
  -------         PROC          _ISATCMD
  D:0001H         SYMBOL        str
  C:6289H         LINE#         64
  C:6289H         LINE#         65
  C:6289H         LINE#         66
  C:629AH         LINE#         67
  C:629BH         LINE#         68
  -------         ENDPROC       _ISATCMD
  -------         PROC          STIME
  C:6131H         LINE#         74
  C:6131H         LINE#         75
  C:6131H         LINE#         77
  C:613AH         LINE#         78
  C:6143H         LINE#         79
  -------         ENDPROC       STIME
  -------         PROC          STEMPERT
  -------         DO            
  X:000DH         SYMBOL        temper
  -------         ENDDO         
  C:614CH         LINE#         86
  C:614CH         LINE#         87
  C:614CH         LINE#         89
BL51 BANKED LINKER/LOCATER V6.22                                                      07/13/2015  16:10:16  PAGE 53


  C:6155H         LINE#         90
  C:615EH         LINE#         91
  -------         ENDPROC       STEMPERT
  -------         PROC          LINK
  C:6324H         LINE#         98
  C:6324H         LINE#         99
  C:6324H         LINE#         100
  -------         ENDPROC       LINK
  -------         PROC          ATERR
  C:632DH         LINE#         107
  C:632DH         LINE#         108
  C:632DH         LINE#         109
  -------         ENDPROC       ATERR
  -------         PROC          SWLED1
  C:62DCH         LINE#         115
  C:62DCH         LINE#         116
  C:62DCH         LINE#         117
  -------         ENDPROC       SWLED1
  -------         PROC          SWLED2
  C:62E9H         LINE#         119
  C:62E9H         LINE#         120
  C:62E9H         LINE#         121
  -------         ENDPROC       SWLED2
  -------         PROC          SWLED3
  C:62F6H         LINE#         123
  C:62F6H         LINE#         124
  C:62F6H         LINE#         125
  -------         ENDPROC       SWLED3
  -------         PROC          OFFLED
  C:620FH         LINE#         127
  C:620FH         LINE#         128
  C:620FH         LINE#         129
  C:6216H         LINE#         130
  C:621DH         LINE#         131
  -------         ENDPROC       OFFLED
  -------         ENDMOD        ATCMD

  -------         MODULE        LED
  C:0000H         SYMBOL        _ICE_DUMMY_
  D:0080H         PUBLIC        P0
  B:0080H.5       PUBLIC        LED1
  B:0080H.6       PUBLIC        LED2
  B:0080H.7       PUBLIC        LED3
  D:00A8H         PUBLIC        IE
  D:00B8H         PUBLIC        IP
  D:00D8H         PUBLIC        CCON
  C:0003H         PUBLIC        InitLed
  C:6224H         PUBLIC        _RedLed
  D:0098H         PUBLIC        SCON
  D:0088H         PUBLIC        TCON
  C:6167H         PUBLIC        _SetLed
  D:00D0H         PUBLIC        PSW
  -------         PROC          INITLED
  C:0003H         LINE#         2
  C:0003H         LINE#         3
  C:0003H         LINE#         4
  C:0005H         LINE#         5
BL51 BANKED LINKER/LOCATER V6.22                                                      07/13/2015  16:10:16  PAGE 54


  C:0007H         LINE#         6
  C:0009H         LINE#         7
  -------         ENDPROC       INITLED
  -------         PROC          _SETLED
  D:0007H         SYMBOL        led
  B:0020H.0       SYMBOL        stat
  C:6167H         LINE#         8
  C:6167H         LINE#         9
  C:6167H         LINE#         10
  C:6173H         LINE#         11
  C:6173H         LINE#         12
  C:6178H         LINE#         13
  C:617DH         LINE#         14
  C:6181H         LINE#         15
  C:6181H         LINE#         16
  -------         ENDPROC       _SETLED
  -------         PROC          _REDLED
  D:0007H         SYMBOL        led
  C:6224H         LINE#         17
  C:6224H         LINE#         18
  C:6224H         LINE#         19
  C:6230H         LINE#         20
  C:6230H         LINE#         21
  C:6233H         LINE#         22
  C:6236H         LINE#         23
  C:6238H         LINE#         24
  C:6238H         LINE#         25
  -------         ENDPROC       _REDLED
  -------         ENDMOD        LED

  -------         MODULE        AUDIO
  C:0000H         SYMBOL        _ICE_DUMMY_
  D:00A0H         PUBLIC        P2
  D:00A8H         PUBLIC        IE
  C:6336H         PUBLIC        delay500us
  D:00B8H         PUBLIC        IP
  B:00A0H.1       PUBLIC        BEEP
  C:6038H         PUBLIC        _beep
  D:00D8H         PUBLIC        CCON
  D:0098H         PUBLIC        SCON
  D:0088H         PUBLIC        TCON
  D:00D0H         PUBLIC        PSW
  -------         PROC          DELAY500US
  -------         DO            
  D:0007H         SYMBOL        i
  D:0006H         SYMBOL        j
  -------         ENDDO         
  C:6336H         LINE#         6
  C:6336H         LINE#         7
  C:6336H         LINE#         10
  C:6338H         LINE#         11
  C:633AH         LINE#         13
  C:633AH         LINE#         14
  C:633CH         LINE#         15
  C:633EH         LINE#         16
  -------         ENDPROC       DELAY500US
  -------         PROC          _BEEP
BL51 BANKED LINKER/LOCATER V6.22                                                      07/13/2015  16:10:16  PAGE 55


  D:0004H         SYMBOL        t
  -------         DO            
  D:0003H         SYMBOL        j
  -------         ENDDO         
  C:6038H         LINE#         18
  C:603CH         LINE#         19
  C:603CH         LINE#         21
  C:6040H         LINE#         22
  C:6040H         LINE#         23
  C:6042H         LINE#         24
  C:6042H         LINE#         25
  C:6044H         LINE#         26
  C:6047H         LINE#         27
  C:6049H         LINE#         29
  C:604BH         LINE#         30
  C:604BH         LINE#         31
  C:604DH         LINE#         32
  C:6050H         LINE#         33
  C:6053H         LINE#         34
  C:6055H         LINE#         35
  C:605AH         LINE#         36
  C:605CH         LINE#         37
  -------         ENDPROC       _BEEP
  -------         ENDMOD        AUDIO

  -------         MODULE        ?C?FPADD
  C:004DH         PUBLIC        ?C?FPADD
  C:0049H         PUBLIC        ?C?FPSUB
  -------         ENDMOD        ?C?FPADD

  -------         MODULE        ?C?FPMUL
  C:013EH         PUBLIC        ?C?FPMUL
  -------         ENDMOD        ?C?FPMUL

  -------         MODULE        ?C?FPDIV
  C:0247H         PUBLIC        ?C?FPDIV
  -------         ENDMOD        ?C?FPDIV

  -------         MODULE        ?C?FPCMP
  C:02E6H         PUBLIC        ?C?FPCMP
  C:02E4H         PUBLIC        ?C?FPCMP3
  -------         ENDMOD        ?C?FPCMP

  -------         MODULE        ?C?FCAST
  C:035BH         PUBLIC        ?C?FCASTC
  C:0356H         PUBLIC        ?C?FCASTI
  C:0351H         PUBLIC        ?C?FCASTL
  -------         ENDMOD        ?C?FCAST

  -------         MODULE        ?C?CASTF
  C:038FH         PUBLIC        ?C?CASTF
  -------         ENDMOD        ?C?CASTF

  -------         MODULE        PRINTF
  X:0019H         PUBLIC        ?_PRINTF?BYTE
  X:0019H         PUBLIC        ?_SPRINTF?BYTE
  C:2298H         PUBLIC        _PRINTF
BL51 BANKED LINKER/LOCATER V6.22                                                      07/13/2015  16:10:16  PAGE 56


  C:2292H         PUBLIC        _SPRINTF
  -------         ENDMOD        PRINTF

  -------         MODULE        SQRT
  C:5696H         PUBLIC        _SQRT
  -------         ENDMOD        SQRT

  -------         MODULE        ?C?FPROUND
  C:0410H         PUBLIC        ?C?FPROUND
  -------         ENDMOD        ?C?FPROUND

  -------         MODULE        ?C?FPCONVERT
  C:044DH         PUBLIC        ?C?FPCONVERT
  -------         ENDMOD        ?C?FPCONVERT

  -------         MODULE        ?C?FTNPWR
  C:0582H         PUBLIC        ?C?FTNPWR
  -------         ENDMOD        ?C?FTNPWR

  -------         MODULE        ?C?COPY
  C:0692H         PUBLIC        ?C?COPY
  -------         ENDMOD        ?C?COPY

  -------         MODULE        ?C?CLDPTR
  C:06B8H         PUBLIC        ?C?CLDPTR
  -------         ENDMOD        ?C?CLDPTR

  -------         MODULE        ?C?CLDOPTR
  C:06D1H         PUBLIC        ?C?CLDOPTR
  -------         ENDMOD        ?C?CLDOPTR

  -------         MODULE        ?C?CSTPTR
  C:06FEH         PUBLIC        ?C?CSTPTR
  -------         ENDMOD        ?C?CSTPTR

  -------         MODULE        ?C?CSTOPTR
  C:0710H         PUBLIC        ?C?CSTOPTR
  -------         ENDMOD        ?C?CSTOPTR

  -------         MODULE        ?C?UIDIV
  C:0732H         PUBLIC        ?C?UIDIV
  -------         ENDMOD        ?C?UIDIV

  -------         MODULE        ?C?IILDX
  C:0787H         PUBLIC        ?C?IILDX
  -------         ENDMOD        ?C?IILDX

  -------         MODULE        ?C?ILDIX
  C:079DH         PUBLIC        ?C?ILDIX
  -------         ENDMOD        ?C?ILDIX

  -------         MODULE        ?C?ILDPTR
  C:07B3H         PUBLIC        ?C?ILDPTR
  -------         ENDMOD        ?C?ILDPTR

  -------         MODULE        ?C?ISTPTR
  C:07DEH         PUBLIC        ?C?ISTPTR
BL51 BANKED LINKER/LOCATER V6.22                                                      07/13/2015  16:10:16  PAGE 57


  -------         ENDMOD        ?C?ISTPTR

  -------         MODULE        ?C?LMUL
  C:07FDH         PUBLIC        ?C?LMUL
  -------         ENDMOD        ?C?LMUL

  -------         MODULE        ?C?LNEG
  C:084CH         PUBLIC        ?C?LNEG
  -------         ENDMOD        ?C?LNEG

  -------         MODULE        ?C?ULCMP
  C:085AH         PUBLIC        ?C?ULCMP
  -------         ENDMOD        ?C?ULCMP

  -------         MODULE        ?C?ULSHR
  C:086BH         PUBLIC        ?C?ULSHR
  -------         ENDMOD        ?C?ULSHR

  -------         MODULE        ?C?LLDXDATA
  C:087EH         PUBLIC        ?C?LLDXDATA
  -------         ENDMOD        ?C?LLDXDATA

  -------         MODULE        ?C?LLDCODE
  C:088AH         PUBLIC        ?C?LLDCODE
  -------         ENDMOD        ?C?LLDCODE

  -------         MODULE        ?C?LLDCODE0
  C:089AH         PUBLIC        ?C?LLDCODE0
  -------         ENDMOD        ?C?LLDCODE0

  -------         MODULE        ?C?LSTXDATA
  C:08AAH         PUBLIC        ?C?LSTXDATA
  -------         ENDMOD        ?C?LSTXDATA

  -------         MODULE        ?C?LSTKXDATA
  C:08B6H         PUBLIC        ?C?LSTKXDATA
  -------         ENDMOD        ?C?LSTKXDATA

  -------         MODULE        ?C?PLDIXDATA
  C:08E7H         PUBLIC        ?C?PLDIXDATA
  -------         ENDMOD        ?C?PLDIXDATA

  -------         MODULE        ?C?PSTXDATA
  C:08FEH         PUBLIC        ?C?PSTXDATA
  -------         ENDMOD        ?C?PSTXDATA

  -------         MODULE        ?C?CCASE
  C:0907H         PUBLIC        ?C?CCASE
  -------         ENDMOD        ?C?CCASE

  -------         MODULE        ?C?ICASE
  C:092DH         PUBLIC        ?C?ICASE
  -------         ENDMOD        ?C?ICASE

  -------         MODULE        ?C?ICALL
  C:095AH         PUBLIC        ?C?ICALL
  C:095EH         PUBLIC        ?C?ICALL2
BL51 BANKED LINKER/LOCATER V6.22                                                      07/13/2015  16:10:16  PAGE 58


  -------         ENDMOD        ?C?ICALL

  -------         MODULE        ?C?LIMUL
  C:0960H         PUBLIC        ?C?LIMUL
  -------         ENDMOD        ?C?LIMUL

  -------         MODULE        ABS
  C:6303H         PUBLIC        _ABS
  -------         ENDMOD        ABS

  -------         MODULE        ?C?STRCMP
  C:0B0BH         PUBLIC        ?C?STRCMP
  -------         ENDMOD        ?C?STRCMP

  -------         MODULE        STRLEN
  C:6239H         PUBLIC        _STRLEN
  -------         ENDMOD        STRLEN

Program Size: data=15.3 xdata=755 code=25413
LINK/LOCATE RUN COMPLETE.  0 WARNING(S),  0 ERROR(S)
