BL51 BANKED LINKER/LOCATER V6.22                                                        06/22/2015  15:47:46  PAGE 1


BL51 BANKED LINKER/LOCATER V6.22, INVOKED BY:
D:\KEIL\C51\BIN\BL51.EXE .\Object\STARTUP.obj, .\Object\main.obj, .\Object\W25Qxx.obj, .\Object\HX8347D.obj, .\Object\To
>> uch.obj, .\Object\ds1302.obj, .\Object\timer.obj, .\Object\GUI.obj, .\Object\18b20.obj, .\Object\uart.obj, .\Object\A
>> TCmd.obj, .\Object\led.obj TO .\Object\×ÏÒ«OS PRINT (.\Lst\×ÏÒ«OS.m51) RAMSIZE (256) DISABLEWARNING (13, 15) RECURSIO
>> NS (100)




PROGRAM RECURSIONS REMOVED FROM CALL TREE
=========================================
+--> ?PR?DESKTOP?GUI
|  | ?PR?_GET_CLICK?GUI
|  | ?PR?_AT_DO?ATCMD
|  | ?PR?ATERR?ATCMD
<--+ ?CO?ATCMD


+--> ?PR?_GET_CLICK?GUI
|  | ?PR?_AT_DO?ATCMD
|  | ?PR?ATERR?ATCMD
|  | ?CO?ATCMD
<--+ ?PR?PICBOX?GUI


+--> ?PR?DESKTOP?GUI
|  | ?PR?_GET_CLICK?GUI
|  | ?PR?_AT_DO?ATCMD
|  | ?PR?ATERR?ATCMD
|  | ?CO?ATCMD
<--+ ?PR?PICBOX?GUI


+--> ?PR?DESKTOP?GUI
|  | ?PR?_GET_CLICK?GUI
|  | ?PR?_AT_DO?ATCMD
|  | ?PR?ATERR?ATCMD
|  | ?CO?ATCMD
|  | ?PR?PICBOX?GUI
<--+ ?PR?_GUIDDO?GUI


+--> ?PR?_GET_CLICK?GUI
|  | ?PR?_AT_DO?ATCMD
|  | ?PR?ATERR?ATCMD
|  | ?CO?ATCMD
<--+ ?PR?TEMPERT?GUI


+--> ?PR?DESKTOP?GUI
|  | ?PR?_GET_CLICK?GUI
|  | ?PR?_AT_DO?ATCMD
|  | ?PR?ATERR?ATCMD
|  | ?CO?ATCMD
<--+ ?PR?TEMPERT?GUI


+--> ?PR?_GET_CLICK?GUI
BL51 BANKED LINKER/LOCATER V6.22                                                      06/22/2015  15:47:46  PAGE 2


|  | ?PR?_AT_DO?ATCMD
|  | ?PR?ATERR?ATCMD
|  | ?CO?ATCMD
<--+ ?PR?CALENDAR?GUI


+--> ?PR?DESKTOP?GUI
|  | ?PR?_GET_CLICK?GUI
|  | ?PR?_AT_DO?ATCMD
|  | ?PR?ATERR?ATCMD
|  | ?CO?ATCMD
|  | ?PR?CALENDAR?GUI
<--+ ?PR?SSTMTIME?GUI


+--> ?PR?CALENDAR?GUI
<--+ ?PR?SSTMTIME?GUI


+--> ?PR?DESKTOP?GUI
|  | ?PR?_GET_CLICK?GUI
|  | ?PR?_AT_DO?ATCMD
|  | ?PR?ATERR?ATCMD
|  | ?CO?ATCMD
<--+ ?PR?CALENDAR?GUI


+--> ?CO?ATCMD
<--+ ?PR?STEMPERT?ATCMD


+--> ?PR?DESKTOP?GUI
<--+ ?PR?LED?GUI



MEMORY MODEL: LARGE WITH FLOATING POINT ARITHMETIC


INPUT MODULES INCLUDED:
  .\Object\STARTUP.obj (?C_STARTUP)
  .\Object\main.obj (MAIN)
  .\Object\W25Qxx.obj (W25QXX)
  .\Object\HX8347D.obj (HX8347D)
  .\Object\Touch.obj (TOUCH)
  .\Object\ds1302.obj (DS1302)
  .\Object\timer.obj (TIMER)
  .\Object\GUI.obj (GUI)
  .\Object\18b20.obj (18B20)
  .\Object\uart.obj (UART)
  .\Object\ATCmd.obj (ATCMD)
  .\Object\led.obj (LED)
  D:\KEIL\C51\LIB\C51FPL.LIB (?C?FPADD)
  D:\KEIL\C51\LIB\C51FPL.LIB (?C?FPMUL)
  D:\KEIL\C51\LIB\C51FPL.LIB (?C?FPDIV)
  D:\KEIL\C51\LIB\C51FPL.LIB (?C?FPCMP)
  D:\KEIL\C51\LIB\C51FPL.LIB (?C?FCAST)
BL51 BANKED LINKER/LOCATER V6.22                                                      06/22/2015  15:47:46  PAGE 3


  D:\KEIL\C51\LIB\C51FPL.LIB (?C?CASTF)
  D:\KEIL\C51\LIB\C51FPL.LIB (PRINTF)
  D:\KEIL\C51\LIB\C51FPL.LIB (SQRT)
  D:\KEIL\C51\LIB\C51FPL.LIB (?C?FPGETOPN)
  D:\KEIL\C51\LIB\C51FPL.LIB (?C?FPROUND)
  D:\KEIL\C51\LIB\C51FPL.LIB (?C?FPCONVERT)
  D:\KEIL\C51\LIB\C51FPL.LIB (?C?FTNPWR)
  D:\KEIL\C51\LIB\C51L.LIB (?C_INIT)
  D:\KEIL\C51\LIB\C51L.LIB (?C?COPY)
  D:\KEIL\C51\LIB\C51L.LIB (?C?CLDPTR)
  D:\KEIL\C51\LIB\C51L.LIB (?C?CLDOPTR)
  D:\KEIL\C51\LIB\C51L.LIB (?C?CSTPTR)
  D:\KEIL\C51\LIB\C51L.LIB (?C?CSTOPTR)
  D:\KEIL\C51\LIB\C51L.LIB (?C?UIDIV)
  D:\KEIL\C51\LIB\C51L.LIB (?C?IILDX)
  D:\KEIL\C51\LIB\C51L.LIB (?C?ILDIX)
  D:\KEIL\C51\LIB\C51L.LIB (?C?ILDPTR)
  D:\KEIL\C51\LIB\C51L.LIB (?C?ISTPTR)
  D:\KEIL\C51\LIB\C51L.LIB (?C?LMUL)
  D:\KEIL\C51\LIB\C51L.LIB (?C?LNEG)
  D:\KEIL\C51\LIB\C51L.LIB (?C?ULCMP)
  D:\KEIL\C51\LIB\C51L.LIB (?C?ULSHR)
  D:\KEIL\C51\LIB\C51L.LIB (?C?LLDXDATA)
  D:\KEIL\C51\LIB\C51L.LIB (?C?LLDCODE)
  D:\KEIL\C51\LIB\C51L.LIB (?C?LLDCODE0)
  D:\KEIL\C51\LIB\C51L.LIB (?C?LSTXDATA)
  D:\KEIL\C51\LIB\C51L.LIB (?C?LSTKXDATA)
  D:\KEIL\C51\LIB\C51L.LIB (?C?PLDIXDATA)
  D:\KEIL\C51\LIB\C51L.LIB (?C?PSTXDATA)
  D:\KEIL\C51\LIB\C51L.LIB (?C?CCASE)
  D:\KEIL\C51\LIB\C51L.LIB (?C?ICASE)
  D:\KEIL\C51\LIB\C51L.LIB (?C?ICALL)
  D:\KEIL\C51\LIB\C51L.LIB (?C?LIMUL)
  D:\KEIL\C51\LIB\C51L.LIB (ABS)
  D:\KEIL\C51\LIB\C51L.LIB (?C?STRCMP)
  D:\KEIL\C51\LIB\C51L.LIB (STRLEN)


LINK MAP OF MODULE:  .\Object\×ÏÒ«OS (?C_STARTUP)


            TYPE    BASE      LENGTH    RELOCATION   SEGMENT NAME
            -----------------------------------------------------

            * * * * * * *   D A T A   M E M O R Y   * * * * * * *
            REG     0000H     0008H     ABSOLUTE     "REG BANK 0"
            DATA    0008H     0005H     UNIT         _DATA_GROUP_
                    000DH     0013H                  *** GAP ***
            BIT     0020H.0   0001H.1   UNIT         _BIT_GROUP_
            BIT     0021H.1   0000H.1   UNIT         ?BI?GUI
            BIT     0021H.2   0000H.1   UNIT         ?BI?UART
                    0021H.3   0000H.5                *** GAP ***
            IDATA   0022H     0001H     UNIT         ?STACK

            * * * * * * *  X D A T A   M E M O R Y  * * * * * * *
            XDATA   0000H     029CH     UNIT         _XDATA_GROUP_
            XDATA   029CH     0021H     UNIT         ?XD?TOUCH
BL51 BANKED LINKER/LOCATER V6.22                                                      06/22/2015  15:47:46  PAGE 4


            XDATA   02BDH     001AH     UNIT         ?XD?GUI
            XDATA   02D7H     0017H     UNIT         ?XD?UART
            XDATA   02EEH     0002H     UNIT         ?XD?W25QXX
            XDATA   02F0H     0002H     UNIT         ?XD?HX8347D
            XDATA   02F2H     0001H     UNIT         ?XD?TIMER

            * * * * * * *   C O D E   M E M O R Y   * * * * * * *
            CODE    0000H     0003H     ABSOLUTE     
            CODE    0003H     0007H     UNIT         ?PR?INITLED?LED
                    000AH     0001H                  *** GAP ***
            CODE    000BH     0003H     ABSOLUTE     
            CODE    000EH     0033H     UNIT         ?PR?TP_DEFAULT_ADJ?TOUCH
                    0041H     0002H                  *** GAP ***
            CODE    0043H     0003H     ABSOLUTE     
            CODE    0046H     0AE2H     UNIT         ?C?LIB_CODE
            CODE    0B28H     089BH     UNIT         ?PR?SSTMTIME?GUI
            CODE    13C3H     087AH     UNIT         ?PR?TP_ADJUST?TOUCH
            CODE    1C3DH     05F0H     UNIT         ?CO?HX8347D
            CODE    222DH     0483H     UNIT         ?PR?PRINTF?PRINTF
            CODE    26B0H     047DH     UNIT         ?PR?DESKTOP?GUI
            CODE    2B2DH     0300H     UNIT         ?PR?LED?GUI
            CODE    2E2DH     02E2H     UNIT         ?PR?_LCD_DRAWEBOX?HX8347D
            CODE    310FH     02B6H     UNIT         ?PR?_SHOW_ASCII?W25QXX
            CODE    33C5H     02B6H     UNIT         ?PR?PICBOX?GUI
            CODE    367BH     02A4H     UNIT         ?PR?START_CHECK?GUI
            CODE    391FH     0274H     UNIT         ?PR?_LCD_DRAWLINE?HX8347D
            CODE    3B93H     0243H     UNIT         ?PR?_GET_HZMAT?W25QXX
            CODE    3DD6H     01BBH     UNIT         ?PR?LCD_INITIALIZTION?HX8347D
            CODE    3F91H     01A6H     UNIT         ?CO?GUI
            CODE    4137H     0192H     UNIT         ?PR?_TP_READ_XOY?TOUCH
            CODE    42C9H     0188H     UNIT         ?PR?_SHOW_STR?W25QXX
            CODE    4451H     0186H     UNIT         ?PR?CALENDAR?GUI
            CODE    45D7H     0179H     UNIT         ?PR?_SHOW_FONT?W25QXX
            CODE    4750H     014CH     UNIT         ?PR?_GUIDDO?GUI
            CODE    489CH     0145H     UNIT         ?PR?_TP_READ_XY2?TOUCH
            CODE    49E1H     0141H     UNIT         ?PR?_TP_DROW_TOUCH_POINT?TOUCH
            CODE    4B22H     013CH     UNIT         ?PR?_SHOW_PICTURE?HX8347D
            CODE    4C5EH     011EH     UNIT         ?PR?_GETTIME?DS1302
            CODE    4D7CH     011CH     UNIT         ?PR?TEMPERT?GUI
            CODE    4E98H     0107H     UNIT         ?PR?_PUTCHAR?HX8347D
            CODE    4F9FH     0105H     UNIT         ?PR?GUIDSHOW?GUI
            CODE    50A4H     00F7H     UNIT         ?PR?_TP_SCAN?TOUCH
            CODE    519BH     00E0H     UNIT         ?PR?_LCD_DRAWBOX?HX8347D
            CODE    527BH     00CFH     UNIT         ?PR?_DS1302_WRITE_TIME?DS1302
            CODE    534AH     00CDH     UNIT         ?PR?_GET_CLICK?GUI
            CODE    5417H     00B6H     UNIT         ?PR?_GUI_TEXT?HX8347D
            CODE    54CDH     00AEH     UNIT         ?PR?_LCD_CLEAR?HX8347D
            CODE    557BH     00AEH     UNIT         ?CO?ATCMD
            CODE    5629H     00ACH     UNIT         ?PR?SQRT?SQRT
            CODE    56D5H     00AAH     UNIT         ?PR?_GET_CLICK1?GUI
            CODE    577FH     00A8H     UNIT         ?PR?_DS1302_READ_TIME?DS1302
            CODE    5827H     008DH     UNIT         ?CO?W25QXX
            CODE    58B4H     008CH     UNIT         ?C_C51STARTUP
            CODE    5940H     007FH     UNIT         ?PR?_AT_DO?ATCMD
            CODE    59BFH     007EH     UNIT         ?PR?_TP_DRAW_BIG_POINT?TOUCH
            CODE    5A3DH     007DH     UNIT         ?PR?_ALERT?GUI
            CODE    5ABAH     0079H     UNIT         ?PR?_W25QXX_READ?W25QXX
BL51 BANKED LINKER/LOCATER V6.22                                                      06/22/2015  15:47:46  PAGE 5


            CODE    5B33H     0079H     UNIT         ?PR?TIMER_ROUTINE?TIMER
            CODE    5BACH     006CH     UNIT         ?PR?UART_INTERRUPT?UART
            CODE    5C18H     0053H     UNIT         ?C_INITSEG
            CODE    5C6BH     0050H     UNIT         ?PR?_LCD_SETPOINT?HX8347D
            CODE    5CBBH     004FH     UNIT         ?PR?_TP_READ_XY?TOUCH
            CODE    5D0AH     004EH     UNIT         ?PR?_TP_READ_AD?TOUCH
            CODE    5D58H     0047H     UNIT         ?PR?_READ1302?DS1302
            CODE    5D9FH     0043H     UNIT         ?PR?W25QXX_READID?W25QXX
            CODE    5DE2H     0040H     UNIT         ?PR?_READTEMPERATURE?18B20
            CODE    5E22H     003CH     UNIT         ?PR?_WRITE1302?DS1302
            CODE    5E5EH     003AH     UNIT         ?PR?_LCD_SETCURSOR?HX8347D
            CODE    5E98H     003AH     UNIT         ?PR?READ18B20?18B20
            CODE    5ED2H     002EH     UNIT         ?PR?START_LOGO?GUI
            CODE    5F00H     002BH     UNIT         ?PR?_W25QXX_WRITE_BYTE?W25QXX
            CODE    5F2BH     002BH     UNIT         ?PR?_DELAY_MS?HX8347D
            CODE    5F56H     0029H     UNIT         ?PR?CLOCK?GUI
            CODE    5F7FH     0028H     UNIT         ?PR?FONT_INIT?W25QXX
            CODE    5FA7H     0028H     UNIT         ?PR?INIT_DS18B20?18B20
            CODE    5FCFH     0024H     UNIT         ?PR?_DELAY_MS?GUI
            CODE    5FF3H     0020H     UNIT         ?PR?MAIN?MAIN
            CODE    6013H     001EH     UNIT         ?PR?INITUART?UART
            CODE    6031H     001DH     UNIT         ?PR?_DELAY_US?TOUCH
            CODE    604EH     001DH     UNIT         ?PR?TP_INIT?TOUCH
            CODE    606BH     001CH     UNIT         ?PR?READONECHAR?18B20
            CODE    6087H     001CH     UNIT         ?PR?_WRITEONECHAR?18B20
            CODE    60A3H     001BH     UNIT         ?PR?STIME?ATCMD
            CODE    60BEH     001BH     UNIT         ?PR?STEMPERT?ATCMD
            CODE    60D9H     001BH     UNIT         ?PR?_SETLED?LED
            CODE    60F4H     001AH     UNIT         ?PR?_TP_WRITE_BYTE?TOUCH
            CODE    610EH     0019H     UNIT         ?PR?_LCD_WR_DATA?HX8347D
            CODE    6127H     0018H     UNIT         ?PR?DELAY1MS?DS1302
            CODE    613FH     0017H     UNIT         ?PR?W25QXX_READ_BYTE?W25QXX
            CODE    6156H     0016H     UNIT         ?PR?DELAY40US?DS1302
            CODE    616CH     0015H     UNIT         ?PR?LCD_WRITERAM_PREPARE?HX8347D
            CODE    6181H     0015H     UNIT         ?PR?OFFLED?ATCMD
            CODE    6196H     0015H     UNIT         ?PR?_REDLED?LED
            CODE    61ABH     0015H     UNIT         ?PR?_STRLEN?STRLEN
            CODE    61C0H     0014H     UNIT         ?PR?_DELAYUS2X?18B20
            CODE    61D4H     0014H     UNIT         ?PR?_DELAYMS?18B20
            CODE    61E8H     0013H     UNIT         ?PR?_UART_SENDSTR?UART
            CODE    61FBH     0013H     UNIT         ?PR?_ISATCMD?ATCMD
            CODE    620EH     0012H     UNIT         ?PR?DS1302_INIT?DS1302
            CODE    6220H     0011H     UNIT         ?PR?_LCD_WRITEREG?HX8347D
            CODE    6231H     0010H     UNIT         ?PR?TIMER0INIT?TIMER
            CODE    6241H     000DH     UNIT         ?PR?_LCD_WR_REG?HX8347D
            CODE    624EH     000DH     UNIT         ?PR?SWLED1?ATCMD
            CODE    625BH     000DH     UNIT         ?PR?SWLED2?ATCMD
            CODE    6268H     000DH     UNIT         ?PR?SWLED3?ATCMD
            CODE    6275H     000CH     UNIT         ?PR?_ABS?ABS
            CODE    6281H     000BH     UNIT         ?PR?_UART_SENDONEBYTE?UART
            CODE    628CH     000AH     UNIT         ?PR?W25QXX_WRITE_DISABLE?W25QXX
            CODE    6296H     0009H     UNIT         ?PR?LINK?ATCMD
            CODE    629FH     0009H     UNIT         ?PR?ATERR?ATCMD
            CODE    62A8H     0006H     UNIT         ?CO?18B20
            CODE    62AEH     0003H     UNIT         ?PR?_LCD_WRITERAM?HX8347D


BL51 BANKED LINKER/LOCATER V6.22                                                      06/22/2015  15:47:46  PAGE 6



OVERLAY MAP OF MODULE:   .\Object\×ÏÒ«OS (?C_STARTUP)


SEGMENT                                     BIT_GROUP          DATA_GROUP          XDATA_GROUP
  +--> CALLED SEGMENT                    START    LENGTH     START    LENGTH     START    LENGTH
------------------------------------------------------------------------------------------------
?C_C51STARTUP                            -----    -----      -----    -----      -----    -----
  +--> ?PR?MAIN?MAIN
  +--> ?C_INITSEG

?PR?MAIN?MAIN                            -----    -----      -----    -----      -----    -----
  +--> ?PR?LCD_INITIALIZTION?HX8347D
  +--> ?PR?FONT_INIT?W25QXX
  +--> ?PR?TP_INIT?TOUCH
  +--> ?PR?DS1302_INIT?DS1302
  +--> ?PR?TIMER0INIT?TIMER
  +--> ?PR?INITUART?UART
  +--> ?PR?INITLED?LED
  +--> ?PR?START_CHECK?GUI
  +--> ?PR?START_LOGO?GUI
  +--> ?PR?DESKTOP?GUI

?PR?LCD_INITIALIZTION?HX8347D            -----    -----      -----    -----      -----    -----
  +--> ?PR?_DELAY_MS?HX8347D
  +--> ?PR?_LCD_WRITEREG?HX8347D

?PR?_DELAY_MS?HX8347D                    -----    -----      -----    -----      -----    -----
  +--> ?PR?_LCD_WRITEREG?HX8347D

?PR?_LCD_WRITEREG?HX8347D                -----    -----      -----    -----      -----    -----
  +--> ?PR?_LCD_WR_REG?HX8347D
  +--> ?PR?_LCD_WR_DATA?HX8347D

?PR?FONT_INIT?W25QXX                     -----    -----      -----    -----      -----    -----
  +--> ?PR?W25QXX_WRITE_DISABLE?W25QXX
  +--> ?PR?W25QXX_READID?W25QXX
  +--> ?CO?W25QXX

?PR?W25QXX_WRITE_DISABLE?W25QXX          -----    -----      -----    -----      -----    -----
  +--> ?PR?_W25QXX_WRITE_BYTE?W25QXX

?PR?W25QXX_READID?W25QXX                 -----    -----      -----    -----      0014H    0002H
  +--> ?PR?_W25QXX_WRITE_BYTE?W25QXX
  +--> ?PR?W25QXX_READ_BYTE?W25QXX

?PR?TP_INIT?TOUCH                        -----    -----      -----    -----      -----    -----
  +--> ?PR?_TP_READ_XY?TOUCH
  +--> ?PR?TP_DEFAULT_ADJ?TOUCH

?PR?_TP_READ_XY?TOUCH                    -----    -----      -----    -----      002BH    0008H
  +--> ?PR?_TP_READ_XOY?TOUCH

?PR?_TP_READ_XOY?TOUCH                   -----    -----      -----    -----      0033H    0010H
  +--> ?PR?_TP_READ_AD?TOUCH

?PR?_TP_READ_AD?TOUCH                    -----    -----      -----    -----      -----    -----
BL51 BANKED LINKER/LOCATER V6.22                                                      06/22/2015  15:47:46  PAGE 7


  +--> ?PR?_TP_WRITE_BYTE?TOUCH
  +--> ?PR?_DELAY_US?TOUCH

?PR?DS1302_INIT?DS1302                   -----    -----      -----    -----      -----    -----
  +--> ?PR?_WRITE1302?DS1302

?PR?_WRITE1302?DS1302                    -----    -----      -----    -----      -----    -----
  +--> ?PR?DELAY1MS?DS1302

?PR?INITUART?UART                        0020H.0  0000H.1    -----    -----      -----    -----

?PR?START_CHECK?GUI                      -----    -----      -----    -----      000DH    0007H
  +--> ?PR?_LCD_CLEAR?HX8347D
  +--> ?CO?GUI
  +--> ?PR?_GUI_TEXT?HX8347D
  +--> ?PR?W25QXX_READID?W25QXX
  +--> ?PR?_SHOW_STR?W25QXX
  +--> ?PR?_DELAY_MS?GUI
  +--> ?PR?_GETTIME?DS1302
  +--> ?PR?_READTEMPERATURE?18B20
  +--> ?PR?INITLED?LED

?PR?_LCD_CLEAR?HX8347D                   -----    -----      -----    -----      0021H    000AH
  +--> ?PR?_LCD_SETCURSOR?HX8347D
  +--> ?PR?LCD_WRITERAM_PREPARE?HX8347D
  +--> ?PR?_LCD_WR_DATA?HX8347D

?PR?_LCD_SETCURSOR?HX8347D               -----    -----      -----    -----      -----    -----
  +--> ?PR?_LCD_WRITEREG?HX8347D

?PR?LCD_WRITERAM_PREPARE?HX8347D         -----    -----      -----    -----      -----    -----
  +--> ?PR?_LCD_SETCURSOR?HX8347D
  +--> ?PR?_LCD_WR_REG?HX8347D

?PR?_GUI_TEXT?HX8347D                    -----    -----      -----    -----      0017H    000BH
  +--> ?PR?_PUTCHAR?HX8347D

?PR?_PUTCHAR?HX8347D                     -----    -----      -----    -----      0049H    000DH
  +--> ?CO?HX8347D
  +--> ?PR?_LCD_SETPOINT?HX8347D

?PR?_LCD_SETPOINT?HX8347D                -----    -----      -----    -----      0283H    0004H
  +--> ?PR?LCD_WRITERAM_PREPARE?HX8347D
  +--> ?PR?_LCD_WRITERAM?HX8347D

?PR?_LCD_WRITERAM?HX8347D                -----    -----      -----    -----      -----    -----
  +--> ?PR?_LCD_WR_DATA?HX8347D

?PR?_SHOW_STR?W25QXX                     -----    -----      -----    -----      0160H    000DH
  +--> ?PR?_SHOW_ASCII?W25QXX
  +--> ?PR?_SHOW_FONT?W25QXX

?PR?_SHOW_ASCII?W25QXX                   -----    -----      -----    -----      016DH    0059H
  +--> ?CO?W25QXX
  +--> ?PR?_W25QXX_READ?W25QXX
  +--> ?PR?_LCD_SETPOINT?HX8347D

BL51 BANKED LINKER/LOCATER V6.22                                                      06/22/2015  15:47:46  PAGE 8


?PR?_W25QXX_READ?W25QXX                  -----    -----      -----    -----      0291H    000BH
  +--> ?PR?_W25QXX_WRITE_BYTE?W25QXX
  +--> ?PR?W25QXX_READ_BYTE?W25QXX

?PR?_SHOW_FONT?W25QXX                    -----    -----      -----    -----      016DH    0116H
  +--> ?PR?_GET_HZMAT?W25QXX
  +--> ?PR?_LCD_SETPOINT?HX8347D

?PR?_GET_HZMAT?W25QXX                    -----    -----      -----    -----      0283H    000EH
  +--> ?CO?W25QXX
  +--> ?PR?_W25QXX_READ?W25QXX

?PR?_GETTIME?DS1302                      -----    -----      -----    -----      0017H    000AH
  +--> ?PR?_DS1302_READ_TIME?DS1302

?PR?_DS1302_READ_TIME?DS1302             -----    -----      -----    -----      0021H    0003H
  +--> ?PR?DELAY40US?DS1302
  +--> ?PR?_READ1302?DS1302

?PR?DELAY40US?DS1302                     -----    -----      -----    -----      -----    -----
  +--> ?PR?_READ1302?DS1302

?PR?_READ1302?DS1302                     -----    -----      -----    -----      -----    -----
  +--> ?PR?DELAY1MS?DS1302

?PR?_READTEMPERATURE?18B20               -----    -----      -----    -----      0016H    0003H
  +--> ?PR?READ18B20?18B20
  +--> ?CO?18B20
  +--> ?PR?PRINTF?PRINTF

?PR?READ18B20?18B20                      -----    -----      -----    -----      -----    -----
  +--> ?PR?INIT_DS18B20?18B20
  +--> ?PR?_WRITEONECHAR?18B20
  +--> ?PR?_DELAYMS?18B20
  +--> ?PR?READONECHAR?18B20

?PR?INIT_DS18B20?18B20                   0020H.0  0000H.1    -----    -----      -----    -----
  +--> ?PR?_DELAYUS2X?18B20

?PR?_WRITEONECHAR?18B20                  -----    -----      -----    -----      -----    -----
  +--> ?PR?_DELAYUS2X?18B20

?PR?READONECHAR?18B20                    -----    -----      -----    -----      -----    -----
  +--> ?PR?_DELAYUS2X?18B20

?PR?PRINTF?PRINTF                        0020H.0  0001H.1    0008H    0005H      0019H    0030H
  +--> ?PR?_PUTCHAR?HX8347D

?PR?START_LOGO?GUI                       -----    -----      -----    -----      -----    -----
  +--> ?PR?_LCD_CLEAR?HX8347D
  +--> ?PR?_SHOW_PICTURE?HX8347D
  +--> ?PR?_DELAY_MS?GUI

?PR?_SHOW_PICTURE?HX8347D                -----    -----      -----    -----      0002H    0016H
  +--> ?PR?_LCD_SETCURSOR?HX8347D
  +--> ?PR?LCD_WRITERAM_PREPARE?HX8347D
  +--> ?PR?_W25QXX_WRITE_BYTE?W25QXX
BL51 BANKED LINKER/LOCATER V6.22                                                      06/22/2015  15:47:46  PAGE 9


  +--> ?PR?W25QXX_READ_BYTE?W25QXX
  +--> ?PR?_LCD_WR_DATA?HX8347D

?PR?DESKTOP?GUI                          -----    -----      -----    -----      0000H    0002H
  +--> ?PR?_LCD_CLEAR?HX8347D
  +--> ?PR?_SHOW_PICTURE?HX8347D
  +--> ?CO?GUI
  +--> ?PR?_SHOW_STR?W25QXX
  +--> ?PR?CLOCK?GUI
  +--> ?PR?_GET_CLICK?GUI
  +--> ?PR?CALENDAR?GUI
  +--> ?PR?TEMPERT?GUI
  +--> ?PR?START_CHECK?GUI
  +--> ?PR?PICBOX?GUI
  +--> ?PR?_ALERT?GUI
  +--> ?PR?LED?GUI

?PR?CLOCK?GUI                            -----    -----      -----    -----      -----    -----
  +--> ?PR?_GETTIME?DS1302
  +--> ?PR?_GUI_TEXT?HX8347D

?PR?_GET_CLICK?GUI                       -----    -----      -----    -----      0003H    0006H
  +--> ?PR?_TP_READ_XY2?TOUCH
  +--> ?PR?_AT_DO?ATCMD

?PR?_TP_READ_XY2?TOUCH                   -----    -----      -----    -----      001DH    000EH
  +--> ?PR?_TP_READ_XY?TOUCH

?PR?_AT_DO?ATCMD                         -----    -----      -----    -----      0009H    0004H
  +--> ?PR?ATERR?ATCMD
  +--> ?CO?ATCMD

?PR?ATERR?ATCMD                          -----    -----      -----    -----      -----    -----
  +--> ?CO?ATCMD
  +--> ?PR?_UART_SENDSTR?UART

?CO?ATCMD                                -----    -----      -----    -----      -----    -----
  +--> ?PR?LINK?ATCMD
  +--> ?PR?START_CHECK?GUI
  +--> ?PR?PICBOX?GUI
  +--> ?PR?TEMPERT?GUI
  +--> ?PR?CALENDAR?GUI
  +--> ?PR?STIME?ATCMD
  +--> ?PR?STEMPERT?ATCMD
  +--> ?PR?SWLED1?ATCMD
  +--> ?PR?SWLED2?ATCMD
  +--> ?PR?SWLED3?ATCMD
  +--> ?PR?OFFLED?ATCMD

?PR?LINK?ATCMD                           -----    -----      -----    -----      -----    -----
  +--> ?PR?_UART_SENDSTR?UART

?PR?_UART_SENDSTR?UART                   -----    -----      -----    -----      -----    -----
  +--> ?PR?_UART_SENDONEBYTE?UART

?PR?PICBOX?GUI                           -----    -----      -----    -----      000DH    0002H
  +--> ?PR?_LCD_CLEAR?HX8347D
BL51 BANKED LINKER/LOCATER V6.22                                                      06/22/2015  15:47:46  PAGE 10


  +--> ?PR?_LCD_DRAWBOX?HX8347D
  +--> ?PR?GUIDSHOW?GUI
  +--> ?PR?_TP_DRAW_BIG_POINT?TOUCH
  +--> ?PR?_GUIDDO?GUI

?PR?_LCD_DRAWBOX?HX8347D                 -----    -----      -----    -----      0160H    0012H
  +--> ?PR?_LCD_SETCURSOR?HX8347D
  +--> ?PR?LCD_WRITERAM_PREPARE?HX8347D
  +--> ?PR?_LCD_WR_DATA?HX8347D

?PR?GUIDSHOW?GUI                         -----    -----      -----    -----      -----    -----
  +--> ?PR?_LCD_DRAWLINE?HX8347D
  +--> ?CO?GUI
  +--> ?PR?_SHOW_STR?W25QXX

?PR?_LCD_DRAWLINE?HX8347D                -----    -----      -----    -----      0027H    0010H
  +--> ?PR?_LCD_SETPOINT?HX8347D

?PR?_TP_DRAW_BIG_POINT?TOUCH             -----    -----      -----    -----      000FH    0006H
  +--> ?PR?_LCD_SETPOINT?HX8347D

?PR?_GUIDDO?GUI                          -----    -----      -----    -----      0017H    0008H
  +--> ?CO?GUI
  +--> ?PR?_SHOW_STR?W25QXX
  +--> ?PR?_LCD_DRAWLINE?HX8347D

?PR?TEMPERT?GUI                          -----    -----      -----    -----      000DH    0009H
  +--> ?PR?_LCD_CLEAR?HX8347D
  +--> ?PR?_LCD_DRAWBOX?HX8347D
  +--> ?PR?_LCD_DRAWEBOX?HX8347D
  +--> ?PR?GUIDSHOW?GUI
  +--> ?PR?_READTEMPERATURE?18B20
  +--> ?CO?GUI
  +--> ?PR?_SHOW_STR?W25QXX
  +--> ?PR?_GUI_TEXT?HX8347D
  +--> ?PR?_GUIDDO?GUI

?PR?_LCD_DRAWEBOX?HX8347D                -----    -----      -----    -----      0017H    000AH
  +--> ?PR?_LCD_DRAWLINE?HX8347D

?PR?CALENDAR?GUI                         -----    -----      -----    -----      000DH    0002H
  +--> ?PR?_GETTIME?DS1302
  +--> ?PR?_LCD_CLEAR?HX8347D
  +--> ?PR?_LCD_DRAWBOX?HX8347D
  +--> ?PR?_GUI_TEXT?HX8347D
  +--> ?CO?GUI
  +--> ?PR?_SHOW_STR?W25QXX
  +--> ?PR?GUIDSHOW?GUI
  +--> ?PR?SSTMTIME?GUI
  +--> ?PR?_GUIDDO?GUI

?PR?SSTMTIME?GUI                         -----    -----      -----    -----      000FH    0008H
  +--> ?CO?GUI
  +--> ?PR?_GETTIME?DS1302
  +--> ?PR?_LCD_CLEAR?HX8347D
  +--> ?PR?_SHOW_STR?W25QXX
  +--> ?PR?_GUI_TEXT?HX8347D
BL51 BANKED LINKER/LOCATER V6.22                                                      06/22/2015  15:47:46  PAGE 11


  +--> ?PR?_LCD_DRAWBOX?HX8347D
  +--> ?PR?_LCD_DRAWEBOX?HX8347D
  +--> ?PR?GUIDSHOW?GUI
  +--> ?PR?_GET_CLICK1?GUI
  +--> ?PR?_GUIDDO?GUI
  +--> ?PR?_DS1302_WRITE_TIME?DS1302
  +--> ?PR?_ALERT?GUI

?PR?_GET_CLICK1?GUI                      -----    -----      -----    -----      0017H    0006H
  +--> ?PR?_TP_READ_XY2?TOUCH

?PR?_DS1302_WRITE_TIME?DS1302            -----    -----      -----    -----      0017H    0003H
  +--> ?PR?_WRITE1302?DS1302
  +--> ?PR?DELAY40US?DS1302

?PR?_ALERT?GUI                           -----    -----      -----    -----      015BH    0005H
  +--> ?PR?_SHOW_STR?W25QXX
  +--> ?PR?_DELAY_MS?GUI
  +--> ?PR?_STRLEN?STRLEN
  +--> ?PR?_LCD_DRAWBOX?HX8347D

?PR?STIME?ATCMD                          -----    -----      -----    -----      -----    -----
  +--> ?PR?_GETTIME?DS1302
  +--> ?PR?_UART_SENDSTR?UART

?PR?STEMPERT?ATCMD                       -----    -----      -----    -----      000DH    0007H
  +--> ?PR?_READTEMPERATURE?18B20
  +--> ?PR?_UART_SENDSTR?UART

?PR?SWLED1?ATCMD                         -----    -----      -----    -----      -----    -----
  +--> ?PR?_REDLED?LED
  +--> ?PR?_SETLED?LED

?PR?_SETLED?LED                          0020H.0  0000H.1    -----    -----      -----    -----

?PR?SWLED2?ATCMD                         -----    -----      -----    -----      -----    -----
  +--> ?PR?_REDLED?LED
  +--> ?PR?_SETLED?LED

?PR?SWLED3?ATCMD                         -----    -----      -----    -----      -----    -----
  +--> ?PR?_REDLED?LED
  +--> ?PR?_SETLED?LED

?PR?OFFLED?ATCMD                         -----    -----      -----    -----      -----    -----
  +--> ?PR?_SETLED?LED

?PR?LED?GUI                              -----    -----      -----    -----      0002H    0001H
  +--> ?PR?_LCD_CLEAR?HX8347D
  +--> ?CO?GUI
  +--> ?PR?_SHOW_STR?W25QXX
  +--> ?PR?GUIDSHOW?GUI
  +--> ?PR?_GUI_TEXT?HX8347D
  +--> ?PR?_REDLED?LED
  +--> ?PR?_LCD_DRAWBOX?HX8347D
  +--> ?PR?_GET_CLICK?GUI
  +--> ?PR?_GUIDDO?GUI
  +--> ?PR?_SETLED?LED
BL51 BANKED LINKER/LOCATER V6.22                                                      06/22/2015  15:47:46  PAGE 12



?C_INITSEG                               -----    -----      -----    -----      -----    -----
  +--> ?PR?TP_INIT?TOUCH
  +--> ?PR?_TP_SCAN?TOUCH
  +--> ?PR?TP_ADJUST?TOUCH

?PR?_TP_SCAN?TOUCH                       -----    -----      -----    -----      -----    -----
  +--> ?PR?_TP_READ_XY2?TOUCH

?PR?TP_ADJUST?TOUCH                      -----    -----      -----    -----      0000H    0021H
  +--> ?PR?_LCD_CLEAR?HX8347D
  +--> ?PR?_TP_DROW_TOUCH_POINT?TOUCH
  +--> ?PR?_ABS?ABS
  +--> ?PR?SQRT?SQRT
  +--> ?PR?_DELAY_MS?GUI

?PR?_TP_DROW_TOUCH_POINT?TOUCH           -----    -----      -----    -----      0021H    0006H
  +--> ?PR?_LCD_DRAWLINE?HX8347D
  +--> ?PR?_LCD_SETPOINT?HX8347D

?PR?SQRT?SQRT                            -----    -----      -----    -----      0021H    0004H

*** NEW ROOT ***************************************************

?PR?TIMER_ROUTINE?TIMER                  -----    -----      -----    -----      -----    -----
  +--> ?PR?_ISATCMD?ATCMD
  +--> ?PR?_ALERT?GUI



SYMBOL TABLE OF MODULE:  .\Object\×ÏÒ«OS (?C_STARTUP)

  VALUE           TYPE          NAME
  ----------------------------------

  -------         MODULE        ?C_STARTUP
  C:58B4H         SEGMENT       ?C_C51STARTUP
  I:0022H         SEGMENT       ?STACK
  C:0000H         PUBLIC        ?C_STARTUP
  D:00E0H         SYMBOL        ACC
  D:00F0H         SYMBOL        B
  D:0083H         SYMBOL        DPH
  D:0082H         SYMBOL        DPL
  N:0000H         SYMBOL        IBPSTACK
  N:0100H         SYMBOL        IBPSTACKTOP
  N:0080H         SYMBOL        IDATALEN
  C:58B7H         SYMBOL        IDATALOOP
  N:0000H         SYMBOL        PBPSTACK
  N:0100H         SYMBOL        PBPSTACKTOP
  N:0000H         SYMBOL        PDATALEN
  N:0000H         SYMBOL        PDATASTART
  N:0000H         SYMBOL        PPAGE
  N:0000H         SYMBOL        PPAGEENABLE
  D:00A0H         SYMBOL        PPAGE_SFR
  D:0081H         SYMBOL        SP
  C:58B4H         SYMBOL        STARTUP1
  N:0000H         SYMBOL        XBPSTACK
BL51 BANKED LINKER/LOCATER V6.22                                                      06/22/2015  15:47:46  PAGE 13


  N:0000H         SYMBOL        XBPSTACKTOP
  N:0000H         SYMBOL        XDATALEN
  N:0000H         SYMBOL        XDATASTART
  C:0000H         LINE#         126
  C:58B4H         LINE#         133
  C:58B6H         LINE#         134
  C:58B7H         LINE#         135
  C:58B8H         LINE#         136
  C:58BAH         LINE#         185
  C:58BDH         LINE#         196
  -------         ENDMOD        ?C_STARTUP

  -------         MODULE        MAIN
  C:0000H         SYMBOL        _ICE_DUMMY_
  D:0080H         PUBLIC        P0
  D:0090H         PUBLIC        P1
  D:00A0H         PUBLIC        P2
  D:00A8H         PUBLIC        IE
  D:00B8H         PUBLIC        IP
  D:00D8H         PUBLIC        CCON
  C:5FF3H         PUBLIC        main
  D:0098H         PUBLIC        SCON
  D:0088H         PUBLIC        TCON
  D:00D0H         PUBLIC        PSW
  -------         PROC          MAIN
  C:5FF3H         LINE#         18
  C:5FF3H         LINE#         19
  C:5FF3H         LINE#         21
  C:5FF6H         LINE#         22
  C:5FF9H         LINE#         23
  C:5FFCH         LINE#         24
  C:5FFFH         LINE#         25
  C:6002H         LINE#         26
  C:6007H         LINE#         27
  C:600AH         LINE#         29
  C:600DH         LINE#         30
  C:6010H         LINE#         36
  -------         ENDPROC       MAIN
  -------         ENDMOD        MAIN

  -------         MODULE        W25QXX
  C:0000H         SYMBOL        _ICE_DUMMY_
  D:0080H         PUBLIC        P0
  D:0090H         PUBLIC        P1
  D:00A0H         PUBLIC        P2
  B:00A0H.7       PUBLIC        CE
  C:628CH         PUBLIC        W25Qxx_Write_Disable
  C:5827H         PUBLIC        ftinfo
  D:00A8H         PUBLIC        IE
  D:00B8H         PUBLIC        IP
  C:45D7H         PUBLIC        _Show_Font
  D:00D8H         PUBLIC        CCON
  X:02EEH         PUBLIC        W25Qxx_TYPE
  D:0098H         PUBLIC        SCON
  D:0088H         PUBLIC        TCON
  B:0080H.1       PUBLIC        W25Qxx_CLK
  C:42C9H         PUBLIC        _Show_Str
BL51 BANKED LINKER/LOCATER V6.22                                                      06/22/2015  15:47:46  PAGE 14


  C:5873H         SYMBOL        _?ix1000
  C:5F7FH         PUBLIC        font_init
  C:613FH         PUBLIC        W25Qxx_Read_Byte
  C:5ABAH         PUBLIC        _W25Qxx_Read
  C:5F11H         PUBLIC        _W25Qxx_Write_Byte
  C:3B93H         PUBLIC        _Get_HzMat
  C:310FH         PUBLIC        _Show_ASCII
  C:5D9FH         PUBLIC        W25Qxx_ReadID
  B:0080H.2       PUBLIC        W25Qxx_DI
  B:0080H.3       PUBLIC        W25Qxx_DO
  B:00A0H.4       PUBLIC        W25Qxx_CS
  D:00D0H         PUBLIC        PSW
  -------         PROC          L?0121
  -------         ENDPROC       L?0121
  -------         PROC          _W25QXX_WRITE_BYTE
  D:0007H         SYMBOL        value
  -------         DO            
  D:0006H         SYMBOL        i
  -------         ENDDO         
  C:5F11H         LINE#         32
  C:5F11H         LINE#         33
  C:5F11H         LINE#         35
  C:5F13H         LINE#         36
  C:5F13H         LINE#         37
  C:5F17H         LINE#         38
  C:5F1BH         LINE#         40
  C:5F1DH         LINE#         42
  C:5F1FH         LINE#         43
  C:5F23H         LINE#         44
  C:5F25H         LINE#         45
  C:5F2AH         LINE#         46
  -------         ENDPROC       _W25QXX_WRITE_BYTE
  -------         PROC          W25QXX_READ_BYTE
  -------         DO            
  D:0007H         SYMBOL        temp
  D:0006H         SYMBOL        tt
  D:0005H         SYMBOL        i
  -------         ENDDO         
  C:613FH         LINE#         53
  C:613FH         LINE#         54
  C:613FH         LINE#         55
  C:6141H         LINE#         56
  C:6141H         LINE#         59
  C:6142H         LINE#         60
  C:6142H         LINE#         61
  C:6144H         LINE#         62
  C:6146H         LINE#         63
  C:614BH         LINE#         64
  C:6150H         LINE#         65
  C:6155H         LINE#         66
  C:6155H         LINE#         67
  -------         ENDPROC       W25QXX_READ_BYTE
  -------         PROC          W25QXX_READID
  -------         DO            
  X:0014H         SYMBOL        Temp
  -------         ENDDO         
  C:5D9FH         LINE#         73
BL51 BANKED LINKER/LOCATER V6.22                                                      06/22/2015  15:47:46  PAGE 15


  C:5D9FH         LINE#         74
  C:5D9FH         LINE#         75
  C:5DA6H         LINE#         76
  C:5DA8H         LINE#         77
  C:5DADH         LINE#         78
  C:5DB2H         LINE#         79
  C:5DB7H         LINE#         80
  C:5DBCH         LINE#         81
  C:5DCAH         LINE#         82
  C:5DDFH         LINE#         83
  C:5DE1H         LINE#         84
  C:5DE1H         LINE#         85
  -------         ENDPROC       W25QXX_READID
  -------         PROC          W25QXX_WRITE_DISABLE
  C:628CH         LINE#         90
  C:628CH         LINE#         91
  C:628CH         LINE#         92
  C:628EH         LINE#         93
  C:6293H         LINE#         94
  C:6295H         LINE#         95
  -------         ENDPROC       W25QXX_WRITE_DISABLE
  -------         PROC          _W25QXX_READ
  X:0291H         SYMBOL        pBuffer
  X:0294H         SYMBOL        ReadAddr
  X:0298H         SYMBOL        NumByteToRead
  -------         DO            
  X:029AH         SYMBOL        i
  -------         ENDDO         
  C:5ABAH         LINE#         103
  C:5AC9H         LINE#         104
  C:5AC9H         LINE#         106
  C:5ACBH         LINE#         107
  C:5ACDH         LINE#         108
  C:5AD2H         LINE#         109
  C:5AD7H         LINE#         110
  C:5ADCH         LINE#         111
  C:5AE7H         LINE#         112
  C:5B03H         LINE#         113
  C:5B03H         LINE#         114
  C:5B20H         LINE#         115
  C:5B30H         LINE#         116
  C:5B32H         LINE#         117
  -------         ENDPROC       _W25QXX_READ
  -------         PROC          FONT_INIT
  C:5F7FH         LINE#         123
  C:5F7FH         LINE#         124
  C:5F7FH         LINE#         125
  C:5F82H         LINE#         126
  C:5F8DH         LINE#         127
  C:5FA2H         LINE#         128
  C:5FA4H         LINE#         129
  C:5FA6H         LINE#         130
  -------         ENDPROC       FONT_INIT
  -------         PROC          _GET_HZMAT
  X:0283H         SYMBOL        gbcode
  X:0286H         SYMBOL        mat
  X:0289H         SYMBOL        gbsize
BL51 BANKED LINKER/LOCATER V6.22                                                      06/22/2015  15:47:46  PAGE 16


  -------         DO            
  X:028AH         SYMBOL        qh
  X:028BH         SYMBOL        ql
  X:028CH         SYMBOL        i
  X:028DH         SYMBOL        foffset
  -------         ENDDO         
  C:3B93H         LINE#         137
  C:3B9EH         LINE#         138
  C:3B9EH         LINE#         142
  C:3BA6H         LINE#         143
  C:3BBDH         LINE#         144
  C:3BD4H         LINE#         145
  C:3BD4H         LINE#         146
  C:3C11H         LINE#         148
  C:3C11H         LINE#         149
  C:3C20H         LINE#         150
  C:3C27H         LINE#         151
  C:3C2EH         LINE#         153
  C:3C36H         LINE#         154
  C:3C36H         LINE#         155
  C:3C6CH         LINE#         156
  C:3C92H         LINE#         157
  C:3C95H         LINE#         158
  C:3C9DH         LINE#         159
  C:3C9DH         LINE#         160
  C:3CD3H         LINE#         161
  C:3CF9H         LINE#         162
  C:3CFCH         LINE#         163
  C:3D04H         LINE#         164
  C:3D04H         LINE#         165
  C:3D3AH         LINE#         166
  C:3D60H         LINE#         167
  C:3D62H         LINE#         168
  C:3D6AH         LINE#         169
  C:3D6AH         LINE#         170
  C:3DA0H         LINE#         171
  C:3DD5H         LINE#         172
  C:3DD5H         LINE#         173
  -------         ENDPROC       _GET_HZMAT
  -------         PROC          _SHOW_ASCII
  X:016DH         SYMBOL        x
  X:016FH         SYMBOL        y
  X:0171H         SYMBOL        num
  X:0172H         SYMBOL        gbsize
  X:0173H         SYMBOL        p_color
  X:0175H         SYMBOL        b_color
  -------         DO            
  X:0177H         SYMBOL        temp
  X:0178H         SYMBOL        t1
  X:0179H         SYMBOL        t
  X:017AH         SYMBOL        max_t
  X:017BH         SYMBOL        mat
  X:01BCH         SYMBOL        y0
  X:01BEH         SYMBOL        temp_addr
  X:01C2H         SYMBOL        offset
  -------         ENDDO         
  C:310FH         LINE#         180
BL51 BANKED LINKER/LOCATER V6.22                                                      06/22/2015  15:47:46  PAGE 17


  C:3120H         LINE#         181
  C:3120H         LINE#         183
  C:3133H         LINE#         184
  C:3142H         LINE#         186
  C:3156H         LINE#         188
  C:315DH         LINE#         189
  C:315DH         LINE#         190
  C:317AH         LINE#         191
  C:3180H         LINE#         192
  C:3183H         LINE#         193
  C:3186H         LINE#         194
  C:318DH         LINE#         195
  C:318DH         LINE#         196
  C:31AAH         LINE#         197
  C:31B0H         LINE#         198
  C:31B3H         LINE#         199
  C:31B6H         LINE#         200
  C:31BDH         LINE#         201
  C:31BDH         LINE#         202
  C:31DAH         LINE#         203
  C:31E0H         LINE#         204
  C:31E3H         LINE#         205
  C:31E5H         LINE#         206
  C:31ECH         LINE#         207
  C:31ECH         LINE#         208
  C:3209H         LINE#         209
  C:320FH         LINE#         210
  C:3212H         LINE#         211
  C:3214H         LINE#         213
  C:321BH         LINE#         214
  C:321BH         LINE#         215
  C:3238H         LINE#         216
  C:323EH         LINE#         217
  C:324AH         LINE#         218
  C:324AH         LINE#         220
  C:3284H         LINE#         222
  C:329AH         LINE#         223
  C:329AH         LINE#         224
  C:32A9H         LINE#         225
  C:32B9H         LINE#         226
  C:32B9H         LINE#         227
  C:32C1H         LINE#         228
  C:32C1H         LINE#         229
  C:32D2H         LINE#         230
  C:32D4H         LINE#         232
  C:3300H         LINE#         233
  C:3302H         LINE#         235
  C:3302H         LINE#         236
  C:3318H         LINE#         237
  C:3330H         LINE#         239
  C:3352H         LINE#         240
  C:3352H         LINE#         242
  C:3360H         LINE#         243
  C:3370H         LINE#         245
  C:338CH         LINE#         246
  C:338CH         LINE#         247
  C:3394H         LINE#         248
BL51 BANKED LINKER/LOCATER V6.22                                                      06/22/2015  15:47:46  PAGE 18


  C:33A2H         LINE#         249
  C:33B2H         LINE#         251
  C:33B2H         LINE#         252
  C:33BBH         LINE#         253
  C:33C4H         LINE#         254
  -------         ENDPROC       _SHOW_ASCII
  -------         PROC          _SHOW_FONT
  X:016DH         SYMBOL        x
  X:016FH         SYMBOL        y
  D:0001H         SYMBOL        font
  X:0174H         SYMBOL        gbsize
  X:0175H         SYMBOL        p_color
  X:0177H         SYMBOL        b_color
  -------         DO            
  X:0179H         SYMBOL        temp
  X:017BH         SYMBOL        t
  X:017DH         SYMBOL        t1
  X:017FH         SYMBOL        max_t
  X:0181H         SYMBOL        y0
  X:0183H         SYMBOL        dzk
  -------         ENDDO         
  C:45D7H         LINE#         262
  C:45E5H         LINE#         263
  C:45E5H         LINE#         265
  C:45EDH         LINE#         267
  C:4608H         LINE#         270
  C:461CH         LINE#         272
  C:462FH         LINE#         273
  C:463EH         LINE#         274
  C:464DH         LINE#         277
  C:466DH         LINE#         278
  C:466DH         LINE#         279
  C:4681H         LINE#         280
  C:4688H         LINE#         281
  C:4688H         LINE#         282
  C:468FH         LINE#         283
  C:468FH         LINE#         284
  C:46A5H         LINE#         285
  C:46A7H         LINE#         287
  C:46A7H         LINE#         288
  C:46C9H         LINE#         289
  C:46C9H         LINE#         291
  C:46D6H         LINE#         292
  C:46E4H         LINE#         293
  C:4706H         LINE#         294
  C:4706H         LINE#         295
  C:470EH         LINE#         296
  C:471CH         LINE#         297
  C:471EH         LINE#         298
  C:471EH         LINE#         299
  C:473EH         LINE#         300
  C:474FH         LINE#         301
  -------         ENDPROC       _SHOW_FONT
  -------         PROC          _SHOW_STR
  X:0160H         SYMBOL        x
  X:0162H         SYMBOL        y
  X:0164H         SYMBOL        str
BL51 BANKED LINKER/LOCATER V6.22                                                      06/22/2015  15:47:46  PAGE 19


  X:0167H         SYMBOL        gbsize
  X:0168H         SYMBOL        p_color
  X:016AH         SYMBOL        b_color
  -------         DO            
  X:016CH         SYMBOL        bHz
  -------         ENDDO         
  C:42C9H         LINE#         309
  C:42E0H         LINE#         310
  C:42E0H         LINE#         311
  C:42E5H         LINE#         312
  C:42F9H         LINE#         313
  C:42F9H         LINE#         314
  C:4302H         LINE#         315
  C:4302H         LINE#         316
  C:4308H         LINE#         317
  C:430DH         LINE#         319
  C:430DH         LINE#         320
  C:4320H         LINE#         321
  C:4355H         LINE#         322
  C:435FH         LINE#         324
  C:4367H         LINE#         325
  C:436FH         LINE#         327
  C:4380H         LINE#         329
  C:4392H         LINE#         330
  C:4392H         LINE#         331
  C:439CH         LINE#         332
  C:43ADH         LINE#         333
  C:43ADH         LINE#         334
  C:43ADH         LINE#         335
  C:43ADH         LINE#         336
  C:43B0H         LINE#         338
  C:43B0H         LINE#         339
  C:43B5H         LINE#         341
  C:43C8H         LINE#         343
  C:4402H         LINE#         344
  C:440CH         LINE#         345
  C:441FH         LINE#         347
  C:442FH         LINE#         348
  C:442FH         LINE#         349
  C:443AH         LINE#         350
  C:4446H         LINE#         351
  C:444DH         LINE#         352
  C:444DH         LINE#         353
  C:444DH         LINE#         354
  C:4450H         LINE#         355
  -------         ENDPROC       _SHOW_STR
  -------         ENDMOD        W25QXX

  -------         MODULE        HX8347D
  C:0000H         SYMBOL        _ICE_DUMMY_
  D:0080H         PUBLIC        P0
  D:0090H         PUBLIC        P1
  X:02F0H         PUBLIC        LCD_id
  D:00A0H         PUBLIC        P2
  D:00B0H         PUBLIC        P3
  D:00A8H         PUBLIC        IE
  D:00B8H         PUBLIC        IP
BL51 BANKED LINKER/LOCATER V6.22                                                      06/22/2015  15:47:46  PAGE 20


  C:1C3DH         PUBLIC        asc2_1608
  C:6241H         PUBLIC        _LCD_WR_REG
  C:54CDH         PUBLIC        _LCD_Clear
  C:62AEH         SYMBOL        _LCD_WriteRAM
  D:00D8H         PUBLIC        CCON
  C:4B22H         PUBLIC        _show_picture
  C:3DD6H         PUBLIC        LCD_Initializtion
  D:0098H         PUBLIC        SCON
  C:2E2DH         PUBLIC        _LCD_DrawEBox
  D:0088H         PUBLIC        TCON
  C:4E98H         PUBLIC        _PutChar
  B:0090H.4       PUBLIC        LCD_CS
  C:391FH         PUBLIC        _LCD_DrawLine
  C:5F36H         SYMBOL        _delay_ms
  C:617CH         SYMBOL        LCD_WriteRAM_Prepare
  C:611AH         PUBLIC        _LCD_WR_DATA
  B:0090H.5       PUBLIC        LCD_RS
  B:0090H.6       PUBLIC        LCD_WR
  C:6227H         SYMBOL        _LCD_WriteReg
  C:5E69H         SYMBOL        _LCD_SetCursor
  C:5417H         PUBLIC        _GUI_Text
  C:519BH         PUBLIC        _LCD_DrawBox
  C:5C81H         PUBLIC        _LCD_SetPoint
  B:00A0H.4       PUBLIC        W25Qxx_CS
  D:00D0H         PUBLIC        PSW
  -------         PROC          _LCD_WR_REG
  D:0007H         SYMBOL        dat
  C:6241H         LINE#         13
  C:6241H         LINE#         14
  C:6241H         LINE#         15
  C:6243H         LINE#         16
  C:6245H         LINE#         17
  C:6247H         LINE#         18
  C:6249H         LINE#         19
  C:624BH         LINE#         20
  C:624DH         LINE#         21
  -------         ENDPROC       _LCD_WR_REG
  -------         PROC          L?0111
  -------         ENDPROC       L?0111
  -------         PROC          _LCD_WR_DATA
  D:0006H         SYMBOL        dat
  C:611AH         LINE#         23
  C:611AH         LINE#         24
  C:611AH         LINE#         25
  C:611CH         LINE#         26
  C:611EH         LINE#         27
  C:6120H         LINE#         28
  C:6122H         LINE#         29
  C:6124H         LINE#         30
  C:6126H         LINE#         31
  -------         ENDPROC       _LCD_WR_DATA
  -------         PROC          L?0113
  -------         ENDPROC       L?0113
  -------         PROC          _LCD_WRITEREG
  D:0007H         SYMBOL        LCD_Reg
  D:0004H         SYMBOL        LCD_RegValue
  C:6227H         LINE#         42
BL51 BANKED LINKER/LOCATER V6.22                                                      06/22/2015  15:47:46  PAGE 21


  C:6227H         LINE#         43
  C:6227H         LINE#         44
  C:622AH         LINE#         45
  -------         ENDPROC       _LCD_WRITEREG
  C:6174H         SYMBOL        L?0108
  -------         PROC          L?0107
  -------         ENDPROC       L?0107
  C:6174H         SYMBOL        L?0108
  -------         PROC          LCD_WRITERAM_PREPARE
  C:617CH         LINE#         57
  C:617CH         LINE#         58
  C:617CH         LINE#         59
  -------         ENDPROC       LCD_WRITERAM_PREPARE
  -------         PROC          _LCD_WRITERAM
  D:0006H         SYMBOL        RGB_Code
  C:62AEH         LINE#         70
  C:62AEH         LINE#         71
  C:62AEH         LINE#         73
  -------         ENDPROC       _LCD_WRITERAM
  -------         PROC          L?0112
  -------         ENDPROC       L?0112
  -------         PROC          _LCD_SETCURSOR
  D:0082H         SYMBOL        Xpos
  D:0002H         SYMBOL        Ypos
  C:5E69H         LINE#         86
  C:5E71H         LINE#         87
  C:5E71H         LINE#         99
  C:5E7BH         LINE#         100
  C:5E85H         LINE#         101
  C:5E8EH         LINE#         102
  -------         ENDPROC       _LCD_SETCURSOR
  C:5F2BH         SYMBOL        L?0110
  -------         PROC          L?0109
  -------         ENDPROC       L?0109
  C:5F2BH         SYMBOL        L?0110
  -------         PROC          _DELAY_MS
  D:0006H         SYMBOL        ms
  -------         DO            
  D:0004H         SYMBOL        i
  D:0002H         SYMBOL        j
  -------         ENDDO         
  C:5F36H         LINE#         114
  C:5F36H         LINE#         115
  C:5F36H         LINE#         117
  C:5F40H         LINE#         118
  C:5F40H         LINE#         119
  C:5F4EH         LINE#         120
  C:5F55H         LINE#         121
  -------         ENDPROC       _DELAY_MS
  -------         PROC          LCD_INITIALIZTION
  -------         DO            
  D:0082H         SYMBOL        DeviceCode
  -------         ENDDO         
  C:3DD6H         LINE#         131
  C:3DD6H         LINE#         132
  C:3DD6H         LINE#         133
  C:3DD6H         LINE#         136
BL51 BANKED LINKER/LOCATER V6.22                                                      06/22/2015  15:47:46  PAGE 22


  C:3DDDH         LINE#         137
  C:3DE6H         LINE#         138
  C:3DECH         LINE#         141
  C:3DEFH         LINE#         142
  C:3DF4H         LINE#         144
  C:3DFFH         LINE#         145
  C:3DFFH         LINE#         149
  C:3E06H         LINE#         150
  C:3E0DH         LINE#         151
  C:3E14H         LINE#         152
  C:3E1BH         LINE#         153
  C:3E22H         LINE#         155
  C:3E29H         LINE#         156
  C:3E30H         LINE#         157
  C:3E37H         LINE#         158
  C:3E3EH         LINE#         160
  C:3E44H         LINE#         161
  C:3E49H         LINE#         162
  C:3E4FH         LINE#         163
  C:3E56H         LINE#         164
  C:3E5DH         LINE#         165
  C:3E64H         LINE#         166
  C:3E6BH         LINE#         167
  C:3E72H         LINE#         168
  C:3E79H         LINE#         169
  C:3E80H         LINE#         170
  C:3E87H         LINE#         171
  C:3E8CH         LINE#         172
  C:3E93H         LINE#         174
  C:3E9AH         LINE#         175
  C:3EA1H         LINE#         176
  C:3EA8H         LINE#         177
  C:3EAFH         LINE#         178
  C:3EB5H         LINE#         179
  C:3EBAH         LINE#         180
  C:3EC1H         LINE#         181
  C:3EC8H         LINE#         182
  C:3ECFH         LINE#         183
  C:3ED6H         LINE#         184
  C:3EDBH         LINE#         185
  C:3EE2H         LINE#         186
  C:3EE9H         LINE#         187
  C:3EF0H         LINE#         190
  C:3EF7H         LINE#         191
  C:3EFEH         LINE#         192
  C:3F05H         LINE#         193
  C:3F0CH         LINE#         194
  C:3F13H         LINE#         197
  C:3F17H         LINE#         198
  C:3F1AH         LINE#         199
  C:3F21H         LINE#         200
  C:3F27H         LINE#         201
  C:3F29H         LINE#         202
  C:3F2CH         LINE#         203
  C:3F2EH         LINE#         204
  C:3F31H         LINE#         205
  C:3F33H         LINE#         206
BL51 BANKED LINKER/LOCATER V6.22                                                      06/22/2015  15:47:46  PAGE 23


  C:3F36H         LINE#         208
  C:3F3FH         LINE#         210
  C:3F46H         LINE#         211
  C:3F4DH         LINE#         212
  C:3F53H         LINE#         213
  C:3F5AH         LINE#         218
  C:3F61H         LINE#         219
  C:3F66H         LINE#         220
  C:3F6BH         LINE#         221
  C:3F72H         LINE#         222
  C:3F78H         LINE#         223
  C:3F7DH         LINE#         224
  C:3F83H         LINE#         225
  C:3F87H         LINE#         228
  C:3F8AH         LINE#         230
  C:3F8AH         LINE#         232
  -------         ENDPROC       LCD_INITIALIZTION
  -------         PROC          _LCD_CLEAR
  X:0021H         SYMBOL        Color
  -------         DO            
  X:0023H         SYMBOL        index
  X:0027H         SYMBOL        i
  -------         ENDDO         
  C:54CDH         LINE#         245
  C:54D5H         LINE#         246
  C:54D5H         LINE#         247
  C:54DDH         LINE#         248
  C:54E5H         LINE#         249
  C:54E8H         LINE#         251
  C:550DH         LINE#         252
  C:550DH         LINE#         253
  C:5531H         LINE#         254
  C:5531H         LINE#         255
  C:5534H         LINE#         256
  C:5537H         LINE#         257
  C:5558H         LINE#         258
  C:557AH         LINE#         259
  -------         ENDPROC       _LCD_CLEAR
  C:5C6BH         SYMBOL        L?0104
  C:5C73H         SYMBOL        L?0105
  C:5C79H         SYMBOL        L?0106
  -------         PROC          L?0103
  -------         ENDPROC       L?0103
  C:5C6BH         SYMBOL        L?0104
  C:5C73H         SYMBOL        L?0105
  C:5C79H         SYMBOL        L?0106
  -------         PROC          _LCD_SETPOINT
  X:0283H         SYMBOL        Xpos
  D:0004H         SYMBOL        Ypos
  X:0285H         SYMBOL        point
  C:5C81H         LINE#         293
  C:5C91H         LINE#         294
  C:5C91H         LINE#         295
  C:5CA2H         LINE#         296
  C:5CA2H         LINE#         298
  C:5CA2H         LINE#         299
  C:5CA5H         LINE#         300
BL51 BANKED LINKER/LOCATER V6.22                                                      06/22/2015  15:47:46  PAGE 24


  C:5CA8H         LINE#         301
  C:5CB2H         LINE#         302
  C:5CBAH         LINE#         303
  -------         ENDPROC       _LCD_SETPOINT
  -------         PROC          _LCD_DRAWLINE
  X:0027H         SYMBOL        x0
  X:0029H         SYMBOL        y0
  X:002BH         SYMBOL        x1
  X:002DH         SYMBOL        y1
  X:002FH         SYMBOL        color
  -------         DO            
  X:0031H         SYMBOL        dx
  X:0033H         SYMBOL        dy
  X:0035H         SYMBOL        temp
  -------         ENDDO         
  C:391FH         LINE#         317
  C:3937H         LINE#         318
  C:3937H         LINE#         322
  C:393EH         LINE#         323
  C:393EH         LINE#         324
  C:394EH         LINE#         325
  C:395DH         LINE#         326
  C:3965H         LINE#         327
  C:3965H         LINE#         328
  C:397BH         LINE#         329
  C:397BH         LINE#         330
  C:3983H         LINE#         331
  C:398BH         LINE#         332
  C:3993H         LINE#         333
  C:3993H         LINE#         335
  C:39B0H         LINE#         336
  C:39CBH         LINE#         338
  C:39CFH         LINE#         339
  C:39CFH         LINE#         341
  C:39CFH         LINE#         342
  C:39D2H         LINE#         343
  C:39E0H         LINE#         344
  C:39E0H         LINE#         345
  C:39F6H         LINE#         347
  C:39F6H         LINE#         348
  C:3A00H         LINE#         349
  C:3A00H         LINE#         351
  C:3A00H         LINE#         352
  C:3A03H         LINE#         353
  C:3A11H         LINE#         354
  C:3A11H         LINE#         355
  C:3A27H         LINE#         357
  C:3A27H         LINE#         359
  C:3A46H         LINE#         360
  C:3A46H         LINE#         361
  C:3A5AH         LINE#         362
  C:3A74H         LINE#         363
  C:3A74H         LINE#         364
  C:3A77H         LINE#         365
  C:3A85H         LINE#         366
  C:3A96H         LINE#         367
  C:3A96H         LINE#         368
BL51 BANKED LINKER/LOCATER V6.22                                                      06/22/2015  15:47:46  PAGE 25


  C:3AA4H         LINE#         369
  C:3AC4H         LINE#         370
  C:3AC6H         LINE#         372
  C:3AC6H         LINE#         373
  C:3ADFH         LINE#         374
  C:3ADFH         LINE#         375
  C:3AE2H         LINE#         379
  C:3AE2H         LINE#         380
  C:3B02H         LINE#         381
  C:3B19H         LINE#         382
  C:3B19H         LINE#         383
  C:3B24H         LINE#         384
  C:3B32H         LINE#         385
  C:3B43H         LINE#         386
  C:3B43H         LINE#         387
  C:3B51H         LINE#         388
  C:3B71H         LINE#         389
  C:3B73H         LINE#         391
  C:3B73H         LINE#         392
  C:3B8CH         LINE#         393
  C:3B8CH         LINE#         394
  C:3B8FH         LINE#         395
  C:3B92H         LINE#         396
  C:3B92H         LINE#         397
  -------         ENDPROC       _LCD_DRAWLINE
  -------         PROC          _PUTCHAR
  X:0049H         SYMBOL        x
  X:004BH         SYMBOL        y
  X:004DH         SYMBOL        num
  X:004EH         SYMBOL        p_color
  X:0050H         SYMBOL        b_color
  -------         DO            
  X:0052H         SYMBOL        temp
  X:0053H         SYMBOL        t1
  D:0001H         SYMBOL        t
  X:0054H         SYMBOL        y0
  -------         ENDDO         
  C:4E98H         LINE#         412
  C:4EADH         LINE#         413
  C:4EADH         LINE#         416
  C:4EB5H         LINE#         417
  C:4EBCH         LINE#         420
  C:4EBEH         LINE#         421
  C:4EBEH         LINE#         422
  C:4EE0H         LINE#         423
  C:4EE3H         LINE#         424
  C:4EE3H         LINE#         425
  C:4EEAH         LINE#         426
  C:4F02H         LINE#         428
  C:4F24H         LINE#         430
  C:4F2BH         LINE#         431
  C:4F39H         LINE#         432
  C:4F48H         LINE#         434
  C:4F63H         LINE#         435
  C:4F63H         LINE#         436
  C:4F68H         LINE#         437
  C:4F76H         LINE#         438
BL51 BANKED LINKER/LOCATER V6.22                                                      06/22/2015  15:47:46  PAGE 26


  C:4F86H         LINE#         440
  C:4F86H         LINE#         441
  C:4F95H         LINE#         442
  C:4F9EH         LINE#         443
  -------         ENDPROC       _PUTCHAR
  -------         PROC          _GUI_TEXT
  X:0017H         SYMBOL        Xpos
  X:0019H         SYMBOL        Ypos
  X:001BH         SYMBOL        str
  X:001EH         SYMBOL        Color
  X:0020H         SYMBOL        bkColor
  -------         DO            
  D:0003H         SYMBOL        TempChar
  -------         ENDDO         
  C:5417H         LINE#         457
  C:542EH         LINE#         458
  C:542EH         LINE#         461
  C:542EH         LINE#         462
  C:5442H         LINE#         463
  C:5473H         LINE#         464
  C:5482H         LINE#         465
  C:5482H         LINE#         466
  C:548AH         LINE#         467
  C:548CH         LINE#         468
  C:549FH         LINE#         469
  C:549FH         LINE#         470
  C:54A2H         LINE#         471
  C:54B0H         LINE#         472
  C:54B2H         LINE#         474
  C:54B2H         LINE#         475
  C:54B5H         LINE#         476
  C:54B9H         LINE#         477
  C:54B9H         LINE#         478
  C:54B9H         LINE#         479
  C:54CCH         LINE#         480
  -------         ENDPROC       _GUI_TEXT
  -------         PROC          _SHOW_PICTURE
  X:0002H         SYMBOL        x
  X:0004H         SYMBOL        y
  X:0006H         SYMBOL        width
  X:0008H         SYMBOL        high
  X:000AH         SYMBOL        ReadAddr
  -------         DO            
  X:000EH         SYMBOL        temp1
  X:000FH         SYMBOL        temp2
  X:0010H         SYMBOL        i
  X:0014H         SYMBOL        j
  -------         ENDDO         
  C:4B22H         LINE#         486
  C:4B36H         LINE#         487
  C:4B36H         LINE#         488
  C:4B3DH         LINE#         489
  C:4B47H         LINE#         490
  C:4B4DH         LINE#         491
  C:4B50H         LINE#         492
  C:4B52H         LINE#         493
  C:4B57H         LINE#         494
BL51 BANKED LINKER/LOCATER V6.22                                                      06/22/2015  15:47:46  PAGE 27


  C:4B6DH         LINE#         495
  C:4B83H         LINE#         496
  C:4B8EH         LINE#         497
  C:4BBAH         LINE#         498
  C:4BBAH         LINE#         499
  C:4BE3H         LINE#         500
  C:4BE3H         LINE#         501
  C:4BEBH         LINE#         502
  C:4BF3H         LINE#         503
  C:4BF8H         LINE#         504
  C:4BFEH         LINE#         505
  C:4C1FH         LINE#         506
  C:4C36H         LINE#         507
  C:4C39H         LINE#         508
  C:4C5BH         LINE#         509
  C:4C5DH         LINE#         510
  -------         ENDPROC       _SHOW_PICTURE
  -------         PROC          _LCD_DRAWBOX
  X:0160H         SYMBOL        x
  X:0162H         SYMBOL        y
  X:0164H         SYMBOL        width
  X:0166H         SYMBOL        high
  X:0168H         SYMBOL        color
  -------         DO            
  X:016AH         SYMBOL        i
  X:016EH         SYMBOL        j
  -------         ENDDO         
  C:519BH         LINE#         517
  C:51AFH         LINE#         518
  C:51AFH         LINE#         519
  C:51B9H         LINE#         520
  C:51BFH         LINE#         521
  C:51C2H         LINE#         522
  C:51EEH         LINE#         523
  C:51EEH         LINE#         524
  C:5217H         LINE#         525
  C:5217H         LINE#         526
  C:521AH         LINE#         527
  C:521DH         LINE#         528
  C:523EH         LINE#         529
  C:5255H         LINE#         530
  C:5258H         LINE#         531
  C:527AH         LINE#         533
  -------         ENDPROC       _LCD_DRAWBOX
  -------         PROC          _LCD_DRAWEBOX
  X:0017H         SYMBOL        x
  X:0019H         SYMBOL        y
  X:001BH         SYMBOL        width
  X:001DH         SYMBOL        high
  X:001FH         SYMBOL        color
  C:2E2DH         LINE#         540
  C:2E43H         LINE#         541
  C:2E43H         LINE#         542
  C:2E7CH         LINE#         543
  C:2EDEH         LINE#         544
  C:2F23H         LINE#         545
  C:2F7CH         LINE#         546
BL51 BANKED LINKER/LOCATER V6.22                                                      06/22/2015  15:47:46  PAGE 28


  C:2FD8H         LINE#         547
  C:3056H         LINE#         548
  C:30A9H         LINE#         549
  -------         ENDPROC       _LCD_DRAWEBOX
  -------         ENDMOD        HX8347D

  -------         MODULE        TOUCH
  C:0000H         SYMBOL        _ICE_DUMMY_
  D:0080H         PUBLIC        P0
  D:0090H         PUBLIC        P1
  D:00A0H         PUBLIC        P2
  X:029CH         PUBLIC        tp_dev
  C:60F4H         PUBLIC        _TP_Write_Byte
  C:50A4H         PUBLIC        _TP_Scan
  D:00A8H         PUBLIC        IE
  C:5CBBH         PUBLIC        _TP_Read_XY
  D:00B8H         PUBLIC        IP
  C:604EH         PUBLIC        TP_Init
  X:02BBH         PUBLIC        CMD_RDX
  D:00D8H         PUBLIC        CCON
  X:02BCH         PUBLIC        CMD_RDY
  B:0080H.1       PUBLIC        TCLK
  B:0080H.2       PUBLIC        TDIN
  D:0098H         PUBLIC        SCON
  D:0088H         PUBLIC        TCON
  B:0080H.3       PUBLIC        DOUT
  C:000EH         PUBLIC        TP_Default_Adj
  C:48B0H         PUBLIC        _TP_Read_XY2
  C:6031H         SYMBOL        _delay_us
  B:00A0H.5       PUBLIC        PEN
  C:4137H         PUBLIC        _TP_Read_XOY
  C:5D0AH         PUBLIC        _TP_Read_AD
  B:00A0H.6       PUBLIC        TCS
  C:13C3H         PUBLIC        TP_Adjust
  C:59BFH         PUBLIC        _TP_Draw_Big_Point
  C:49F2H         PUBLIC        _TP_Drow_Touch_Point
  D:00D0H         PUBLIC        PSW
  -------         PROC          _DELAY_US
  D:0006H         SYMBOL        us
  -------         DO            
  D:0004H         SYMBOL        i
  -------         ENDDO         
  C:6031H         LINE#         31
  C:6031H         LINE#         32
  C:6031H         LINE#         34
  C:603CH         LINE#         35
  C:604DH         LINE#         36
  -------         ENDPROC       _DELAY_US
  -------         PROC          _TP_WRITE_BYTE
  D:0007H         SYMBOL        num
  -------         DO            
  D:0006H         SYMBOL        count
  -------         ENDDO         
  C:60F4H         LINE#         42
  C:60F4H         LINE#         43
  C:60F4H         LINE#         44
  C:60F6H         LINE#         45
BL51 BANKED LINKER/LOCATER V6.22                                                      06/22/2015  15:47:46  PAGE 29


  C:60F6H         LINE#         46
  C:60F6H         LINE#         47
  C:60FEH         LINE#         48
  C:6100H         LINE#         49
  C:6104H         LINE#         50
  C:6106H         LINE#         51
  C:6108H         LINE#         52
  C:610DH         LINE#         53
  -------         ENDPROC       _TP_WRITE_BYTE
  -------         PROC          _TP_READ_AD
  D:0007H         SYMBOL        CMD
  -------         DO            
  D:0005H         SYMBOL        count
  D:0002H         SYMBOL        Num
  -------         ENDDO         
  C:5D0AH         LINE#         60
  C:5D0AH         LINE#         61
  C:5D0AH         LINE#         62
  C:5D0CH         LINE#         63
  C:5D0EH         LINE#         64
  C:5D10H         LINE#         65
  C:5D12H         LINE#         66
  C:5D14H         LINE#         67
  C:5D17H         LINE#         68
  C:5D1EH         LINE#         69
  C:5D20H         LINE#         70
  C:5D27H         LINE#         71
  C:5D29H         LINE#         72
  C:5D2BH         LINE#         73
  C:5D2DH         LINE#         74
  C:5D2DH         LINE#         75
  C:5D34H         LINE#         76
  C:5D36H         LINE#         77
  C:5D38H         LINE#         78
  C:5D40H         LINE#         79
  C:5D45H         LINE#         80
  C:5D52H         LINE#         81
  C:5D54H         LINE#         82
  C:5D57H         LINE#         83
  -------         ENDPROC       _TP_READ_AD
  -------         PROC          _TP_READ_XOY
  D:0001H         SYMBOL        xy
  -------         DO            
  X:0033H         SYMBOL        i
  D:0004H         SYMBOL        j
  X:0035H         SYMBOL        buf
  X:003FH         SYMBOL        sum
  X:0041H         SYMBOL        temp
  -------         ENDDO         
  C:4137H         LINE#         93
  C:4139H         LINE#         94
  C:4139H         LINE#         97
  C:4140H         LINE#         99
  C:4188H         LINE#         100
  C:41A2H         LINE#         101
  C:41A2H         LINE#         102
  C:41B7H         LINE#         103
BL51 BANKED LINKER/LOCATER V6.22                                                      06/22/2015  15:47:46  PAGE 30


  C:41B7H         LINE#         104
  C:41EFH         LINE#         105
  C:41EFH         LINE#         106
  C:41F7H         LINE#         107
  C:4229H         LINE#         108
  C:4247H         LINE#         109
  C:4247H         LINE#         110
  C:424FH         LINE#         111
  C:4263H         LINE#         112
  C:426AH         LINE#         113
  C:42B3H         LINE#         114
  C:42C8H         LINE#         115
  C:42C8H         LINE#         116
  -------         ENDPROC       _TP_READ_XOY
  -------         PROC          _TP_READ_XY
  X:002BH         SYMBOL        x
  X:002EH         SYMBOL        y
  -------         DO            
  X:0031H         SYMBOL        xtemp
  D:0006H         SYMBOL        ytemp
  -------         ENDDO         
  C:5CBBH         LINE#         121
  C:5CC6H         LINE#         122
  C:5CC6H         LINE#         124
  C:5CD6H         LINE#         125
  C:5CDEH         LINE#         127
  C:5CF6H         LINE#         128
  C:5D07H         LINE#         129
  C:5D09H         LINE#         130
  -------         ENDPROC       _TP_READ_XY
  -------         PROC          L?0091
  -------         ENDPROC       L?0091
  -------         PROC          _TP_READ_XY2
  X:001DH         SYMBOL        x
  X:0020H         SYMBOL        y
  -------         DO            
  X:0023H         SYMBOL        x1
  X:0025H         SYMBOL        y1
  X:0027H         SYMBOL        x2
  X:0029H         SYMBOL        y2
  D:0007H         SYMBOL        flag
  -------         ENDDO         
  C:48B0H         LINE#         137
  C:48BBH         LINE#         138
  C:48BBH         LINE#         142
  C:48D2H         LINE#         143
  C:48D7H         LINE#         144
  C:48EEH         LINE#         145
  C:48F3H         LINE#         146
  C:4989H         LINE#         148
  C:4989H         LINE#         149
  C:49B2H         LINE#         150
  C:49DBH         LINE#         151
  C:49DEH         LINE#         152
  C:49E0H         LINE#         153
  -------         ENDPROC       _TP_READ_XY2
  C:49E1H         SYMBOL        L?0089
BL51 BANKED LINKER/LOCATER V6.22                                                      06/22/2015  15:47:46  PAGE 31


  C:49EAH         SYMBOL        L?0090
  -------         PROC          L?0088
  -------         ENDPROC       L?0088
  C:49E1H         SYMBOL        L?0089
  C:49EAH         SYMBOL        L?0090
  -------         PROC          _TP_DROW_TOUCH_POINT
  X:0021H         SYMBOL        x
  X:0023H         SYMBOL        y
  X:0025H         SYMBOL        color
  C:49F2H         LINE#         161
  C:4A0AH         LINE#         162
  C:4A0AH         LINE#         163
  C:4A43H         LINE#         164
  C:4A86H         LINE#         165
  C:4AADH         LINE#         166
  C:4AD4H         LINE#         167
  C:4AFBH         LINE#         168
  -------         ENDPROC       _TP_DROW_TOUCH_POINT
  -------         PROC          _TP_DRAW_BIG_POINT
  X:000FH         SYMBOL        x
  X:0011H         SYMBOL        y
  X:0013H         SYMBOL        color
  C:59BFH         LINE#         173
  C:59D3H         LINE#         174
  C:59D3H         LINE#         175
  C:59D6H         LINE#         176
  C:59F5H         LINE#         177
  C:5A16H         LINE#         178
  -------         ENDPROC       _TP_DRAW_BIG_POINT
  -------         PROC          _TP_SCAN
  D:0007H         SYMBOL        tp
  C:50A4H         LINE#         186
  C:50A4H         LINE#         187
  C:50A4H         LINE#         188
  C:50AAH         LINE#         189
  C:50AAH         LINE#         190
  C:50B3H         LINE#         191
  C:50BCH         LINE#         192
  C:50BCH         LINE#         193
  C:5103H         LINE#         194
  C:5148H         LINE#         195
  C:5148H         LINE#         196
  C:514FH         LINE#         197
  C:514FH         LINE#         198
  C:5152H         LINE#         199
  C:5161H         LINE#         200
  C:5170H         LINE#         201
  C:5170H         LINE#         202
  C:5172H         LINE#         203
  C:5172H         LINE#         204
  C:5179H         LINE#         205
  C:5179H         LINE#         206
  C:517CH         LINE#         207
  C:517EH         LINE#         208
  C:517EH         LINE#         209
  C:5185H         LINE#         210
  C:5189H         LINE#         211
BL51 BANKED LINKER/LOCATER V6.22                                                      06/22/2015  15:47:46  PAGE 32


  C:518FH         LINE#         212
  C:5193H         LINE#         213
  C:5193H         LINE#         214
  C:5193H         LINE#         215
  C:519AH         LINE#         216
  -------         ENDPROC       _TP_SCAN
  -------         PROC          TP_ADJUST
  -------         DO            
  X:0000H         SYMBOL        pos_temp
  X:0010H         SYMBOL        cnt
  X:0011H         SYMBOL        d1
  X:0013H         SYMBOL        d2
  X:0015H         SYMBOL        tem1
  X:0019H         SYMBOL        tem2
  X:001DH         SYMBOL        fac
  -------         ENDDO         
  C:13C3H         LINE#         221
  C:13C3H         LINE#         222
  C:13C3H         LINE#         224
  C:13C8H         LINE#         228
  C:13C9H         LINE#         229
  C:13D0H         LINE#         231
  C:13DFH         LINE#         232
  C:13E4H         LINE#         233
  C:13ECH         LINE#         234
  C:13ECH         LINE#         235
  C:13ECH         LINE#         236
  C:13FDH         LINE#         237
  C:1408H         LINE#         238
  C:1408H         LINE#         239
  C:140CH         LINE#         240
  C:142BH         LINE#         241
  C:1446H         LINE#         242
  C:144CH         LINE#         243
  C:145BH         LINE#         244
  C:145BH         LINE#         245
  C:145BH         LINE#         246
  C:146AH         LINE#         247
  C:1472H         LINE#         248
  C:1474H         LINE#         249
  C:1474H         LINE#         250
  C:147BH         LINE#         251
  C:1483H         LINE#         252
  C:1486H         LINE#         253
  C:1486H         LINE#         254
  C:1495H         LINE#         255
  C:14A1H         LINE#         256
  C:14A4H         LINE#         257
  C:14A4H         LINE#         259
  C:14C8H         LINE#         260
  C:14ECH         LINE#         261
  C:150AH         LINE#         262
  C:1528H         LINE#         263
  C:1560H         LINE#         265
  C:1584H         LINE#         266
  C:15A8H         LINE#         267
  C:15C6H         LINE#         268
BL51 BANKED LINKER/LOCATER V6.22                                                      06/22/2015  15:47:46  PAGE 33


  C:15E4H         LINE#         269
  C:161CH         LINE#         270
  C:1655H         LINE#         271
  C:16A1H         LINE#         272
  C:16A1H         LINE#         273
  C:16A1H         LINE#         274
  C:16A4H         LINE#         275
  C:16B0H         LINE#         276
  C:16B3H         LINE#         277
  C:16B3H         LINE#         278
  C:16D7H         LINE#         279
  C:16FBH         LINE#         280
  C:1719H         LINE#         281
  C:1737H         LINE#         282
  C:176FH         LINE#         284
  C:1793H         LINE#         285
  C:17B7H         LINE#         286
  C:17D5H         LINE#         287
  C:17F3H         LINE#         288
  C:182BH         LINE#         289
  C:1864H         LINE#         290
  C:189CH         LINE#         291
  C:189CH         LINE#         292
  C:189CH         LINE#         293
  C:189FH         LINE#         294
  C:18ABH         LINE#         295
  C:18AEH         LINE#         296
  C:18AEH         LINE#         298
  C:18D2H         LINE#         299
  C:18F6H         LINE#         300
  C:1914H         LINE#         301
  C:1932H         LINE#         302
  C:196AH         LINE#         304
  C:198EH         LINE#         305
  C:19B2H         LINE#         306
  C:19D0H         LINE#         307
  C:19EEH         LINE#         308
  C:1A26H         LINE#         309
  C:1A5FH         LINE#         310
  C:1A97H         LINE#         311
  C:1A97H         LINE#         312
  C:1A97H         LINE#         313
  C:1A9AH         LINE#         314
  C:1AA9H         LINE#         315
  C:1AACH         LINE#         316
  C:1AACH         LINE#         318
  C:1ADDH         LINE#         319
  C:1B2CH         LINE#         321
  C:1B5DH         LINE#         322
  C:1BACH         LINE#         323
  C:1BEAH         LINE#         324
  C:1BEAH         LINE#         325
  C:1BEAH         LINE#         326
  C:1BEDH         LINE#         327
  C:1BFCH         LINE#         328
  C:1C0DH         LINE#         329
  C:1C0FH         LINE#         330
BL51 BANKED LINKER/LOCATER V6.22                                                      06/22/2015  15:47:46  PAGE 34


  C:1C0FH         LINE#         331
  C:1C13H         LINE#         332
  C:1C17H         LINE#         333
  C:1C1AH         LINE#         334
  C:1C1AH         LINE#         335
  C:1C20H         LINE#         336
  C:1C24H         LINE#         337
  C:1C24H         LINE#         338
  C:1C27H         LINE#         339
  C:1C27H         LINE#         340
  C:1C2EH         LINE#         342
  C:1C35H         LINE#         343
  C:1C3CH         LINE#         345
  C:1C3CH         LINE#         346
  C:1C3CH         LINE#         347
  C:1C3CH         LINE#         348
  -------         ENDPROC       TP_ADJUST
  -------         PROC          TP_DEFAULT_ADJ
  C:000EH         LINE#         351
  C:000EH         LINE#         352
  C:000EH         LINE#         363
  C:0014H         LINE#         364
  C:0018H         LINE#         365
  C:0022H         LINE#         366
  C:002CH         LINE#         367
  C:0036H         LINE#         368
  C:0040H         LINE#         370
  -------         ENDPROC       TP_DEFAULT_ADJ
  -------         PROC          TP_INIT
  C:604EH         LINE#         372
  C:604EH         LINE#         373
  C:604EH         LINE#         375
  C:6065H         LINE#         377
  C:6068H         LINE#         378
  C:606AH         LINE#         379
  -------         ENDPROC       TP_INIT
  -------         ENDMOD        TOUCH

  -------         MODULE        DS1302
  C:0000H         SYMBOL        _ICE_DUMMY_
  D:0080H         PUBLIC        P0
  D:00A0H         PUBLIC        P2
  C:6136H         PUBLIC        Delay1ms
  B:00A0H.7       PUBLIC        CE
  D:00A8H         PUBLIC        IE
  D:00B8H         PUBLIC        IP
  D:00D8H         PUBLIC        CCON
  B:0080H.1       PUBLIC        SCLK
  D:0098H         PUBLIC        SCON
  D:0088H         PUBLIC        TCON
  C:5D58H         PUBLIC        _Read1302
  C:577FH         PUBLIC        _Ds1302_Read_Time
  C:5E22H         PUBLIC        _Write1302
  B:0080H.3       PUBLIC        DIO
  C:527BH         PUBLIC        _Ds1302_Write_Time
  C:6163H         PUBLIC        delay40us
  C:4C5EH         PUBLIC        _gettime
BL51 BANKED LINKER/LOCATER V6.22                                                      06/22/2015  15:47:46  PAGE 35


  C:620EH         PUBLIC        Ds1302_Init
  D:00D0H         PUBLIC        PSW
  C:6131H         SYMBOL        L?0037
  -------         PROC          L?0036
  -------         ENDPROC       L?0036
  C:6131H         SYMBOL        L?0037
  -------         PROC          DELAY1MS
  -------         DO            
  D:0007H         SYMBOL        i
  D:0006H         SYMBOL        j
  -------         ENDDO         
  C:6136H         LINE#         3
  C:6136H         LINE#         4
  C:6136H         LINE#         7
  C:6138H         LINE#         8
  C:613AH         LINE#         10
  C:613AH         LINE#         11
  C:613CH         LINE#         12
  C:613EH         LINE#         13
  -------         ENDPROC       DELAY1MS
  -------         PROC          _GETTIME
  X:0017H         SYMBOL        buf
  -------         DO            
  X:001AH         SYMBOL        temp
  -------         ENDDO         
  C:4C5EH         LINE#         15
  C:4C69H         LINE#         16
  C:4C69H         LINE#         18
  C:4C72H         LINE#         19
  C:4C82H         LINE#         20
  C:4C95H         LINE#         21
  C:4CA5H         LINE#         22
  C:4CB0H         LINE#         23
  C:4CB8H         LINE#         24
  C:4CC8H         LINE#         25
  C:4CD3H         LINE#         26
  C:4CDBH         LINE#         27
  C:4CEBH         LINE#         28
  C:4CF6H         LINE#         29
  C:4CFEH         LINE#         30
  C:4D0EH         LINE#         31
  C:4D19H         LINE#         32
  C:4D21H         LINE#         33
  C:4D31H         LINE#         34
  C:4D3CH         LINE#         35
  C:4D44H         LINE#         36
  C:4D54H         LINE#         37
  C:4D5FH         LINE#         38
  C:4D67H         LINE#         39
  C:4D75H         LINE#         40
  -------         ENDPROC       _GETTIME
  C:6157H         SYMBOL        L?0034
  C:615EH         SYMBOL        L?0035
  -------         PROC          L?0033
  -------         ENDPROC       L?0033
  C:6157H         SYMBOL        L?0034
  C:615EH         SYMBOL        L?0035
BL51 BANKED LINKER/LOCATER V6.22                                                      06/22/2015  15:47:46  PAGE 36


  -------         PROC          DELAY40US
  -------         DO            
  D:0007H         SYMBOL        i
[...]
  C:2D32H         LINE#         421
  C:2D70H         LINE#         422
  C:2DAAH         LINE#         423
  C:2DE4H         LINE#         424
  C:2E2AH         LINE#         425
  -------         ENDPROC       LED
  -------         ENDMOD        GUI

  -------         MODULE        18B20
  C:0000H         SYMBOL        _ICE_DUMMY_
BL51 BANKED LINKER/LOCATER V6.22                                                      06/22/2015  15:47:46  PAGE 48


  D:0080H         PUBLIC        P0
  D:00A8H         PUBLIC        IE
  C:5DE2H         PUBLIC        _ReadTemperature
  B:0080H.0       PUBLIC        DQ
  D:00B8H         PUBLIC        IP
  C:5FA7H         PUBLIC        Init_DS18B20
  C:606BH         PUBLIC        ReadOneChar
  D:00D8H         PUBLIC        CCON
  C:5E98H         PUBLIC        Read18b20
  C:61D4H         PUBLIC        _DelayMs
  C:6087H         PUBLIC        _WriteOneChar
  D:0098H         PUBLIC        SCON
  D:0088H         PUBLIC        TCON
  C:61C0H         PUBLIC        _DelayUs2x
  D:00D0H         PUBLIC        PSW
  -------         PROC          _DELAYUS2X
  D:0007H         SYMBOL        t
  -------         DO            
  D:0006H         SYMBOL        i
  -------         ENDDO         
  C:61C0H         LINE#         10
  C:61C0H         LINE#         11
  C:61C0H         LINE#         13
  C:61CCH         LINE#         14
  C:61CCH         LINE#         15
  C:61CEH         LINE#         16
  C:61D0H         LINE#         17
  C:61D3H         LINE#         18
  -------         ENDPROC       _DELAYUS2X
  -------         PROC          _DELAYMS
  D:0007H         SYMBOL        t
  -------         DO            
  D:0006H         SYMBOL        i
  D:0005H         SYMBOL        j
  -------         ENDDO         
  C:61D4H         LINE#         24
  C:61D4H         LINE#         25
  C:61D4H         LINE#         27
  C:61DAH         LINE#         28
  C:61DAH         LINE#         29
  C:61DBH         LINE#         30
  C:61DCH         LINE#         31
  C:61DEH         LINE#         32
  C:61E0H         LINE#         34
  C:61E0H         LINE#         35
  C:61E2H         LINE#         36
  C:61E4H         LINE#         37
  C:61E7H         LINE#         38
  -------         ENDPROC       _DELAYMS
  -------         PROC          INIT_DS18B20
  -------         DO            
  B:0020H.0       SYMBOL        dat
  -------         ENDDO         
  C:5FA7H         LINE#         43
  C:5FA7H         LINE#         44
  C:5FA7H         LINE#         45
  C:5FA9H         LINE#         46
BL51 BANKED LINKER/LOCATER V6.22                                                      06/22/2015  15:47:46  PAGE 49


  C:5FABH         LINE#         47
  C:5FB0H         LINE#         48
  C:5FB2H         LINE#         49
  C:5FB7H         LINE#         50
  C:5FBCH         LINE#         51
  C:5FBEH         LINE#         52
  C:5FC3H         LINE#         53
  C:5FC7H         LINE#         54
  C:5FCCH         LINE#         55
  C:5FCEH         LINE#         56
  -------         ENDPROC       INIT_DS18B20
  -------         PROC          READONECHAR
  -------         DO            
  D:0005H         SYMBOL        i
  D:0004H         SYMBOL        dat
  -------         ENDDO         
  C:606BH         LINE#         61
  C:606BH         LINE#         62
  C:606BH         LINE#         63
  C:606CH         LINE#         64
  C:606DH         LINE#         65
  C:606FH         LINE#         66
  C:606FH         LINE#         67
  C:6071H         LINE#         68
  C:6075H         LINE#         69
  C:6077H         LINE#         70
  C:607AH         LINE#         71
  C:607DH         LINE#         72
  C:6082H         LINE#         73
  C:6084H         LINE#         74
  C:6086H         LINE#         75
  -------         ENDPROC       READONECHAR
  -------         PROC          _WRITEONECHAR
  D:0005H         SYMBOL        dat
  -------         DO            
  D:0003H         SYMBOL        i
  -------         ENDDO         
  C:6087H         LINE#         79
  C:6089H         LINE#         80
  C:6089H         LINE#         81
  C:6089H         LINE#         82
  C:608BH         LINE#         83
  C:608BH         LINE#         84
  C:608DH         LINE#         85
  C:6091H         LINE#         86
  C:6096H         LINE#         87
  C:6098H         LINE#         88
  C:609CH         LINE#         89
  C:609EH         LINE#         90
  -------         ENDPROC       _WRITEONECHAR
  -------         PROC          READ18B20
  -------         DO            
  D:0003H         SYMBOL        a
  D:0006H         SYMBOL        b
  D:0004H         SYMBOL        t
  -------         ENDDO         
  C:5E98H         LINE#         96
BL51 BANKED LINKER/LOCATER V6.22                                                      06/22/2015  15:47:46  PAGE 50


  C:5E98H         LINE#         97
  C:5E98H         LINE#         98
  C:5E9AH         LINE#         99
  C:5E9CH         LINE#         100
  C:5E9EH         LINE#         101
  C:5EA1H         LINE#         102
  C:5EA6H         LINE#         103
  C:5EABH         LINE#         104
  C:5EB0H         LINE#         105
  C:5EB3H         LINE#         106
  C:5EB8H         LINE#         107
  C:5EBDH         LINE#         108
  C:5EC2H         LINE#         109
  C:5EC5H         LINE#         110
  C:5EC9H         LINE#         111
  C:5ECEH         LINE#         113
  C:5ED1H         LINE#         114
  -------         ENDPROC       READ18B20
  -------         PROC          _READTEMPERATURE
  X:0016H         SYMBOL        temper
  -------         DO            
  D:0006H         SYMBOL        temp
  D:0004H         SYMBOL        temperature
  -------         ENDDO         
  C:5DE2H         LINE#         115
  C:5DEDH         LINE#         116
  C:5DEDH         LINE#         119
  C:5DF0H         LINE#         120
  C:5E02H         LINE#         121
  -------         ENDPROC       _READTEMPERATURE
  -------         ENDMOD        18B20

  -------         MODULE        UART
  C:0000H         SYMBOL        _ICE_DUMMY_
  B:00A8H.7       PUBLIC        EA
  D:00A8H         PUBLIC        IE
  D:00B8H         PUBLIC        IP
  B:0021H.2       PUBLIC        flag
  D:00D8H         PUBLIC        CCON
  D:0098H         PUBLIC        SCON
  D:0088H         PUBLIC        TCON
  X:02D7H         PUBLIC        temp
  D:00AFH         PUBLIC        IE2
  D:008EH         PUBLIC        AUXR
  C:6013H         PUBLIC        InitUART
  D:009BH         PUBLIC        S2BUF
  C:61E8H         PUBLIC        _UART_SendStr
  C:6281H         PUBLIC        _UART_SendOneByte
  D:009AH         PUBLIC        S2CON
  D:009CH         PUBLIC        BRT
  X:02EBH         PUBLIC        p
  C:5BACH         PUBLIC        UART_Interrupt
  D:00D0H         PUBLIC        PSW
  -------         PROC          INITUART
  B:0020H.0       SYMBOL        bite
  C:6013H         LINE#         8
  C:6013H         LINE#         9
BL51 BANKED LINKER/LOCATER V6.22                                                      06/22/2015  15:47:46  PAGE 51


  C:6013H         LINE#         10
  C:6016H         LINE#         11
  C:6019H         LINE#         12
  C:601CH         LINE#         13
  C:6022H         LINE#         14
  C:6028H         LINE#         15
  C:602BH         LINE#         16
  C:602DH         LINE#         17
  C:6030H         LINE#         18
  -------         ENDPROC       INITUART
  -------         PROC          _UART_SENDONEBYTE
  D:0007H         SYMBOL        c
  C:6281H         LINE#         19
  C:6281H         LINE#         20
  C:6281H         LINE#         21
  C:6283H         LINE#         22
  C:6288H         LINE#         23
  C:628BH         LINE#         24
  -------         ENDPROC       _UART_SENDONEBYTE
  -------         PROC          _UART_SENDSTR
  D:0001H         SYMBOL        str
  C:61E8H         LINE#         25
  C:61E8H         LINE#         26
  C:61E8H         LINE#         27
  C:61EEH         LINE#         28
  C:61EEH         LINE#         29
  C:61F1H         LINE#         30
  C:61F8H         LINE#         31
  C:61FAH         LINE#         32
  -------         ENDPROC       _UART_SENDSTR
  -------         PROC          UART_INTERRUPT
  C:5BACH         LINE#         34
  C:5BC1H         LINE#         36
  C:5BD2H         LINE#         37
  C:5BD7H         LINE#         38
  C:5BD7H         LINE#         39
  C:5BD9H         LINE#         40
  C:5BDCH         LINE#         41
  C:5BECH         LINE#         43
  C:5BF6H         LINE#         44
  C:5C05H         LINE#         45
  C:5C05H         LINE#         46
  -------         ENDPROC       UART_INTERRUPT
  -------         ENDMOD        UART

  -------         MODULE        ATCMD
  C:0000H         SYMBOL        _ICE_DUMMY_
  D:0080H         PUBLIC        P0
  D:00A0H         PUBLIC        P2
  C:5940H         PUBLIC        _AT_DO
  D:00A8H         PUBLIC        IE
  D:00B8H         PUBLIC        IP
  D:00D8H         PUBLIC        CCON
  C:60A3H         PUBLIC        stime
  C:6296H         PUBLIC        link
  C:624EH         PUBLIC        SWLED1
  C:625BH         PUBLIC        SWLED2
BL51 BANKED LINKER/LOCATER V6.22                                                      06/22/2015  15:47:46  PAGE 52


  C:6268H         PUBLIC        SWLED3
  D:0098H         PUBLIC        SCON
  D:0088H         PUBLIC        TCON
  C:629FH         PUBLIC        ATErr
  C:558DH         PUBLIC        at
  C:61FBH         PUBLIC        _IsATCmd
  C:6181H         PUBLIC        OFFLed
  C:60BEH         PUBLIC        stempert
  D:00D0H         PUBLIC        PSW
  -------         PROC          _AT_DO
  X:0009H         SYMBOL        at_str
  -------         DO            
  X:000CH         SYMBOL        i
  -------         ENDDO         
  C:5940H         LINE#         49
  C:594BH         LINE#         50
  C:594BH         LINE#         52
  C:5955H         LINE#         53
  C:5964H         LINE#         54
  C:5964H         LINE#         55
  C:596BH         LINE#         56
  C:59B6H         LINE#         57
  C:59BEH         LINE#         58
  -------         ENDPROC       _AT_DO
  -------         PROC          _ISATCMD
  D:0001H         SYMBOL        str
  C:61FBH         LINE#         64
  C:61FBH         LINE#         65
  C:61FBH         LINE#         66
  C:620CH         LINE#         67
  C:620DH         LINE#         68
  -------         ENDPROC       _ISATCMD
  -------         PROC          STIME
  C:60A3H         LINE#         74
  C:60A3H         LINE#         75
  C:60A3H         LINE#         77
  C:60ACH         LINE#         78
  C:60B5H         LINE#         79
  -------         ENDPROC       STIME
  -------         PROC          STEMPERT
  -------         DO            
  X:000DH         SYMBOL        temper
  -------         ENDDO         
  C:60BEH         LINE#         86
  C:60BEH         LINE#         87
  C:60BEH         LINE#         89
  C:60C7H         LINE#         90
  C:60D0H         LINE#         91
  -------         ENDPROC       STEMPERT
  -------         PROC          LINK
  C:6296H         LINE#         98
  C:6296H         LINE#         99
  C:6296H         LINE#         100
  -------         ENDPROC       LINK
  -------         PROC          ATERR
  C:629FH         LINE#         107
  C:629FH         LINE#         108
BL51 BANKED LINKER/LOCATER V6.22                                                      06/22/2015  15:47:46  PAGE 53


  C:629FH         LINE#         109
  -------         ENDPROC       ATERR
  -------         PROC          SWLED1
  C:624EH         LINE#         115
  C:624EH         LINE#         116
  C:624EH         LINE#         117
  -------         ENDPROC       SWLED1
  -------         PROC          SWLED2
  C:625BH         LINE#         119
  C:625BH         LINE#         120
  C:625BH         LINE#         121
  -------         ENDPROC       SWLED2
  -------         PROC          SWLED3
  C:6268H         LINE#         123
  C:6268H         LINE#         124
  C:6268H         LINE#         125
  -------         ENDPROC       SWLED3
  -------         PROC          OFFLED
  C:6181H         LINE#         127
  C:6181H         LINE#         128
  C:6181H         LINE#         129
  C:6188H         LINE#         130
  C:618FH         LINE#         131
  -------         ENDPROC       OFFLED
  -------         ENDMOD        ATCMD

  -------         MODULE        LED
  C:0000H         SYMBOL        _ICE_DUMMY_
  D:0080H         PUBLIC        P0
  B:0080H.5       PUBLIC        LED1
  B:0080H.6       PUBLIC        LED2
  B:0080H.7       PUBLIC        LED3
  D:00A8H         PUBLIC        IE
  D:00B8H         PUBLIC        IP
  D:00D8H         PUBLIC        CCON
  C:0003H         PUBLIC        InitLed
  C:6196H         PUBLIC        _RedLed
  D:0098H         PUBLIC        SCON
  D:0088H         PUBLIC        TCON
  C:60D9H         PUBLIC        _SetLed
  D:00D0H         PUBLIC        PSW
  -------         PROC          INITLED
  C:0003H         LINE#         2
  C:0003H         LINE#         3
  C:0003H         LINE#         4
  C:0005H         LINE#         5
  C:0007H         LINE#         6
  C:0009H         LINE#         7
  -------         ENDPROC       INITLED
  -------         PROC          _SETLED
  D:0007H         SYMBOL        led
  B:0020H.0       SYMBOL        stat
  C:60D9H         LINE#         8
  C:60D9H         LINE#         9
  C:60D9H         LINE#         10
  C:60E5H         LINE#         11
  C:60E5H         LINE#         12
BL51 BANKED LINKER/LOCATER V6.22                                                      06/22/2015  15:47:46  PAGE 54


  C:60EAH         LINE#         13
  C:60EFH         LINE#         14
  C:60F3H         LINE#         15
  C:60F3H         LINE#         16
  -------         ENDPROC       _SETLED
  -------         PROC          _REDLED
  D:0007H         SYMBOL        led
  C:6196H         LINE#         17
  C:6196H         LINE#         18
  C:6196H         LINE#         19
  C:61A2H         LINE#         20
  C:61A2H         LINE#         21
  C:61A5H         LINE#         22
  C:61A8H         LINE#         23
  C:61AAH         LINE#         24
  C:61AAH         LINE#         25
  -------         ENDPROC       _REDLED
  -------         ENDMOD        LED

  -------         MODULE        ?C?FPADD
  C:004DH         PUBLIC        ?C?FPADD
  C:0049H         PUBLIC        ?C?FPSUB
  -------         ENDMOD        ?C?FPADD

  -------         MODULE        ?C?FPMUL
  C:013EH         PUBLIC        ?C?FPMUL
  -------         ENDMOD        ?C?FPMUL

  -------         MODULE        ?C?FPDIV
  C:0247H         PUBLIC        ?C?FPDIV
  -------         ENDMOD        ?C?FPDIV

  -------         MODULE        ?C?FPCMP
  C:02E6H         PUBLIC        ?C?FPCMP
  C:02E4H         PUBLIC        ?C?FPCMP3
  -------         ENDMOD        ?C?FPCMP

  -------         MODULE        ?C?FCAST
  C:035BH         PUBLIC        ?C?FCASTC
  C:0356H         PUBLIC        ?C?FCASTI
  C:0351H         PUBLIC        ?C?FCASTL
  -------         ENDMOD        ?C?FCAST

  -------         MODULE        ?C?CASTF
  C:038FH         PUBLIC        ?C?CASTF
  -------         ENDMOD        ?C?CASTF

  -------         MODULE        PRINTF
  X:0019H         PUBLIC        ?_PRINTF?BYTE
  X:0019H         PUBLIC        ?_SPRINTF?BYTE
  C:2298H         PUBLIC        _PRINTF
  C:2292H         PUBLIC        _SPRINTF
  -------         ENDMOD        PRINTF

  -------         MODULE        SQRT
  C:562DH         PUBLIC        _SQRT
  -------         ENDMOD        SQRT
BL51 BANKED LINKER/LOCATER V6.22                                                      06/22/2015  15:47:46  PAGE 55



  -------         MODULE        ?C?FPROUND
  C:0410H         PUBLIC        ?C?FPROUND
  -------         ENDMOD        ?C?FPROUND

  -------         MODULE        ?C?FPCONVERT
  C:044DH         PUBLIC        ?C?FPCONVERT
  -------         ENDMOD        ?C?FPCONVERT

  -------         MODULE        ?C?FTNPWR
  C:0582H         PUBLIC        ?C?FTNPWR
  -------         ENDMOD        ?C?FTNPWR

  -------         MODULE        ?C?COPY
  C:0692H         PUBLIC        ?C?COPY
  -------         ENDMOD        ?C?COPY

  -------         MODULE        ?C?CLDPTR
  C:06B8H         PUBLIC        ?C?CLDPTR
  -------         ENDMOD        ?C?CLDPTR

  -------         MODULE        ?C?CLDOPTR
  C:06D1H         PUBLIC        ?C?CLDOPTR
  -------         ENDMOD        ?C?CLDOPTR

  -------         MODULE        ?C?CSTPTR
  C:06FEH         PUBLIC        ?C?CSTPTR
  -------         ENDMOD        ?C?CSTPTR

  -------         MODULE        ?C?CSTOPTR
  C:0710H         PUBLIC        ?C?CSTOPTR
  -------         ENDMOD        ?C?CSTOPTR

  -------         MODULE        ?C?UIDIV
  C:0732H         PUBLIC        ?C?UIDIV
  -------         ENDMOD        ?C?UIDIV

  -------         MODULE        ?C?IILDX
  C:0787H         PUBLIC        ?C?IILDX
  -------         ENDMOD        ?C?IILDX

  -------         MODULE        ?C?ILDIX
  C:079DH         PUBLIC        ?C?ILDIX
  -------         ENDMOD        ?C?ILDIX

  -------         MODULE        ?C?ILDPTR
  C:07B3H         PUBLIC        ?C?ILDPTR
  -------         ENDMOD        ?C?ILDPTR

  -------         MODULE        ?C?ISTPTR
  C:07DEH         PUBLIC        ?C?ISTPTR
  -------         ENDMOD        ?C?ISTPTR

  -------         MODULE        ?C?LMUL
  C:07FDH         PUBLIC        ?C?LMUL
  -------         ENDMOD        ?C?LMUL

BL51 BANKED LINKER/LOCATER V6.22                                                      06/22/2015  15:47:46  PAGE 56


  -------         MODULE        ?C?LNEG
  C:084CH         PUBLIC        ?C?LNEG
  -------         ENDMOD        ?C?LNEG

  -------         MODULE        ?C?ULCMP
  C:085AH         PUBLIC        ?C?ULCMP
  -------         ENDMOD        ?C?ULCMP

  -------         MODULE        ?C?ULSHR
  C:086BH         PUBLIC        ?C?ULSHR
  -------         ENDMOD        ?C?ULSHR

  -------         MODULE        ?C?LLDXDATA
  C:087EH         PUBLIC        ?C?LLDXDATA
  -------         ENDMOD        ?C?LLDXDATA

  -------         MODULE        ?C?LLDCODE
  C:088AH         PUBLIC        ?C?LLDCODE
  -------         ENDMOD        ?C?LLDCODE

  -------         MODULE        ?C?LLDCODE0
  C:089AH         PUBLIC        ?C?LLDCODE0
  -------         ENDMOD        ?C?LLDCODE0

  -------         MODULE        ?C?LSTXDATA
  C:08AAH         PUBLIC        ?C?LSTXDATA
  -------         ENDMOD        ?C?LSTXDATA

  -------         MODULE        ?C?LSTKXDATA
  C:08B6H         PUBLIC        ?C?LSTKXDATA
  -------         ENDMOD        ?C?LSTKXDATA

  -------         MODULE        ?C?PLDIXDATA
  C:08E7H         PUBLIC        ?C?PLDIXDATA
  -------         ENDMOD        ?C?PLDIXDATA

  -------         MODULE        ?C?PSTXDATA
  C:08FEH         PUBLIC        ?C?PSTXDATA
  -------         ENDMOD        ?C?PSTXDATA

  -------         MODULE        ?C?CCASE
  C:0907H         PUBLIC        ?C?CCASE
  -------         ENDMOD        ?C?CCASE

  -------         MODULE        ?C?ICASE
  C:092DH         PUBLIC        ?C?ICASE
  -------         ENDMOD        ?C?ICASE

  -------         MODULE        ?C?ICALL
  C:095AH         PUBLIC        ?C?ICALL
  C:095EH         PUBLIC        ?C?ICALL2
  -------         ENDMOD        ?C?ICALL

  -------         MODULE        ?C?LIMUL
  C:0960H         PUBLIC        ?C?LIMUL
  -------         ENDMOD        ?C?LIMUL

BL51 BANKED LINKER/LOCATER V6.22                                                      06/22/2015  15:47:46  PAGE 57


  -------         MODULE        ABS
  C:6275H         PUBLIC        _ABS
  -------         ENDMOD        ABS

  -------         MODULE        ?C?STRCMP
  C:0B0BH         PUBLIC        ?C?STRCMP
  -------         ENDMOD        ?C?STRCMP

  -------         MODULE        STRLEN
  C:61ABH         PUBLIC        _STRLEN
  -------         ENDMOD        STRLEN

Program Size: data=15.3 xdata=755 code=25262
LINK/LOCATE RUN COMPLETE.  0 WARNING(S),  0 ERROR(S)
