BL51 BANKED LINKER/LOCATER V6.22                                                        06/19/2015  17:48:34  PAGE 1


BL51 BANKED LINKER/LOCATER V6.22, INVOKED BY:
D:\KEIL\C51\BIN\BL51.EXE .\Object\STARTUP.obj, .\Object\main.obj, .\Object\W25Qxx.obj, .\Object\HX8347D.obj, .\Object\To
>> uch.obj, .\Object\ds1302.obj, .\Object\timer.obj, .\Object\GUI.obj, .\Object\18b20.obj, .\Object\uart.obj, .\Object\A
>> TCmd.obj TO .\Object\×ÏÒ«OS PRINT (.\Lst\×ÏÒ«OS.m51) RAMSIZE (256) RECURSIONS (100)




PROGRAM RECURSIONS REMOVED FROM CALL TREE
=========================================
+--> ?PR?DESKTOP?GUI
|  | ?PR?_GET_CLICK?GUI
|  | ?PR?_AT_DO?ATCMD
<--+ ?CO?ATCMD


+--> ?PR?_GET_CLICK?GUI
|  | ?PR?_AT_DO?ATCMD
|  | ?CO?ATCMD
<--+ ?PR?PICBOX?GUI


+--> ?PR?DESKTOP?GUI
|  | ?PR?_GET_CLICK?GUI
|  | ?PR?_AT_DO?ATCMD
|  | ?CO?ATCMD
<--+ ?PR?PICBOX?GUI


+--> ?PR?DESKTOP?GUI
|  | ?PR?_GET_CLICK?GUI
|  | ?PR?_AT_DO?ATCMD
|  | ?CO?ATCMD
|  | ?PR?PICBOX?GUI
<--+ ?PR?_GUIDDO?GUI


+--> ?PR?_GET_CLICK?GUI
|  | ?PR?_AT_DO?ATCMD
|  | ?CO?ATCMD
<--+ ?PR?TEMPERT?GUI


+--> ?PR?DESKTOP?GUI
|  | ?PR?_GET_CLICK?GUI
|  | ?PR?_AT_DO?ATCMD
|  | ?CO?ATCMD
<--+ ?PR?TEMPERT?GUI


+--> ?PR?_GET_CLICK?GUI
|  | ?PR?_AT_DO?ATCMD
|  | ?CO?ATCMD
<--+ ?PR?CALENDAR?GUI


+--> ?PR?DESKTOP?GUI
|  | ?PR?_GET_CLICK?GUI
BL51 BANKED LINKER/LOCATER V6.22                                                      06/19/2015  17:48:34  PAGE 2


|  | ?PR?_AT_DO?ATCMD
|  | ?CO?ATCMD
|  | ?PR?CALENDAR?GUI
<--+ ?PR?SSTMTIME?GUI


+--> ?PR?CALENDAR?GUI
<--+ ?PR?SSTMTIME?GUI


+--> ?PR?DESKTOP?GUI
|  | ?PR?_GET_CLICK?GUI
|  | ?PR?_AT_DO?ATCMD
|  | ?CO?ATCMD
<--+ ?PR?CALENDAR?GUI



MEMORY MODEL: LARGE WITH FLOATING POINT ARITHMETIC


INPUT MODULES INCLUDED:
  .\Object\STARTUP.obj (?C_STARTUP)
  .\Object\main.obj (MAIN)
  .\Object\W25Qxx.obj (W25QXX)
  .\Object\HX8347D.obj (HX8347D)
  .\Object\Touch.obj (TOUCH)
  .\Object\ds1302.obj (DS1302)
  .\Object\timer.obj (TIMER)
  .\Object\GUI.obj (GUI)
  .\Object\18b20.obj (18B20)
  .\Object\uart.obj (UART)
  .\Object\ATCmd.obj (ATCMD)
  D:\KEIL\C51\LIB\C51FPL.LIB (?C?FPADD)
  D:\KEIL\C51\LIB\C51FPL.LIB (?C?FPMUL)
  D:\KEIL\C51\LIB\C51FPL.LIB (?C?FPDIV)
  D:\KEIL\C51\LIB\C51FPL.LIB (?C?FPCMP)
  D:\KEIL\C51\LIB\C51FPL.LIB (?C?FCAST)
  D:\KEIL\C51\LIB\C51FPL.LIB (?C?CASTF)
  D:\KEIL\C51\LIB\C51FPL.LIB (PRINTF)
  D:\KEIL\C51\LIB\C51FPL.LIB (SQRT)
  D:\KEIL\C51\LIB\C51FPL.LIB (?C?FPGETOPN)
  D:\KEIL\C51\LIB\C51FPL.LIB (?C?FPROUND)
  D:\KEIL\C51\LIB\C51FPL.LIB (?C?FPCONVERT)
  D:\KEIL\C51\LIB\C51FPL.LIB (?C?FTNPWR)
  D:\KEIL\C51\LIB\C51L.LIB (?C_INIT)
  D:\KEIL\C51\LIB\C51L.LIB (?C?COPY)
  D:\KEIL\C51\LIB\C51L.LIB (?C?CLDPTR)
  D:\KEIL\C51\LIB\C51L.LIB (?C?CLDOPTR)
  D:\KEIL\C51\LIB\C51L.LIB (?C?CSTPTR)
  D:\KEIL\C51\LIB\C51L.LIB (?C?CSTOPTR)
  D:\KEIL\C51\LIB\C51L.LIB (?C?UIDIV)
  D:\KEIL\C51\LIB\C51L.LIB (?C?IILDX)
  D:\KEIL\C51\LIB\C51L.LIB (?C?ILDIX)
  D:\KEIL\C51\LIB\C51L.LIB (?C?ILDPTR)
  D:\KEIL\C51\LIB\C51L.LIB (?C?ISTPTR)
  D:\KEIL\C51\LIB\C51L.LIB (?C?LMUL)
BL51 BANKED LINKER/LOCATER V6.22                                                      06/19/2015  17:48:34  PAGE 3


  D:\KEIL\C51\LIB\C51L.LIB (?C?LNEG)
  D:\KEIL\C51\LIB\C51L.LIB (?C?ULCMP)
  D:\KEIL\C51\LIB\C51L.LIB (?C?ULSHR)
  D:\KEIL\C51\LIB\C51L.LIB (?C?LLDXDATA)
  D:\KEIL\C51\LIB\C51L.LIB (?C?LLDCODE)
  D:\KEIL\C51\LIB\C51L.LIB (?C?LLDCODE0)
  D:\KEIL\C51\LIB\C51L.LIB (?C?LSTXDATA)
  D:\KEIL\C51\LIB\C51L.LIB (?C?LSTKXDATA)
  D:\KEIL\C51\LIB\C51L.LIB (?C?PLDIXDATA)
  D:\KEIL\C51\LIB\C51L.LIB (?C?PSTXDATA)
  D:\KEIL\C51\LIB\C51L.LIB (?C?CCASE)
  D:\KEIL\C51\LIB\C51L.LIB (?C?ICASE)
  D:\KEIL\C51\LIB\C51L.LIB (?C?ICALL)
  D:\KEIL\C51\LIB\C51L.LIB (?C?LIMUL)
  D:\KEIL\C51\LIB\C51L.LIB (ABS)
  D:\KEIL\C51\LIB\C51L.LIB (?C?STRCMP)
  D:\KEIL\C51\LIB\C51L.LIB (STRLEN)


LINK MAP OF MODULE:  .\Object\×ÏÒ«OS (?C_STARTUP)


            TYPE    BASE      LENGTH    RELOCATION   SEGMENT NAME
            -----------------------------------------------------

            * * * * * * *   D A T A   M E M O R Y   * * * * * * *
            REG     0000H     0008H     ABSOLUTE     "REG BANK 0"
            DATA    0008H     0005H     UNIT         _DATA_GROUP_
                    000DH     0013H                  *** GAP ***
            BIT     0020H.0   0001H.1   UNIT         _BIT_GROUP_
            BIT     0021H.1   0000H.1   UNIT         ?BI?GUI
            BIT     0021H.2   0000H.1   UNIT         ?BI?UART
                    0021H.3   0000H.5                *** GAP ***
            IDATA   0022H     0001H     UNIT         ?STACK

            * * * * * * *  X D A T A   M E M O R Y  * * * * * * *
            XDATA   0000H     029BH     UNIT         _XDATA_GROUP_
            XDATA   029BH     0021H     UNIT         ?XD?TOUCH
            XDATA   02BCH     001AH     UNIT         ?XD?GUI
            XDATA   02D6H     0017H     UNIT         ?XD?UART
            XDATA   02EDH     0002H     UNIT         ?XD?W25QXX
            XDATA   02EFH     0002H     UNIT         ?XD?HX8347D
            XDATA   02F1H     0001H     UNIT         ?XD?TIMER

            * * * * * * *   C O D E   M E M O R Y   * * * * * * *
            CODE    0000H     0003H     ABSOLUTE     
            CODE    0003H     0006H     UNIT         ?CO?18B20
                    0009H     0002H                  *** GAP ***
            CODE    000BH     0003H     ABSOLUTE     
            CODE    000EH     0033H     UNIT         ?PR?TP_DEFAULT_ADJ?TOUCH
                    0041H     0002H                  *** GAP ***
            CODE    0043H     0003H     ABSOLUTE     
            CODE    0046H     0AE2H     UNIT         ?C?LIB_CODE
            CODE    0B28H     089BH     UNIT         ?PR?SSTMTIME?GUI
            CODE    13C3H     087AH     UNIT         ?PR?TP_ADJUST?TOUCH
            CODE    1C3DH     05F0H     UNIT         ?CO?HX8347D
            CODE    222DH     0483H     UNIT         ?PR?PRINTF?PRINTF
BL51 BANKED LINKER/LOCATER V6.22                                                      06/19/2015  17:48:34  PAGE 4


            CODE    26B0H     0464H     UNIT         ?PR?DESKTOP?GUI
            CODE    2B14H     02E2H     UNIT         ?PR?_LCD_DRAWEBOX?HX8347D
            CODE    2DF6H     02B6H     UNIT         ?PR?_SHOW_ASCII?W25QXX
            CODE    30ACH     02B6H     UNIT         ?PR?PICBOX?GUI
            CODE    3362H     0274H     UNIT         ?PR?_LCD_DRAWLINE?HX8347D
            CODE    35D6H     0243H     UNIT         ?PR?_GET_HZMAT?W25QXX
            CODE    3819H     01E5H     UNIT         ?PR?START_CHECK?GUI
            CODE    39FEH     01BBH     UNIT         ?PR?LCD_INITIALIZTION?HX8347D
            CODE    3BB9H     0192H     UNIT         ?PR?_TP_READ_XOY?TOUCH
            CODE    3D4BH     0188H     UNIT         ?PR?_SHOW_STR?W25QXX
            CODE    3ED3H     0186H     UNIT         ?PR?CALENDAR?GUI
            CODE    4059H     0179H     UNIT         ?PR?_SHOW_FONT?W25QXX
            CODE    41D2H     016FH     UNIT         ?CO?GUI
            CODE    4341H     014CH     UNIT         ?PR?_GUIDDO?GUI
            CODE    448DH     0145H     UNIT         ?PR?_TP_READ_XY2?TOUCH
            CODE    45D2H     0141H     UNIT         ?PR?_TP_DROW_TOUCH_POINT?TOUCH
            CODE    4713H     013CH     UNIT         ?PR?_SHOW_PICTURE?HX8347D
            CODE    484FH     011EH     UNIT         ?PR?_GETTIME?DS1302
            CODE    496DH     011CH     UNIT         ?PR?TEMPERT?GUI
            CODE    4A89H     0107H     UNIT         ?PR?_PUTCHAR?HX8347D
            CODE    4B90H     0105H     UNIT         ?PR?GUIDSHOW?GUI
            CODE    4C95H     00F7H     UNIT         ?PR?_TP_SCAN?TOUCH
            CODE    4D8CH     00E0H     UNIT         ?PR?_LCD_DRAWBOX?HX8347D
            CODE    4E6CH     00CFH     UNIT         ?PR?_DS1302_WRITE_TIME?DS1302
            CODE    4F3BH     00CDH     UNIT         ?PR?_GET_CLICK?GUI
            CODE    5008H     00B6H     UNIT         ?PR?_GUI_TEXT?HX8347D
            CODE    50BEH     00AEH     UNIT         ?PR?_LCD_CLEAR?HX8347D
            CODE    516CH     00ACH     UNIT         ?PR?SQRT?SQRT
            CODE    5218H     00AAH     UNIT         ?PR?_GET_CLICK1?GUI
            CODE    52C2H     00A8H     UNIT         ?PR?_DS1302_READ_TIME?DS1302
            CODE    536AH     008DH     UNIT         ?CO?W25QXX
            CODE    53F7H     008CH     UNIT         ?C_C51STARTUP
            CODE    5483H     007EH     UNIT         ?PR?_TP_DRAW_BIG_POINT?TOUCH
            CODE    5501H     007DH     UNIT         ?PR?_ALERT?GUI
            CODE    557EH     0079H     UNIT         ?PR?_W25QXX_READ?W25QXX
            CODE    55F7H     0077H     UNIT         ?PR?TIMER_ROUTINE?TIMER
            CODE    566EH     0075H     UNIT         ?PR?_AT_DO?ATCMD
            CODE    56E3H     006CH     UNIT         ?PR?UART_INTERRUPT?UART
            CODE    574FH     005BH     UNIT         ?CO?ATCMD
            CODE    57AAH     0053H     UNIT         ?C_INITSEG
            CODE    57FDH     0050H     UNIT         ?PR?_LCD_SETPOINT?HX8347D
            CODE    584DH     004FH     UNIT         ?PR?_TP_READ_XY?TOUCH
            CODE    589CH     004EH     UNIT         ?PR?_TP_READ_AD?TOUCH
            CODE    58EAH     0047H     UNIT         ?PR?_READ1302?DS1302
            CODE    5931H     0043H     UNIT         ?PR?W25QXX_READID?W25QXX
            CODE    5974H     0040H     UNIT         ?PR?_READTEMPERATURE?18B20
            CODE    59B4H     003CH     UNIT         ?PR?_WRITE1302?DS1302
            CODE    59F0H     003AH     UNIT         ?PR?_LCD_SETCURSOR?HX8347D
            CODE    5A2AH     003AH     UNIT         ?PR?READ18B20?18B20
            CODE    5A64H     002EH     UNIT         ?PR?START_LOGO?GUI
            CODE    5A92H     002BH     UNIT         ?PR?_W25QXX_WRITE_BYTE?W25QXX
            CODE    5ABDH     002BH     UNIT         ?PR?_DELAY_MS?HX8347D
            CODE    5AE8H     0029H     UNIT         ?PR?CLOCK?GUI
            CODE    5B11H     0028H     UNIT         ?PR?FONT_INIT?W25QXX
            CODE    5B39H     0028H     UNIT         ?PR?INIT_DS18B20?18B20
            CODE    5B61H     0020H     UNIT         ?PR?_DELAY_MS?GUI
            CODE    5B81H     001EH     UNIT         ?PR?INITUART?UART
BL51 BANKED LINKER/LOCATER V6.22                                                      06/19/2015  17:48:34  PAGE 5


            CODE    5B9FH     001DH     UNIT         ?PR?MAIN?MAIN
            CODE    5BBCH     001DH     UNIT         ?PR?_DELAY_US?TOUCH
            CODE    5BD9H     001DH     UNIT         ?PR?TP_INIT?TOUCH
            CODE    5BF6H     001CH     UNIT         ?PR?READONECHAR?18B20
            CODE    5C12H     001CH     UNIT         ?PR?_WRITEONECHAR?18B20
            CODE    5C2EH     001AH     UNIT         ?PR?_TP_WRITE_BYTE?TOUCH
            CODE    5C48H     0019H     UNIT         ?PR?_LCD_WR_DATA?HX8347D
            CODE    5C61H     0018H     UNIT         ?PR?DELAY1MS?DS1302
            CODE    5C79H     0017H     UNIT         ?PR?W25QXX_READ_BYTE?W25QXX
            CODE    5C90H     0016H     UNIT         ?PR?DELAY40US?DS1302
            CODE    5CA6H     0015H     UNIT         ?PR?LCD_WRITERAM_PREPARE?HX8347D
            CODE    5CBBH     0015H     UNIT         ?PR?_STRLEN?STRLEN
            CODE    5CD0H     0014H     UNIT         ?PR?_DELAYUS2X?18B20
            CODE    5CE4H     0014H     UNIT         ?PR?_DELAYMS?18B20
            CODE    5CF8H     0013H     UNIT         ?PR?_UART_SENDSTR?UART
            CODE    5D0BH     0013H     UNIT         ?PR?_ISATCMD?ATCMD
            CODE    5D1EH     0012H     UNIT         ?PR?DS1302_INIT?DS1302
            CODE    5D30H     0012H     UNIT         ?PR?STIME?ATCMD
            CODE    5D42H     0012H     UNIT         ?PR?STEMPERT?ATCMD
            CODE    5D54H     0011H     UNIT         ?PR?_LCD_WRITEREG?HX8347D
            CODE    5D65H     0010H     UNIT         ?PR?TIMER0INIT?TIMER
            CODE    5D75H     000DH     UNIT         ?PR?_LCD_WR_REG?HX8347D
            CODE    5D82H     000CH     UNIT         ?PR?_ABS?ABS
            CODE    5D8EH     000BH     UNIT         ?PR?_UART_SENDONEBYTE?UART
            CODE    5D99H     000AH     UNIT         ?PR?W25QXX_WRITE_DISABLE?W25QXX
            CODE    5DA3H     0003H     UNIT         ?PR?_LCD_WRITERAM?HX8347D



OVERLAY MAP OF MODULE:   .\Object\×ÏÒ«OS (?C_STARTUP)


SEGMENT                                     BIT_GROUP          DATA_GROUP          XDATA_GROUP
  +--> CALLED SEGMENT                    START    LENGTH     START    LENGTH     START    LENGTH
------------------------------------------------------------------------------------------------
?C_C51STARTUP                            -----    -----      -----    -----      -----    -----
  +--> ?PR?MAIN?MAIN
  +--> ?C_INITSEG

?PR?MAIN?MAIN                            -----    -----      -----    -----      -----    -----
  +--> ?PR?LCD_INITIALIZTION?HX8347D
  +--> ?PR?FONT_INIT?W25QXX
  +--> ?PR?TP_INIT?TOUCH
  +--> ?PR?DS1302_INIT?DS1302
  +--> ?PR?TIMER0INIT?TIMER
  +--> ?PR?INITUART?UART
  +--> ?PR?START_CHECK?GUI
  +--> ?PR?START_LOGO?GUI
  +--> ?PR?DESKTOP?GUI

?PR?LCD_INITIALIZTION?HX8347D            -----    -----      -----    -----      -----    -----
  +--> ?PR?_DELAY_MS?HX8347D
  +--> ?PR?_LCD_WRITEREG?HX8347D

?PR?_DELAY_MS?HX8347D                    -----    -----      -----    -----      -----    -----
  +--> ?PR?_LCD_WRITEREG?HX8347D

BL51 BANKED LINKER/LOCATER V6.22                                                      06/19/2015  17:48:34  PAGE 6


?PR?_LCD_WRITEREG?HX8347D                -----    -----      -----    -----      -----    -----
  +--> ?PR?_LCD_WR_REG?HX8347D
  +--> ?PR?_LCD_WR_DATA?HX8347D

?PR?FONT_INIT?W25QXX                     -----    -----      -----    -----      -----    -----
  +--> ?PR?W25QXX_WRITE_DISABLE?W25QXX
  +--> ?PR?W25QXX_READID?W25QXX
  +--> ?CO?W25QXX

?PR?W25QXX_WRITE_DISABLE?W25QXX          -----    -----      -----    -----      -----    -----
  +--> ?PR?_W25QXX_WRITE_BYTE?W25QXX

?PR?W25QXX_READID?W25QXX                 -----    -----      -----    -----      0013H    0002H
  +--> ?PR?_W25QXX_WRITE_BYTE?W25QXX
  +--> ?PR?W25QXX_READ_BYTE?W25QXX

?PR?TP_INIT?TOUCH                        -----    -----      -----    -----      -----    -----
  +--> ?PR?_TP_READ_XY?TOUCH
  +--> ?PR?TP_DEFAULT_ADJ?TOUCH

?PR?_TP_READ_XY?TOUCH                    -----    -----      -----    -----      002AH    0008H
  +--> ?PR?_TP_READ_XOY?TOUCH

?PR?_TP_READ_XOY?TOUCH                   -----    -----      -----    -----      0032H    0010H
  +--> ?PR?_TP_READ_AD?TOUCH

?PR?_TP_READ_AD?TOUCH                    -----    -----      -----    -----      -----    -----
  +--> ?PR?_TP_WRITE_BYTE?TOUCH
  +--> ?PR?_DELAY_US?TOUCH

?PR?DS1302_INIT?DS1302                   -----    -----      -----    -----      -----    -----
  +--> ?PR?_WRITE1302?DS1302

?PR?_WRITE1302?DS1302                    -----    -----      -----    -----      -----    -----
  +--> ?PR?DELAY1MS?DS1302

?PR?INITUART?UART                        0020H.0  0000H.1    -----    -----      -----    -----

?PR?START_CHECK?GUI                      -----    -----      -----    -----      000CH    0007H
  +--> ?PR?_LCD_CLEAR?HX8347D
  +--> ?CO?GUI
  +--> ?PR?_GUI_TEXT?HX8347D
  +--> ?PR?W25QXX_READID?W25QXX
  +--> ?PR?_SHOW_STR?W25QXX
  +--> ?PR?_DELAY_MS?GUI
  +--> ?PR?_GETTIME?DS1302
  +--> ?PR?_READTEMPERATURE?18B20

?PR?_LCD_CLEAR?HX8347D                   -----    -----      -----    -----      0021H    000AH
  +--> ?PR?_LCD_SETCURSOR?HX8347D
  +--> ?PR?LCD_WRITERAM_PREPARE?HX8347D
  +--> ?PR?_LCD_WR_DATA?HX8347D

?PR?_LCD_SETCURSOR?HX8347D               -----    -----      -----    -----      -----    -----
  +--> ?PR?_LCD_WRITEREG?HX8347D

?PR?LCD_WRITERAM_PREPARE?HX8347D         -----    -----      -----    -----      -----    -----
BL51 BANKED LINKER/LOCATER V6.22                                                      06/19/2015  17:48:34  PAGE 7


  +--> ?PR?_LCD_SETCURSOR?HX8347D
  +--> ?PR?_LCD_WR_REG?HX8347D

?PR?_GUI_TEXT?HX8347D                    -----    -----      -----    -----      0016H    000BH
  +--> ?PR?_PUTCHAR?HX8347D

?PR?_PUTCHAR?HX8347D                     -----    -----      -----    -----      0048H    000DH
  +--> ?CO?HX8347D
  +--> ?PR?_LCD_SETPOINT?HX8347D

?PR?_LCD_SETPOINT?HX8347D                -----    -----      -----    -----      0282H    0004H
  +--> ?PR?LCD_WRITERAM_PREPARE?HX8347D
  +--> ?PR?_LCD_WRITERAM?HX8347D

?PR?_LCD_WRITERAM?HX8347D                -----    -----      -----    -----      -----    -----
  +--> ?PR?_LCD_WR_DATA?HX8347D

?PR?_SHOW_STR?W25QXX                     -----    -----      -----    -----      015FH    000DH
  +--> ?PR?_SHOW_ASCII?W25QXX
  +--> ?PR?_SHOW_FONT?W25QXX

?PR?_SHOW_ASCII?W25QXX                   -----    -----      -----    -----      016CH    0059H
  +--> ?CO?W25QXX
  +--> ?PR?_W25QXX_READ?W25QXX
  +--> ?PR?_LCD_SETPOINT?HX8347D

?PR?_W25QXX_READ?W25QXX                  -----    -----      -----    -----      0290H    000BH
  +--> ?PR?_W25QXX_WRITE_BYTE?W25QXX
  +--> ?PR?W25QXX_READ_BYTE?W25QXX

?PR?_SHOW_FONT?W25QXX                    -----    -----      -----    -----      016CH    0116H
  +--> ?PR?_GET_HZMAT?W25QXX
  +--> ?PR?_LCD_SETPOINT?HX8347D

?PR?_GET_HZMAT?W25QXX                    -----    -----      -----    -----      0282H    000EH
  +--> ?CO?W25QXX
  +--> ?PR?_W25QXX_READ?W25QXX

?PR?_GETTIME?DS1302                      -----    -----      -----    -----      0016H    000AH
  +--> ?PR?_DS1302_READ_TIME?DS1302

?PR?_DS1302_READ_TIME?DS1302             -----    -----      -----    -----      0020H    0003H
  +--> ?PR?DELAY40US?DS1302
  +--> ?PR?_READ1302?DS1302

?PR?DELAY40US?DS1302                     -----    -----      -----    -----      -----    -----
  +--> ?PR?_READ1302?DS1302

?PR?_READ1302?DS1302                     -----    -----      -----    -----      -----    -----
  +--> ?PR?DELAY1MS?DS1302

?PR?_READTEMPERATURE?18B20               -----    -----      -----    -----      0015H    0003H
  +--> ?PR?READ18B20?18B20
  +--> ?CO?18B20
  +--> ?PR?PRINTF?PRINTF

?PR?READ18B20?18B20                      -----    -----      -----    -----      -----    -----
BL51 BANKED LINKER/LOCATER V6.22                                                      06/19/2015  17:48:34  PAGE 8


  +--> ?PR?INIT_DS18B20?18B20
  +--> ?PR?_WRITEONECHAR?18B20
  +--> ?PR?_DELAYMS?18B20
  +--> ?PR?READONECHAR?18B20

?PR?INIT_DS18B20?18B20                   0020H.0  0000H.1    -----    -----      -----    -----
  +--> ?PR?_DELAYUS2X?18B20

?PR?_WRITEONECHAR?18B20                  -----    -----      -----    -----      -----    -----
  +--> ?PR?_DELAYUS2X?18B20

?PR?READONECHAR?18B20                    -----    -----      -----    -----      -----    -----
  +--> ?PR?_DELAYUS2X?18B20

?PR?PRINTF?PRINTF                        0020H.0  0001H.1    0008H    0005H      0018H    0030H
  +--> ?PR?_PUTCHAR?HX8347D

?PR?START_LOGO?GUI                       -----    -----      -----    -----      -----    -----
  +--> ?PR?_LCD_CLEAR?HX8347D
  +--> ?PR?_SHOW_PICTURE?HX8347D
  +--> ?PR?_DELAY_MS?GUI

?PR?_SHOW_PICTURE?HX8347D                -----    -----      -----    -----      0002H    0016H
  +--> ?PR?_LCD_SETCURSOR?HX8347D
  +--> ?PR?LCD_WRITERAM_PREPARE?HX8347D
  +--> ?PR?_W25QXX_WRITE_BYTE?W25QXX
  +--> ?PR?W25QXX_READ_BYTE?W25QXX
  +--> ?PR?_LCD_WR_DATA?HX8347D

?PR?DESKTOP?GUI                          -----    -----      -----    -----      0000H    0002H
  +--> ?PR?_LCD_CLEAR?HX8347D
  +--> ?PR?_SHOW_PICTURE?HX8347D
  +--> ?CO?GUI
  +--> ?PR?_SHOW_STR?W25QXX
  +--> ?PR?CLOCK?GUI
  +--> ?PR?_GET_CLICK?GUI
  +--> ?PR?CALENDAR?GUI
  +--> ?PR?TEMPERT?GUI
  +--> ?PR?START_CHECK?GUI
  +--> ?PR?PICBOX?GUI
  +--> ?PR?_ALERT?GUI

?PR?CLOCK?GUI                            -----    -----      -----    -----      -----    -----
  +--> ?PR?_GETTIME?DS1302
  +--> ?PR?_GUI_TEXT?HX8347D

?PR?_GET_CLICK?GUI                       -----    -----      -----    -----      0002H    0006H
  +--> ?PR?_TP_READ_XY2?TOUCH
  +--> ?PR?_AT_DO?ATCMD

?PR?_TP_READ_XY2?TOUCH                   -----    -----      -----    -----      001CH    000EH
  +--> ?PR?_TP_READ_XY?TOUCH

?PR?_AT_DO?ATCMD                         -----    -----      -----    -----      0008H    0004H
  +--> ?CO?ATCMD

?CO?ATCMD                                -----    -----      -----    -----      -----    -----
BL51 BANKED LINKER/LOCATER V6.22                                                      06/19/2015  17:48:34  PAGE 9


  +--> ?PR?START_CHECK?GUI
  +--> ?PR?PICBOX?GUI
  +--> ?PR?TEMPERT?GUI
  +--> ?PR?CALENDAR?GUI
  +--> ?PR?STIME?ATCMD
  +--> ?PR?STEMPERT?ATCMD

?PR?PICBOX?GUI                           -----    -----      -----    -----      000CH    0002H
  +--> ?PR?_LCD_CLEAR?HX8347D
  +--> ?PR?_LCD_DRAWBOX?HX8347D
  +--> ?PR?GUIDSHOW?GUI
  +--> ?PR?_TP_DRAW_BIG_POINT?TOUCH
  +--> ?PR?_GUIDDO?GUI

?PR?_LCD_DRAWBOX?HX8347D                 -----    -----      -----    -----      015FH    0012H
  +--> ?PR?_LCD_SETCURSOR?HX8347D
  +--> ?PR?LCD_WRITERAM_PREPARE?HX8347D
  +--> ?PR?_LCD_WR_DATA?HX8347D

?PR?GUIDSHOW?GUI                         -----    -----      -----    -----      -----    -----
  +--> ?PR?_LCD_DRAWLINE?HX8347D
  +--> ?CO?GUI
  +--> ?PR?_SHOW_STR?W25QXX

?PR?_LCD_DRAWLINE?HX8347D                -----    -----      -----    -----      0027H    0010H
  +--> ?PR?_LCD_SETPOINT?HX8347D

?PR?_TP_DRAW_BIG_POINT?TOUCH             -----    -----      -----    -----      000EH    0006H
  +--> ?PR?_LCD_SETPOINT?HX8347D

?PR?_GUIDDO?GUI                          -----    -----      -----    -----      0016H    0008H
  +--> ?CO?GUI
  +--> ?PR?_SHOW_STR?W25QXX
  +--> ?PR?_LCD_DRAWLINE?HX8347D

?PR?TEMPERT?GUI                          -----    -----      -----    -----      000CH    0009H
  +--> ?PR?_LCD_CLEAR?HX8347D
  +--> ?PR?_LCD_DRAWBOX?HX8347D
  +--> ?PR?_LCD_DRAWEBOX?HX8347D
  +--> ?PR?GUIDSHOW?GUI
  +--> ?PR?_READTEMPERATURE?18B20
  +--> ?CO?GUI
  +--> ?PR?_SHOW_STR?W25QXX
  +--> ?PR?_GUI_TEXT?HX8347D
  +--> ?PR?_GUIDDO?GUI

?PR?_LCD_DRAWEBOX?HX8347D                -----    -----      -----    -----      0016H    000AH
  +--> ?PR?_LCD_DRAWLINE?HX8347D

?PR?CALENDAR?GUI                         -----    -----      -----    -----      000CH    0002H
  +--> ?PR?_GETTIME?DS1302
  +--> ?PR?_LCD_CLEAR?HX8347D
  +--> ?PR?_LCD_DRAWBOX?HX8347D
  +--> ?PR?_GUI_TEXT?HX8347D
  +--> ?CO?GUI
  +--> ?PR?_SHOW_STR?W25QXX
  +--> ?PR?GUIDSHOW?GUI
BL51 BANKED LINKER/LOCATER V6.22                                                      06/19/2015  17:48:34  PAGE 10


  +--> ?PR?SSTMTIME?GUI
  +--> ?PR?_GUIDDO?GUI

?PR?SSTMTIME?GUI                         -----    -----      -----    -----      000EH    0008H
  +--> ?CO?GUI
  +--> ?PR?_GETTIME?DS1302
  +--> ?PR?_LCD_CLEAR?HX8347D
  +--> ?PR?_SHOW_STR?W25QXX
  +--> ?PR?_GUI_TEXT?HX8347D
  +--> ?PR?_LCD_DRAWBOX?HX8347D
  +--> ?PR?_LCD_DRAWEBOX?HX8347D
  +--> ?PR?GUIDSHOW?GUI
  +--> ?PR?_GET_CLICK1?GUI
  +--> ?PR?_GUIDDO?GUI
  +--> ?PR?_DS1302_WRITE_TIME?DS1302
  +--> ?PR?_ALERT?GUI

?PR?_GET_CLICK1?GUI                      -----    -----      -----    -----      0016H    0006H
  +--> ?PR?_TP_READ_XY2?TOUCH

?PR?_DS1302_WRITE_TIME?DS1302            -----    -----      -----    -----      0016H    0003H
  +--> ?PR?_WRITE1302?DS1302
  +--> ?PR?DELAY40US?DS1302

?PR?_ALERT?GUI                           -----    -----      -----    -----      015AH    0005H
  +--> ?PR?_SHOW_STR?W25QXX
  +--> ?PR?_DELAY_MS?GUI
  +--> ?PR?_STRLEN?STRLEN
  +--> ?PR?_LCD_DRAWBOX?HX8347D

?PR?STIME?ATCMD                          -----    -----      -----    -----      -----    -----
  +--> ?PR?_GETTIME?DS1302
  +--> ?PR?_UART_SENDSTR?UART

?PR?_UART_SENDSTR?UART                   -----    -----      -----    -----      -----    -----
  +--> ?PR?_UART_SENDONEBYTE?UART

?PR?STEMPERT?ATCMD                       -----    -----      -----    -----      000CH    0007H
  +--> ?PR?_READTEMPERATURE?18B20
  +--> ?PR?_UART_SENDSTR?UART

?C_INITSEG                               -----    -----      -----    -----      -----    -----
  +--> ?PR?TP_INIT?TOUCH
  +--> ?PR?_TP_SCAN?TOUCH
  +--> ?PR?TP_ADJUST?TOUCH

?PR?_TP_SCAN?TOUCH                       -----    -----      -----    -----      -----    -----
  +--> ?PR?_TP_READ_XY2?TOUCH

?PR?TP_ADJUST?TOUCH                      -----    -----      -----    -----      0000H    0021H
  +--> ?PR?_LCD_CLEAR?HX8347D
  +--> ?PR?_TP_DROW_TOUCH_POINT?TOUCH
  +--> ?PR?_ABS?ABS
  +--> ?PR?SQRT?SQRT
  +--> ?PR?_DELAY_MS?GUI

?PR?_TP_DROW_TOUCH_POINT?TOUCH           -----    -----      -----    -----      0021H    0006H
BL51 BANKED LINKER/LOCATER V6.22                                                      06/19/2015  17:48:34  PAGE 11


  +--> ?PR?_LCD_DRAWLINE?HX8347D
  +--> ?PR?_LCD_SETPOINT?HX8347D

?PR?SQRT?SQRT                            -----    -----      -----    -----      0021H    0004H

*** NEW ROOT ***************************************************

?PR?TIMER_ROUTINE?TIMER                  -----    -----      -----    -----      -----    -----
  +--> ?PR?_ISATCMD?ATCMD
  +--> ?PR?_ALERT?GUI



SYMBOL TABLE OF MODULE:  .\Object\×ÏÒ«OS (?C_STARTUP)

  VALUE           TYPE          NAME
  ----------------------------------

  -------         MODULE        ?C_STARTUP
  C:53F7H         SEGMENT       ?C_C51STARTUP
  I:0022H         SEGMENT       ?STACK
  C:0000H         PUBLIC        ?C_STARTUP
  D:00E0H         SYMBOL        ACC
  D:00F0H         SYMBOL        B
  D:0083H         SYMBOL        DPH
  D:0082H         SYMBOL        DPL
  N:0000H         SYMBOL        IBPSTACK
  N:0100H         SYMBOL        IBPSTACKTOP
  N:0080H         SYMBOL        IDATALEN
  C:53FAH         SYMBOL        IDATALOOP
  N:0000H         SYMBOL        PBPSTACK
  N:0100H         SYMBOL        PBPSTACKTOP
  N:0000H         SYMBOL        PDATALEN
  N:0000H         SYMBOL        PDATASTART
  N:0000H         SYMBOL        PPAGE
  N:0000H         SYMBOL        PPAGEENABLE
  D:00A0H         SYMBOL        PPAGE_SFR
  D:0081H         SYMBOL        SP
  C:53F7H         SYMBOL        STARTUP1
  N:0000H         SYMBOL        XBPSTACK
  N:0000H         SYMBOL        XBPSTACKTOP
  N:0000H         SYMBOL        XDATALEN
  N:0000H         SYMBOL        XDATASTART
  C:0000H         LINE#         126
  C:53F7H         LINE#         133
  C:53F9H         LINE#         134
  C:53FAH         LINE#         135
  C:53FBH         LINE#         136
  C:53FDH         LINE#         185
  C:5400H         LINE#         196
  -------         ENDMOD        ?C_STARTUP

  -------         MODULE        MAIN
  C:0000H         SYMBOL        _ICE_DUMMY_
  D:0080H         PUBLIC        P0
  D:0090H         PUBLIC        P1
  D:00A0H         PUBLIC        P2
BL51 BANKED LINKER/LOCATER V6.22                                                      06/19/2015  17:48:34  PAGE 12


  D:00A8H         PUBLIC        IE
  D:00B8H         PUBLIC        IP
  D:00D8H         PUBLIC        CCON
  C:5B9FH         PUBLIC        main
  D:0098H         PUBLIC        SCON
  D:0088H         PUBLIC        TCON
  D:00D0H         PUBLIC        PSW
  -------         PROC          MAIN
  C:5B9FH         LINE#         17
  C:5B9FH         LINE#         18
  C:5B9FH         LINE#         20
  C:5BA2H         LINE#         21
  C:5BA5H         LINE#         22
  C:5BA8H         LINE#         23
  C:5BABH         LINE#         24
  C:5BAEH         LINE#         25
  C:5BB3H         LINE#         27
  C:5BB6H         LINE#         28
  C:5BB9H         LINE#         34
  -------         ENDPROC       MAIN
  -------         ENDMOD        MAIN

  -------         MODULE        W25QXX
  C:0000H         SYMBOL        _ICE_DUMMY_
  D:0080H         PUBLIC        P0
  D:0090H         PUBLIC        P1
  D:00A0H         PUBLIC        P2
  B:00A0H.7       PUBLIC        CE
  C:5D99H         PUBLIC        W25Qxx_Write_Disable
  C:536AH         PUBLIC        ftinfo
  D:00A8H         PUBLIC        IE
  D:00B8H         PUBLIC        IP
  C:4059H         PUBLIC        _Show_Font
  D:00D8H         PUBLIC        CCON
  X:02EDH         PUBLIC        W25Qxx_TYPE
  D:0098H         PUBLIC        SCON
  D:0088H         PUBLIC        TCON
  B:0080H.1       PUBLIC        W25Qxx_CLK
  C:3D4BH         PUBLIC        _Show_Str
  C:53B6H         SYMBOL        _?ix1000
  C:5B11H         PUBLIC        font_init
  C:5C79H         PUBLIC        W25Qxx_Read_Byte
  C:557EH         PUBLIC        _W25Qxx_Read
  C:5AA3H         PUBLIC        _W25Qxx_Write_Byte
  C:35D6H         PUBLIC        _Get_HzMat
  C:2DF6H         PUBLIC        _Show_ASCII
  C:5931H         PUBLIC        W25Qxx_ReadID
  B:0080H.2       PUBLIC        W25Qxx_DI
  B:0080H.3       PUBLIC        W25Qxx_DO
  B:00A0H.4       PUBLIC        W25Qxx_CS
  D:00D0H         PUBLIC        PSW
  -------         PROC          L?0121
  -------         ENDPROC       L?0121
  -------         PROC          _W25QXX_WRITE_BYTE
  D:0007H         SYMBOL        value
  -------         DO            
  D:0006H         SYMBOL        i
BL51 BANKED LINKER/LOCATER V6.22                                                      06/19/2015  17:48:34  PAGE 13


  -------         ENDDO         
  C:5AA3H         LINE#         32
  C:5AA3H         LINE#         33
  C:5AA3H         LINE#         35
  C:5AA5H         LINE#         36
  C:5AA5H         LINE#         37
  C:5AA9H         LINE#         38
  C:5AADH         LINE#         40
  C:5AAFH         LINE#         42
  C:5AB1H         LINE#         43
  C:5AB5H         LINE#         44
  C:5AB7H         LINE#         45
  C:5ABCH         LINE#         46
  -------         ENDPROC       _W25QXX_WRITE_BYTE
  -------         PROC          W25QXX_READ_BYTE
  -------         DO            
  D:0007H         SYMBOL        temp
  D:0006H         SYMBOL        tt
  D:0005H         SYMBOL        i
  -------         ENDDO         
  C:5C79H         LINE#         53
  C:5C79H         LINE#         54
  C:5C79H         LINE#         55
  C:5C7BH         LINE#         56
  C:5C7BH         LINE#         59
  C:5C7CH         LINE#         60
  C:5C7CH         LINE#         61
  C:5C7EH         LINE#         62
  C:5C80H         LINE#         63
  C:5C85H         LINE#         64
  C:5C8AH         LINE#         65
  C:5C8FH         LINE#         66
  C:5C8FH         LINE#         67
  -------         ENDPROC       W25QXX_READ_BYTE
  -------         PROC          W25QXX_READID
  -------         DO            
  X:0013H         SYMBOL        Temp
  -------         ENDDO         
  C:5931H         LINE#         73
  C:5931H         LINE#         74
  C:5931H         LINE#         75
  C:5938H         LINE#         76
  C:593AH         LINE#         77
  C:593FH         LINE#         78
  C:5944H         LINE#         79
  C:5949H         LINE#         80
  C:594EH         LINE#         81
  C:595CH         LINE#         82
  C:5971H         LINE#         83
  C:5973H         LINE#         84
  C:5973H         LINE#         85
  -------         ENDPROC       W25QXX_READID
  -------         PROC          W25QXX_WRITE_DISABLE
  C:5D99H         LINE#         90
  C:5D99H         LINE#         91
  C:5D99H         LINE#         92
  C:5D9BH         LINE#         93
BL51 BANKED LINKER/LOCATER V6.22                                                      06/19/2015  17:48:34  PAGE 14


  C:5DA0H         LINE#         94
  C:5DA2H         LINE#         95
  -------         ENDPROC       W25QXX_WRITE_DISABLE
  -------         PROC          _W25QXX_READ
  X:0290H         SYMBOL        pBuffer
  X:0293H         SYMBOL        ReadAddr
  X:0297H         SYMBOL        NumByteToRead
  -------         DO            
  X:0299H         SYMBOL        i
  -------         ENDDO         
  C:557EH         LINE#         103
  C:558DH         LINE#         104
  C:558DH         LINE#         106
  C:558FH         LINE#         107
  C:5591H         LINE#         108
  C:5596H         LINE#         109
  C:559BH         LINE#         110
  C:55A0H         LINE#         111
  C:55ABH         LINE#         112
  C:55C7H         LINE#         113
  C:55C7H         LINE#         114
  C:55E4H         LINE#         115
  C:55F4H         LINE#         116
  C:55F6H         LINE#         117
  -------         ENDPROC       _W25QXX_READ
  -------         PROC          FONT_INIT
  C:5B11H         LINE#         123
  C:5B11H         LINE#         124
  C:5B11H         LINE#         125
  C:5B14H         LINE#         126
  C:5B1FH         LINE#         127
  C:5B34H         LINE#         128
  C:5B36H         LINE#         129
  C:5B38H         LINE#         130
  -------         ENDPROC       FONT_INIT
  -------         PROC          _GET_HZMAT
  X:0282H         SYMBOL        gbcode
  X:0285H         SYMBOL        mat
  X:0288H         SYMBOL        gbsize
  -------         DO            
  X:0289H         SYMBOL        qh
  X:028AH         SYMBOL        ql
  X:028BH         SYMBOL        i
  X:028CH         SYMBOL        foffset
  -------         ENDDO         
  C:35D6H         LINE#         137
  C:35E1H         LINE#         138
  C:35E1H         LINE#         142
  C:35E9H         LINE#         143
  C:3600H         LINE#         144
  C:3617H         LINE#         145
  C:3617H         LINE#         146
  C:3654H         LINE#         148
  C:3654H         LINE#         149
  C:3663H         LINE#         150
  C:366AH         LINE#         151
  C:3671H         LINE#         153
BL51 BANKED LINKER/LOCATER V6.22                                                      06/19/2015  17:48:34  PAGE 15


  C:3679H         LINE#         154
  C:3679H         LINE#         155
  C:36AFH         LINE#         156
  C:36D5H         LINE#         157
  C:36D8H         LINE#         158
  C:36E0H         LINE#         159
  C:36E0H         LINE#         160
  C:3716H         LINE#         161
  C:373CH         LINE#         162
  C:373FH         LINE#         163
  C:3747H         LINE#         164
  C:3747H         LINE#         165
  C:377DH         LINE#         166
  C:37A3H         LINE#         167
  C:37A5H         LINE#         168
  C:37ADH         LINE#         169
  C:37ADH         LINE#         170
  C:37E3H         LINE#         171
  C:3818H         LINE#         172
  C:3818H         LINE#         173
  -------         ENDPROC       _GET_HZMAT
  -------         PROC          _SHOW_ASCII
  X:016CH         SYMBOL        x
  X:016EH         SYMBOL        y
  X:0170H         SYMBOL        num
  X:0171H         SYMBOL        gbsize
  X:0172H         SYMBOL        p_color
  X:0174H         SYMBOL        b_color
  -------         DO            
  X:0176H         SYMBOL        temp
  X:0177H         SYMBOL        t1
  X:0178H         SYMBOL        t
  X:0179H         SYMBOL        max_t
  X:017AH         SYMBOL        mat
  X:01BBH         SYMBOL        y0
  X:01BDH         SYMBOL        temp_addr
  X:01C1H         SYMBOL        offset
  -------         ENDDO         
  C:2DF6H         LINE#         180
  C:2E07H         LINE#         181
  C:2E07H         LINE#         183
  C:2E1AH         LINE#         184
  C:2E29H         LINE#         186
  C:2E3DH         LINE#         188
  C:2E44H         LINE#         189
  C:2E44H         LINE#         190
  C:2E61H         LINE#         191
  C:2E67H         LINE#         192
  C:2E6AH         LINE#         193
  C:2E6DH         LINE#         194
  C:2E74H         LINE#         195
  C:2E74H         LINE#         196
  C:2E91H         LINE#         197
  C:2E97H         LINE#         198
  C:2E9AH         LINE#         199
  C:2E9DH         LINE#         200
  C:2EA4H         LINE#         201
BL51 BANKED LINKER/LOCATER V6.22                                                      06/19/2015  17:48:34  PAGE 16


  C:2EA4H         LINE#         202
  C:2EC1H         LINE#         203
  C:2EC7H         LINE#         204
  C:2ECAH         LINE#         205
  C:2ECCH         LINE#         206
  C:2ED3H         LINE#         207
  C:2ED3H         LINE#         208
  C:2EF0H         LINE#         209
  C:2EF6H         LINE#         210
  C:2EF9H         LINE#         211
  C:2EFBH         LINE#         213
  C:2F02H         LINE#         214
  C:2F02H         LINE#         215
  C:2F1FH         LINE#         216
  C:2F25H         LINE#         217
  C:2F31H         LINE#         218
  C:2F31H         LINE#         220
  C:2F6BH         LINE#         222
  C:2F81H         LINE#         223
  C:2F81H         LINE#         224
  C:2F90H         LINE#         225
  C:2FA0H         LINE#         226
  C:2FA0H         LINE#         227
  C:2FA8H         LINE#         228
  C:2FA8H         LINE#         229
  C:2FB9H         LINE#         230
  C:2FBBH         LINE#         232
  C:2FE7H         LINE#         233
  C:2FE9H         LINE#         235
  C:2FE9H         LINE#         236
  C:2FFFH         LINE#         237
  C:3017H         LINE#         239
  C:3039H         LINE#         240
  C:3039H         LINE#         242
  C:3047H         LINE#         243
  C:3057H         LINE#         245
  C:3073H         LINE#         246
  C:3073H         LINE#         247
  C:307BH         LINE#         248
  C:3089H         LINE#         249
  C:3099H         LINE#         251
  C:3099H         LINE#         252
  C:30A2H         LINE#         253
  C:30ABH         LINE#         254
  -------         ENDPROC       _SHOW_ASCII
  -------         PROC          _SHOW_FONT
  X:016CH         SYMBOL        x
  X:016EH         SYMBOL        y
  D:0001H         SYMBOL        font
  X:0173H         SYMBOL        gbsize
  X:0174H         SYMBOL        p_color
  X:0176H         SYMBOL        b_color
  -------         DO            
  X:0178H         SYMBOL        temp
  X:017AH         SYMBOL        t
  X:017CH         SYMBOL        t1
  X:017EH         SYMBOL        max_t
BL51 BANKED LINKER/LOCATER V6.22                                                      06/19/2015  17:48:34  PAGE 17


  X:0180H         SYMBOL        y0
  X:0182H         SYMBOL        dzk
  -------         ENDDO         
  C:4059H         LINE#         262
  C:4067H         LINE#         263
  C:4067H         LINE#         265
  C:406FH         LINE#         267
  C:408AH         LINE#         270
  C:409EH         LINE#         272
  C:40B1H         LINE#         273
  C:40C0H         LINE#         274
  C:40CFH         LINE#         277
  C:40EFH         LINE#         278
  C:40EFH         LINE#         279
  C:4103H         LINE#         280
  C:410AH         LINE#         281
  C:410AH         LINE#         282
  C:4111H         LINE#         283
  C:4111H         LINE#         284
  C:4127H         LINE#         285
  C:4129H         LINE#         287
  C:4129H         LINE#         288
  C:414BH         LINE#         289
  C:414BH         LINE#         291
  C:4158H         LINE#         292
  C:4166H         LINE#         293
  C:4188H         LINE#         294
  C:4188H         LINE#         295
  C:4190H         LINE#         296
  C:419EH         LINE#         297
  C:41A0H         LINE#         298
  C:41A0H         LINE#         299
  C:41C0H         LINE#         300
  C:41D1H         LINE#         301
  -------         ENDPROC       _SHOW_FONT
  -------         PROC          _SHOW_STR
  X:015FH         SYMBOL        x
  X:0161H         SYMBOL        y
  X:0163H         SYMBOL        str
  X:0166H         SYMBOL        gbsize
  X:0167H         SYMBOL        p_color
  X:0169H         SYMBOL        b_color
  -------         DO            
  X:016BH         SYMBOL        bHz
  -------         ENDDO         
  C:3D4BH         LINE#         309
  C:3D62H         LINE#         310
  C:3D62H         LINE#         311
  C:3D67H         LINE#         312
  C:3D7BH         LINE#         313
  C:3D7BH         LINE#         314
  C:3D84H         LINE#         315
  C:3D84H         LINE#         316
  C:3D8AH         LINE#         317
  C:3D8FH         LINE#         319
  C:3D8FH         LINE#         320
  C:3DA2H         LINE#         321
BL51 BANKED LINKER/LOCATER V6.22                                                      06/19/2015  17:48:34  PAGE 18


  C:3DD7H         LINE#         322
  C:3DE1H         LINE#         324
  C:3DE9H         LINE#         325
  C:3DF1H         LINE#         327
  C:3E02H         LINE#         329
  C:3E14H         LINE#         330
  C:3E14H         LINE#         331
  C:3E1EH         LINE#         332
  C:3E2FH         LINE#         333
  C:3E2FH         LINE#         334
  C:3E2FH         LINE#         335
  C:3E2FH         LINE#         336
  C:3E32H         LINE#         338
  C:3E32H         LINE#         339
  C:3E37H         LINE#         341
  C:3E4AH         LINE#         343
  C:3E84H         LINE#         344
  C:3E8EH         LINE#         345
  C:3EA1H         LINE#         347
  C:3EB1H         LINE#         348
  C:3EB1H         LINE#         349
  C:3EBCH         LINE#         350
  C:3EC8H         LINE#         351
  C:3ECFH         LINE#         352
  C:3ECFH         LINE#         353
  C:3ECFH         LINE#         354
  C:3ED2H         LINE#         355
  -------         ENDPROC       _SHOW_STR
  -------         ENDMOD        W25QXX

  -------         MODULE        HX8347D
  C:0000H         SYMBOL        _ICE_DUMMY_
  D:0080H         PUBLIC        P0
  D:0090H         PUBLIC        P1
  X:02EFH         PUBLIC        LCD_id
  D:00A0H         PUBLIC        P2
  D:00B0H         PUBLIC        P3
  D:00A8H         PUBLIC        IE
  D:00B8H         PUBLIC        IP
  C:1C3DH         PUBLIC        asc2_1608
  C:5D75H         PUBLIC        _LCD_WR_REG
  C:50BEH         PUBLIC        _LCD_Clear
  C:5DA3H         SYMBOL        _LCD_WriteRAM
  D:00D8H         PUBLIC        CCON
  C:4713H         PUBLIC        _show_picture
  C:39FEH         PUBLIC        LCD_Initializtion
  D:0098H         PUBLIC        SCON
  C:2B14H         PUBLIC        _LCD_DrawEBox
  D:0088H         PUBLIC        TCON
  C:4A89H         PUBLIC        _PutChar
  B:0090H.4       PUBLIC        LCD_CS
  C:3362H         PUBLIC        _LCD_DrawLine
  C:5AC8H         SYMBOL        _delay_ms
  C:5CB6H         SYMBOL        LCD_WriteRAM_Prepare
  C:5C54H         PUBLIC        _LCD_WR_DATA
  B:0090H.5       PUBLIC        LCD_RS
  B:0090H.6       PUBLIC        LCD_WR
BL51 BANKED LINKER/LOCATER V6.22                                                      06/19/2015  17:48:34  PAGE 19


  C:5D5BH         SYMBOL        _LCD_WriteReg
  C:59FBH         SYMBOL        _LCD_SetCursor
  C:5008H         PUBLIC        _GUI_Text
  C:4D8CH         PUBLIC        _LCD_DrawBox
  C:5813H         PUBLIC        _LCD_SetPoint
  B:00A0H.4       PUBLIC        W25Qxx_CS
  D:00D0H         PUBLIC        PSW
  -------         PROC          _LCD_WR_REG
  D:0007H         SYMBOL        dat
  C:5D75H         LINE#         13
  C:5D75H         LINE#         14
  C:5D75H         LINE#         15
  C:5D77H         LINE#         16
  C:5D79H         LINE#         17
  C:5D7BH         LINE#         18
  C:5D7DH         LINE#         19
  C:5D7FH         LINE#         20
  C:5D81H         LINE#         21
  -------         ENDPROC       _LCD_WR_REG
  -------         PROC          L?0111
  -------         ENDPROC       L?0111
  -------         PROC          _LCD_WR_DATA
  D:0006H         SYMBOL        dat
  C:5C54H         LINE#         23
  C:5C54H         LINE#         24
  C:5C54H         LINE#         25
  C:5C56H         LINE#         26
  C:5C58H         LINE#         27
  C:5C5AH         LINE#         28
  C:5C5CH         LINE#         29
  C:5C5EH         LINE#         30
  C:5C60H         LINE#         31
  -------         ENDPROC       _LCD_WR_DATA
  -------         PROC          L?0113
  -------         ENDPROC       L?0113
  -------         PROC          _LCD_WRITEREG
  D:0007H         SYMBOL        LCD_Reg
  D:0004H         SYMBOL        LCD_RegValue
  C:5D5BH         LINE#         42
  C:5D5BH         LINE#         43
  C:5D5BH         LINE#         44
  C:5D5EH         LINE#         45
  -------         ENDPROC       _LCD_WRITEREG
  C:5CAEH         SYMBOL        L?0108
  -------         PROC          L?0107
  -------         ENDPROC       L?0107
  C:5CAEH         SYMBOL        L?0108
  -------         PROC          LCD_WRITERAM_PREPARE
  C:5CB6H         LINE#         57
  C:5CB6H         LINE#         58
  C:5CB6H         LINE#         59
  -------         ENDPROC       LCD_WRITERAM_PREPARE
  -------         PROC          _LCD_WRITERAM
  D:0006H         SYMBOL        RGB_Code
  C:5DA3H         LINE#         70
  C:5DA3H         LINE#         71
  C:5DA3H         LINE#         73
BL51 BANKED LINKER/LOCATER V6.22                                                      06/19/2015  17:48:34  PAGE 20


  -------         ENDPROC       _LCD_WRITERAM
  -------         PROC          L?0112
  -------         ENDPROC       L?0112
  -------         PROC          _LCD_SETCURSOR
  D:0082H         SYMBOL        Xpos
  D:0002H         SYMBOL        Ypos
  C:59FBH         LINE#         86
  C:5A03H         LINE#         87
  C:5A03H         LINE#         99
  C:5A0DH         LINE#         100
  C:5A17H         LINE#         101
  C:5A20H         LINE#         102
  -------         ENDPROC       _LCD_SETCURSOR
  C:5ABDH         SYMBOL        L?0110
  -------         PROC          L?0109
  -------         ENDPROC       L?0109
  C:5ABDH         SYMBOL        L?0110
  -------         PROC          _DELAY_MS
  D:0006H         SYMBOL        ms
  -------         DO            
  D:0004H         SYMBOL        i
  D:0002H         SYMBOL        j
  -------         ENDDO         
  C:5AC8H         LINE#         114
  C:5AC8H         LINE#         115
  C:5AC8H         LINE#         117
  C:5AD2H         LINE#         118
  C:5AD2H         LINE#         119
  C:5AE0H         LINE#         120
  C:5AE7H         LINE#         121
  -------         ENDPROC       _DELAY_MS
  -------         PROC          LCD_INITIALIZTION
  -------         DO            
  D:0082H         SYMBOL        DeviceCode
  -------         ENDDO         
  C:39FEH         LINE#         131
  C:39FEH         LINE#         132
  C:39FEH         LINE#         133
  C:39FEH         LINE#         136
  C:3A05H         LINE#         137
  C:3A0EH         LINE#         138
  C:3A14H         LINE#         141
  C:3A17H         LINE#         142
  C:3A1CH         LINE#         144
  C:3A27H         LINE#         145
  C:3A27H         LINE#         149
  C:3A2EH         LINE#         150
  C:3A35H         LINE#         151
  C:3A3CH         LINE#         152
  C:3A43H         LINE#         153
  C:3A4AH         LINE#         155
  C:3A51H         LINE#         156
  C:3A58H         LINE#         157
  C:3A5FH         LINE#         158
  C:3A66H         LINE#         160
  C:3A6CH         LINE#         161
  C:3A71H         LINE#         162
BL51 BANKED LINKER/LOCATER V6.22                                                      06/19/2015  17:48:34  PAGE 21


  C:3A77H         LINE#         163
  C:3A7EH         LINE#         164
  C:3A85H         LINE#         165
  C:3A8CH         LINE#         166
  C:3A93H         LINE#         167
  C:3A9AH         LINE#         168
  C:3AA1H         LINE#         169
  C:3AA8H         LINE#         170
  C:3AAFH         LINE#         171
  C:3AB4H         LINE#         172
  C:3ABBH         LINE#         174
  C:3AC2H         LINE#         175
  C:3AC9H         LINE#         176
  C:3AD0H         LINE#         177
  C:3AD7H         LINE#         178
  C:3ADDH         LINE#         179
  C:3AE2H         LINE#         180
  C:3AE9H         LINE#         181
  C:3AF0H         LINE#         182
  C:3AF7H         LINE#         183
  C:3AFEH         LINE#         184
  C:3B03H         LINE#         185
  C:3B0AH         LINE#         186
  C:3B11H         LINE#         187
  C:3B18H         LINE#         190
  C:3B1FH         LINE#         191
  C:3B26H         LINE#         192
  C:3B2DH         LINE#         193
  C:3B34H         LINE#         194
  C:3B3BH         LINE#         197
  C:3B3FH         LINE#         198
  C:3B42H         LINE#         199
  C:3B49H         LINE#         200
  C:3B4FH         LINE#         201
  C:3B51H         LINE#         202
  C:3B54H         LINE#         203
  C:3B56H         LINE#         204
  C:3B59H         LINE#         205
  C:3B5BH         LINE#         206
  C:3B5EH         LINE#         208
  C:3B67H         LINE#         210
  C:3B6EH         LINE#         211
  C:3B75H         LINE#         212
  C:3B7BH         LINE#         213
  C:3B82H         LINE#         218
  C:3B89H         LINE#         219
  C:3B8EH         LINE#         220
  C:3B93H         LINE#         221
  C:3B9AH         LINE#         222
  C:3BA0H         LINE#         223
  C:3BA5H         LINE#         224
  C:3BABH         LINE#         225
  C:3BAFH         LINE#         228
  C:3BB2H         LINE#         230
  C:3BB2H         LINE#         232
  -------         ENDPROC       LCD_INITIALIZTION
  -------         PROC          _LCD_CLEAR
BL51 BANKED LINKER/LOCATER V6.22                                                      06/19/2015  17:48:34  PAGE 22


  X:0021H         SYMBOL        Color
  -------         DO            
  X:0023H         SYMBOL        index
  X:0027H         SYMBOL        i
  -------         ENDDO         
  C:50BEH         LINE#         245
  C:50C6H         LINE#         246
  C:50C6H         LINE#         247
  C:50CEH         LINE#         248
  C:50D6H         LINE#         249
  C:50D9H         LINE#         251
  C:50FEH         LINE#         252
  C:50FEH         LINE#         253
  C:5122H         LINE#         254
  C:5122H         LINE#         255
  C:5125H         LINE#         256
  C:5128H         LINE#         257
  C:5149H         LINE#         258
  C:516BH         LINE#         259
  -------         ENDPROC       _LCD_CLEAR
  C:57FDH         SYMBOL        L?0104
  C:5805H         SYMBOL        L?0105
  C:580BH         SYMBOL        L?0106
  -------         PROC          L?0103
  -------         ENDPROC       L?0103
  C:57FDH         SYMBOL        L?0104
  C:5805H         SYMBOL        L?0105
  C:580BH         SYMBOL        L?0106
  -------         PROC          _LCD_SETPOINT
  X:0282H         SYMBOL        Xpos
  D:0004H         SYMBOL        Ypos
  X:0284H         SYMBOL        point
  C:5813H         LINE#         293
  C:5823H         LINE#         294
  C:5823H         LINE#         295
  C:5834H         LINE#         296
  C:5834H         LINE#         298
  C:5834H         LINE#         299
  C:5837H         LINE#         300
  C:583AH         LINE#         301
  C:5844H         LINE#         302
  C:584CH         LINE#         303
  -------         ENDPROC       _LCD_SETPOINT
  -------         PROC          _LCD_DRAWLINE
  X:0027H         SYMBOL        x0
  X:0029H         SYMBOL        y0
  X:002BH         SYMBOL        x1
  X:002DH         SYMBOL        y1
  X:002FH         SYMBOL        color
  -------         DO            
  X:0031H         SYMBOL        dx
  X:0033H         SYMBOL        dy
  X:0035H         SYMBOL        temp
  -------         ENDDO         
  C:3362H         LINE#         317
  C:337AH         LINE#         318
  C:337AH         LINE#         322
BL51 BANKED LINKER/LOCATER V6.22                                                      06/19/2015  17:48:34  PAGE 23


  C:3381H         LINE#         323
  C:3381H         LINE#         324
  C:3391H         LINE#         325
  C:33A0H         LINE#         326
  C:33A8H         LINE#         327
  C:33A8H         LINE#         328
  C:33BEH         LINE#         329
  C:33BEH         LINE#         330
  C:33C6H         LINE#         331
  C:33CEH         LINE#         332
  C:33D6H         LINE#         333
  C:33D6H         LINE#         335
  C:33F3H         LINE#         336
  C:340EH         LINE#         338
  C:3412H         LINE#         339
  C:3412H         LINE#         341
  C:3412H         LINE#         342
  C:3415H         LINE#         343
  C:3423H         LINE#         344
  C:3423H         LINE#         345
  C:3439H         LINE#         347
  C:3439H         LINE#         348
  C:3443H         LINE#         349
  C:3443H         LINE#         351
  C:3443H         LINE#         352
  C:3446H         LINE#         353
  C:3454H         LINE#         354
  C:3454H         LINE#         355
  C:346AH         LINE#         357
  C:346AH         LINE#         359
  C:3489H         LINE#         360
  C:3489H         LINE#         361
  C:349DH         LINE#         362
  C:34B7H         LINE#         363
  C:34B7H         LINE#         364
  C:34BAH         LINE#         365
  C:34C8H         LINE#         366
  C:34D9H         LINE#         367
  C:34D9H         LINE#         368
  C:34E7H         LINE#         369
  C:3507H         LINE#         370
  C:3509H         LINE#         372
  C:3509H         LINE#         373
  C:3522H         LINE#         374
  C:3522H         LINE#         375
  C:3525H         LINE#         379
  C:3525H         LINE#         380
  C:3545H         LINE#         381
  C:355CH         LINE#         382
  C:355CH         LINE#         383
  C:3567H         LINE#         384
  C:3575H         LINE#         385
  C:3586H         LINE#         386
  C:3586H         LINE#         387
  C:3594H         LINE#         388
  C:35B4H         LINE#         389
  C:35B6H         LINE#         391
BL51 BANKED LINKER/LOCATER V6.22                                                      06/19/2015  17:48:34  PAGE 24


  C:35B6H         LINE#         392
  C:35CFH         LINE#         393
  C:35CFH         LINE#         394
  C:35D2H         LINE#         395
  C:35D5H         LINE#         396
  C:35D5H         LINE#         397
  -------         ENDPROC       _LCD_DRAWLINE
  -------         PROC          _PUTCHAR
  X:0048H         SYMBOL        x
  X:004AH         SYMBOL        y
  X:004CH         SYMBOL        num
  X:004DH         SYMBOL        p_color
  X:004FH         SYMBOL        b_color
  -------         DO            
  X:0051H         SYMBOL        temp
  X:0052H         SYMBOL        t1
  D:0001H         SYMBOL        t
  X:0053H         SYMBOL        y0
  -------         ENDDO         
  C:4A89H         LINE#         412
  C:4A9EH         LINE#         413
  C:4A9EH         LINE#         416
  C:4AA6H         LINE#         417
  C:4AADH         LINE#         420
  C:4AAFH         LINE#         421
  C:4AAFH         LINE#         422
  C:4AD1H         LINE#         423
  C:4AD4H         LINE#         424
  C:4AD4H         LINE#         425
  C:4ADBH         LINE#         426
  C:4AF3H         LINE#         428
  C:4B15H         LINE#         430
  C:4B1CH         LINE#         431
  C:4B2AH         LINE#         432
  C:4B39H         LINE#         434
  C:4B54H         LINE#         435
  C:4B54H         LINE#         436
  C:4B59H         LINE#         437
  C:4B67H         LINE#         438
  C:4B77H         LINE#         440
  C:4B77H         LINE#         441
  C:4B86H         LINE#         442
  C:4B8FH         LINE#         443
  -------         ENDPROC       _PUTCHAR
  -------         PROC          _GUI_TEXT
  X:0016H         SYMBOL        Xpos
  X:0018H         SYMBOL        Ypos
  X:001AH         SYMBOL        str
  X:001DH         SYMBOL        Color
  X:001FH         SYMBOL        bkColor
  -------         DO            
  D:0003H         SYMBOL        TempChar
  -------         ENDDO         
  C:5008H         LINE#         457
  C:501FH         LINE#         458
  C:501FH         LINE#         461
  C:501FH         LINE#         462
BL51 BANKED LINKER/LOCATER V6.22                                                      06/19/2015  17:48:34  PAGE 25


  C:5033H         LINE#         463
  C:5064H         LINE#         464
  C:5073H         LINE#         465
  C:5073H         LINE#         466
  C:507BH         LINE#         467
  C:507DH         LINE#         468
  C:5090H         LINE#         469
  C:5090H         LINE#         470
  C:5093H         LINE#         471
  C:50A1H         LINE#         472
  C:50A3H         LINE#         474
  C:50A3H         LINE#         475
  C:50A6H         LINE#         476
  C:50AAH         LINE#         477
  C:50AAH         LINE#         478
  C:50AAH         LINE#         479
  C:50BDH         LINE#         480
  -------         ENDPROC       _GUI_TEXT
  -------         PROC          _SHOW_PICTURE
  X:0002H         SYMBOL        x
  X:0004H         SYMBOL        y
  X:0006H         SYMBOL        width
  X:0008H         SYMBOL        high
  X:000AH         SYMBOL        ReadAddr
  -------         DO            
  X:000EH         SYMBOL        temp1
  X:000FH         SYMBOL        temp2
  X:0010H         SYMBOL        i
  X:0014H         SYMBOL        j
  -------         ENDDO         
  C:4713H         LINE#         486
  C:4727H         LINE#         487
  C:4727H         LINE#         488
  C:472EH         LINE#         489
  C:4738H         LINE#         490
  C:473EH         LINE#         491
  C:4741H         LINE#         492
  C:4743H         LINE#         493
  C:4748H         LINE#         494
  C:475EH         LINE#         495
  C:4774H         LINE#         496
  C:477FH         LINE#         497
  C:47ABH         LINE#         498
  C:47ABH         LINE#         499
  C:47D4H         LINE#         500
  C:47D4H         LINE#         501
  C:47DCH         LINE#         502
  C:47E4H         LINE#         503
  C:47E9H         LINE#         504
  C:47EFH         LINE#         505
  C:4810H         LINE#         506
  C:4827H         LINE#         507
  C:482AH         LINE#         508
  C:484CH         LINE#         509
  C:484EH         LINE#         510
  -------         ENDPROC       _SHOW_PICTURE
  -------         PROC          _LCD_DRAWBOX
BL51 BANKED LINKER/LOCATER V6.22                                                      06/19/2015  17:48:34  PAGE 26


  X:015FH         SYMBOL        x
  X:0161H         SYMBOL        y
  X:0163H         SYMBOL        width
  X:0165H         SYMBOL        high
  X:0167H         SYMBOL        color
  -------         DO            
  X:0169H         SYMBOL        i
  X:016DH         SYMBOL        j
  -------         ENDDO         
  C:4D8CH         LINE#         517
  C:4DA0H         LINE#         518
  C:4DA0H         LINE#         519
  C:4DAAH         LINE#         520
  C:4DB0H         LINE#         521
  C:4DB3H         LINE#         522
  C:4DDFH         LINE#         523
  C:4DDFH         LINE#         524
  C:4E08H         LINE#         525
  C:4E08H         LINE#         526
  C:4E0BH         LINE#         527
  C:4E0EH         LINE#         528
  C:4E2FH         LINE#         529
  C:4E46H         LINE#         530
  C:4E49H         LINE#         531
  C:4E6BH         LINE#         533
  -------         ENDPROC       _LCD_DRAWBOX
  -------         PROC          _LCD_DRAWEBOX
  X:0016H         SYMBOL        x
  X:0018H         SYMBOL        y
  X:001AH         SYMBOL        width
  X:001CH         SYMBOL        high
  X:001EH         SYMBOL        color
  C:2B14H         LINE#         540
  C:2B2AH         LINE#         541
  C:2B2AH         LINE#         542
  C:2B63H         LINE#         543
  C:2BC5H         LINE#         544
  C:2C0AH         LINE#         545
  C:2C63H         LINE#         546
  C:2CBFH         LINE#         547
  C:2D3DH         LINE#         548
  C:2D90H         LINE#         549
  -------         ENDPROC       _LCD_DRAWEBOX
  -------         ENDMOD        HX8347D

  -------         MODULE        TOUCH
  C:0000H         SYMBOL        _ICE_DUMMY_
  D:0080H         PUBLIC        P0
  D:0090H         PUBLIC        P1
  D:00A0H         PUBLIC        P2
  X:029BH         PUBLIC        tp_dev
  C:5C2EH         PUBLIC        _TP_Write_Byte
  C:4C95H         PUBLIC        _TP_Scan
  D:00A8H         PUBLIC        IE
  C:584DH         PUBLIC        _TP_Read_XY
  D:00B8H         PUBLIC        IP
  C:5BD9H         PUBLIC        TP_Init
BL51 BANKED LINKER/LOCATER V6.22                                                      06/19/2015  17:48:34  PAGE 27


  X:02BAH         PUBLIC        CMD_RDX
  D:00D8H         PUBLIC        CCON
  X:02BBH         PUBLIC        CMD_RDY
  B:0080H.1       PUBLIC        TCLK
  B:0080H.2       PUBLIC        TDIN
  D:0098H         PUBLIC        SCON
  D:0088H         PUBLIC        TCON
  B:0080H.3       PUBLIC        DOUT
  C:000EH         PUBLIC        TP_Default_Adj
  C:44A1H         PUBLIC        _TP_Read_XY2
  C:5BBCH         SYMBOL        _delay_us
  B:00A0H.5       PUBLIC        PEN
  C:3BB9H         PUBLIC        _TP_Read_XOY
  C:589CH         PUBLIC        _TP_Read_AD
  B:00A0H.6       PUBLIC        TCS
  C:13C3H         PUBLIC        TP_Adjust
  C:5483H         PUBLIC        _TP_Draw_Big_Point
  C:45E3H         PUBLIC        _TP_Drow_Touch_Point
  D:00D0H         PUBLIC        PSW
  -------         PROC          _DELAY_US
  D:0006H         SYMBOL        us
  -------         DO            
  D:0004H         SYMBOL        i
  -------         ENDDO         
  C:5BBCH         LINE#         31
  C:5BBCH         LINE#         32
  C:5BBCH         LINE#         34
  C:5BC7H         LINE#         35
  C:5BD8H         LINE#         36
  -------         ENDPROC       _DELAY_US
  -------         PROC          _TP_WRITE_BYTE
  D:0007H         SYMBOL        num
  -------         DO            
  D:0006H         SYMBOL        count
  -------         ENDDO         
  C:5C2EH         LINE#         42
  C:5C2EH         LINE#         43
  C:5C2EH         LINE#         44
  C:5C30H         LINE#         45
  C:5C30H         LINE#         46
  C:5C30H         LINE#         47
  C:5C38H         LINE#         48
  C:5C3AH         LINE#         49
  C:5C3EH         LINE#         50
  C:5C40H         LINE#         51
  C:5C42H         LINE#         52
  C:5C47H         LINE#         53
  -------         ENDPROC       _TP_WRITE_BYTE
  -------         PROC          _TP_READ_AD
  D:0007H         SYMBOL        CMD
  -------         DO            
  D:0005H         SYMBOL        count
  D:0002H         SYMBOL        Num
  -------         ENDDO         
  C:589CH         LINE#         60
  C:589CH         LINE#         61
  C:589CH         LINE#         62
BL51 BANKED LINKER/LOCATER V6.22                                                      06/19/2015  17:48:34  PAGE 28


  C:589EH         LINE#         63
  C:58A0H         LINE#         64
  C:58A2H         LINE#         65
  C:58A4H         LINE#         66
  C:58A6H         LINE#         67
  C:58A9H         LINE#         68
  C:58B0H         LINE#         69
  C:58B2H         LINE#         70
  C:58B9H         LINE#         71
  C:58BBH         LINE#         72
  C:58BDH         LINE#         73
  C:58BFH         LINE#         74
  C:58BFH         LINE#         75
  C:58C6H         LINE#         76
  C:58C8H         LINE#         77
  C:58CAH         LINE#         78
  C:58D2H         LINE#         79
  C:58D7H         LINE#         80
  C:58E4H         LINE#         81
  C:58E6H         LINE#         82
  C:58E9H         LINE#         83
  -------         ENDPROC       _TP_READ_AD
  -------         PROC          _TP_READ_XOY
  D:0001H         SYMBOL        xy
  -------         DO            
  X:0032H         SYMBOL        i
  D:0004H         SYMBOL        j
  X:0034H         SYMBOL        buf
  X:003EH         SYMBOL        sum
  X:0040H         SYMBOL        temp
  -------         ENDDO         
  C:3BB9H         LINE#         93
  C:3BBBH         LINE#         94
  C:3BBBH         LINE#         97
  C:3BC2H         LINE#         99
  C:3C0AH         LINE#         100
  C:3C24H         LINE#         101
  C:3C24H         LINE#         102
  C:3C39H         LINE#         103
  C:3C39H         LINE#         104
  C:3C71H         LINE#         105
  C:3C71H         LINE#         106
  C:3C79H         LINE#         107
  C:3CABH         LINE#         108
  C:3CC9H         LINE#         109
  C:3CC9H         LINE#         110
  C:3CD1H         LINE#         111
  C:3CE5H         LINE#         112
  C:3CECH         LINE#         113
  C:3D35H         LINE#         114
  C:3D4AH         LINE#         115
  C:3D4AH         LINE#         116
  -------         ENDPROC       _TP_READ_XOY
  -------         PROC          _TP_READ_XY
  X:002AH         SYMBOL        x
  X:002DH         SYMBOL        y
  -------         DO            
BL51 BANKED LINKER/LOCATER V6.22                                                      06/19/2015  17:48:34  PAGE 29


  X:0030H         SYMBOL        xtemp
  D:0006H         SYMBOL        ytemp
  -------         ENDDO         
  C:584DH         LINE#         121
  C:5858H         LINE#         122
  C:5858H         LINE#         124
  C:5868H         LINE#         125
  C:5870H         LINE#         127
  C:5888H         LINE#         128
  C:5899H         LINE#         129
  C:589BH         LINE#         130
  -------         ENDPROC       _TP_READ_XY
  -------         PROC          L?0091
  -------         ENDPROC       L?0091
  -------         PROC          _TP_READ_XY2
  X:001CH         SYMBOL        x
  X:001FH         SYMBOL        y
  -------         DO            
  X:0022H         SYMBOL        x1
  X:0024H         SYMBOL        y1
  X:0026H         SYMBOL        x2
  X:0028H         SYMBOL        y2
  D:0007H         SYMBOL        flag
  -------         ENDDO         
  C:44A1H         LINE#         137
  C:44ACH         LINE#         138
  C:44ACH         LINE#         142
  C:44C3H         LINE#         143
  C:44C8H         LINE#         144
  C:44DFH         LINE#         145
  C:44E4H         LINE#         146
  C:457AH         LINE#         148
  C:457AH         LINE#         149
  C:45A3H         LINE#         150
  C:45CCH         LINE#         151
  C:45CFH         LINE#         152
  C:45D1H         LINE#         153
  -------         ENDPROC       _TP_READ_XY2
  C:45D2H         SYMBOL        L?0089
  C:45DBH         SYMBOL        L?0090
  -------         PROC          L?0088
  -------         ENDPROC       L?0088
  C:45D2H         SYMBOL        L?0089
  C:45DBH         SYMBOL        L?0090
  -------         PROC          _TP_DROW_TOUCH_POINT
  X:0021H         SYMBOL        x
  X:0023H         SYMBOL        y
  X:0025H         SYMBOL        color
  C:45E3H         LINE#         161
  C:45FBH         LINE#         162
  C:45FBH         LINE#         163
  C:4634H         LINE#         164
  C:4677H         LINE#         165
  C:469EH         LINE#         166
  C:46C5H         LINE#         167
  C:46ECH         LINE#         168
  -------         ENDPROC       _TP_DROW_TOUCH_POINT
BL51 BANKED LINKER/LOCATER V6.22                                                      06/19/2015  17:48:34  PAGE 30


  -------         PROC          _TP_DRAW_BIG_POINT
  X:000EH         SYMBOL        x
  X:0010H         SYMBOL        y
  X:0012H         SYMBOL        color
  C:5483H         LINE#         173
  C:5497H         LINE#         174
  C:5497H         LINE#         175
  C:549AH         LINE#         176
  C:54B9H         LINE#         177
  C:54DAH         LINE#         178
  -------         ENDPROC       _TP_DRAW_BIG_POINT
  -------         PROC          _TP_SCAN
  D:0007H         SYMBOL        tp
  C:4C95H         LINE#         186
  C:4C95H         LINE#         187
  C:4C95H         LINE#         188
  C:4C9BH         LINE#         189
  C:4C9BH         LINE#         190
  C:4CA4H         LINE#         191
  C:4CADH         LINE#         192
  C:4CADH         LINE#         193
  C:4CF4H         LINE#         194
  C:4D39H         LINE#         195
  C:4D39H         LINE#         196
  C:4D40H         LINE#         197
  C:4D40H         LINE#         198
  C:4D43H         LINE#         199
  C:4D52H         LINE#         200
  C:4D61H         LINE#         201
  C:4D61H         LINE#         202
  C:4D63H         LINE#         203
  C:4D63H         LINE#         204
  C:4D6AH         LINE#         205
  C:4D6AH         LINE#         206
  C:4D6DH         LINE#         207
  C:4D6FH         LINE#         208
  C:4D6FH         LINE#         209
  C:4D76H         LINE#         210
  C:4D7AH         LINE#         211
  C:4D80H         LINE#         212
  C:4D84H         LINE#         213
  C:4D84H         LINE#         214
  C:4D84H         LINE#         215
  C:4D8BH         LINE#         216
  -------         ENDPROC       _TP_SCAN
  -------         PROC          TP_ADJUST
  -------         DO            
  X:0000H         SYMBOL        pos_temp
  X:0010H         SYMBOL        cnt
  X:0011H         SYMBOL        d1
  X:0013H         SYMBOL        d2
  X:0015H         SYMBOL        tem1
  X:0019H         SYMBOL        tem2
  X:001DH         SYMBOL        fac
  -------         ENDDO         
  C:13C3H         LINE#         221
  C:13C3H         LINE#         222
BL51 BANKED LINKER/LOCATER V6.22                                                      06/19/2015  17:48:34  PAGE 31


  C:13C3H         LINE#         224
  C:13C8H         LINE#         228
  C:13C9H         LINE#         229
  C:13D0H         LINE#         231
  C:13DFH         LINE#         232
  C:13E4H         LINE#         233
  C:13ECH         LINE#         234
  C:13ECH         LINE#         235
  C:13ECH         LINE#         236
  C:13FDH         LINE#         237
  C:1408H         LINE#         238
  C:1408H         LINE#         239
  C:140CH         LINE#         240
  C:142BH         LINE#         241
  C:1446H         LINE#         242
  C:144CH         LINE#         243
  C:145BH         LINE#         244
  C:145BH         LINE#         245
  C:145BH         LINE#         246
  C:146AH         LINE#         247
  C:1472H         LINE#         248
  C:1474H         LINE#         249
  C:1474H         LINE#         250
  C:147BH         LINE#         251
  C:1483H         LINE#         252
  C:1486H         LINE#         253
  C:1486H         LINE#         254
  C:1495H         LINE#         255
  C:14A1H         LINE#         256
  C:14A4H         LINE#         257
  C:14A4H         LINE#         259
  C:14C8H         LINE#         260
  C:14ECH         LINE#         261
  C:150AH         LINE#         262
  C:1528H         LINE#         263
  C:1560H         LINE#         265
  C:1584H         LINE#         266
  C:15A8H         LINE#         267
  C:15C6H         LINE#         268
  C:15E4H         LINE#         269
  C:161CH         LINE#         270
  C:1655H         LINE#         271
  C:16A1H         LINE#         272
  C:16A1H         LINE#         273
  C:16A1H         LINE#         274
  C:16A4H         LINE#         275
  C:16B0H         LINE#         276
  C:16B3H         LINE#         277
  C:16B3H         LINE#         278
  C:16D7H         LINE#         279
  C:16FBH         LINE#         280
  C:1719H         LINE#         281
  C:1737H         LINE#         282
  C:176FH         LINE#         284
  C:1793H         LINE#         285
  C:17B7H         LINE#         286
  C:17D5H         LINE#         287
BL51 BANKED LINKER/LOCATER V6.22                                                      06/19/2015  17:48:34  PAGE 32


  C:17F3H         LINE#         288
  C:182BH         LINE#         289
  C:1864H         LINE#         290
  C:189CH         LINE#         291
  C:189CH         LINE#         292
  C:189CH         LINE#         293
  C:189FH         LINE#         294
  C:18ABH         LINE#         295
  C:18AEH         LINE#         296
  C:18AEH         LINE#         298
  C:18D2H         LINE#         299
  C:18F6H         LINE#         300
  C:1914H         LINE#         301
  C:1932H         LINE#         302
  C:196AH         LINE#         304
  C:198EH         LINE#         305
  C:19B2H         LINE#         306
  C:19D0H         LINE#         307
  C:19EEH         LINE#         308
  C:1A26H         LINE#         309
  C:1A5FH         LINE#         310
  C:1A97H         LINE#         311
  C:1A97H         LINE#         312
  C:1A97H         LINE#         313
  C:1A9AH         LINE#         314
  C:1AA9H         LINE#         315
  C:1AACH         LINE#         316
  C:1AACH         LINE#         318
  C:1ADDH         LINE#         319
  C:1B2CH         LINE#         321
  C:1B5DH         LINE#         322
  C:1BACH         LINE#         323
  C:1BEAH         LINE#         324
  C:1BEAH         LINE#         325
  C:1BEAH         LINE#         326
  C:1BEDH         LINE#         327
  C:1BFCH         LINE#         328
  C:1C0DH         LINE#         329
  C:1C0FH         LINE#         330
  C:1C0FH         LINE#         331
  C:1C13H         LINE#         332
  C:1C17H         LINE#         333
  C:1C1AH         LINE#         334
  C:1C1AH         LINE#         335
  C:1C20H         LINE#         336
  C:1C24H         LINE#         337
  C:1C24H         LINE#         338
  C:1C27H         LINE#         339
  C:1C27H         LINE#         340
  C:1C2EH         LINE#         342
  C:1C35H         LINE#         343
  C:1C3CH         LINE#         345
  C:1C3CH         LINE#         346
  C:1C3CH         LINE#         347
  C:1C3CH         LINE#         348
  -------         ENDPROC       TP_ADJUST
  -------         PROC          TP_DEFAULT_ADJ
BL51 BANKED LINKER/LOCATER V6.22                                                      06/19/2015  17:48:34  PAGE 33


  C:000EH         LINE#         351
  C:000EH         LINE#         352
  C:000EH         LINE#         363
  C:0014H         LINE#         364
  C:0018H         LINE#         365
  C:0022H         LINE#         366
  C:002CH         LINE#         367
  C:0036H         LINE#         368
  C:0040H         LINE#         370
  -------         ENDPROC       TP_DEFAULT_ADJ
  -------         PROC          TP_INIT
  C:5BD9H         LINE#         372
  C:5BD9H         LINE#         373
  C:5BD9H         LINE#         375
  C:5BF0H         LINE#         377
  C:5BF3H         LINE#         378
  C:5BF5H         LINE#         379
  -------         ENDPROC       TP_INIT
  -------         ENDMOD        TOUCH

  -------         MODULE        DS1302
  C:0000H         SYMBOL        _ICE_DUMMY_
  D:0080H         PUBLIC        P0
  D:00A0H         PUBLIC        P2
  C:5C70H         PUBLIC        Delay1ms
  B:00A0H.7       PUBLIC        CE
  D:00A8H         PUBLIC        IE
  D:00B8H         PUBLIC        IP
  D:00D8H         PUBLIC        CCON
  B:0080H.1       PUBLIC        SCLK
  D:0098H         PUBLIC        SCON
  D:0088H         PUBLIC        TCON
  C:58EAH         PUBLIC        _Read1302
  C:52C2H         PUBLIC        _Ds1302_Read_Time
  C:59B4H         PUBLIC        _Write1302
  B:0080H.3       PUBLIC        DIO
  C:4E6CH         PUBLIC        _Ds1302_Write_Time
  C:5C9DH         PUBLIC        delay40us
  C:484FH         PUBLIC        _gettime
  C:5D1EH         PUBLIC        Ds1302_Init
  D:00D0H         PUBLIC        PSW
  C:5C6BH         SYMBOL        L?0037
  -------         PROC          L?0036
  -------         ENDPROC       L?0036
  C:5C6BH         SYMBOL        L?0037
  -------         PROC          DELAY1MS
  -------         DO            
  D:0007H         SYMBOL        i
  D:0006H         SYMBOL        j
  -------         ENDDO         
  C:5C70H         LINE#         3
  C:5C70H         LINE#         4
  C:5C70H         LINE#         7
  C:5C72H         LINE#         8
  C:5C74H         LINE#         10
  C:5C74H         LINE#         11
  C:5C76H         LINE#         12
BL51 BANKED LINKER/LOCATER V6.22                                                      06/19/2015  17:48:34  PAGE 34


  C:5C78H         LINE#         13
  -------         ENDPROC       DELAY1MS
  -------         PROC          _GETTIME
  X:0016H         SYMBOL        buf
  -------         DO            
  X:0019H         SYMBOL        temp
  -------         ENDDO         
  C:484FH         LINE#         15
  C:485AH         LINE#         16
  C:485AH         LINE#         18
  C:4863H         LINE#         19
  C:4873H         LINE#         20
  C:4886H         LINE#         21
  C:4896H         LINE#         22
  C:48A1H         LINE#         23
  C:48A9H         LINE#         24
  C:48B9H         LINE#         25
  C:48C4H         LINE#         26
  C:48CCH         LINE#         27
  C:48DCH         LINE#         28
  C:48E7H         LINE#         29
  C:48EFH         LINE#         30
  C:48FFH         LINE#         31
  C:490AH         LINE#         32
  C:4912H         LINE#         33
  C:4922H         LINE#         34
  C:492DH         LINE#         35
  C:4935H         LINE#         36
  C:4945H         LINE#         37
  C:4950H         LINE#         38
  C:4958H         LINE#         39
  C:4966H         LINE#         40
  -------         ENDPROC       _GETTIME
  C:5C91H         SYMBOL        L?0034
  C:5C98H         SYMBOL        L?0035
  -------         PROC          L?0033
  -------         ENDPROC       L?0033
  C:5C91H         SYMBOL        L?0034
  C:5C98H         SYMBOL        L?0035
  -------         PROC          DELAY40US
  -------         DO            
  D:0007H         SYMBOL        i
  D:0006H         SYMBOL        j
  -------         ENDDO         
  C:5C9DH         LINE#         42
  C:5C9DH         LINE#         43
  C:5C9DH         LINE#         46
  C:5C9FH         LINE#         47
  C:5CA1H         LINE#         49
  C:5CA1H         LINE#         50
  C:5CA3H         LINE#         51
  C:5CA5H         LINE#         52
  -------         ENDPROC       DELAY40US
  -------         PROC          _WRITE1302
  D:0003H         SYMBOL        addr
  D:0005H         SYMBOL        dat
  -------         DO            
BL51 BANKED LINKER/LOCATER V6.22                                                      06/19/2015  17:48:34  PAGE 35


  D:0002H         SYMBOL        i
  D:0001H         SYMBOL        temp
  -------         ENDDO         
  C:59B4H         LINE#         56
  C:59B6H         LINE#         57
  C:59B6H         LINE#         59
  C:59B8H         LINE#         60
  C:59BBH         LINE#         61
  C:59BDH         LINE#         62
  C:59C0H         LINE#         63
  C:59C2H         LINE#         64
  C:59C5H         LINE#         65
  C:59C7H         LINE#         66
  C:59C7H         LINE#         67
  C:59C9H         LINE#         68
  C:59CCH         LINE#         69
  C:59CEH         LINE#         70
  C:59CFH         LINE#         71
  C:59CFH         LINE#         72
  C:59CFH         LINE#         73
  C:59CFH         LINE#         74
  C:59CFH         LINE#         75
  C:59D2H         LINE#         76
  C:59D4H         LINE#         78
  C:59D6H         LINE#         79
  C:59D6H         LINE#         80
  C:59D8H         LINE#         81
  C:59DBH         LINE#         82
  C:59DDH         LINE#         83
  C:59E1H         LINE#         84
  C:59E4H         LINE#         85
  C:59E8H         LINE#         86
  C:59E8H         LINE#         87
  C:59E8H         LINE#         88
  C:59EBH         LINE#         89
  C:59EDH         LINE#         90
  C:59EFH         LINE#         91
  -------         ENDPROC       _WRITE1302
  -------         PROC          _READ1302
  D:0003H         SYMBOL        addr
  -------         DO            
  D:0002H         SYMBOL        i
  D:0005H         SYMBOL        temp
  -------         ENDDO         
  C:58EAH         LINE#         96
  C:58ECH         LINE#         97
  C:58ECH         LINE#         99
  C:58EEH         LINE#         100
  C:58F1H         LINE#         101
  C:58F3H         LINE#         102
  C:58F6H         LINE#         103
  C:58F8H         LINE#         104
  C:58FBH         LINE#         106
  C:58FDH         LINE#         107
  C:58FDH         LINE#         108
  C:58FFH         LINE#         109
  C:5902H         LINE#         111
BL51 BANKED LINKER/LOCATER V6.22                                                      06/19/2015  17:48:34  PAGE 36


[...]
  X:000CH         SYMBOL        color
  -------         ENDDO         
  C:30ACH         LINE#         332
  C:30ACH         LINE#         333
  C:30ACH         LINE#         334
  C:30B5H         LINE#         335
  C:30BCH         LINE#         336
  C:30D8H         LINE#         337
  C:30F7H         LINE#         338
  C:3114H         LINE#         339
  C:312FH         LINE#         340
BL51 BANKED LINKER/LOCATER V6.22                                                      06/19/2015  17:48:34  PAGE 45


  C:314EH         LINE#         341
  C:316DH         LINE#         342
  C:318AH         LINE#         343
  C:31AAH         LINE#         344
  C:31CAH         LINE#         345
  C:31EAH         LINE#         346
  C:320AH         LINE#         347
  C:322AH         LINE#         348
  C:322DH         LINE#         349
  C:322DH         LINE#         350
  C:322DH         LINE#         351
  C:3230H         LINE#         352
  C:3261H         LINE#         353
  C:329FH         LINE#         354
  C:32BDH         LINE#         355
  C:32FAH         LINE#         356
  C:32FAH         LINE#         357
  C:32FEH         LINE#         358
  C:3308H         LINE#         359
  C:3315H         LINE#         360
  C:331BH         LINE#         361
  C:3327H         LINE#         362
  C:3334H         LINE#         363
  C:333BH         LINE#         364
  C:3348H         LINE#         365
  C:3355H         LINE#         366
  -------         ENDPROC       PICBOX
  -------         ENDMOD        GUI

  -------         MODULE        18B20
  C:0000H         SYMBOL        _ICE_DUMMY_
  D:0080H         PUBLIC        P0
  D:00A8H         PUBLIC        IE
  C:5974H         PUBLIC        _ReadTemperature
  B:0080H.0       PUBLIC        DQ
  D:00B8H         PUBLIC        IP
  C:5B39H         PUBLIC        Init_DS18B20
  C:5BF6H         PUBLIC        ReadOneChar
  D:00D8H         PUBLIC        CCON
  C:5A2AH         PUBLIC        Read18b20
  C:5CE4H         PUBLIC        _DelayMs
  C:5C12H         PUBLIC        _WriteOneChar
  D:0098H         PUBLIC        SCON
  D:0088H         PUBLIC        TCON
  C:5CD0H         PUBLIC        _DelayUs2x
  D:00D0H         PUBLIC        PSW
  -------         PROC          _DELAYUS2X
  D:0007H         SYMBOL        t
  -------         DO            
  D:0006H         SYMBOL        i
  -------         ENDDO         
  C:5CD0H         LINE#         10
  C:5CD0H         LINE#         11
  C:5CD0H         LINE#         13
  C:5CDCH         LINE#         14
  C:5CDCH         LINE#         15
  C:5CDEH         LINE#         16
BL51 BANKED LINKER/LOCATER V6.22                                                      06/19/2015  17:48:34  PAGE 46


  C:5CE0H         LINE#         17
  C:5CE3H         LINE#         18
  -------         ENDPROC       _DELAYUS2X
  -------         PROC          _DELAYMS
  D:0007H         SYMBOL        t
  -------         DO            
  D:0006H         SYMBOL        i
  D:0005H         SYMBOL        j
  -------         ENDDO         
  C:5CE4H         LINE#         24
  C:5CE4H         LINE#         25
  C:5CE4H         LINE#         27
  C:5CEAH         LINE#         28
  C:5CEAH         LINE#         29
  C:5CEBH         LINE#         30
  C:5CECH         LINE#         31
  C:5CEEH         LINE#         32
  C:5CF0H         LINE#         34
  C:5CF0H         LINE#         35
  C:5CF2H         LINE#         36
  C:5CF4H         LINE#         37
  C:5CF7H         LINE#         38
  -------         ENDPROC       _DELAYMS
  -------         PROC          INIT_DS18B20
  -------         DO            
  B:0020H.0       SYMBOL        dat
  -------         ENDDO         
  C:5B39H         LINE#         43
  C:5B39H         LINE#         44
  C:5B39H         LINE#         45
  C:5B3BH         LINE#         46
  C:5B3DH         LINE#         47
  C:5B42H         LINE#         48
  C:5B44H         LINE#         49
  C:5B49H         LINE#         50
  C:5B4EH         LINE#         51
  C:5B50H         LINE#         52
  C:5B55H         LINE#         53
  C:5B59H         LINE#         54
  C:5B5EH         LINE#         55
  C:5B60H         LINE#         56
  -------         ENDPROC       INIT_DS18B20
  -------         PROC          READONECHAR
  -------         DO            
  D:0005H         SYMBOL        i
  D:0004H         SYMBOL        dat
  -------         ENDDO         
  C:5BF6H         LINE#         61
  C:5BF6H         LINE#         62
  C:5BF6H         LINE#         63
  C:5BF7H         LINE#         64
  C:5BF8H         LINE#         65
  C:5BFAH         LINE#         66
  C:5BFAH         LINE#         67
  C:5BFCH         LINE#         68
  C:5C00H         LINE#         69
  C:5C02H         LINE#         70
BL51 BANKED LINKER/LOCATER V6.22                                                      06/19/2015  17:48:34  PAGE 47


  C:5C05H         LINE#         71
  C:5C08H         LINE#         72
  C:5C0DH         LINE#         73
  C:5C0FH         LINE#         74
  C:5C11H         LINE#         75
  -------         ENDPROC       READONECHAR
  -------         PROC          _WRITEONECHAR
  D:0005H         SYMBOL        dat
  -------         DO            
  D:0003H         SYMBOL        i
  -------         ENDDO         
  C:5C12H         LINE#         79
  C:5C14H         LINE#         80
  C:5C14H         LINE#         81
  C:5C14H         LINE#         82
  C:5C16H         LINE#         83
  C:5C16H         LINE#         84
  C:5C18H         LINE#         85
  C:5C1CH         LINE#         86
  C:5C21H         LINE#         87
  C:5C23H         LINE#         88
  C:5C27H         LINE#         89
  C:5C29H         LINE#         90
  -------         ENDPROC       _WRITEONECHAR
  -------         PROC          READ18B20
  -------         DO            
  D:0003H         SYMBOL        a
  D:0006H         SYMBOL        b
  D:0004H         SYMBOL        t
  -------         ENDDO         
  C:5A2AH         LINE#         96
  C:5A2AH         LINE#         97
  C:5A2AH         LINE#         98
  C:5A2CH         LINE#         99
  C:5A2EH         LINE#         100
  C:5A30H         LINE#         101
  C:5A33H         LINE#         102
  C:5A38H         LINE#         103
  C:5A3DH         LINE#         104
  C:5A42H         LINE#         105
  C:5A45H         LINE#         106
  C:5A4AH         LINE#         107
  C:5A4FH         LINE#         108
  C:5A54H         LINE#         109
  C:5A57H         LINE#         110
  C:5A5BH         LINE#         111
  C:5A60H         LINE#         113
  C:5A63H         LINE#         114
  -------         ENDPROC       READ18B20
  -------         PROC          _READTEMPERATURE
  X:0015H         SYMBOL        temper
  -------         DO            
  D:0006H         SYMBOL        temp
  D:0004H         SYMBOL        temperature
  -------         ENDDO         
  C:5974H         LINE#         115
  C:597FH         LINE#         116
BL51 BANKED LINKER/LOCATER V6.22                                                      06/19/2015  17:48:34  PAGE 48


  C:597FH         LINE#         119
  C:5982H         LINE#         120
  C:5994H         LINE#         121
  -------         ENDPROC       _READTEMPERATURE
  -------         ENDMOD        18B20

  -------         MODULE        UART
  C:0000H         SYMBOL        _ICE_DUMMY_
  B:00A8H.7       PUBLIC        EA
  D:00A8H         PUBLIC        IE
  D:00B8H         PUBLIC        IP
  B:0021H.2       PUBLIC        flag
  D:00D8H         PUBLIC        CCON
  D:0098H         PUBLIC        SCON
  D:0088H         PUBLIC        TCON
  X:02D6H         PUBLIC        temp
  D:00AFH         PUBLIC        IE2
  D:008EH         PUBLIC        AUXR
  C:5B81H         PUBLIC        InitUART
  D:009BH         PUBLIC        S2BUF
  C:5CF8H         PUBLIC        _UART_SendStr
  C:5D8EH         PUBLIC        _UART_SendOneByte
  D:009AH         PUBLIC        S2CON
  D:009CH         PUBLIC        BRT
  X:02EAH         PUBLIC        p
  C:56E3H         PUBLIC        UART_Interrupt
  D:00D0H         PUBLIC        PSW
  -------         PROC          INITUART
  B:0020H.0       SYMBOL        bite
  C:5B81H         LINE#         8
  C:5B81H         LINE#         9
  C:5B81H         LINE#         10
  C:5B84H         LINE#         11
  C:5B87H         LINE#         12
  C:5B8AH         LINE#         13
  C:5B90H         LINE#         14
  C:5B96H         LINE#         15
  C:5B99H         LINE#         16
  C:5B9BH         LINE#         17
  C:5B9EH         LINE#         18
  -------         ENDPROC       INITUART
  -------         PROC          _UART_SENDONEBYTE
  D:0007H         SYMBOL        c
  C:5D8EH         LINE#         19
  C:5D8EH         LINE#         20
  C:5D8EH         LINE#         21
  C:5D90H         LINE#         22
  C:5D95H         LINE#         23
  C:5D98H         LINE#         24
  -------         ENDPROC       _UART_SENDONEBYTE
  -------         PROC          _UART_SENDSTR
  D:0001H         SYMBOL        str
  C:5CF8H         LINE#         25
  C:5CF8H         LINE#         26
  C:5CF8H         LINE#         27
  C:5CFEH         LINE#         28
  C:5CFEH         LINE#         29
BL51 BANKED LINKER/LOCATER V6.22                                                      06/19/2015  17:48:34  PAGE 49


  C:5D01H         LINE#         30
  C:5D08H         LINE#         31
  C:5D0AH         LINE#         32
  -------         ENDPROC       _UART_SENDSTR
  -------         PROC          UART_INTERRUPT
  C:56E3H         LINE#         34
  C:56F8H         LINE#         36
  C:5709H         LINE#         37
  C:570EH         LINE#         38
  C:570EH         LINE#         39
  C:5710H         LINE#         40
  C:5713H         LINE#         41
  C:5723H         LINE#         43
  C:572DH         LINE#         44
  C:573CH         LINE#         45
  C:573CH         LINE#         46
  -------         ENDPROC       UART_INTERRUPT
  -------         ENDMOD        UART

  -------         MODULE        ATCMD
  C:0000H         SYMBOL        _ICE_DUMMY_
  D:0080H         PUBLIC        P0
  D:00A0H         PUBLIC        P2
  C:566EH         PUBLIC        _AT_DO
  D:00A8H         PUBLIC        IE
  D:00B8H         PUBLIC        IP
  D:00D8H         PUBLIC        CCON
  C:5D30H         PUBLIC        stime
  D:0098H         PUBLIC        SCON
  D:0088H         PUBLIC        TCON
  C:574FH         PUBLIC        at
  C:5D0BH         PUBLIC        _IsATCmd
  C:5D42H         PUBLIC        stempert
  D:00D0H         PUBLIC        PSW
  -------         PROC          _AT_DO
  X:0008H         SYMBOL        at_str
  -------         DO            
  X:000BH         SYMBOL        i
  -------         ENDDO         
  C:566EH         LINE#         36
  C:5679H         LINE#         37
  C:5679H         LINE#         39
  C:5683H         LINE#         40
  C:5692H         LINE#         41
  C:5692H         LINE#         42
  C:56DAH         LINE#         43
  C:56E2H         LINE#         44
  -------         ENDPROC       _AT_DO
  -------         PROC          _ISATCMD
  D:0001H         SYMBOL        str
  C:5D0BH         LINE#         50
  C:5D0BH         LINE#         51
  C:5D0BH         LINE#         52
  C:5D1CH         LINE#         53
  C:5D1DH         LINE#         54
  -------         ENDPROC       _ISATCMD
  -------         PROC          STIME
BL51 BANKED LINKER/LOCATER V6.22                                                      06/19/2015  17:48:34  PAGE 50


  C:5D30H         LINE#         60
  C:5D30H         LINE#         61
  C:5D30H         LINE#         63
  C:5D39H         LINE#         64
  -------         ENDPROC       STIME
  -------         PROC          STEMPERT
  -------         DO            
  X:000CH         SYMBOL        temper
  -------         ENDDO         
  C:5D42H         LINE#         71
  C:5D42H         LINE#         72
  C:5D42H         LINE#         74
  C:5D4BH         LINE#         75
  -------         ENDPROC       STEMPERT
  -------         ENDMOD        ATCMD

  -------         MODULE        ?C?FPADD
  C:004DH         PUBLIC        ?C?FPADD
  C:0049H         PUBLIC        ?C?FPSUB
  -------         ENDMOD        ?C?FPADD

  -------         MODULE        ?C?FPMUL
  C:013EH         PUBLIC        ?C?FPMUL
  -------         ENDMOD        ?C?FPMUL

  -------         MODULE        ?C?FPDIV
  C:0247H         PUBLIC        ?C?FPDIV
  -------         ENDMOD        ?C?FPDIV

  -------         MODULE        ?C?FPCMP
  C:02E6H         PUBLIC        ?C?FPCMP
  C:02E4H         PUBLIC        ?C?FPCMP3
  -------         ENDMOD        ?C?FPCMP

  -------         MODULE        ?C?FCAST
  C:035BH         PUBLIC        ?C?FCASTC
  C:0356H         PUBLIC        ?C?FCASTI
  C:0351H         PUBLIC        ?C?FCASTL
  -------         ENDMOD        ?C?FCAST

  -------         MODULE        ?C?CASTF
  C:038FH         PUBLIC        ?C?CASTF
  -------         ENDMOD        ?C?CASTF

  -------         MODULE        PRINTF
  X:0018H         PUBLIC        ?_PRINTF?BYTE
  X:0018H         PUBLIC        ?_SPRINTF?BYTE
  C:2298H         PUBLIC        _PRINTF
  C:2292H         PUBLIC        _SPRINTF
  -------         ENDMOD        PRINTF

  -------         MODULE        SQRT
  C:5170H         PUBLIC        _SQRT
  -------         ENDMOD        SQRT

  -------         MODULE        ?C?FPROUND
  C:0410H         PUBLIC        ?C?FPROUND
BL51 BANKED LINKER/LOCATER V6.22                                                      06/19/2015  17:48:34  PAGE 51


  -------         ENDMOD        ?C?FPROUND

  -------         MODULE        ?C?FPCONVERT
  C:044DH         PUBLIC        ?C?FPCONVERT
  -------         ENDMOD        ?C?FPCONVERT

  -------         MODULE        ?C?FTNPWR
  C:0582H         PUBLIC        ?C?FTNPWR
  -------         ENDMOD        ?C?FTNPWR

  -------         MODULE        ?C?COPY
  C:0692H         PUBLIC        ?C?COPY
  -------         ENDMOD        ?C?COPY

  -------         MODULE        ?C?CLDPTR
  C:06B8H         PUBLIC        ?C?CLDPTR
  -------         ENDMOD        ?C?CLDPTR

  -------         MODULE        ?C?CLDOPTR
  C:06D1H         PUBLIC        ?C?CLDOPTR
  -------         ENDMOD        ?C?CLDOPTR

  -------         MODULE        ?C?CSTPTR
  C:06FEH         PUBLIC        ?C?CSTPTR
  -------         ENDMOD        ?C?CSTPTR

  -------         MODULE        ?C?CSTOPTR
  C:0710H         PUBLIC        ?C?CSTOPTR
  -------         ENDMOD        ?C?CSTOPTR

  -------         MODULE        ?C?UIDIV
  C:0732H         PUBLIC        ?C?UIDIV
  -------         ENDMOD        ?C?UIDIV

  -------         MODULE        ?C?IILDX
  C:0787H         PUBLIC        ?C?IILDX
  -------         ENDMOD        ?C?IILDX

  -------         MODULE        ?C?ILDIX
  C:079DH         PUBLIC        ?C?ILDIX
  -------         ENDMOD        ?C?ILDIX

  -------         MODULE        ?C?ILDPTR
  C:07B3H         PUBLIC        ?C?ILDPTR
  -------         ENDMOD        ?C?ILDPTR

  -------         MODULE        ?C?ISTPTR
  C:07DEH         PUBLIC        ?C?ISTPTR
  -------         ENDMOD        ?C?ISTPTR

  -------         MODULE        ?C?LMUL
  C:07FDH         PUBLIC        ?C?LMUL
  -------         ENDMOD        ?C?LMUL

  -------         MODULE        ?C?LNEG
  C:084CH         PUBLIC        ?C?LNEG
  -------         ENDMOD        ?C?LNEG
BL51 BANKED LINKER/LOCATER V6.22                                                      06/19/2015  17:48:34  PAGE 52



  -------         MODULE        ?C?ULCMP
  C:085AH         PUBLIC        ?C?ULCMP
  -------         ENDMOD        ?C?ULCMP

  -------         MODULE        ?C?ULSHR
  C:086BH         PUBLIC        ?C?ULSHR
  -------         ENDMOD        ?C?ULSHR

  -------         MODULE        ?C?LLDXDATA
  C:087EH         PUBLIC        ?C?LLDXDATA
  -------         ENDMOD        ?C?LLDXDATA

  -------         MODULE        ?C?LLDCODE
  C:088AH         PUBLIC        ?C?LLDCODE
  -------         ENDMOD        ?C?LLDCODE

  -------         MODULE        ?C?LLDCODE0
  C:089AH         PUBLIC        ?C?LLDCODE0
  -------         ENDMOD        ?C?LLDCODE0

  -------         MODULE        ?C?LSTXDATA
  C:08AAH         PUBLIC        ?C?LSTXDATA
  -------         ENDMOD        ?C?LSTXDATA

  -------         MODULE        ?C?LSTKXDATA
  C:08B6H         PUBLIC        ?C?LSTKXDATA
  -------         ENDMOD        ?C?LSTKXDATA

  -------         MODULE        ?C?PLDIXDATA
  C:08E7H         PUBLIC        ?C?PLDIXDATA
  -------         ENDMOD        ?C?PLDIXDATA

  -------         MODULE        ?C?PSTXDATA
  C:08FEH         PUBLIC        ?C?PSTXDATA
  -------         ENDMOD        ?C?PSTXDATA

  -------         MODULE        ?C?CCASE
  C:0907H         PUBLIC        ?C?CCASE
  -------         ENDMOD        ?C?CCASE

  -------         MODULE        ?C?ICASE
  C:092DH         PUBLIC        ?C?ICASE
  -------         ENDMOD        ?C?ICASE

  -------         MODULE        ?C?ICALL
  C:095AH         PUBLIC        ?C?ICALL
  C:095EH         PUBLIC        ?C?ICALL2
  -------         ENDMOD        ?C?ICALL

  -------         MODULE        ?C?LIMUL
  C:0960H         PUBLIC        ?C?LIMUL
  -------         ENDMOD        ?C?LIMUL

  -------         MODULE        ABS
  C:5D82H         PUBLIC        _ABS
  -------         ENDMOD        ABS
BL51 BANKED LINKER/LOCATER V6.22                                                      06/19/2015  17:48:34  PAGE 53



  -------         MODULE        ?C?STRCMP
  C:0B0BH         PUBLIC        ?C?STRCMP
  -------         ENDMOD        ?C?STRCMP

  -------         MODULE        STRLEN
  C:5CBBH         PUBLIC        _STRLEN
  -------         ENDMOD        STRLEN

*** WARNING L13: RECURSIVE CALL TO SEGMENT
    SEGMENT: ?PR?DESKTOP?GUI
    CALLER:  ?CO?ATCMD

*** WARNING L13: RECURSIVE CALL TO SEGMENT
    SEGMENT: ?PR?_GET_CLICK?GUI
    CALLER:  ?PR?PICBOX?GUI

*** WARNING L13: RECURSIVE CALL TO SEGMENT
    SEGMENT: ?PR?DESKTOP?GUI
    CALLER:  ?PR?PICBOX?GUI

*** WARNING L13: RECURSIVE CALL TO SEGMENT
    SEGMENT: ?PR?DESKTOP?GUI
    CALLER:  ?PR?_GUIDDO?GUI

*** WARNING L13: RECURSIVE CALL TO SEGMENT
    SEGMENT: ?PR?_GET_CLICK?GUI
    CALLER:  ?PR?TEMPERT?GUI

*** WARNING L13: RECURSIVE CALL TO SEGMENT
    SEGMENT: ?PR?DESKTOP?GUI
    CALLER:  ?PR?TEMPERT?GUI

*** WARNING L13: RECURSIVE CALL TO SEGMENT
    SEGMENT: ?PR?_GET_CLICK?GUI
    CALLER:  ?PR?CALENDAR?GUI

*** WARNING L13: RECURSIVE CALL TO SEGMENT
    SEGMENT: ?PR?DESKTOP?GUI
    CALLER:  ?PR?SSTMTIME?GUI

*** WARNING L13: RECURSIVE CALL TO SEGMENT
    SEGMENT: ?PR?CALENDAR?GUI
    CALLER:  ?PR?SSTMTIME?GUI

*** WARNING L13: RECURSIVE CALL TO SEGMENT
    SEGMENT: ?PR?DESKTOP?GUI
    CALLER:  ?PR?CALENDAR?GUI

*** WARNING L15: MULTIPLE CALL TO SEGMENT
    SEGMENT: ?PR?_ALERT?GUI
    CALLER1: ?C_C51STARTUP
    CALLER2: ?PR?TIMER_ROUTINE?TIMER

*** WARNING L15: MULTIPLE CALL TO SEGMENT
    SEGMENT: ?PR?_SHOW_STR?W25QXX
    CALLER1: ?C_C51STARTUP
BL51 BANKED LINKER/LOCATER V6.22                                                      06/19/2015  17:48:34  PAGE 54


    CALLER2: ?PR?TIMER_ROUTINE?TIMER

*** WARNING L15: MULTIPLE CALL TO SEGMENT
    SEGMENT: ?PR?_SHOW_ASCII?W25QXX
    CALLER1: ?C_C51STARTUP
    CALLER2: ?PR?TIMER_ROUTINE?TIMER

*** WARNING L15: MULTIPLE CALL TO SEGMENT
    SEGMENT: ?PR?_W25QXX_READ?W25QXX
    CALLER1: ?C_C51STARTUP
    CALLER2: ?PR?TIMER_ROUTINE?TIMER

*** WARNING L15: MULTIPLE CALL TO SEGMENT
    SEGMENT: ?PR?_LCD_SETPOINT?HX8347D
    CALLER1: ?C_C51STARTUP
    CALLER2: ?PR?TIMER_ROUTINE?TIMER

*** WARNING L15: MULTIPLE CALL TO SEGMENT
    SEGMENT: ?PR?_SHOW_FONT?W25QXX
    CALLER1: ?C_C51STARTUP
    CALLER2: ?PR?TIMER_ROUTINE?TIMER

*** WARNING L15: MULTIPLE CALL TO SEGMENT
    SEGMENT: ?PR?_GET_HZMAT?W25QXX
    CALLER1: ?C_C51STARTUP
    CALLER2: ?PR?TIMER_ROUTINE?TIMER

*** WARNING L15: MULTIPLE CALL TO SEGMENT
    SEGMENT: ?PR?_LCD_DRAWBOX?HX8347D
    CALLER1: ?C_C51STARTUP
    CALLER2: ?PR?TIMER_ROUTINE?TIMER

Program Size: data=15.3 xdata=754 code=23970
LINK/LOCATE RUN COMPLETE.  18 WARNING(S),  0 ERROR(S)
