BL51 BANKED LINKER/LOCATER V6.22                                                        06/19/2015  14:44:12  PAGE 1


BL51 BANKED LINKER/LOCATER V6.22, INVOKED BY:
D:\KEIL\C51\BIN\BL51.EXE .\Object\STARTUP.obj, .\Object\main.obj, .\Object\W25Qxx.obj, .\Object\HX8347D.obj, .\Object\To
>> uch.obj, .\Object\ds1302.obj, .\Object\timer.obj, .\Object\GUI.obj, .\Object\18b20.obj, .\Object\uart.obj, .\Object\A
>> TCmd.obj TO .\Object\×ÏÒ«OS PRINT (.\Lst\×ÏÒ«OS.m51) RAMSIZE (256) RECURSIONS (100)




PROGRAM RECURSIONS REMOVED FROM CALL TREE
=========================================
+--> ?PR?DESKTOP?GUI
|  | ?PR?_GET_CLICK?GUI
|  | ?PR?_AT_DO?ATCMD
<--+ ?CO?ATCMD


+--> ?PR?_GET_CLICK?GUI
|  | ?PR?_AT_DO?ATCMD
|  | ?CO?ATCMD
<--+ ?PR?PICBOX?GUI


+--> ?PR?DESKTOP?GUI
|  | ?PR?_GET_CLICK?GUI
|  | ?PR?_AT_DO?ATCMD
|  | ?CO?ATCMD
<--+ ?PR?PICBOX?GUI


+--> ?PR?DESKTOP?GUI
|  | ?PR?_GET_CLICK?GUI
|  | ?PR?_AT_DO?ATCMD
|  | ?CO?ATCMD
|  | ?PR?PICBOX?GUI
<--+ ?PR?_GUIDDO?GUI


+--> ?PR?_GET_CLICK?GUI
|  | ?PR?_AT_DO?ATCMD
|  | ?CO?ATCMD
<--+ ?PR?TEMPERT?GUI


+--> ?PR?DESKTOP?GUI
|  | ?PR?_GET_CLICK?GUI
|  | ?PR?_AT_DO?ATCMD
|  | ?CO?ATCMD
<--+ ?PR?TEMPERT?GUI


+--> ?PR?_GET_CLICK?GUI
|  | ?PR?_AT_DO?ATCMD
|  | ?CO?ATCMD
<--+ ?PR?CALENDAR?GUI


+--> ?PR?_GET_CLICK?GUI
|  | ?PR?_AT_DO?ATCMD
BL51 BANKED LINKER/LOCATER V6.22                                                      06/19/2015  14:44:12  PAGE 2


|  | ?CO?ATCMD
|  | ?PR?CALENDAR?GUI
<--+ ?PR?SSTMTIME?GUI


+--> ?PR?DESKTOP?GUI
|  | ?PR?_GET_CLICK?GUI
|  | ?PR?_AT_DO?ATCMD
|  | ?CO?ATCMD
|  | ?PR?CALENDAR?GUI
<--+ ?PR?SSTMTIME?GUI


+--> ?PR?CALENDAR?GUI
<--+ ?PR?SSTMTIME?GUI


+--> ?PR?DESKTOP?GUI
|  | ?PR?_GET_CLICK?GUI
|  | ?PR?_AT_DO?ATCMD
|  | ?CO?ATCMD
<--+ ?PR?CALENDAR?GUI



MEMORY MODEL: LARGE WITH FLOATING POINT ARITHMETIC


INPUT MODULES INCLUDED:
  .\Object\STARTUP.obj (?C_STARTUP)
  .\Object\main.obj (MAIN)
  .\Object\W25Qxx.obj (W25QXX)
  .\Object\HX8347D.obj (HX8347D)
  .\Object\Touch.obj (TOUCH)
  .\Object\ds1302.obj (DS1302)
  .\Object\timer.obj (TIMER)
  .\Object\GUI.obj (GUI)
  .\Object\18b20.obj (18B20)
  .\Object\uart.obj (UART)
  .\Object\ATCmd.obj (ATCMD)
  D:\KEIL\C51\LIB\C51FPL.LIB (?C?FPADD)
  D:\KEIL\C51\LIB\C51FPL.LIB (?C?FPMUL)
  D:\KEIL\C51\LIB\C51FPL.LIB (?C?FPDIV)
  D:\KEIL\C51\LIB\C51FPL.LIB (?C?FPCMP)
  D:\KEIL\C51\LIB\C51FPL.LIB (?C?FCAST)
  D:\KEIL\C51\LIB\C51FPL.LIB (?C?CASTF)
  D:\KEIL\C51\LIB\C51FPL.LIB (PRINTF)
  D:\KEIL\C51\LIB\C51FPL.LIB (SQRT)
  D:\KEIL\C51\LIB\C51FPL.LIB (?C?FPGETOPN)
  D:\KEIL\C51\LIB\C51FPL.LIB (?C?FPROUND)
  D:\KEIL\C51\LIB\C51FPL.LIB (?C?FPCONVERT)
  D:\KEIL\C51\LIB\C51FPL.LIB (?C?FTNPWR)
  D:\KEIL\C51\LIB\C51L.LIB (?C_INIT)
  D:\KEIL\C51\LIB\C51L.LIB (?C?COPY)
  D:\KEIL\C51\LIB\C51L.LIB (?C?CLDPTR)
  D:\KEIL\C51\LIB\C51L.LIB (?C?CLDOPTR)
  D:\KEIL\C51\LIB\C51L.LIB (?C?CSTPTR)
BL51 BANKED LINKER/LOCATER V6.22                                                      06/19/2015  14:44:12  PAGE 3


  D:\KEIL\C51\LIB\C51L.LIB (?C?CSTOPTR)
  D:\KEIL\C51\LIB\C51L.LIB (?C?UIDIV)
  D:\KEIL\C51\LIB\C51L.LIB (?C?IILDX)
  D:\KEIL\C51\LIB\C51L.LIB (?C?ILDIX)
  D:\KEIL\C51\LIB\C51L.LIB (?C?ILDPTR)
  D:\KEIL\C51\LIB\C51L.LIB (?C?ISTPTR)
  D:\KEIL\C51\LIB\C51L.LIB (?C?LMUL)
  D:\KEIL\C51\LIB\C51L.LIB (?C?LNEG)
  D:\KEIL\C51\LIB\C51L.LIB (?C?ULCMP)
  D:\KEIL\C51\LIB\C51L.LIB (?C?ULSHR)
  D:\KEIL\C51\LIB\C51L.LIB (?C?LLDXDATA)
  D:\KEIL\C51\LIB\C51L.LIB (?C?LLDCODE)
  D:\KEIL\C51\LIB\C51L.LIB (?C?LLDCODE0)
  D:\KEIL\C51\LIB\C51L.LIB (?C?LSTXDATA)
  D:\KEIL\C51\LIB\C51L.LIB (?C?LSTKXDATA)
  D:\KEIL\C51\LIB\C51L.LIB (?C?PLDIXDATA)
  D:\KEIL\C51\LIB\C51L.LIB (?C?PSTXDATA)
  D:\KEIL\C51\LIB\C51L.LIB (?C?CCASE)
  D:\KEIL\C51\LIB\C51L.LIB (?C?ICASE)
  D:\KEIL\C51\LIB\C51L.LIB (?C?ICALL)
  D:\KEIL\C51\LIB\C51L.LIB (?C?LIMUL)
  D:\KEIL\C51\LIB\C51L.LIB (ABS)
  D:\KEIL\C51\LIB\C51L.LIB (?C?STRCMP)
  D:\KEIL\C51\LIB\C51L.LIB (STRLEN)


LINK MAP OF MODULE:  .\Object\×ÏÒ«OS (?C_STARTUP)


            TYPE    BASE      LENGTH    RELOCATION   SEGMENT NAME
            -----------------------------------------------------

            * * * * * * *   D A T A   M E M O R Y   * * * * * * *
            REG     0000H     0008H     ABSOLUTE     "REG BANK 0"
            DATA    0008H     0005H     UNIT         _DATA_GROUP_
                    000DH     0013H                  *** GAP ***
            BIT     0020H.0   0001H.1   UNIT         _BIT_GROUP_
            BIT     0021H.1   0000H.1   UNIT         ?BI?GUI
            BIT     0021H.2   0000H.1   UNIT         ?BI?UART
                    0021H.3   0000H.5                *** GAP ***
            IDATA   0022H     0001H     UNIT         ?STACK

            * * * * * * *  X D A T A   M E M O R Y  * * * * * * *
            XDATA   0000H     029BH     UNIT         _XDATA_GROUP_
            XDATA   029BH     0021H     UNIT         ?XD?TOUCH
            XDATA   02BCH     001AH     UNIT         ?XD?GUI
            XDATA   02D6H     0017H     UNIT         ?XD?UART
            XDATA   02EDH     0002H     UNIT         ?XD?W25QXX
            XDATA   02EFH     0002H     UNIT         ?XD?HX8347D
            XDATA   02F1H     0001H     UNIT         ?XD?TIMER

            * * * * * * *   C O D E   M E M O R Y   * * * * * * *
            CODE    0000H     0003H     ABSOLUTE     
            CODE    0003H     0006H     UNIT         ?CO?18B20
                    0009H     0002H                  *** GAP ***
            CODE    000BH     0003H     ABSOLUTE     
            CODE    000EH     0033H     UNIT         ?PR?TP_DEFAULT_ADJ?TOUCH
BL51 BANKED LINKER/LOCATER V6.22                                                      06/19/2015  14:44:12  PAGE 4


                    0041H     0002H                  *** GAP ***
            CODE    0043H     0003H     ABSOLUTE     
            CODE    0046H     0AE2H     UNIT         ?C?LIB_CODE
            CODE    0B28H     0887H     UNIT         ?PR?SSTMTIME?GUI
            CODE    13AFH     087AH     UNIT         ?PR?TP_ADJUST?TOUCH
            CODE    1C29H     05F0H     UNIT         ?CO?HX8347D
            CODE    2219H     0483H     UNIT         ?PR?PRINTF?PRINTF
            CODE    269CH     0464H     UNIT         ?PR?DESKTOP?GUI
            CODE    2B00H     02E2H     UNIT         ?PR?_LCD_DRAWEBOX?HX8347D
            CODE    2DE2H     02B6H     UNIT         ?PR?_SHOW_ASCII?W25QXX
            CODE    3098H     02B6H     UNIT         ?PR?PICBOX?GUI
            CODE    334EH     0274H     UNIT         ?PR?_LCD_DRAWLINE?HX8347D
            CODE    35C2H     0243H     UNIT         ?PR?_GET_HZMAT?W25QXX
            CODE    3805H     01E5H     UNIT         ?PR?START_CHECK?GUI
            CODE    39EAH     01BBH     UNIT         ?PR?LCD_INITIALIZTION?HX8347D
            CODE    3BA5H     0192H     UNIT         ?PR?_TP_READ_XOY?TOUCH
            CODE    3D37H     0188H     UNIT         ?PR?_SHOW_STR?W25QXX
            CODE    3EBFH     0186H     UNIT         ?PR?CALENDAR?GUI
            CODE    4045H     0179H     UNIT         ?PR?_SHOW_FONT?W25QXX
            CODE    41BEH     016FH     UNIT         ?CO?GUI
            CODE    432DH     014CH     UNIT         ?PR?_GUIDDO?GUI
            CODE    4479H     0145H     UNIT         ?PR?_TP_READ_XY2?TOUCH
            CODE    45BEH     0141H     UNIT         ?PR?_TP_DROW_TOUCH_POINT?TOUCH
            CODE    46FFH     013CH     UNIT         ?PR?_SHOW_PICTURE?HX8347D
            CODE    483BH     011EH     UNIT         ?PR?_GETTIME?DS1302
            CODE    4959H     0109H     UNIT         ?PR?TEMPERT?GUI
            CODE    4A62H     0107H     UNIT         ?PR?_PUTCHAR?HX8347D
            CODE    4B69H     0105H     UNIT         ?PR?GUIDSHOW?GUI
            CODE    4C6EH     00F7H     UNIT         ?PR?_TP_SCAN?TOUCH
            CODE    4D65H     00E0H     UNIT         ?PR?_LCD_DRAWBOX?HX8347D
            CODE    4E45H     00CFH     UNIT         ?PR?_DS1302_WRITE_TIME?DS1302
            CODE    4F14H     00CEH     UNIT         ?PR?_GET_CLICK?GUI
            CODE    4FE2H     00B6H     UNIT         ?PR?_GUI_TEXT?HX8347D
            CODE    5098H     00AEH     UNIT         ?PR?_LCD_CLEAR?HX8347D
            CODE    5146H     00ACH     UNIT         ?PR?SQRT?SQRT
            CODE    51F2H     00A8H     UNIT         ?PR?_DS1302_READ_TIME?DS1302
            CODE    529AH     008DH     UNIT         ?CO?W25QXX
            CODE    5327H     008CH     UNIT         ?C_C51STARTUP
            CODE    53B3H     0080H     UNIT         ?PR?TIMER_ROUTINE?TIMER
            CODE    5433H     007EH     UNIT         ?PR?_TP_DRAW_BIG_POINT?TOUCH
            CODE    54B1H     007DH     UNIT         ?PR?_ALERT?GUI
            CODE    552EH     0079H     UNIT         ?PR?_W25QXX_READ?W25QXX
            CODE    55A7H     0075H     UNIT         ?PR?_AT_DO?ATCMD
            CODE    561CH     006CH     UNIT         ?PR?UART_INTERRUPT?UART
            CODE    5688H     0053H     UNIT         ?C_INITSEG
            CODE    56DBH     0050H     UNIT         ?PR?_LCD_SETPOINT?HX8347D
            CODE    572BH     004FH     UNIT         ?PR?_TP_READ_XY?TOUCH
            CODE    577AH     004EH     UNIT         ?PR?_TP_READ_AD?TOUCH
            CODE    57C8H     0047H     UNIT         ?PR?_READ1302?DS1302
            CODE    580FH     0043H     UNIT         ?PR?W25QXX_READID?W25QXX
            CODE    5852H     0041H     UNIT         ?CO?ATCMD
            CODE    5893H     0040H     UNIT         ?PR?_READTEMPERATURE?18B20
            CODE    58D3H     003CH     UNIT         ?PR?_WRITE1302?DS1302
            CODE    590FH     003AH     UNIT         ?PR?_LCD_SETCURSOR?HX8347D
            CODE    5949H     003AH     UNIT         ?PR?READ18B20?18B20
            CODE    5983H     002EH     UNIT         ?PR?START_LOGO?GUI
            CODE    59B1H     002BH     UNIT         ?PR?_W25QXX_WRITE_BYTE?W25QXX
BL51 BANKED LINKER/LOCATER V6.22                                                      06/19/2015  14:44:12  PAGE 5


            CODE    59DCH     002BH     UNIT         ?PR?_DELAY_MS?HX8347D
            CODE    5A07H     0029H     UNIT         ?PR?CLOCK?GUI
            CODE    5A30H     0028H     UNIT         ?PR?FONT_INIT?W25QXX
            CODE    5A58H     0028H     UNIT         ?PR?INIT_DS18B20?18B20
            CODE    5A80H     0020H     UNIT         ?PR?_DELAY_MS?GUI
            CODE    5AA0H     001EH     UNIT         ?PR?INITUART?UART
            CODE    5ABEH     001DH     UNIT         ?PR?MAIN?MAIN
            CODE    5ADBH     001DH     UNIT         ?PR?_DELAY_US?TOUCH
            CODE    5AF8H     001DH     UNIT         ?PR?TP_INIT?TOUCH
            CODE    5B15H     001CH     UNIT         ?PR?READONECHAR?18B20
            CODE    5B31H     001CH     UNIT         ?PR?_WRITEONECHAR?18B20
            CODE    5B4DH     001AH     UNIT         ?PR?_TP_WRITE_BYTE?TOUCH
            CODE    5B67H     0019H     UNIT         ?PR?_LCD_WR_DATA?HX8347D
            CODE    5B80H     0018H     UNIT         ?PR?DELAY1MS?DS1302
            CODE    5B98H     0017H     UNIT         ?PR?W25QXX_READ_BYTE?W25QXX
            CODE    5BAFH     0016H     UNIT         ?PR?DELAY40US?DS1302
            CODE    5BC5H     0015H     UNIT         ?PR?LCD_WRITERAM_PREPARE?HX8347D
            CODE    5BDAH     0015H     UNIT         ?PR?_STRLEN?STRLEN
            CODE    5BEFH     0014H     UNIT         ?PR?_DELAYUS2X?18B20
            CODE    5C03H     0014H     UNIT         ?PR?_DELAYMS?18B20
            CODE    5C17H     0013H     UNIT         ?PR?_UART_SENDSTR?UART
            CODE    5C2AH     0013H     UNIT         ?PR?_ISATCMD?ATCMD
            CODE    5C3DH     0012H     UNIT         ?PR?DS1302_INIT?DS1302
            CODE    5C4FH     0011H     UNIT         ?PR?_LCD_WRITEREG?HX8347D
            CODE    5C60H     0010H     UNIT         ?PR?TIMER0INIT?TIMER
            CODE    5C70H     000DH     UNIT         ?PR?_LCD_WR_REG?HX8347D
            CODE    5C7DH     000CH     UNIT         ?PR?_ABS?ABS
            CODE    5C89H     000BH     UNIT         ?PR?_UART_SENDONEBYTE?UART
            CODE    5C94H     000AH     UNIT         ?PR?W25QXX_WRITE_DISABLE?W25QXX
            CODE    5C9EH     0003H     UNIT         ?PR?_LCD_WRITERAM?HX8347D



OVERLAY MAP OF MODULE:   .\Object\×ÏÒ«OS (?C_STARTUP)


SEGMENT                                     BIT_GROUP          DATA_GROUP          XDATA_GROUP
  +--> CALLED SEGMENT                    START    LENGTH     START    LENGTH     START    LENGTH
------------------------------------------------------------------------------------------------
?C_C51STARTUP                            -----    -----      -----    -----      -----    -----
  +--> ?PR?MAIN?MAIN
  +--> ?C_INITSEG

?PR?MAIN?MAIN                            -----    -----      -----    -----      -----    -----
  +--> ?PR?LCD_INITIALIZTION?HX8347D
  +--> ?PR?FONT_INIT?W25QXX
  +--> ?PR?TP_INIT?TOUCH
  +--> ?PR?DS1302_INIT?DS1302
  +--> ?PR?TIMER0INIT?TIMER
  +--> ?PR?INITUART?UART
  +--> ?PR?START_CHECK?GUI
  +--> ?PR?START_LOGO?GUI
  +--> ?PR?DESKTOP?GUI

?PR?LCD_INITIALIZTION?HX8347D            -----    -----      -----    -----      -----    -----
  +--> ?PR?_DELAY_MS?HX8347D
  +--> ?PR?_LCD_WRITEREG?HX8347D
BL51 BANKED LINKER/LOCATER V6.22                                                      06/19/2015  14:44:12  PAGE 6



?PR?_DELAY_MS?HX8347D                    -----    -----      -----    -----      -----    -----
  +--> ?PR?_LCD_WRITEREG?HX8347D

?PR?_LCD_WRITEREG?HX8347D                -----    -----      -----    -----      -----    -----
  +--> ?PR?_LCD_WR_REG?HX8347D
  +--> ?PR?_LCD_WR_DATA?HX8347D

?PR?FONT_INIT?W25QXX                     -----    -----      -----    -----      -----    -----
  +--> ?PR?W25QXX_WRITE_DISABLE?W25QXX
  +--> ?PR?W25QXX_READID?W25QXX
  +--> ?CO?W25QXX

?PR?W25QXX_WRITE_DISABLE?W25QXX          -----    -----      -----    -----      -----    -----
  +--> ?PR?_W25QXX_WRITE_BYTE?W25QXX

?PR?W25QXX_READID?W25QXX                 -----    -----      -----    -----      0013H    0002H
  +--> ?PR?_W25QXX_WRITE_BYTE?W25QXX
  +--> ?PR?W25QXX_READ_BYTE?W25QXX

?PR?TP_INIT?TOUCH                        -----    -----      -----    -----      -----    -----
  +--> ?PR?_TP_READ_XY?TOUCH
  +--> ?PR?TP_DEFAULT_ADJ?TOUCH

?PR?_TP_READ_XY?TOUCH                    -----    -----      -----    -----      0016H    0008H
  +--> ?PR?_TP_READ_XOY?TOUCH

?PR?_TP_READ_XOY?TOUCH                   -----    -----      -----    -----      001EH    0010H
  +--> ?PR?_TP_READ_AD?TOUCH

?PR?_TP_READ_AD?TOUCH                    -----    -----      -----    -----      -----    -----
  +--> ?PR?_TP_WRITE_BYTE?TOUCH
  +--> ?PR?_DELAY_US?TOUCH

?PR?DS1302_INIT?DS1302                   -----    -----      -----    -----      -----    -----
  +--> ?PR?_WRITE1302?DS1302

?PR?_WRITE1302?DS1302                    -----    -----      -----    -----      -----    -----
  +--> ?PR?DELAY1MS?DS1302

?PR?INITUART?UART                        0020H.0  0000H.1    -----    -----      -----    -----

?PR?START_CHECK?GUI                      -----    -----      -----    -----      000CH    0007H
  +--> ?PR?_LCD_CLEAR?HX8347D
  +--> ?CO?GUI
  +--> ?PR?_GUI_TEXT?HX8347D
  +--> ?PR?W25QXX_READID?W25QXX
  +--> ?PR?_SHOW_STR?W25QXX
  +--> ?PR?_DELAY_MS?GUI
  +--> ?PR?_GETTIME?DS1302
  +--> ?PR?_READTEMPERATURE?18B20

?PR?_LCD_CLEAR?HX8347D                   -----    -----      -----    -----      0021H    000AH
  +--> ?PR?_LCD_SETCURSOR?HX8347D
  +--> ?PR?LCD_WRITERAM_PREPARE?HX8347D
  +--> ?PR?_LCD_WR_DATA?HX8347D

BL51 BANKED LINKER/LOCATER V6.22                                                      06/19/2015  14:44:12  PAGE 7


?PR?_LCD_SETCURSOR?HX8347D               -----    -----      -----    -----      -----    -----
  +--> ?PR?_LCD_WRITEREG?HX8347D

?PR?LCD_WRITERAM_PREPARE?HX8347D         -----    -----      -----    -----      -----    -----
  +--> ?PR?_LCD_SETCURSOR?HX8347D
  +--> ?PR?_LCD_WR_REG?HX8347D

?PR?_GUI_TEXT?HX8347D                    -----    -----      -----    -----      0016H    000BH
  +--> ?PR?_PUTCHAR?HX8347D

?PR?_PUTCHAR?HX8347D                     -----    -----      -----    -----      0048H    000DH
  +--> ?CO?HX8347D
  +--> ?PR?_LCD_SETPOINT?HX8347D

?PR?_LCD_SETPOINT?HX8347D                -----    -----      -----    -----      0282H    0004H
  +--> ?PR?LCD_WRITERAM_PREPARE?HX8347D
  +--> ?PR?_LCD_WRITERAM?HX8347D

?PR?_LCD_WRITERAM?HX8347D                -----    -----      -----    -----      -----    -----
  +--> ?PR?_LCD_WR_DATA?HX8347D

?PR?_SHOW_STR?W25QXX                     -----    -----      -----    -----      015FH    000DH
  +--> ?PR?_SHOW_ASCII?W25QXX
  +--> ?PR?_SHOW_FONT?W25QXX

?PR?_SHOW_ASCII?W25QXX                   -----    -----      -----    -----      016CH    0059H
  +--> ?CO?W25QXX
  +--> ?PR?_W25QXX_READ?W25QXX
  +--> ?PR?_LCD_SETPOINT?HX8347D

?PR?_W25QXX_READ?W25QXX                  -----    -----      -----    -----      0290H    000BH
  +--> ?PR?_W25QXX_WRITE_BYTE?W25QXX
  +--> ?PR?W25QXX_READ_BYTE?W25QXX

?PR?_SHOW_FONT?W25QXX                    -----    -----      -----    -----      016CH    0116H
  +--> ?PR?_GET_HZMAT?W25QXX
  +--> ?PR?_LCD_SETPOINT?HX8347D

?PR?_GET_HZMAT?W25QXX                    -----    -----      -----    -----      0282H    000EH
  +--> ?CO?W25QXX
  +--> ?PR?_W25QXX_READ?W25QXX

?PR?_GETTIME?DS1302                      -----    -----      -----    -----      0016H    000AH
  +--> ?PR?_DS1302_READ_TIME?DS1302

?PR?_DS1302_READ_TIME?DS1302             -----    -----      -----    -----      0020H    0003H
  +--> ?PR?DELAY40US?DS1302
  +--> ?PR?_READ1302?DS1302

?PR?DELAY40US?DS1302                     -----    -----      -----    -----      -----    -----
  +--> ?PR?_READ1302?DS1302

?PR?_READ1302?DS1302                     -----    -----      -----    -----      -----    -----
  +--> ?PR?DELAY1MS?DS1302

?PR?_READTEMPERATURE?18B20               -----    -----      -----    -----      0015H    0003H
  +--> ?PR?READ18B20?18B20
BL51 BANKED LINKER/LOCATER V6.22                                                      06/19/2015  14:44:12  PAGE 8


  +--> ?CO?18B20
  +--> ?PR?PRINTF?PRINTF

?PR?READ18B20?18B20                      -----    -----      -----    -----      -----    -----
  +--> ?PR?INIT_DS18B20?18B20
  +--> ?PR?_WRITEONECHAR?18B20
  +--> ?PR?_DELAYMS?18B20
  +--> ?PR?READONECHAR?18B20

?PR?INIT_DS18B20?18B20                   0020H.0  0000H.1    -----    -----      -----    -----
  +--> ?PR?_DELAYUS2X?18B20

?PR?_WRITEONECHAR?18B20                  -----    -----      -----    -----      -----    -----
  +--> ?PR?_DELAYUS2X?18B20

?PR?READONECHAR?18B20                    -----    -----      -----    -----      -----    -----
  +--> ?PR?_DELAYUS2X?18B20

?PR?PRINTF?PRINTF                        0020H.0  0001H.1    0008H    0005H      0018H    0030H
  +--> ?PR?_PUTCHAR?HX8347D

?PR?START_LOGO?GUI                       -----    -----      -----    -----      -----    -----
  +--> ?PR?_LCD_CLEAR?HX8347D
  +--> ?PR?_SHOW_PICTURE?HX8347D
  +--> ?PR?_DELAY_MS?GUI

?PR?_SHOW_PICTURE?HX8347D                -----    -----      -----    -----      0002H    0016H
  +--> ?PR?_LCD_SETCURSOR?HX8347D
  +--> ?PR?LCD_WRITERAM_PREPARE?HX8347D
  +--> ?PR?_W25QXX_WRITE_BYTE?W25QXX
  +--> ?PR?W25QXX_READ_BYTE?W25QXX
  +--> ?PR?_LCD_WR_DATA?HX8347D

?PR?DESKTOP?GUI                          -----    -----      -----    -----      0000H    0002H
  +--> ?PR?_LCD_CLEAR?HX8347D
  +--> ?PR?_SHOW_PICTURE?HX8347D
  +--> ?CO?GUI
  +--> ?PR?_SHOW_STR?W25QXX
  +--> ?PR?CLOCK?GUI
  +--> ?PR?_GET_CLICK?GUI
  +--> ?PR?CALENDAR?GUI
  +--> ?PR?TEMPERT?GUI
  +--> ?PR?START_CHECK?GUI
  +--> ?PR?PICBOX?GUI
  +--> ?PR?_ALERT?GUI

?PR?CLOCK?GUI                            -----    -----      -----    -----      -----    -----
  +--> ?PR?_GETTIME?DS1302
  +--> ?PR?_GUI_TEXT?HX8347D

?PR?_GET_CLICK?GUI                       -----    -----      -----    -----      0002H    0006H
  +--> ?PR?_AT_DO?ATCMD
  +--> ?PR?_TP_READ_XY2?TOUCH

?PR?_AT_DO?ATCMD                         -----    -----      -----    -----      0008H    0004H
  +--> ?CO?ATCMD

BL51 BANKED LINKER/LOCATER V6.22                                                      06/19/2015  14:44:12  PAGE 9


?CO?ATCMD                                -----    -----      -----    -----      -----    -----
  +--> ?PR?START_CHECK?GUI
  +--> ?PR?PICBOX?GUI
  +--> ?PR?TEMPERT?GUI
  +--> ?PR?CALENDAR?GUI

?PR?PICBOX?GUI                           -----    -----      -----    -----      000CH    0002H
  +--> ?PR?_LCD_CLEAR?HX8347D
  +--> ?PR?_LCD_DRAWBOX?HX8347D
  +--> ?PR?GUIDSHOW?GUI
  +--> ?PR?_TP_DRAW_BIG_POINT?TOUCH
  +--> ?PR?_GUIDDO?GUI

?PR?_LCD_DRAWBOX?HX8347D                 -----    -----      -----    -----      015FH    0012H
  +--> ?PR?_LCD_SETCURSOR?HX8347D
  +--> ?PR?LCD_WRITERAM_PREPARE?HX8347D
  +--> ?PR?_LCD_WR_DATA?HX8347D

?PR?GUIDSHOW?GUI                         -----    -----      -----    -----      -----    -----
  +--> ?PR?_LCD_DRAWLINE?HX8347D
  +--> ?CO?GUI
  +--> ?PR?_SHOW_STR?W25QXX

?PR?_LCD_DRAWLINE?HX8347D                -----    -----      -----    -----      0027H    0010H
  +--> ?PR?_LCD_SETPOINT?HX8347D

?PR?_TP_DRAW_BIG_POINT?TOUCH             -----    -----      -----    -----      000EH    0006H
  +--> ?PR?_LCD_SETPOINT?HX8347D

?PR?_GUIDDO?GUI                          -----    -----      -----    -----      0016H    0008H
  +--> ?CO?GUI
  +--> ?PR?_SHOW_STR?W25QXX
  +--> ?PR?_LCD_DRAWLINE?HX8347D

?PR?TEMPERT?GUI                          -----    -----      -----    -----      000CH    0009H
  +--> ?PR?_LCD_CLEAR?HX8347D
  +--> ?PR?_LCD_DRAWBOX?HX8347D
  +--> ?PR?_LCD_DRAWEBOX?HX8347D
  +--> ?PR?GUIDSHOW?GUI
  +--> ?PR?_READTEMPERATURE?18B20
  +--> ?CO?GUI
  +--> ?PR?_SHOW_STR?W25QXX
  +--> ?PR?_GUI_TEXT?HX8347D
  +--> ?PR?_GUIDDO?GUI

?PR?_LCD_DRAWEBOX?HX8347D                -----    -----      -----    -----      0016H    000AH
  +--> ?PR?_LCD_DRAWLINE?HX8347D

?PR?CALENDAR?GUI                         -----    -----      -----    -----      000CH    0002H
  +--> ?PR?_GETTIME?DS1302
  +--> ?PR?_LCD_CLEAR?HX8347D
  +--> ?PR?_LCD_DRAWBOX?HX8347D
  +--> ?PR?_GUI_TEXT?HX8347D
  +--> ?CO?GUI
  +--> ?PR?_SHOW_STR?W25QXX
  +--> ?PR?GUIDSHOW?GUI
  +--> ?PR?SSTMTIME?GUI
BL51 BANKED LINKER/LOCATER V6.22                                                      06/19/2015  14:44:12  PAGE 10


  +--> ?PR?_GUIDDO?GUI

?PR?SSTMTIME?GUI                         -----    -----      -----    -----      000EH    0008H
  +--> ?CO?GUI
  +--> ?PR?_GETTIME?DS1302
  +--> ?PR?_LCD_CLEAR?HX8347D
  +--> ?PR?_SHOW_STR?W25QXX
  +--> ?PR?_GUI_TEXT?HX8347D
  +--> ?PR?_LCD_DRAWBOX?HX8347D
  +--> ?PR?_LCD_DRAWEBOX?HX8347D
  +--> ?PR?GUIDSHOW?GUI
  +--> ?PR?_GUIDDO?GUI
  +--> ?PR?_DS1302_WRITE_TIME?DS1302
  +--> ?PR?_ALERT?GUI

?PR?_DS1302_WRITE_TIME?DS1302            -----    -----      -----    -----      0016H    0003H
  +--> ?PR?_WRITE1302?DS1302
  +--> ?PR?DELAY40US?DS1302

?PR?_ALERT?GUI                           -----    -----      -----    -----      015AH    0005H
  +--> ?PR?_SHOW_STR?W25QXX
  +--> ?PR?_DELAY_MS?GUI
  +--> ?PR?_STRLEN?STRLEN
  +--> ?PR?_LCD_DRAWBOX?HX8347D

?PR?_TP_READ_XY2?TOUCH                   -----    -----      -----    -----      0008H    000EH
  +--> ?PR?_TP_READ_XY?TOUCH

?C_INITSEG                               -----    -----      -----    -----      -----    -----
  +--> ?PR?TP_INIT?TOUCH
  +--> ?PR?_TP_SCAN?TOUCH
  +--> ?PR?TP_ADJUST?TOUCH

?PR?_TP_SCAN?TOUCH                       -----    -----      -----    -----      -----    -----
  +--> ?PR?_TP_READ_XY2?TOUCH

?PR?TP_ADJUST?TOUCH                      -----    -----      -----    -----      0000H    0021H
  +--> ?PR?_LCD_CLEAR?HX8347D
  +--> ?PR?_TP_DROW_TOUCH_POINT?TOUCH
  +--> ?PR?_ABS?ABS
  +--> ?PR?SQRT?SQRT
  +--> ?PR?_DELAY_MS?GUI

?PR?_TP_DROW_TOUCH_POINT?TOUCH           -----    -----      -----    -----      0021H    0006H
  +--> ?PR?_LCD_DRAWLINE?HX8347D
  +--> ?PR?_LCD_SETPOINT?HX8347D

?PR?SQRT?SQRT                            -----    -----      -----    -----      0021H    0004H

*** NEW ROOT ***************************************************

?PR?TIMER_ROUTINE?TIMER                  -----    -----      -----    -----      -----    -----
  +--> ?PR?DELAY1MS?DS1302
  +--> ?PR?_ISATCMD?ATCMD
  +--> ?PR?_ALERT?GUI


BL51 BANKED LINKER/LOCATER V6.22                                                      06/19/2015  14:44:12  PAGE 11



SYMBOL TABLE OF MODULE:  .\Object\×ÏÒ«OS (?C_STARTUP)

  VALUE           TYPE          NAME
  ----------------------------------

  -------         MODULE        ?C_STARTUP
  C:5327H         SEGMENT       ?C_C51STARTUP
  I:0022H         SEGMENT       ?STACK
  C:0000H         PUBLIC        ?C_STARTUP
  D:00E0H         SYMBOL        ACC
  D:00F0H         SYMBOL        B
  D:0083H         SYMBOL        DPH
  D:0082H         SYMBOL        DPL
  N:0000H         SYMBOL        IBPSTACK
  N:0100H         SYMBOL        IBPSTACKTOP
  N:0080H         SYMBOL        IDATALEN
  C:532AH         SYMBOL        IDATALOOP
  N:0000H         SYMBOL        PBPSTACK
  N:0100H         SYMBOL        PBPSTACKTOP
  N:0000H         SYMBOL        PDATALEN
  N:0000H         SYMBOL        PDATASTART
  N:0000H         SYMBOL        PPAGE
  N:0000H         SYMBOL        PPAGEENABLE
  D:00A0H         SYMBOL        PPAGE_SFR
  D:0081H         SYMBOL        SP
  C:5327H         SYMBOL        STARTUP1
  N:0000H         SYMBOL        XBPSTACK
  N:0000H         SYMBOL        XBPSTACKTOP
  N:0000H         SYMBOL        XDATALEN
  N:0000H         SYMBOL        XDATASTART
  C:0000H         LINE#         126
  C:5327H         LINE#         133
  C:5329H         LINE#         134
  C:532AH         LINE#         135
  C:532BH         LINE#         136
  C:532DH         LINE#         185
  C:5330H         LINE#         196
  -------         ENDMOD        ?C_STARTUP

  -------         MODULE        MAIN
  C:0000H         SYMBOL        _ICE_DUMMY_
  D:0080H         PUBLIC        P0
  D:0090H         PUBLIC        P1
  D:00A0H         PUBLIC        P2
  D:00A8H         PUBLIC        IE
  D:00B8H         PUBLIC        IP
  D:00D8H         PUBLIC        CCON
  C:5ABEH         PUBLIC        main
  D:0098H         PUBLIC        SCON
  D:0088H         PUBLIC        TCON
  D:00D0H         PUBLIC        PSW
  -------         PROC          MAIN
  C:5ABEH         LINE#         17
  C:5ABEH         LINE#         18
  C:5ABEH         LINE#         20
  C:5AC1H         LINE#         21
BL51 BANKED LINKER/LOCATER V6.22                                                      06/19/2015  14:44:12  PAGE 12


  C:5AC4H         LINE#         22
  C:5AC7H         LINE#         23
  C:5ACAH         LINE#         24
  C:5ACDH         LINE#         25
  C:5AD2H         LINE#         27
  C:5AD5H         LINE#         28
  C:5AD8H         LINE#         34
  -------         ENDPROC       MAIN
  -------         ENDMOD        MAIN

  -------         MODULE        W25QXX
  C:0000H         SYMBOL        _ICE_DUMMY_
  D:0080H         PUBLIC        P0
  D:0090H         PUBLIC        P1
  D:00A0H         PUBLIC        P2
  B:00A0H.7       PUBLIC        CE
  C:5C94H         PUBLIC        W25Qxx_Write_Disable
  C:529AH         PUBLIC        ftinfo
  D:00A8H         PUBLIC        IE
  D:00B8H         PUBLIC        IP
  C:4045H         PUBLIC        _Show_Font
  D:00D8H         PUBLIC        CCON
  X:02EDH         PUBLIC        W25Qxx_TYPE
  D:0098H         PUBLIC        SCON
  D:0088H         PUBLIC        TCON
  B:0080H.1       PUBLIC        W25Qxx_CLK
  C:3D37H         PUBLIC        _Show_Str
  C:52E6H         SYMBOL        _?ix1000
  C:5A30H         PUBLIC        font_init
  C:5B98H         PUBLIC        W25Qxx_Read_Byte
  C:552EH         PUBLIC        _W25Qxx_Read
  C:59C2H         PUBLIC        _W25Qxx_Write_Byte
  C:35C2H         PUBLIC        _Get_HzMat
  C:2DE2H         PUBLIC        _Show_ASCII
  C:580FH         PUBLIC        W25Qxx_ReadID
  B:0080H.2       PUBLIC        W25Qxx_DI
  B:0080H.3       PUBLIC        W25Qxx_DO
  B:00A0H.4       PUBLIC        W25Qxx_CS
  D:00D0H         PUBLIC        PSW
  -------         PROC          L?0121
  -------         ENDPROC       L?0121
  -------         PROC          _W25QXX_WRITE_BYTE
  D:0007H         SYMBOL        value
  -------         DO            
  D:0006H         SYMBOL        i
  -------         ENDDO         
  C:59C2H         LINE#         32
  C:59C2H         LINE#         33
  C:59C2H         LINE#         35
  C:59C4H         LINE#         36
  C:59C4H         LINE#         37
  C:59C8H         LINE#         38
  C:59CCH         LINE#         40
  C:59CEH         LINE#         42
  C:59D0H         LINE#         43
  C:59D4H         LINE#         44
  C:59D6H         LINE#         45
BL51 BANKED LINKER/LOCATER V6.22                                                      06/19/2015  14:44:12  PAGE 13


  C:59DBH         LINE#         46
  -------         ENDPROC       _W25QXX_WRITE_BYTE
  -------         PROC          W25QXX_READ_BYTE
  -------         DO            
  D:0007H         SYMBOL        temp
  D:0006H         SYMBOL        tt
  D:0005H         SYMBOL        i
  -------         ENDDO         
  C:5B98H         LINE#         53
  C:5B98H         LINE#         54
  C:5B98H         LINE#         55
  C:5B9AH         LINE#         56
  C:5B9AH         LINE#         59
  C:5B9BH         LINE#         60
  C:5B9BH         LINE#         61
  C:5B9DH         LINE#         62
  C:5B9FH         LINE#         63
  C:5BA4H         LINE#         64
  C:5BA9H         LINE#         65
  C:5BAEH         LINE#         66
  C:5BAEH         LINE#         67
  -------         ENDPROC       W25QXX_READ_BYTE
  -------         PROC          W25QXX_READID
  -------         DO            
  X:0013H         SYMBOL        Temp
  -------         ENDDO         
  C:580FH         LINE#         73
  C:580FH         LINE#         74
  C:580FH         LINE#         75
  C:5816H         LINE#         76
  C:5818H         LINE#         77
  C:581DH         LINE#         78
  C:5822H         LINE#         79
  C:5827H         LINE#         80
  C:582CH         LINE#         81
  C:583AH         LINE#         82
  C:584FH         LINE#         83
  C:5851H         LINE#         84
  C:5851H         LINE#         85
  -------         ENDPROC       W25QXX_READID
  -------         PROC          W25QXX_WRITE_DISABLE
  C:5C94H         LINE#         90
  C:5C94H         LINE#         91
  C:5C94H         LINE#         92
  C:5C96H         LINE#         93
  C:5C9BH         LINE#         94
  C:5C9DH         LINE#         95
  -------         ENDPROC       W25QXX_WRITE_DISABLE
  -------         PROC          _W25QXX_READ
  X:0290H         SYMBOL        pBuffer
  X:0293H         SYMBOL        ReadAddr
  X:0297H         SYMBOL        NumByteToRead
  -------         DO            
  X:0299H         SYMBOL        i
  -------         ENDDO         
  C:552EH         LINE#         103
  C:553DH         LINE#         104
BL51 BANKED LINKER/LOCATER V6.22                                                      06/19/2015  14:44:12  PAGE 14


  C:553DH         LINE#         106
  C:553FH         LINE#         107
  C:5541H         LINE#         108
  C:5546H         LINE#         109
  C:554BH         LINE#         110
  C:5550H         LINE#         111
  C:555BH         LINE#         112
  C:5577H         LINE#         113
  C:5577H         LINE#         114
  C:5594H         LINE#         115
  C:55A4H         LINE#         116
  C:55A6H         LINE#         117
  -------         ENDPROC       _W25QXX_READ
  -------         PROC          FONT_INIT
  C:5A30H         LINE#         123
  C:5A30H         LINE#         124
  C:5A30H         LINE#         125
  C:5A33H         LINE#         126
  C:5A3EH         LINE#         127
  C:5A53H         LINE#         128
  C:5A55H         LINE#         129
  C:5A57H         LINE#         130
  -------         ENDPROC       FONT_INIT
  -------         PROC          _GET_HZMAT
  X:0282H         SYMBOL        gbcode
  X:0285H         SYMBOL        mat
  X:0288H         SYMBOL        gbsize
  -------         DO            
  X:0289H         SYMBOL        qh
  X:028AH         SYMBOL        ql
  X:028BH         SYMBOL        i
  X:028CH         SYMBOL        foffset
  -------         ENDDO         
  C:35C2H         LINE#         137
  C:35CDH         LINE#         138
  C:35CDH         LINE#         142
  C:35D5H         LINE#         143
  C:35ECH         LINE#         144
  C:3603H         LINE#         145
  C:3603H         LINE#         146
  C:3640H         LINE#         148
  C:3640H         LINE#         149
  C:364FH         LINE#         150
  C:3656H         LINE#         151
  C:365DH         LINE#         153
  C:3665H         LINE#         154
  C:3665H         LINE#         155
  C:369BH         LINE#         156
  C:36C1H         LINE#         157
  C:36C4H         LINE#         158
  C:36CCH         LINE#         159
  C:36CCH         LINE#         160
  C:3702H         LINE#         161
  C:3728H         LINE#         162
  C:372BH         LINE#         163
  C:3733H         LINE#         164
  C:3733H         LINE#         165
BL51 BANKED LINKER/LOCATER V6.22                                                      06/19/2015  14:44:12  PAGE 15


  C:3769H         LINE#         166
  C:378FH         LINE#         167
  C:3791H         LINE#         168
  C:3799H         LINE#         169
  C:3799H         LINE#         170
  C:37CFH         LINE#         171
  C:3804H         LINE#         172
  C:3804H         LINE#         173
  -------         ENDPROC       _GET_HZMAT
  -------         PROC          _SHOW_ASCII
  X:016CH         SYMBOL        x
  X:016EH         SYMBOL        y
  X:0170H         SYMBOL        num
  X:0171H         SYMBOL        gbsize
  X:0172H         SYMBOL        p_color
  X:0174H         SYMBOL        b_color
  -------         DO            
  X:0176H         SYMBOL        temp
  X:0177H         SYMBOL        t1
  X:0178H         SYMBOL        t
  X:0179H         SYMBOL        max_t
  X:017AH         SYMBOL        mat
  X:01BBH         SYMBOL        y0
  X:01BDH         SYMBOL        temp_addr
  X:01C1H         SYMBOL        offset
  -------         ENDDO         
  C:2DE2H         LINE#         180
  C:2DF3H         LINE#         181
  C:2DF3H         LINE#         183
  C:2E06H         LINE#         184
  C:2E15H         LINE#         186
  C:2E29H         LINE#         188
  C:2E30H         LINE#         189
  C:2E30H         LINE#         190
  C:2E4DH         LINE#         191
  C:2E53H         LINE#         192
  C:2E56H         LINE#         193
  C:2E59H         LINE#         194
  C:2E60H         LINE#         195
  C:2E60H         LINE#         196
  C:2E7DH         LINE#         197
  C:2E83H         LINE#         198
  C:2E86H         LINE#         199
  C:2E89H         LINE#         200
  C:2E90H         LINE#         201
  C:2E90H         LINE#         202
  C:2EADH         LINE#         203
  C:2EB3H         LINE#         204
  C:2EB6H         LINE#         205
  C:2EB8H         LINE#         206
  C:2EBFH         LINE#         207
  C:2EBFH         LINE#         208
  C:2EDCH         LINE#         209
  C:2EE2H         LINE#         210
  C:2EE5H         LINE#         211
  C:2EE7H         LINE#         213
  C:2EEEH         LINE#         214
BL51 BANKED LINKER/LOCATER V6.22                                                      06/19/2015  14:44:12  PAGE 16


  C:2EEEH         LINE#         215
  C:2F0BH         LINE#         216
  C:2F11H         LINE#         217
  C:2F1DH         LINE#         218
  C:2F1DH         LINE#         220
  C:2F57H         LINE#         222
  C:2F6DH         LINE#         223
  C:2F6DH         LINE#         224
  C:2F7CH         LINE#         225
  C:2F8CH         LINE#         226
  C:2F8CH         LINE#         227
  C:2F94H         LINE#         228
  C:2F94H         LINE#         229
  C:2FA5H         LINE#         230
  C:2FA7H         LINE#         232
  C:2FD3H         LINE#         233
  C:2FD5H         LINE#         235
  C:2FD5H         LINE#         236
  C:2FEBH         LINE#         237
  C:3003H         LINE#         239
  C:3025H         LINE#         240
  C:3025H         LINE#         242
  C:3033H         LINE#         243
  C:3043H         LINE#         245
  C:305FH         LINE#         246
  C:305FH         LINE#         247
  C:3067H         LINE#         248
  C:3075H         LINE#         249
  C:3085H         LINE#         251
  C:3085H         LINE#         252
  C:308EH         LINE#         253
  C:3097H         LINE#         254
  -------         ENDPROC       _SHOW_ASCII
  -------         PROC          _SHOW_FONT
  X:016CH         SYMBOL        x
  X:016EH         SYMBOL        y
  D:0001H         SYMBOL        font
  X:0173H         SYMBOL        gbsize
  X:0174H         SYMBOL        p_color
  X:0176H         SYMBOL        b_color
  -------         DO            
  X:0178H         SYMBOL        temp
  X:017AH         SYMBOL        t
  X:017CH         SYMBOL        t1
  X:017EH         SYMBOL        max_t
  X:0180H         SYMBOL        y0
  X:0182H         SYMBOL        dzk
  -------         ENDDO         
  C:4045H         LINE#         262
  C:4053H         LINE#         263
  C:4053H         LINE#         265
  C:405BH         LINE#         267
  C:4076H         LINE#         270
  C:408AH         LINE#         272
  C:409DH         LINE#         273
  C:40ACH         LINE#         274
  C:40BBH         LINE#         277
BL51 BANKED LINKER/LOCATER V6.22                                                      06/19/2015  14:44:12  PAGE 17


  C:40DBH         LINE#         278
  C:40DBH         LINE#         279
  C:40EFH         LINE#         280
  C:40F6H         LINE#         281
  C:40F6H         LINE#         282
  C:40FDH         LINE#         283
  C:40FDH         LINE#         284
  C:4113H         LINE#         285
  C:4115H         LINE#         287
  C:4115H         LINE#         288
  C:4137H         LINE#         289
  C:4137H         LINE#         291
  C:4144H         LINE#         292
  C:4152H         LINE#         293
  C:4174H         LINE#         294
  C:4174H         LINE#         295
  C:417CH         LINE#         296
  C:418AH         LINE#         297
  C:418CH         LINE#         298
  C:418CH         LINE#         299
  C:41ACH         LINE#         300
  C:41BDH         LINE#         301
  -------         ENDPROC       _SHOW_FONT
  -------         PROC          _SHOW_STR
  X:015FH         SYMBOL        x
  X:0161H         SYMBOL        y
  X:0163H         SYMBOL        str
  X:0166H         SYMBOL        gbsize
  X:0167H         SYMBOL        p_color
  X:0169H         SYMBOL        b_color
  -------         DO            
  X:016BH         SYMBOL        bHz
  -------         ENDDO         
  C:3D37H         LINE#         309
  C:3D4EH         LINE#         310
  C:3D4EH         LINE#         311
  C:3D53H         LINE#         312
  C:3D67H         LINE#         313
  C:3D67H         LINE#         314
  C:3D70H         LINE#         315
  C:3D70H         LINE#         316
  C:3D76H         LINE#         317
  C:3D7BH         LINE#         319
  C:3D7BH         LINE#         320
  C:3D8EH         LINE#         321
  C:3DC3H         LINE#         322
  C:3DCDH         LINE#         324
  C:3DD5H         LINE#         325
  C:3DDDH         LINE#         327
  C:3DEEH         LINE#         329
  C:3E00H         LINE#         330
  C:3E00H         LINE#         331
  C:3E0AH         LINE#         332
  C:3E1BH         LINE#         333
  C:3E1BH         LINE#         334
  C:3E1BH         LINE#         335
  C:3E1BH         LINE#         336
BL51 BANKED LINKER/LOCATER V6.22                                                      06/19/2015  14:44:12  PAGE 18


  C:3E1EH         LINE#         338
  C:3E1EH         LINE#         339
  C:3E23H         LINE#         341
  C:3E36H         LINE#         343
  C:3E70H         LINE#         344
  C:3E7AH         LINE#         345
  C:3E8DH         LINE#         347
  C:3E9DH         LINE#         348
  C:3E9DH         LINE#         349
  C:3EA8H         LINE#         350
  C:3EB4H         LINE#         351
  C:3EBBH         LINE#         352
  C:3EBBH         LINE#         353
  C:3EBBH         LINE#         354
  C:3EBEH         LINE#         355
  -------         ENDPROC       _SHOW_STR
  -------         ENDMOD        W25QXX

  -------         MODULE        HX8347D
  C:0000H         SYMBOL        _ICE_DUMMY_
  D:0080H         PUBLIC        P0
  D:0090H         PUBLIC        P1
  X:02EFH         PUBLIC        LCD_id
  D:00A0H         PUBLIC        P2
  D:00B0H         PUBLIC        P3
  D:00A8H         PUBLIC        IE
  D:00B8H         PUBLIC        IP
  C:1C29H         PUBLIC        asc2_1608
  C:5C70H         PUBLIC        _LCD_WR_REG
  C:5098H         PUBLIC        _LCD_Clear
  C:5C9EH         SYMBOL        _LCD_WriteRAM
  D:00D8H         PUBLIC        CCON
  C:46FFH         PUBLIC        _show_picture
  C:39EAH         PUBLIC        LCD_Initializtion
  D:0098H         PUBLIC        SCON
  C:2B00H         PUBLIC        _LCD_DrawEBox
  D:0088H         PUBLIC        TCON
  C:4A62H         PUBLIC        _PutChar
  B:0090H.4       PUBLIC        LCD_CS
  C:334EH         PUBLIC        _LCD_DrawLine
  C:59E7H         SYMBOL        _delay_ms
  C:5BD5H         SYMBOL        LCD_WriteRAM_Prepare
  C:5B73H         PUBLIC        _LCD_WR_DATA
  B:0090H.5       PUBLIC        LCD_RS
  B:0090H.6       PUBLIC        LCD_WR
  C:5C56H         SYMBOL        _LCD_WriteReg
  C:591AH         SYMBOL        _LCD_SetCursor
  C:4FE2H         PUBLIC        _GUI_Text
  C:4D65H         PUBLIC        _LCD_DrawBox
  C:56F1H         PUBLIC        _LCD_SetPoint
  B:00A0H.4       PUBLIC        W25Qxx_CS
  D:00D0H         PUBLIC        PSW
  -------         PROC          _LCD_WR_REG
  D:0007H         SYMBOL        dat
  C:5C70H         LINE#         13
  C:5C70H         LINE#         14
  C:5C70H         LINE#         15
BL51 BANKED LINKER/LOCATER V6.22                                                      06/19/2015  14:44:12  PAGE 19


  C:5C72H         LINE#         16
  C:5C74H         LINE#         17
  C:5C76H         LINE#         18
  C:5C78H         LINE#         19
  C:5C7AH         LINE#         20
  C:5C7CH         LINE#         21
  -------         ENDPROC       _LCD_WR_REG
  -------         PROC          L?0111
  -------         ENDPROC       L?0111
  -------         PROC          _LCD_WR_DATA
  D:0006H         SYMBOL        dat
  C:5B73H         LINE#         23
  C:5B73H         LINE#         24
  C:5B73H         LINE#         25
  C:5B75H         LINE#         26
  C:5B77H         LINE#         27
  C:5B79H         LINE#         28
  C:5B7BH         LINE#         29
  C:5B7DH         LINE#         30
  C:5B7FH         LINE#         31
  -------         ENDPROC       _LCD_WR_DATA
  -------         PROC          L?0113
  -------         ENDPROC       L?0113
  -------         PROC          _LCD_WRITEREG
  D:0007H         SYMBOL        LCD_Reg
  D:0004H         SYMBOL        LCD_RegValue
  C:5C56H         LINE#         42
  C:5C56H         LINE#         43
  C:5C56H         LINE#         44
  C:5C59H         LINE#         45
  -------         ENDPROC       _LCD_WRITEREG
  C:5BCDH         SYMBOL        L?0108
  -------         PROC          L?0107
  -------         ENDPROC       L?0107
  C:5BCDH         SYMBOL        L?0108
  -------         PROC          LCD_WRITERAM_PREPARE
  C:5BD5H         LINE#         57
  C:5BD5H         LINE#         58
  C:5BD5H         LINE#         59
  -------         ENDPROC       LCD_WRITERAM_PREPARE
  -------         PROC          _LCD_WRITERAM
  D:0006H         SYMBOL        RGB_Code
  C:5C9EH         LINE#         70
  C:5C9EH         LINE#         71
  C:5C9EH         LINE#         73
  -------         ENDPROC       _LCD_WRITERAM
  -------         PROC          L?0112
  -------         ENDPROC       L?0112
  -------         PROC          _LCD_SETCURSOR
  D:0082H         SYMBOL        Xpos
  D:0002H         SYMBOL        Ypos
  C:591AH         LINE#         86
  C:5922H         LINE#         87
  C:5922H         LINE#         99
  C:592CH         LINE#         100
  C:5936H         LINE#         101
  C:593FH         LINE#         102
BL51 BANKED LINKER/LOCATER V6.22                                                      06/19/2015  14:44:12  PAGE 20


  -------         ENDPROC       _LCD_SETCURSOR
  C:59DCH         SYMBOL        L?0110
  -------         PROC          L?0109
  -------         ENDPROC       L?0109
  C:59DCH         SYMBOL        L?0110
  -------         PROC          _DELAY_MS
  D:0006H         SYMBOL        ms
  -------         DO            
  D:0004H         SYMBOL        i
  D:0002H         SYMBOL        j
  -------         ENDDO         
  C:59E7H         LINE#         114
  C:59E7H         LINE#         115
  C:59E7H         LINE#         117
  C:59F1H         LINE#         118
  C:59F1H         LINE#         119
  C:59FFH         LINE#         120
  C:5A06H         LINE#         121
  -------         ENDPROC       _DELAY_MS
  -------         PROC          LCD_INITIALIZTION
  -------         DO            
  D:0082H         SYMBOL        DeviceCode
  -------         ENDDO         
  C:39EAH         LINE#         131
  C:39EAH         LINE#         132
  C:39EAH         LINE#         133
  C:39EAH         LINE#         136
  C:39F1H         LINE#         137
  C:39FAH         LINE#         138
  C:3A00H         LINE#         141
  C:3A03H         LINE#         142
  C:3A08H         LINE#         144
  C:3A13H         LINE#         145
  C:3A13H         LINE#         149
  C:3A1AH         LINE#         150
  C:3A21H         LINE#         151
  C:3A28H         LINE#         152
  C:3A2FH         LINE#         153
  C:3A36H         LINE#         155
  C:3A3DH         LINE#         156
  C:3A44H         LINE#         157
  C:3A4BH         LINE#         158
  C:3A52H         LINE#         160
  C:3A58H         LINE#         161
  C:3A5DH         LINE#         162
  C:3A63H         LINE#         163
  C:3A6AH         LINE#         164
  C:3A71H         LINE#         165
  C:3A78H         LINE#         166
  C:3A7FH         LINE#         167
  C:3A86H         LINE#         168
  C:3A8DH         LINE#         169
  C:3A94H         LINE#         170
  C:3A9BH         LINE#         171
  C:3AA0H         LINE#         172
  C:3AA7H         LINE#         174
  C:3AAEH         LINE#         175
BL51 BANKED LINKER/LOCATER V6.22                                                      06/19/2015  14:44:12  PAGE 21


  C:3AB5H         LINE#         176
  C:3ABCH         LINE#         177
  C:3AC3H         LINE#         178
  C:3AC9H         LINE#         179
  C:3ACEH         LINE#         180
  C:3AD5H         LINE#         181
  C:3ADCH         LINE#         182
  C:3AE3H         LINE#         183
  C:3AEAH         LINE#         184
  C:3AEFH         LINE#         185
  C:3AF6H         LINE#         186
  C:3AFDH         LINE#         187
  C:3B04H         LINE#         190
  C:3B0BH         LINE#         191
  C:3B12H         LINE#         192
  C:3B19H         LINE#         193
  C:3B20H         LINE#         194
  C:3B27H         LINE#         197
  C:3B2BH         LINE#         198
  C:3B2EH         LINE#         199
  C:3B35H         LINE#         200
  C:3B3BH         LINE#         201
  C:3B3DH         LINE#         202
  C:3B40H         LINE#         203
  C:3B42H         LINE#         204
  C:3B45H         LINE#         205
  C:3B47H         LINE#         206
  C:3B4AH         LINE#         208
  C:3B53H         LINE#         210
  C:3B5AH         LINE#         211
  C:3B61H         LINE#         212
  C:3B67H         LINE#         213
  C:3B6EH         LINE#         218
  C:3B75H         LINE#         219
  C:3B7AH         LINE#         220
  C:3B7FH         LINE#         221
  C:3B86H         LINE#         222
  C:3B8CH         LINE#         223
  C:3B91H         LINE#         224
  C:3B97H         LINE#         225
  C:3B9BH         LINE#         228
  C:3B9EH         LINE#         230
  C:3B9EH         LINE#         232
  -------         ENDPROC       LCD_INITIALIZTION
  -------         PROC          _LCD_CLEAR
  X:0021H         SYMBOL        Color
  -------         DO            
  X:0023H         SYMBOL        index
  X:0027H         SYMBOL        i
  -------         ENDDO         
  C:5098H         LINE#         245
  C:50A0H         LINE#         246
  C:50A0H         LINE#         247
  C:50A8H         LINE#         248
  C:50B0H         LINE#         249
  C:50B3H         LINE#         251
  C:50D8H         LINE#         252
BL51 BANKED LINKER/LOCATER V6.22                                                      06/19/2015  14:44:12  PAGE 22


  C:50D8H         LINE#         253
  C:50FCH         LINE#         254
  C:50FCH         LINE#         255
  C:50FFH         LINE#         256
  C:5102H         LINE#         257
  C:5123H         LINE#         258
  C:5145H         LINE#         259
  -------         ENDPROC       _LCD_CLEAR
  C:56DBH         SYMBOL        L?0104
  C:56E3H         SYMBOL        L?0105
  C:56E9H         SYMBOL        L?0106
  -------         PROC          L?0103
  -------         ENDPROC       L?0103
  C:56DBH         SYMBOL        L?0104
  C:56E3H         SYMBOL        L?0105
  C:56E9H         SYMBOL        L?0106
  -------         PROC          _LCD_SETPOINT
  X:0282H         SYMBOL        Xpos
  D:0004H         SYMBOL        Ypos
  X:0284H         SYMBOL        point
  C:56F1H         LINE#         293
  C:5701H         LINE#         294
  C:5701H         LINE#         295
  C:5712H         LINE#         296
  C:5712H         LINE#         298
  C:5712H         LINE#         299
  C:5715H         LINE#         300
  C:5718H         LINE#         301
  C:5722H         LINE#         302
  C:572AH         LINE#         303
  -------         ENDPROC       _LCD_SETPOINT
  -------         PROC          _LCD_DRAWLINE
  X:0027H         SYMBOL        x0
  X:0029H         SYMBOL        y0
  X:002BH         SYMBOL        x1
  X:002DH         SYMBOL        y1
  X:002FH         SYMBOL        color
  -------         DO            
  X:0031H         SYMBOL        dx
  X:0033H         SYMBOL        dy
  X:0035H         SYMBOL        temp
  -------         ENDDO         
  C:334EH         LINE#         317
  C:3366H         LINE#         318
  C:3366H         LINE#         322
  C:336DH         LINE#         323
  C:336DH         LINE#         324
  C:337DH         LINE#         325
  C:338CH         LINE#         326
  C:3394H         LINE#         327
  C:3394H         LINE#         328
  C:33AAH         LINE#         329
  C:33AAH         LINE#         330
  C:33B2H         LINE#         331
  C:33BAH         LINE#         332
  C:33C2H         LINE#         333
  C:33C2H         LINE#         335
BL51 BANKED LINKER/LOCATER V6.22                                                      06/19/2015  14:44:12  PAGE 23


  C:33DFH         LINE#         336
  C:33FAH         LINE#         338
  C:33FEH         LINE#         339
  C:33FEH         LINE#         341
  C:33FEH         LINE#         342
  C:3401H         LINE#         343
  C:340FH         LINE#         344
  C:340FH         LINE#         345
  C:3425H         LINE#         347
  C:3425H         LINE#         348
  C:342FH         LINE#         349
  C:342FH         LINE#         351
  C:342FH         LINE#         352
  C:3432H         LINE#         353
  C:3440H         LINE#         354
  C:3440H         LINE#         355
  C:3456H         LINE#         357
  C:3456H         LINE#         359
  C:3475H         LINE#         360
  C:3475H         LINE#         361
  C:3489H         LINE#         362
  C:34A3H         LINE#         363
  C:34A3H         LINE#         364
  C:34A6H         LINE#         365
  C:34B4H         LINE#         366
  C:34C5H         LINE#         367
  C:34C5H         LINE#         368
  C:34D3H         LINE#         369
  C:34F3H         LINE#         370
  C:34F5H         LINE#         372
  C:34F5H         LINE#         373
  C:350EH         LINE#         374
  C:350EH         LINE#         375
  C:3511H         LINE#         379
  C:3511H         LINE#         380
  C:3531H         LINE#         381
  C:3548H         LINE#         382
  C:3548H         LINE#         383
  C:3553H         LINE#         384
  C:3561H         LINE#         385
  C:3572H         LINE#         386
  C:3572H         LINE#         387
  C:3580H         LINE#         388
  C:35A0H         LINE#         389
  C:35A2H         LINE#         391
  C:35A2H         LINE#         392
  C:35BBH         LINE#         393
  C:35BBH         LINE#         394
  C:35BEH         LINE#         395
  C:35C1H         LINE#         396
  C:35C1H         LINE#         397
  -------         ENDPROC       _LCD_DRAWLINE
  -------         PROC          _PUTCHAR
  X:0048H         SYMBOL        x
  X:004AH         SYMBOL        y
  X:004CH         SYMBOL        num
  X:004DH         SYMBOL        p_color
BL51 BANKED LINKER/LOCATER V6.22                                                      06/19/2015  14:44:12  PAGE 24


  X:004FH         SYMBOL        b_color
  -------         DO            
  X:0051H         SYMBOL        temp
  X:0052H         SYMBOL        t1
  D:0001H         SYMBOL        t
  X:0053H         SYMBOL        y0
  -------         ENDDO         
  C:4A62H         LINE#         412
  C:4A77H         LINE#         413
  C:4A77H         LINE#         416
  C:4A7FH         LINE#         417
  C:4A86H         LINE#         420
  C:4A88H         LINE#         421
  C:4A88H         LINE#         422
  C:4AAAH         LINE#         423
  C:4AADH         LINE#         424
  C:4AADH         LINE#         425
  C:4AB4H         LINE#         426
  C:4ACCH         LINE#         428
  C:4AEEH         LINE#         430
  C:4AF5H         LINE#         431
  C:4B03H         LINE#         432
  C:4B12H         LINE#         434
  C:4B2DH         LINE#         435
  C:4B2DH         LINE#         436
  C:4B32H         LINE#         437
  C:4B40H         LINE#         438
  C:4B50H         LINE#         440
  C:4B50H         LINE#         441
  C:4B5FH         LINE#         442
  C:4B68H         LINE#         443
  -------         ENDPROC       _PUTCHAR
  -------         PROC          _GUI_TEXT
  X:0016H         SYMBOL        Xpos
  X:0018H         SYMBOL        Ypos
  X:001AH         SYMBOL        str
  X:001DH         SYMBOL        Color
  X:001FH         SYMBOL        bkColor
  -------         DO            
  D:0003H         SYMBOL        TempChar
  -------         ENDDO         
  C:4FE2H         LINE#         457
  C:4FF9H         LINE#         458
  C:4FF9H         LINE#         461
  C:4FF9H         LINE#         462
  C:500DH         LINE#         463
  C:503EH         LINE#         464
  C:504DH         LINE#         465
  C:504DH         LINE#         466
  C:5055H         LINE#         467
  C:5057H         LINE#         468
  C:506AH         LINE#         469
  C:506AH         LINE#         470
  C:506DH         LINE#         471
  C:507BH         LINE#         472
  C:507DH         LINE#         474
  C:507DH         LINE#         475
BL51 BANKED LINKER/LOCATER V6.22                                                      06/19/2015  14:44:12  PAGE 25


  C:5080H         LINE#         476
  C:5084H         LINE#         477
  C:5084H         LINE#         478
  C:5084H         LINE#         479
  C:5097H         LINE#         480
  -------         ENDPROC       _GUI_TEXT
  -------         PROC          _SHOW_PICTURE
  X:0002H         SYMBOL        x
  X:0004H         SYMBOL        y
  X:0006H         SYMBOL        width
  X:0008H         SYMBOL        high
  X:000AH         SYMBOL        ReadAddr
  -------         DO            
  X:000EH         SYMBOL        temp1
  X:000FH         SYMBOL        temp2
  X:0010H         SYMBOL        i
  X:0014H         SYMBOL        j
  -------         ENDDO         
  C:46FFH         LINE#         486
  C:4713H         LINE#         487
  C:4713H         LINE#         488
  C:471AH         LINE#         489
  C:4724H         LINE#         490
  C:472AH         LINE#         491
  C:472DH         LINE#         492
  C:472FH         LINE#         493
  C:4734H         LINE#         494
  C:474AH         LINE#         495
  C:4760H         LINE#         496
  C:476BH         LINE#         497
  C:4797H         LINE#         498
  C:4797H         LINE#         499
  C:47C0H         LINE#         500
  C:47C0H         LINE#         501
  C:47C8H         LINE#         502
  C:47D0H         LINE#         503
  C:47D5H         LINE#         504
  C:47DBH         LINE#         505
  C:47FCH         LINE#         506
  C:4813H         LINE#         507
  C:4816H         LINE#         508
  C:4838H         LINE#         509
  C:483AH         LINE#         510
  -------         ENDPROC       _SHOW_PICTURE
  -------         PROC          _LCD_DRAWBOX
  X:015FH         SYMBOL        x
  X:0161H         SYMBOL        y
  X:0163H         SYMBOL        width
  X:0165H         SYMBOL        high
  X:0167H         SYMBOL        color
  -------         DO            
  X:0169H         SYMBOL        i
  X:016DH         SYMBOL        j
  -------         ENDDO         
  C:4D65H         LINE#         517
  C:4D79H         LINE#         518
  C:4D79H         LINE#         519
BL51 BANKED LINKER/LOCATER V6.22                                                      06/19/2015  14:44:12  PAGE 26


  C:4D83H         LINE#         520
  C:4D89H         LINE#         521
  C:4D8CH         LINE#         522
  C:4DB8H         LINE#         523
  C:4DB8H         LINE#         524
  C:4DE1H         LINE#         525
  C:4DE1H         LINE#         526
  C:4DE4H         LINE#         527
  C:4DE7H         LINE#         528
  C:4E08H         LINE#         529
  C:4E1FH         LINE#         530
  C:4E22H         LINE#         531
  C:4E44H         LINE#         533
  -------         ENDPROC       _LCD_DRAWBOX
  -------         PROC          _LCD_DRAWEBOX
  X:0016H         SYMBOL        x
  X:0018H         SYMBOL        y
  X:001AH         SYMBOL        width
  X:001CH         SYMBOL        high
  X:001EH         SYMBOL        color
  C:2B00H         LINE#         540
  C:2B16H         LINE#         541
  C:2B16H         LINE#         542
  C:2B4FH         LINE#         543
  C:2BB1H         LINE#         544
  C:2BF6H         LINE#         545
  C:2C4FH         LINE#         546
  C:2CABH         LINE#         547
  C:2D29H         LINE#         548
  C:2D7CH         LINE#         549
  -------         ENDPROC       _LCD_DRAWEBOX
  -------         ENDMOD        HX8347D

  -------         MODULE        TOUCH
  C:0000H         SYMBOL        _ICE_DUMMY_
  D:0080H         PUBLIC        P0
  D:0090H         PUBLIC        P1
  D:00A0H         PUBLIC        P2
  X:029BH         PUBLIC        tp_dev
  C:5B4DH         PUBLIC        _TP_Write_Byte
  C:4C6EH         PUBLIC        _TP_Scan
  D:00A8H         PUBLIC        IE
  C:572BH         PUBLIC        _TP_Read_XY
  D:00B8H         PUBLIC        IP
  C:5AF8H         PUBLIC        TP_Init
  X:02BAH         PUBLIC        CMD_RDX
  D:00D8H         PUBLIC        CCON
  X:02BBH         PUBLIC        CMD_RDY
  B:0080H.1       PUBLIC        TCLK
  B:0080H.2       PUBLIC        TDIN
  D:0098H         PUBLIC        SCON
  D:0088H         PUBLIC        TCON
  B:0080H.3       PUBLIC        DOUT
  C:000EH         PUBLIC        TP_Default_Adj
  C:448DH         PUBLIC        _TP_Read_XY2
  C:5ADBH         SYMBOL        _delay_us
  B:00A0H.5       PUBLIC        PEN
BL51 BANKED LINKER/LOCATER V6.22                                                      06/19/2015  14:44:12  PAGE 27


  C:3BA5H         PUBLIC        _TP_Read_XOY
  C:577AH         PUBLIC        _TP_Read_AD
  B:00A0H.6       PUBLIC        TCS
  C:13AFH         PUBLIC        TP_Adjust
  C:5433H         PUBLIC        _TP_Draw_Big_Point
  C:45CFH         PUBLIC        _TP_Drow_Touch_Point
  D:00D0H         PUBLIC        PSW
  -------         PROC          _DELAY_US
  D:0006H         SYMBOL        us
  -------         DO            
  D:0004H         SYMBOL        i
  -------         ENDDO         
  C:5ADBH         LINE#         31
  C:5ADBH         LINE#         32
  C:5ADBH         LINE#         34
  C:5AE6H         LINE#         35
  C:5AF7H         LINE#         36
  -------         ENDPROC       _DELAY_US
  -------         PROC          _TP_WRITE_BYTE
  D:0007H         SYMBOL        num
  -------         DO            
  D:0006H         SYMBOL        count
  -------         ENDDO         
  C:5B4DH         LINE#         42
  C:5B4DH         LINE#         43
  C:5B4DH         LINE#         44
  C:5B4FH         LINE#         45
  C:5B4FH         LINE#         46
  C:5B4FH         LINE#         47
  C:5B57H         LINE#         48
  C:5B59H         LINE#         49
  C:5B5DH         LINE#         50
  C:5B5FH         LINE#         51
  C:5B61H         LINE#         52
  C:5B66H         LINE#         53
  -------         ENDPROC       _TP_WRITE_BYTE
  -------         PROC          _TP_READ_AD
  D:0007H         SYMBOL        CMD
  -------         DO            
  D:0005H         SYMBOL        count
  D:0002H         SYMBOL        Num
  -------         ENDDO         
  C:577AH         LINE#         60
  C:577AH         LINE#         61
  C:577AH         LINE#         62
  C:577CH         LINE#         63
  C:577EH         LINE#         64
  C:5780H         LINE#         65
  C:5782H         LINE#         66
  C:5784H         LINE#         67
  C:5787H         LINE#         68
  C:578EH         LINE#         69
  C:5790H         LINE#         70
  C:5797H         LINE#         71
  C:5799H         LINE#         72
  C:579BH         LINE#         73
  C:579DH         LINE#         74
BL51 BANKED LINKER/LOCATER V6.22                                                      06/19/2015  14:44:12  PAGE 28


  C:579DH         LINE#         75
  C:57A4H         LINE#         76
  C:57A6H         LINE#         77
  C:57A8H         LINE#         78
  C:57B0H         LINE#         79
  C:57B5H         LINE#         80
  C:57C2H         LINE#         81
  C:57C4H         LINE#         82
  C:57C7H         LINE#         83
  -------         ENDPROC       _TP_READ_AD
  -------         PROC          _TP_READ_XOY
  D:0001H         SYMBOL        xy
  -------         DO            
  X:001EH         SYMBOL        i
  D:0004H         SYMBOL        j
  X:0020H         SYMBOL        buf
  X:002AH         SYMBOL        sum
  X:002CH         SYMBOL        temp
  -------         ENDDO         
  C:3BA5H         LINE#         93
  C:3BA7H         LINE#         94
  C:3BA7H         LINE#         97
  C:3BAEH         LINE#         99
  C:3BF6H         LINE#         100
  C:3C10H         LINE#         101
  C:3C10H         LINE#         102
  C:3C25H         LINE#         103
  C:3C25H         LINE#         104
  C:3C5DH         LINE#         105
  C:3C5DH         LINE#         106
  C:3C65H         LINE#         107
  C:3C97H         LINE#         108
  C:3CB5H         LINE#         109
  C:3CB5H         LINE#         110
  C:3CBDH         LINE#         111
  C:3CD1H         LINE#         112
  C:3CD8H         LINE#         113
  C:3D21H         LINE#         114
  C:3D36H         LINE#         115
  C:3D36H         LINE#         116
  -------         ENDPROC       _TP_READ_XOY
  -------         PROC          _TP_READ_XY
  X:0016H         SYMBOL        x
  X:0019H         SYMBOL        y
  -------         DO            
  X:001CH         SYMBOL        xtemp
  D:0006H         SYMBOL        ytemp
  -------         ENDDO         
  C:572BH         LINE#         121
  C:5736H         LINE#         122
  C:5736H         LINE#         124
  C:5746H         LINE#         125
  C:574EH         LINE#         127
  C:5766H         LINE#         128
  C:5777H         LINE#         129
  C:5779H         LINE#         130
  -------         ENDPROC       _TP_READ_XY
BL51 BANKED LINKER/LOCATER V6.22                                                      06/19/2015  14:44:12  PAGE 29


  -------         PROC          L?0091
  -------         ENDPROC       L?0091
  -------         PROC          _TP_READ_XY2
  X:0008H         SYMBOL        x
  X:000BH         SYMBOL        y
  -------         DO            
  X:000EH         SYMBOL        x1
  X:0010H         SYMBOL        y1
  X:0012H         SYMBOL        x2
  X:0014H         SYMBOL        y2
  D:0007H         SYMBOL        flag
  -------         ENDDO         
  C:448DH         LINE#         137
  C:4498H         LINE#         138
  C:4498H         LINE#         142
  C:44AFH         LINE#         143
  C:44B4H         LINE#         144
  C:44CBH         LINE#         145
  C:44D0H         LINE#         146
  C:4566H         LINE#         148
  C:4566H         LINE#         149
  C:458FH         LINE#         150
  C:45B8H         LINE#         151
  C:45BBH         LINE#         152
  C:45BDH         LINE#         153
  -------         ENDPROC       _TP_READ_XY2
  C:45BEH         SYMBOL        L?0089
  C:45C7H         SYMBOL        L?0090
  -------         PROC          L?0088
  -------         ENDPROC       L?0088
  C:45BEH         SYMBOL        L?0089
  C:45C7H         SYMBOL        L?0090
  -------         PROC          _TP_DROW_TOUCH_POINT
  X:0021H         SYMBOL        x
  X:0023H         SYMBOL        y
  X:0025H         SYMBOL        color
  C:45CFH         LINE#         161
  C:45E7H         LINE#         162
  C:45E7H         LINE#         163
  C:4620H         LINE#         164
  C:4663H         LINE#         165
  C:468AH         LINE#         166
  C:46B1H         LINE#         167
  C:46D8H         LINE#         168
  -------         ENDPROC       _TP_DROW_TOUCH_POINT
  -------         PROC          _TP_DRAW_BIG_POINT
  X:000EH         SYMBOL        x
  X:0010H         SYMBOL        y
  X:0012H         SYMBOL        color
  C:5433H         LINE#         173
  C:5447H         LINE#         174
  C:5447H         LINE#         175
  C:544AH         LINE#         176
  C:5469H         LINE#         177
  C:548AH         LINE#         178
  -------         ENDPROC       _TP_DRAW_BIG_POINT
  -------         PROC          _TP_SCAN
BL51 BANKED LINKER/LOCATER V6.22                                                      06/19/2015  14:44:12  PAGE 30


  D:0007H         SYMBOL        tp
  C:4C6EH         LINE#         186
  C:4C6EH         LINE#         187
  C:4C6EH         LINE#         188
  C:4C74H         LINE#         189
  C:4C74H         LINE#         190
  C:4C7DH         LINE#         191
  C:4C86H         LINE#         192
  C:4C86H         LINE#         193
  C:4CCDH         LINE#         194
  C:4D12H         LINE#         195
  C:4D12H         LINE#         196
  C:4D19H         LINE#         197
  C:4D19H         LINE#         198
  C:4D1CH         LINE#         199
  C:4D2BH         LINE#         200
  C:4D3AH         LINE#         201
  C:4D3AH         LINE#         202
  C:4D3CH         LINE#         203
  C:4D3CH         LINE#         204
  C:4D43H         LINE#         205
  C:4D43H         LINE#         206
  C:4D46H         LINE#         207
  C:4D48H         LINE#         208
  C:4D48H         LINE#         209
  C:4D4FH         LINE#         210
  C:4D53H         LINE#         211
  C:4D59H         LINE#         212
  C:4D5DH         LINE#         213
  C:4D5DH         LINE#         214
  C:4D5DH         LINE#         215
  C:4D64H         LINE#         216
  -------         ENDPROC       _TP_SCAN
  -------         PROC          TP_ADJUST
  -------         DO            
  X:0000H         SYMBOL        pos_temp
  X:0010H         SYMBOL        cnt
  X:0011H         SYMBOL        d1
  X:0013H         SYMBOL        d2
  X:0015H         SYMBOL        tem1
  X:0019H         SYMBOL        tem2
  X:001DH         SYMBOL        fac
  -------         ENDDO         
  C:13AFH         LINE#         221
  C:13AFH         LINE#         222
  C:13AFH         LINE#         224
  C:13B4H         LINE#         228
  C:13B5H         LINE#         229
  C:13BCH         LINE#         231
  C:13CBH         LINE#         232
  C:13D0H         LINE#         233
  C:13D8H         LINE#         234
  C:13D8H         LINE#         235
  C:13D8H         LINE#         236
  C:13E9H         LINE#         237
  C:13F4H         LINE#         238
  C:13F4H         LINE#         239
BL51 BANKED LINKER/LOCATER V6.22                                                      06/19/2015  14:44:12  PAGE 31


  C:13F8H         LINE#         240
  C:1417H         LINE#         241
  C:1432H         LINE#         242
  C:1438H         LINE#         243
  C:1447H         LINE#         244
  C:1447H         LINE#         245
  C:1447H         LINE#         246
  C:1456H         LINE#         247
  C:145EH         LINE#         248
  C:1460H         LINE#         249
  C:1460H         LINE#         250
  C:1467H         LINE#         251
  C:146FH         LINE#         252
  C:1472H         LINE#         253
  C:1472H         LINE#         254
  C:1481H         LINE#         255
  C:148DH         LINE#         256
  C:1490H         LINE#         257
  C:1490H         LINE#         259
  C:14B4H         LINE#         260
  C:14D8H         LINE#         261
  C:14F6H         LINE#         262
  C:1514H         LINE#         263
  C:154CH         LINE#         265
  C:1570H         LINE#         266
  C:1594H         LINE#         267
  C:15B2H         LINE#         268
  C:15D0H         LINE#         269
  C:1608H         LINE#         270
  C:1641H         LINE#         271
  C:168DH         LINE#         272
  C:168DH         LINE#         273
  C:168DH         LINE#         274
  C:1690H         LINE#         275
  C:169CH         LINE#         276
  C:169FH         LINE#         277
  C:169FH         LINE#         278
  C:16C3H         LINE#         279
  C:16E7H         LINE#         280
  C:1705H         LINE#         281
  C:1723H         LINE#         282
  C:175BH         LINE#         284
  C:177FH         LINE#         285
  C:17A3H         LINE#         286
  C:17C1H         LINE#         287
  C:17DFH         LINE#         288
  C:1817H         LINE#         289
  C:1850H         LINE#         290
  C:1888H         LINE#         291
  C:1888H         LINE#         292
  C:1888H         LINE#         293
  C:188BH         LINE#         294
  C:1897H         LINE#         295
  C:189AH         LINE#         296
  C:189AH         LINE#         298
  C:18BEH         LINE#         299
  C:18E2H         LINE#         300
BL51 BANKED LINKER/LOCATER V6.22                                                      06/19/2015  14:44:12  PAGE 32


  C:1900H         LINE#         301
  C:191EH         LINE#         302
  C:1956H         LINE#         304
  C:197AH         LINE#         305
  C:199EH         LINE#         306
  C:19BCH         LINE#         307
  C:19DAH         LINE#         308
  C:1A12H         LINE#         309
  C:1A4BH         LINE#         310
  C:1A83H         LINE#         311
  C:1A83H         LINE#         312
  C:1A83H         LINE#         313
  C:1A86H         LINE#         314
  C:1A95H         LINE#         315
  C:1A98H         LINE#         316
  C:1A98H         LINE#         318
  C:1AC9H         LINE#         319
  C:1B18H         LINE#         321
  C:1B49H         LINE#         322
  C:1B98H         LINE#         323
  C:1BD6H         LINE#         324
  C:1BD6H         LINE#         325
  C:1BD6H         LINE#         326
  C:1BD9H         LINE#         327
  C:1BE8H         LINE#         328
  C:1BF9H         LINE#         329
  C:1BFBH         LINE#         330
  C:1BFBH         LINE#         331
  C:1BFFH         LINE#         332
  C:1C03H         LINE#         333
  C:1C06H         LINE#         334
  C:1C06H         LINE#         335
  C:1C0CH         LINE#         336
  C:1C10H         LINE#         337
  C:1C10H         LINE#         338
  C:1C13H         LINE#         339
  C:1C13H         LINE#         340
  C:1C1AH         LINE#         342
  C:1C21H         LINE#         343
  C:1C28H         LINE#         345
  C:1C28H         LINE#         346
  C:1C28H         LINE#         347
  C:1C28H         LINE#         348
  -------         ENDPROC       TP_ADJUST
  -------         PROC          TP_DEFAULT_ADJ
  C:000EH         LINE#         351
  C:000EH         LINE#         352
  C:000EH         LINE#         363
  C:0014H         LINE#         364
  C:0018H         LINE#         365
  C:0022H         LINE#         366
  C:002CH         LINE#         367
  C:0036H         LINE#         368
  C:0040H         LINE#         370
  -------         ENDPROC       TP_DEFAULT_ADJ
  -------         PROC          TP_INIT
  C:5AF8H         LINE#         372
BL51 BANKED LINKER/LOCATER V6.22                                                      06/19/2015  14:44:12  PAGE 33


  C:5AF8H         LINE#         373
  C:5AF8H         LINE#         375
  C:5B0FH         LINE#         377
  C:5B12H         LINE#         378
  C:5B14H         LINE#         379
  -------         ENDPROC       TP_INIT
  -------         ENDMOD        TOUCH

  -------         MODULE        DS1302
  C:0000H         SYMBOL        _ICE_DUMMY_
  D:0080H         PUBLIC        P0
  D:00A0H         PUBLIC        P2
  C:5B8FH         PUBLIC        Delay1ms
  B:00A0H.7       PUBLIC        CE
  D:00A8H         PUBLIC        IE
  D:00B8H         PUBLIC        IP
  D:00D8H         PUBLIC        CCON
  B:0080H.1       PUBLIC        SCLK
  D:0098H         PUBLIC        SCON
  D:0088H         PUBLIC        TCON
  C:57C8H         PUBLIC        _Read1302
  C:51F2H         PUBLIC        _Ds1302_Read_Time
  C:58D3H         PUBLIC        _Write1302
  B:0080H.3       PUBLIC        DIO
  C:4E45H         PUBLIC        _Ds1302_Write_Time
  C:5BBCH         PUBLIC        delay40us
  C:483BH         PUBLIC        _gettime
  C:5C3DH         PUBLIC        Ds1302_Init
  D:00D0H         PUBLIC        PSW
  C:5B8AH         SYMBOL        L?0037
  -------         PROC          L?0036
  -------         ENDPROC       L?0036
  C:5B8AH         SYMBOL        L?0037
  -------         PROC          DELAY1MS
  -------         DO            
  D:0007H         SYMBOL        i
  D:0006H         SYMBOL        j
  -------         ENDDO         
  C:5B8FH         LINE#         3
  C:5B8FH         LINE#         4
  C:5B8FH         LINE#         7
  C:5B91H         LINE#         8
  C:5B93H         LINE#         10
  C:5B93H         LINE#         11
  C:5B95H         LINE#         12
  C:5B97H         LINE#         13
  -------         ENDPROC       DELAY1MS
  -------         PROC          _GETTIME
  X:0016H         SYMBOL        buf
  -------         DO            
  X:0019H         SYMBOL        temp
  -------         ENDDO         
  C:483BH         LINE#         15
  C:4846H         LINE#         16
  C:4846H         LINE#         18
  C:484FH         LINE#         19
  C:485FH         LINE#         20
BL51 BANKED LINKER/LOCATER V6.22                                                      06/19/2015  14:44:12  PAGE 34


  C:4872H         LINE#         21
  C:4882H         LINE#         22
  C:488DH         LINE#         23
  C:4895H         LINE#         24
  C:48A5H         LINE#         25
  C:48B0H         LINE#         26
  C:48B8H         LINE#         27
  C:48C8H         LINE#         28
  C:48D3H         LINE#         29
  C:48DBH         LINE#         30
  C:48EBH         LINE#         31
  C:48F6H         LINE#         32
  C:48FEH         LINE#         33
  C:490EH         LINE#         34
  C:4919H         LINE#         35
  C:4921H         LINE#         36
  C:4931H         LINE#         37
  C:493CH         LINE#         38
  C:4944H         LINE#         39
  C:4952H         LINE#         40
  -------         ENDPROC       _GETTIME
  C:5BB0H         SYMBOL        L?0034
  C:5BB7H         SYMBOL        L?0035
  -------         PROC          L?0033
  -------         ENDPROC       L?0033
  C:5BB0H         SYMBOL        L?0034
  C:5BB7H         SYMBOL        L?0035
  -------         PROC          DELAY40US
  -------         DO            
  D:0007H         SYMBOL        i
  D:0006H         SYMBOL        j
  -------         ENDDO         
  C:5BBCH         LINE#         42
  C:5BBCH         LINE#         43
  C:5BBCH         LINE#         46
  C:5BBEH         LINE#         47
  C:5BC0H         LINE#         49
  C:5BC0H         LINE#         50
  C:5BC2H         LINE#         51
  C:5BC4H         LINE#         52
  -------         ENDPROC       DELAY40US
  -------         PROC          _WRITE1302
  D:0003H         SYMBOL        addr
  D:0005H         SYMBOL        dat
  -------         DO            
  D:0002H         SYMBOL        i
  D:0001H         SYMBOL        temp
  -------         ENDDO         
  C:58D3H         LINE#         56
  C:58D5H         LINE#         57
  C:58D5H         LINE#         59
  C:58D7H         LINE#         60
  C:58DAH         LINE#         61
  C:58DCH         LINE#         62
  C:58DFH         LINE#         63
  C:58E1H         LINE#         64
  C:58E4H         LINE#         65
BL51 BANKED LINKER/LOCATER V6.22                                                      06/19/2015  14:44:12  PAGE 35


  C:58E6H         LINE#         66
  C:58E6H         LINE#         67
  C:58E8H         LINE#         68
  C:58EBH         LINE#         69
  C:58EDH         LINE#         70
  C:58EEH         LINE#         71
  C:58EEH         LINE#         72
  C:58EEH         LINE#         73
  C:58EEH         LINE#         74
  C:58EEH         LINE#         75
  C:58F1H         LINE#         76
  C:58F3H         LINE#         78
  C:58F5H         LINE#         79
  C:58F5H         LINE#         80
  C:58F7H         LINE#         81
  C:58FAH         LINE#         82
  C:58FCH         LINE#         83
  C:5900H         LINE#         84
  C:5903H         LINE#         85
  C:5907H         LINE#         86
  C:5907H         LINE#         87
  C:5907H         LINE#         88
  C:590AH         LINE#         89
  C:590CH         LINE#         90
  C:590EH         LINE#         91
  -------         ENDPROC       _WRITE1302
  -------         PROC          _READ1302
  D:0003H         SYMBOL        addr
  -------         DO            
  D:0002H         SYMBOL        i
  D:0005H         SYMBOL        temp
  -------         ENDDO         
  C:57C8H         LINE#         96
  C:57CAH         LINE#         97
  C:57CAH         LINE#         99
  C:57CCH         LINE#         100
  C:57CFH         LINE#         101
  C:57D1H         LINE#         102
  C:57D4H         LINE#         103
  C:57D6H         LINE#         104
  C:57D9H         LINE#         106
  C:57DBH         LINE#         107
  C:57DBH         LINE#         108
  C:57DDH         LINE#         109
  C:57E0H         LINE#         111
  C:57E1H         LINE#         112
  C:57E1H         LINE#         113
  C:57E1H         LINE#         114
  C:57E1H         LINE#         115
  C:57E1H         LINE#         116
  C:57E4H         LINE#         117
  C:57E6H         LINE#         119
  C:57E8H         LINE#         120
  C:57E8H         LINE#         121
  C:57EAH         LINE#         122
  C:57EDH         LINE#         123
  C:57F1H         LINE#         124
BL51 BANKED LINKER/LOCATER V6.22                                                      06/19/2015  14:44:12  PAGE 36


  C:57F4H         LINE#         125
  C:57F6H         LINE#         126
  C:57F9H         LINE#         127
  C:5805H         LINE#         128
  C:5807H         LINE#         129
  C:5809H         LINE#         130
  C:580CH         LINE#         131
  C:580EH         LINE#         132
[...]
  C:49B5H         LINE#         311
  C:49B5H         LINE#         312
  C:49BEH         LINE#         313
  C:49E2H         LINE#         314
  C:4A02H         LINE#         315
  C:4A0AH         LINE#         316
  C:4A0AH         LINE#         317
  C:4A18H         LINE#         318
  C:4A1BH         LINE#         319
  C:4A5FH         LINE#         320
  -------         ENDPROC       TEMPERT
  -------         PROC          PICBOX
  -------         DO            
  X:000CH         SYMBOL        color
  -------         ENDDO         
  C:3098H         LINE#         325
  C:3098H         LINE#         326
  C:3098H         LINE#         327
  C:30A1H         LINE#         328
  C:30A8H         LINE#         329
  C:30C4H         LINE#         330
  C:30E3H         LINE#         331
  C:3100H         LINE#         332
  C:311BH         LINE#         333
  C:313AH         LINE#         334
  C:3159H         LINE#         335
  C:3176H         LINE#         336
  C:3196H         LINE#         337
  C:31B6H         LINE#         338
  C:31D6H         LINE#         339
  C:31F6H         LINE#         340
  C:3216H         LINE#         341
  C:3219H         LINE#         342
  C:3219H         LINE#         343
  C:3219H         LINE#         344
  C:321CH         LINE#         345
  C:324DH         LINE#         346
  C:328BH         LINE#         347
  C:32A9H         LINE#         348
  C:32E6H         LINE#         349
BL51 BANKED LINKER/LOCATER V6.22                                                      06/19/2015  14:44:12  PAGE 45


  C:32E6H         LINE#         350
  C:32EAH         LINE#         351
  C:32F4H         LINE#         352
  C:3301H         LINE#         353
  C:3307H         LINE#         354
  C:3313H         LINE#         355
  C:3320H         LINE#         356
  C:3327H         LINE#         357
  C:3334H         LINE#         358
  C:3341H         LINE#         359
  -------         ENDPROC       PICBOX
  -------         ENDMOD        GUI

  -------         MODULE        18B20
  C:0000H         SYMBOL        _ICE_DUMMY_
  D:0080H         PUBLIC        P0
  D:00A8H         PUBLIC        IE
  C:5893H         PUBLIC        _ReadTemperature
  B:0080H.0       PUBLIC        DQ
  D:00B8H         PUBLIC        IP
  C:5A58H         PUBLIC        Init_DS18B20
  C:5B15H         PUBLIC        ReadOneChar
  D:00D8H         PUBLIC        CCON
  C:5949H         PUBLIC        Read18b20
  C:5C03H         PUBLIC        _DelayMs
  C:5B31H         PUBLIC        _WriteOneChar
  D:0098H         PUBLIC        SCON
  D:0088H         PUBLIC        TCON
  C:5BEFH         PUBLIC        _DelayUs2x
  D:00D0H         PUBLIC        PSW
  -------         PROC          _DELAYUS2X
  D:0007H         SYMBOL        t
  -------         DO            
  D:0006H         SYMBOL        i
  -------         ENDDO         
  C:5BEFH         LINE#         10
  C:5BEFH         LINE#         11
  C:5BEFH         LINE#         13
  C:5BFBH         LINE#         14
  C:5BFBH         LINE#         15
  C:5BFDH         LINE#         16
  C:5BFFH         LINE#         17
  C:5C02H         LINE#         18
  -------         ENDPROC       _DELAYUS2X
  -------         PROC          _DELAYMS
  D:0007H         SYMBOL        t
  -------         DO            
  D:0006H         SYMBOL        i
  D:0005H         SYMBOL        j
  -------         ENDDO         
  C:5C03H         LINE#         24
  C:5C03H         LINE#         25
  C:5C03H         LINE#         27
  C:5C09H         LINE#         28
  C:5C09H         LINE#         29
  C:5C0AH         LINE#         30
  C:5C0BH         LINE#         31
BL51 BANKED LINKER/LOCATER V6.22                                                      06/19/2015  14:44:12  PAGE 46


  C:5C0DH         LINE#         32
  C:5C0FH         LINE#         34
  C:5C0FH         LINE#         35
  C:5C11H         LINE#         36
  C:5C13H         LINE#         37
  C:5C16H         LINE#         38
  -------         ENDPROC       _DELAYMS
  -------         PROC          INIT_DS18B20
  -------         DO            
  B:0020H.0       SYMBOL        dat
  -------         ENDDO         
  C:5A58H         LINE#         43
  C:5A58H         LINE#         44
  C:5A58H         LINE#         45
  C:5A5AH         LINE#         46
  C:5A5CH         LINE#         47
  C:5A61H         LINE#         48
  C:5A63H         LINE#         49
  C:5A68H         LINE#         50
  C:5A6DH         LINE#         51
  C:5A6FH         LINE#         52
  C:5A74H         LINE#         53
  C:5A78H         LINE#         54
  C:5A7DH         LINE#         55
  C:5A7FH         LINE#         56
  -------         ENDPROC       INIT_DS18B20
  -------         PROC          READONECHAR
  -------         DO            
  D:0005H         SYMBOL        i
  D:0004H         SYMBOL        dat
  -------         ENDDO         
  C:5B15H         LINE#         61
  C:5B15H         LINE#         62
  C:5B15H         LINE#         63
  C:5B16H         LINE#         64
  C:5B17H         LINE#         65
  C:5B19H         LINE#         66
  C:5B19H         LINE#         67
  C:5B1BH         LINE#         68
  C:5B1FH         LINE#         69
  C:5B21H         LINE#         70
  C:5B24H         LINE#         71
  C:5B27H         LINE#         72
  C:5B2CH         LINE#         73
  C:5B2EH         LINE#         74
  C:5B30H         LINE#         75
  -------         ENDPROC       READONECHAR
  -------         PROC          _WRITEONECHAR
  D:0005H         SYMBOL        dat
  -------         DO            
  D:0003H         SYMBOL        i
  -------         ENDDO         
  C:5B31H         LINE#         79
  C:5B33H         LINE#         80
  C:5B33H         LINE#         81
  C:5B33H         LINE#         82
  C:5B35H         LINE#         83
BL51 BANKED LINKER/LOCATER V6.22                                                      06/19/2015  14:44:12  PAGE 47


  C:5B35H         LINE#         84
  C:5B37H         LINE#         85
  C:5B3BH         LINE#         86
  C:5B40H         LINE#         87
  C:5B42H         LINE#         88
  C:5B46H         LINE#         89
  C:5B48H         LINE#         90
  -------         ENDPROC       _WRITEONECHAR
  -------         PROC          READ18B20
  -------         DO            
  D:0003H         SYMBOL        a
  D:0006H         SYMBOL        b
  D:0004H         SYMBOL        t
  -------         ENDDO         
  C:5949H         LINE#         96
  C:5949H         LINE#         97
  C:5949H         LINE#         98
  C:594BH         LINE#         99
  C:594DH         LINE#         100
  C:594FH         LINE#         101
  C:5952H         LINE#         102
  C:5957H         LINE#         103
  C:595CH         LINE#         104
  C:5961H         LINE#         105
  C:5964H         LINE#         106
  C:5969H         LINE#         107
  C:596EH         LINE#         108
  C:5973H         LINE#         109
  C:5976H         LINE#         110
  C:597AH         LINE#         111
  C:597FH         LINE#         113
  C:5982H         LINE#         114
  -------         ENDPROC       READ18B20
  -------         PROC          _READTEMPERATURE
  X:0015H         SYMBOL        temper
  -------         DO            
  D:0006H         SYMBOL        temp
  D:0004H         SYMBOL        temperature
  -------         ENDDO         
  C:5893H         LINE#         115
  C:589EH         LINE#         116
  C:589EH         LINE#         119
  C:58A1H         LINE#         120
  C:58B3H         LINE#         121
  -------         ENDPROC       _READTEMPERATURE
  -------         ENDMOD        18B20

  -------         MODULE        UART
  C:0000H         SYMBOL        _ICE_DUMMY_
  B:00A8H.7       PUBLIC        EA
  D:00A8H         PUBLIC        IE
  D:00B8H         PUBLIC        IP
  B:0021H.2       PUBLIC        flag
  D:00D8H         PUBLIC        CCON
  D:0098H         PUBLIC        SCON
  D:0088H         PUBLIC        TCON
  X:02D6H         PUBLIC        temp
BL51 BANKED LINKER/LOCATER V6.22                                                      06/19/2015  14:44:12  PAGE 48


  D:00AFH         PUBLIC        IE2
  D:008EH         PUBLIC        AUXR
  C:5AA0H         PUBLIC        InitUART
  D:009BH         PUBLIC        S2BUF
  C:5C89H         PUBLIC        _UART_SendOneByte
  C:5C17H         PUBLIC        _UART_SendStr
  D:009AH         PUBLIC        S2CON
  D:009CH         PUBLIC        BRT
  X:02EAH         PUBLIC        p
  C:561CH         PUBLIC        UART_Interrupt
  D:00D0H         PUBLIC        PSW
  -------         PROC          INITUART
  B:0020H.0       SYMBOL        bite
  C:5AA0H         LINE#         8
  C:5AA0H         LINE#         9
  C:5AA0H         LINE#         10
  C:5AA3H         LINE#         11
  C:5AA6H         LINE#         12
  C:5AA9H         LINE#         13
  C:5AAFH         LINE#         14
  C:5AB5H         LINE#         15
  C:5AB8H         LINE#         16
  C:5ABAH         LINE#         17
  C:5ABDH         LINE#         18
  -------         ENDPROC       INITUART
  -------         PROC          _UART_SENDONEBYTE
  D:0007H         SYMBOL        c
  C:5C89H         LINE#         19
  C:5C89H         LINE#         20
  C:5C89H         LINE#         21
  C:5C8BH         LINE#         22
  C:5C90H         LINE#         23
  C:5C93H         LINE#         24
  -------         ENDPROC       _UART_SENDONEBYTE
  -------         PROC          _UART_SENDSTR
  D:0001H         SYMBOL        str
  C:5C17H         LINE#         25
  C:5C17H         LINE#         26
  C:5C17H         LINE#         27
  C:5C1BH         LINE#         28
  C:5C1BH         LINE#         29
  C:5C20H         LINE#         30
  C:5C27H         LINE#         31
  C:5C29H         LINE#         32
  -------         ENDPROC       _UART_SENDSTR
  -------         PROC          UART_INTERRUPT
  C:561CH         LINE#         34
  C:5631H         LINE#         36
  C:5642H         LINE#         37
  C:5647H         LINE#         38
  C:5647H         LINE#         39
  C:5649H         LINE#         40
  C:564CH         LINE#         41
  C:565CH         LINE#         43
  C:5666H         LINE#         44
  C:5675H         LINE#         45
  C:5675H         LINE#         46
BL51 BANKED LINKER/LOCATER V6.22                                                      06/19/2015  14:44:12  PAGE 49


  -------         ENDPROC       UART_INTERRUPT
  -------         ENDMOD        UART

  -------         MODULE        ATCMD
  C:0000H         SYMBOL        _ICE_DUMMY_
  C:55A7H         PUBLIC        _AT_DO
  D:00A8H         PUBLIC        IE
  D:00B8H         PUBLIC        IP
  D:00D8H         PUBLIC        CCON
  D:0098H         PUBLIC        SCON
  D:0088H         PUBLIC        TCON
  C:5852H         PUBLIC        at
  C:5C2AH         PUBLIC        _IsATCmd
  D:00D0H         PUBLIC        PSW
  -------         PROC          _AT_DO
  X:0008H         SYMBOL        at_str
  -------         DO            
  X:000BH         SYMBOL        i
  -------         ENDDO         
  C:55A7H         LINE#         28
  C:55B2H         LINE#         29
  C:55B2H         LINE#         31
  C:55BCH         LINE#         32
  C:55CBH         LINE#         33
  C:55CBH         LINE#         34
  C:5613H         LINE#         35
  C:561BH         LINE#         36
  -------         ENDPROC       _AT_DO
  -------         PROC          _ISATCMD
  D:0001H         SYMBOL        str
  C:5C2AH         LINE#         42
  C:5C2AH         LINE#         43
  C:5C2AH         LINE#         44
  C:5C3BH         LINE#         45
  C:5C3CH         LINE#         46
  -------         ENDPROC       _ISATCMD
  -------         ENDMOD        ATCMD

  -------         MODULE        ?C?FPADD
  C:004DH         PUBLIC        ?C?FPADD
  C:0049H         PUBLIC        ?C?FPSUB
  -------         ENDMOD        ?C?FPADD

  -------         MODULE        ?C?FPMUL
  C:013EH         PUBLIC        ?C?FPMUL
  -------         ENDMOD        ?C?FPMUL

  -------         MODULE        ?C?FPDIV
  C:0247H         PUBLIC        ?C?FPDIV
  -------         ENDMOD        ?C?FPDIV

  -------         MODULE        ?C?FPCMP
  C:02E6H         PUBLIC        ?C?FPCMP
  C:02E4H         PUBLIC        ?C?FPCMP3
  -------         ENDMOD        ?C?FPCMP

  -------         MODULE        ?C?FCAST
BL51 BANKED LINKER/LOCATER V6.22                                                      06/19/2015  14:44:12  PAGE 50


  C:035BH         PUBLIC        ?C?FCASTC
  C:0356H         PUBLIC        ?C?FCASTI
  C:0351H         PUBLIC        ?C?FCASTL
  -------         ENDMOD        ?C?FCAST

  -------         MODULE        ?C?CASTF
  C:038FH         PUBLIC        ?C?CASTF
  -------         ENDMOD        ?C?CASTF

  -------         MODULE        PRINTF
  X:0018H         PUBLIC        ?_PRINTF?BYTE
  X:0018H         PUBLIC        ?_SPRINTF?BYTE
  C:2284H         PUBLIC        _PRINTF
  C:227EH         PUBLIC        _SPRINTF
  -------         ENDMOD        PRINTF

  -------         MODULE        SQRT
  C:514AH         PUBLIC        _SQRT
  -------         ENDMOD        SQRT

  -------         MODULE        ?C?FPROUND
  C:0410H         PUBLIC        ?C?FPROUND
  -------         ENDMOD        ?C?FPROUND

  -------         MODULE        ?C?FPCONVERT
  C:044DH         PUBLIC        ?C?FPCONVERT
  -------         ENDMOD        ?C?FPCONVERT

  -------         MODULE        ?C?FTNPWR
  C:0582H         PUBLIC        ?C?FTNPWR
  -------         ENDMOD        ?C?FTNPWR

  -------         MODULE        ?C?COPY
  C:0692H         PUBLIC        ?C?COPY
  -------         ENDMOD        ?C?COPY

  -------         MODULE        ?C?CLDPTR
  C:06B8H         PUBLIC        ?C?CLDPTR
  -------         ENDMOD        ?C?CLDPTR

  -------         MODULE        ?C?CLDOPTR
  C:06D1H         PUBLIC        ?C?CLDOPTR
  -------         ENDMOD        ?C?CLDOPTR

  -------         MODULE        ?C?CSTPTR
  C:06FEH         PUBLIC        ?C?CSTPTR
  -------         ENDMOD        ?C?CSTPTR

  -------         MODULE        ?C?CSTOPTR
  C:0710H         PUBLIC        ?C?CSTOPTR
  -------         ENDMOD        ?C?CSTOPTR

  -------         MODULE        ?C?UIDIV
  C:0732H         PUBLIC        ?C?UIDIV
  -------         ENDMOD        ?C?UIDIV

  -------         MODULE        ?C?IILDX
BL51 BANKED LINKER/LOCATER V6.22                                                      06/19/2015  14:44:12  PAGE 51


  C:0787H         PUBLIC        ?C?IILDX
  -------         ENDMOD        ?C?IILDX

  -------         MODULE        ?C?ILDIX
  C:079DH         PUBLIC        ?C?ILDIX
  -------         ENDMOD        ?C?ILDIX

  -------         MODULE        ?C?ILDPTR
  C:07B3H         PUBLIC        ?C?ILDPTR
  -------         ENDMOD        ?C?ILDPTR

  -------         MODULE        ?C?ISTPTR
  C:07DEH         PUBLIC        ?C?ISTPTR
  -------         ENDMOD        ?C?ISTPTR

  -------         MODULE        ?C?LMUL
  C:07FDH         PUBLIC        ?C?LMUL
  -------         ENDMOD        ?C?LMUL

  -------         MODULE        ?C?LNEG
  C:084CH         PUBLIC        ?C?LNEG
  -------         ENDMOD        ?C?LNEG

  -------         MODULE        ?C?ULCMP
  C:085AH         PUBLIC        ?C?ULCMP
  -------         ENDMOD        ?C?ULCMP

  -------         MODULE        ?C?ULSHR
  C:086BH         PUBLIC        ?C?ULSHR
  -------         ENDMOD        ?C?ULSHR

  -------         MODULE        ?C?LLDXDATA
  C:087EH         PUBLIC        ?C?LLDXDATA
  -------         ENDMOD        ?C?LLDXDATA

  -------         MODULE        ?C?LLDCODE
  C:088AH         PUBLIC        ?C?LLDCODE
  -------         ENDMOD        ?C?LLDCODE

  -------         MODULE        ?C?LLDCODE0
  C:089AH         PUBLIC        ?C?LLDCODE0
  -------         ENDMOD        ?C?LLDCODE0

  -------         MODULE        ?C?LSTXDATA
  C:08AAH         PUBLIC        ?C?LSTXDATA
  -------         ENDMOD        ?C?LSTXDATA

  -------         MODULE        ?C?LSTKXDATA
  C:08B6H         PUBLIC        ?C?LSTKXDATA
  -------         ENDMOD        ?C?LSTKXDATA

  -------         MODULE        ?C?PLDIXDATA
  C:08E7H         PUBLIC        ?C?PLDIXDATA
  -------         ENDMOD        ?C?PLDIXDATA

  -------         MODULE        ?C?PSTXDATA
  C:08FEH         PUBLIC        ?C?PSTXDATA
BL51 BANKED LINKER/LOCATER V6.22                                                      06/19/2015  14:44:12  PAGE 52


  -------         ENDMOD        ?C?PSTXDATA

  -------         MODULE        ?C?CCASE
  C:0907H         PUBLIC        ?C?CCASE
  -------         ENDMOD        ?C?CCASE

  -------         MODULE        ?C?ICASE
  C:092DH         PUBLIC        ?C?ICASE
  -------         ENDMOD        ?C?ICASE

  -------         MODULE        ?C?ICALL
  C:095AH         PUBLIC        ?C?ICALL
  C:095EH         PUBLIC        ?C?ICALL2
  -------         ENDMOD        ?C?ICALL

  -------         MODULE        ?C?LIMUL
  C:0960H         PUBLIC        ?C?LIMUL
  -------         ENDMOD        ?C?LIMUL

  -------         MODULE        ABS
  C:5C7DH         PUBLIC        _ABS
  -------         ENDMOD        ABS

  -------         MODULE        ?C?STRCMP
  C:0B0BH         PUBLIC        ?C?STRCMP
  -------         ENDMOD        ?C?STRCMP

  -------         MODULE        STRLEN
  C:5BDAH         PUBLIC        _STRLEN
  -------         ENDMOD        STRLEN

*** WARNING L13: RECURSIVE CALL TO SEGMENT
    SEGMENT: ?PR?DESKTOP?GUI
    CALLER:  ?CO?ATCMD

*** WARNING L13: RECURSIVE CALL TO SEGMENT
    SEGMENT: ?PR?_GET_CLICK?GUI
    CALLER:  ?PR?PICBOX?GUI

*** WARNING L13: RECURSIVE CALL TO SEGMENT
    SEGMENT: ?PR?DESKTOP?GUI
    CALLER:  ?PR?PICBOX?GUI

*** WARNING L13: RECURSIVE CALL TO SEGMENT
    SEGMENT: ?PR?DESKTOP?GUI
    CALLER:  ?PR?_GUIDDO?GUI

*** WARNING L13: RECURSIVE CALL TO SEGMENT
    SEGMENT: ?PR?_GET_CLICK?GUI
    CALLER:  ?PR?TEMPERT?GUI

*** WARNING L13: RECURSIVE CALL TO SEGMENT
    SEGMENT: ?PR?DESKTOP?GUI
    CALLER:  ?PR?TEMPERT?GUI

*** WARNING L13: RECURSIVE CALL TO SEGMENT
    SEGMENT: ?PR?_GET_CLICK?GUI
BL51 BANKED LINKER/LOCATER V6.22                                                      06/19/2015  14:44:12  PAGE 53


    CALLER:  ?PR?CALENDAR?GUI

*** WARNING L13: RECURSIVE CALL TO SEGMENT
    SEGMENT: ?PR?_GET_CLICK?GUI
    CALLER:  ?PR?SSTMTIME?GUI

*** WARNING L13: RECURSIVE CALL TO SEGMENT
    SEGMENT: ?PR?DESKTOP?GUI
    CALLER:  ?PR?SSTMTIME?GUI

*** WARNING L13: RECURSIVE CALL TO SEGMENT
    SEGMENT: ?PR?CALENDAR?GUI
    CALLER:  ?PR?SSTMTIME?GUI

*** WARNING L13: RECURSIVE CALL TO SEGMENT
    SEGMENT: ?PR?DESKTOP?GUI
    CALLER:  ?PR?CALENDAR?GUI

*** WARNING L16: UNCALLED SEGMENT, IGNORED FOR OVERLAY PROCESS
    SEGMENT: ?PR?_UART_SENDSTR?UART

*** WARNING L15: MULTIPLE CALL TO SEGMENT
    SEGMENT: ?PR?_ALERT?GUI
    CALLER1: ?C_C51STARTUP
    CALLER2: ?PR?TIMER_ROUTINE?TIMER

*** WARNING L15: MULTIPLE CALL TO SEGMENT
    SEGMENT: ?PR?_SHOW_STR?W25QXX
    CALLER1: ?C_C51STARTUP
    CALLER2: ?PR?TIMER_ROUTINE?TIMER

*** WARNING L15: MULTIPLE CALL TO SEGMENT
    SEGMENT: ?PR?_SHOW_ASCII?W25QXX
    CALLER1: ?C_C51STARTUP
    CALLER2: ?PR?TIMER_ROUTINE?TIMER

*** WARNING L15: MULTIPLE CALL TO SEGMENT
    SEGMENT: ?PR?_W25QXX_READ?W25QXX
    CALLER1: ?C_C51STARTUP
    CALLER2: ?PR?TIMER_ROUTINE?TIMER

*** WARNING L15: MULTIPLE CALL TO SEGMENT
    SEGMENT: ?PR?_LCD_SETPOINT?HX8347D
    CALLER1: ?C_C51STARTUP
    CALLER2: ?PR?TIMER_ROUTINE?TIMER

*** WARNING L15: MULTIPLE CALL TO SEGMENT
    SEGMENT: ?PR?_SHOW_FONT?W25QXX
    CALLER1: ?C_C51STARTUP
    CALLER2: ?PR?TIMER_ROUTINE?TIMER

*** WARNING L15: MULTIPLE CALL TO SEGMENT
    SEGMENT: ?PR?_GET_HZMAT?W25QXX
    CALLER1: ?C_C51STARTUP
    CALLER2: ?PR?TIMER_ROUTINE?TIMER

*** WARNING L15: MULTIPLE CALL TO SEGMENT
BL51 BANKED LINKER/LOCATER V6.22                                                      06/19/2015  14:44:12  PAGE 54


    SEGMENT: ?PR?_LCD_DRAWBOX?HX8347D
    CALLER1: ?C_C51STARTUP
    CALLER2: ?PR?TIMER_ROUTINE?TIMER

Program Size: data=15.3 xdata=754 code=23709
LINK/LOCATE RUN COMPLETE.  20 WARNING(S),  0 ERROR(S)
